 xnkrnl

 Timestamp is 668234f5 (Mon Jul  1 10:17:49 2024)

 Preferred load address is ffffc00000000000

 Start         Length     Name                   Class
 0001:00000000 000053e0H .text                   CODE
 0001:000053e0 00021d29H .text$mn                CODE
 0002:00000000 00001644H .rdata                  DATA
 0002:00001644 00000098H .rdata$voltmd           DATA
 0002:000016dc 000000ccH .rdata$zzzdbg           DATA
 0002:000017a8 00002224H .xdata                  DATA
 0003:00000000 00000b10H .data                   DATA
 0003:00000b10 00003624H .bss                    DATA
 0004:00000000 00002220H .pdata                  DATA
 0005:00000000 00000053H .msvcjmc                DATA
 0006:00000000 000011f6H .edata                  DATA

  Address         Publics by Value              Rva+Base               Lib:Object

 0000:00000000       __enclave_config           0000000000000000     <absolute>
 0000:00000000       __AbsoluteZero             0000000000000000     <absolute>
 0000:00000000       __arm64x_native_entrypoint 0000000000000000     <absolute>
 0000:00000000       __hybrid_code_map          0000000000000000     <absolute>
 0000:00000000       __guard_longjmp_count      0000000000000000     <absolute>
 0000:00000000       __guard_longjmp_table      0000000000000000     <absolute>
 0000:00000000       __guard_iat_count          0000000000000000     <absolute>
 0000:00000000       ___safe_se_handler_table   0000000000000000     <absolute>
 0000:00000000       __x64_code_ranges_to_entry_points 0000000000000000     <absolute>
 0000:00000000       __guard_eh_cont_count      0000000000000000     <absolute>
 0000:00000000       __arm64x_extra_rfe_table   0000000000000000     <absolute>
 0000:00000000       __arm64x_extra_rfe_table_size 0000000000000000     <absolute>
 0000:00000000       __dynamic_value_reloc_table 0000000000000000     <absolute>
 0000:00000000       __guard_fids_table         0000000000000000     <absolute>
 0000:00000000       ___safe_se_handler_count   0000000000000000     <absolute>
 0000:00000000       __x64_code_ranges_to_entry_points_count 0000000000000000     <absolute>
 0000:00000000       __guard_eh_cont_table      0000000000000000     <absolute>
 0000:00000000       __hybrid_auxiliary_iat     0000000000000000     <absolute>
 0000:00000000       __guard_iat_table          0000000000000000     <absolute>
 0000:00000000       __hybrid_code_map_count    0000000000000000     <absolute>
 0000:00000000       __guard_fids_count         0000000000000000     <absolute>
 0000:00000000       __guard_check_icall_a64n_fptr 0000000000000000     <absolute>
 0000:00000000       __arm64x_redirection_metadata_count 0000000000000000     <absolute>
 0000:00000000       __arm64x_redirection_metadata 0000000000000000     <absolute>
 0000:00000000       __hybrid_auxiliary_iat_copy 0000000000000000     <absolute>
 0000:00000100       __guard_flags              0000000000000100     <absolute>
 0000:00000000       __ImageBase                ffffc00000000000     <linker-defined>
 0001:00000080       x64_interrupt_handler_0    ffffc00000001080     x86_64_intrs.obj
 0001:000000d0       x64_interrupt_handler_1    ffffc000000010d0     x86_64_intrs.obj
 0001:00000120       x64_interrupt_handler_2    ffffc00000001120     x86_64_intrs.obj
 0001:00000170       x64_interrupt_handler_3    ffffc00000001170     x86_64_intrs.obj
 0001:000001c0       x64_interrupt_handler_4    ffffc000000011c0     x86_64_intrs.obj
 0001:00000210       x64_interrupt_handler_5    ffffc00000001210     x86_64_intrs.obj
 0001:00000260       x64_interrupt_handler_6    ffffc00000001260     x86_64_intrs.obj
 0001:000002b0       x64_interrupt_handler_7    ffffc000000012b0     x86_64_intrs.obj
 0001:00000300       x64_interrupt_handler_8    ffffc00000001300     x86_64_intrs.obj
 0001:0000034b       x64_interrupt_handler_9    ffffc0000000134b     x86_64_intrs.obj
 0001:0000039b       x64_interrupt_handler_10   ffffc0000000139b     x86_64_intrs.obj
 0001:000003e6       x64_interrupt_handler_11   ffffc000000013e6     x86_64_intrs.obj
 0001:00000431       x64_interrupt_handler_12   ffffc00000001431     x86_64_intrs.obj
 0001:0000047c       x64_interrupt_handler_13   ffffc0000000147c     x86_64_intrs.obj
 0001:000004c7       x64_interrupt_handler_14   ffffc000000014c7     x86_64_intrs.obj
 0001:00000512       x64_interrupt_handler_15   ffffc00000001512     x86_64_intrs.obj
 0001:00000562       x64_interrupt_handler_16   ffffc00000001562     x86_64_intrs.obj
 0001:000005b2       x64_interrupt_handler_17   ffffc000000015b2     x86_64_intrs.obj
 0001:000005fd       x64_interrupt_handler_18   ffffc000000015fd     x86_64_intrs.obj
 0001:0000064d       x64_interrupt_handler_19   ffffc0000000164d     x86_64_intrs.obj
 0001:0000069d       x64_interrupt_handler_20   ffffc0000000169d     x86_64_intrs.obj
 0001:000006ed       x64_interrupt_handler_21   ffffc000000016ed     x86_64_intrs.obj
 0001:0000073d       x64_interrupt_handler_22   ffffc0000000173d     x86_64_intrs.obj
 0001:0000078d       x64_interrupt_handler_23   ffffc0000000178d     x86_64_intrs.obj
 0001:000007dd       x64_interrupt_handler_24   ffffc000000017dd     x86_64_intrs.obj
 0001:0000082d       x64_interrupt_handler_25   ffffc0000000182d     x86_64_intrs.obj
 0001:0000087d       x64_interrupt_handler_26   ffffc0000000187d     x86_64_intrs.obj
 0001:000008cd       x64_interrupt_handler_27   ffffc000000018cd     x86_64_intrs.obj
 0001:0000091d       x64_interrupt_handler_28   ffffc0000000191d     x86_64_intrs.obj
 0001:0000096d       x64_interrupt_handler_29   ffffc0000000196d     x86_64_intrs.obj
 0001:000009bd       x64_interrupt_handler_30   ffffc000000019bd     x86_64_intrs.obj
 0001:00000a08       x64_interrupt_handler_31   ffffc00000001a08     x86_64_intrs.obj
 0001:00000a58       x64_interrupt_handler_32   ffffc00000001a58     x86_64_intrs.obj
 0001:00000aa8       x64_interrupt_handler_33   ffffc00000001aa8     x86_64_intrs.obj
 0001:00000af8       x64_interrupt_handler_34   ffffc00000001af8     x86_64_intrs.obj
 0001:00000b48       x64_interrupt_handler_35   ffffc00000001b48     x86_64_intrs.obj
 0001:00000b98       x64_interrupt_handler_36   ffffc00000001b98     x86_64_intrs.obj
 0001:00000be8       x64_interrupt_handler_37   ffffc00000001be8     x86_64_intrs.obj
 0001:00000c38       x64_interrupt_handler_38   ffffc00000001c38     x86_64_intrs.obj
 0001:00000c88       x64_interrupt_handler_39   ffffc00000001c88     x86_64_intrs.obj
 0001:00000cd8       x64_interrupt_handler_40   ffffc00000001cd8     x86_64_intrs.obj
 0001:00000d28       x64_interrupt_handler_41   ffffc00000001d28     x86_64_intrs.obj
 0001:00000d78       x64_interrupt_handler_42   ffffc00000001d78     x86_64_intrs.obj
 0001:00000dc8       x64_interrupt_handler_43   ffffc00000001dc8     x86_64_intrs.obj
 0001:00000e18       x64_interrupt_handler_44   ffffc00000001e18     x86_64_intrs.obj
 0001:00000e68       x64_interrupt_handler_45   ffffc00000001e68     x86_64_intrs.obj
 0001:00000eb8       x64_interrupt_handler_46   ffffc00000001eb8     x86_64_intrs.obj
 0001:00000f08       x64_interrupt_handler_47   ffffc00000001f08     x86_64_intrs.obj
 0001:00000f58       x64_interrupt_handler_48   ffffc00000001f58     x86_64_intrs.obj
 0001:00000fa8       x64_interrupt_handler_49   ffffc00000001fa8     x86_64_intrs.obj
 0001:00000ff8       x64_interrupt_handler_50   ffffc00000001ff8     x86_64_intrs.obj
 0001:00001048       x64_interrupt_handler_51   ffffc00000002048     x86_64_intrs.obj
 0001:00001098       x64_interrupt_handler_52   ffffc00000002098     x86_64_intrs.obj
 0001:000010e8       x64_interrupt_handler_53   ffffc000000020e8     x86_64_intrs.obj
 0001:00001138       x64_interrupt_handler_54   ffffc00000002138     x86_64_intrs.obj
 0001:00001188       x64_interrupt_handler_55   ffffc00000002188     x86_64_intrs.obj
 0001:000011d8       x64_interrupt_handler_56   ffffc000000021d8     x86_64_intrs.obj
 0001:00001228       x64_interrupt_handler_57   ffffc00000002228     x86_64_intrs.obj
 0001:00001278       x64_interrupt_handler_58   ffffc00000002278     x86_64_intrs.obj
 0001:000012c8       x64_interrupt_handler_59   ffffc000000022c8     x86_64_intrs.obj
 0001:00001318       x64_interrupt_handler_60   ffffc00000002318     x86_64_intrs.obj
 0001:00001368       x64_interrupt_handler_61   ffffc00000002368     x86_64_intrs.obj
 0001:000013b8       x64_interrupt_handler_62   ffffc000000023b8     x86_64_intrs.obj
 0001:00001408       x64_interrupt_handler_63   ffffc00000002408     x86_64_intrs.obj
 0001:00001458       x64_interrupt_handler_64   ffffc00000002458     x86_64_intrs.obj
 0001:000014a8       x64_interrupt_handler_65   ffffc000000024a8     x86_64_intrs.obj
 0001:000014f8       x64_interrupt_handler_66   ffffc000000024f8     x86_64_intrs.obj
 0001:00001548       x64_interrupt_handler_67   ffffc00000002548     x86_64_intrs.obj
 0001:00001598       x64_interrupt_handler_68   ffffc00000002598     x86_64_intrs.obj
 0001:000015e8       x64_interrupt_handler_69   ffffc000000025e8     x86_64_intrs.obj
 0001:00001638       x64_interrupt_handler_70   ffffc00000002638     x86_64_intrs.obj
 0001:00001688       x64_interrupt_handler_71   ffffc00000002688     x86_64_intrs.obj
 0001:000016d8       x64_interrupt_handler_72   ffffc000000026d8     x86_64_intrs.obj
 0001:00001728       x64_interrupt_handler_73   ffffc00000002728     x86_64_intrs.obj
 0001:00001778       x64_interrupt_handler_74   ffffc00000002778     x86_64_intrs.obj
 0001:000017c8       x64_interrupt_handler_75   ffffc000000027c8     x86_64_intrs.obj
 0001:00001818       x64_interrupt_handler_76   ffffc00000002818     x86_64_intrs.obj
 0001:00001868       x64_interrupt_handler_77   ffffc00000002868     x86_64_intrs.obj
 0001:000018b8       x64_interrupt_handler_78   ffffc000000028b8     x86_64_intrs.obj
 0001:00001908       x64_interrupt_handler_79   ffffc00000002908     x86_64_intrs.obj
 0001:00001958       x64_interrupt_handler_80   ffffc00000002958     x86_64_intrs.obj
 0001:000019a8       x64_interrupt_handler_81   ffffc000000029a8     x86_64_intrs.obj
 0001:000019f8       x64_interrupt_handler_82   ffffc000000029f8     x86_64_intrs.obj
 0001:00001a48       x64_interrupt_handler_83   ffffc00000002a48     x86_64_intrs.obj
 0001:00001a98       x64_interrupt_handler_84   ffffc00000002a98     x86_64_intrs.obj
 0001:00001ae8       x64_interrupt_handler_85   ffffc00000002ae8     x86_64_intrs.obj
 0001:00001b38       x64_interrupt_handler_86   ffffc00000002b38     x86_64_intrs.obj
 0001:00001b88       x64_interrupt_handler_87   ffffc00000002b88     x86_64_intrs.obj
 0001:00001bd8       x64_interrupt_handler_88   ffffc00000002bd8     x86_64_intrs.obj
 0001:00001c28       x64_interrupt_handler_89   ffffc00000002c28     x86_64_intrs.obj
 0001:00001c78       x64_interrupt_handler_90   ffffc00000002c78     x86_64_intrs.obj
 0001:00001cc8       x64_interrupt_handler_91   ffffc00000002cc8     x86_64_intrs.obj
 0001:00001d18       x64_interrupt_handler_92   ffffc00000002d18     x86_64_intrs.obj
 0001:00001d68       x64_interrupt_handler_93   ffffc00000002d68     x86_64_intrs.obj
 0001:00001db8       x64_interrupt_handler_94   ffffc00000002db8     x86_64_intrs.obj
 0001:00001e08       x64_interrupt_handler_95   ffffc00000002e08     x86_64_intrs.obj
 0001:00001e58       x64_interrupt_handler_96   ffffc00000002e58     x86_64_intrs.obj
 0001:00001ea8       x64_interrupt_handler_97   ffffc00000002ea8     x86_64_intrs.obj
 0001:00001ef8       x64_interrupt_handler_98   ffffc00000002ef8     x86_64_intrs.obj
 0001:00001f48       x64_interrupt_handler_99   ffffc00000002f48     x86_64_intrs.obj
 0001:00001f98       x64_interrupt_handler_100  ffffc00000002f98     x86_64_intrs.obj
 0001:00001fe8       x64_interrupt_handler_101  ffffc00000002fe8     x86_64_intrs.obj
 0001:00002038       x64_interrupt_handler_102  ffffc00000003038     x86_64_intrs.obj
 0001:00002088       x64_interrupt_handler_103  ffffc00000003088     x86_64_intrs.obj
 0001:000020d8       x64_interrupt_handler_104  ffffc000000030d8     x86_64_intrs.obj
 0001:00002128       x64_interrupt_handler_105  ffffc00000003128     x86_64_intrs.obj
 0001:00002178       x64_interrupt_handler_106  ffffc00000003178     x86_64_intrs.obj
 0001:000021c8       x64_interrupt_handler_107  ffffc000000031c8     x86_64_intrs.obj
 0001:00002218       x64_interrupt_handler_108  ffffc00000003218     x86_64_intrs.obj
 0001:00002268       x64_interrupt_handler_109  ffffc00000003268     x86_64_intrs.obj
 0001:000022b8       x64_interrupt_handler_110  ffffc000000032b8     x86_64_intrs.obj
 0001:00002308       x64_interrupt_handler_111  ffffc00000003308     x86_64_intrs.obj
 0001:00002358       x64_interrupt_handler_112  ffffc00000003358     x86_64_intrs.obj
 0001:000023a8       x64_interrupt_handler_113  ffffc000000033a8     x86_64_intrs.obj
 0001:000023f8       x64_interrupt_handler_114  ffffc000000033f8     x86_64_intrs.obj
 0001:00002448       x64_interrupt_handler_115  ffffc00000003448     x86_64_intrs.obj
 0001:00002498       x64_interrupt_handler_116  ffffc00000003498     x86_64_intrs.obj
 0001:000024e8       x64_interrupt_handler_117  ffffc000000034e8     x86_64_intrs.obj
 0001:00002538       x64_interrupt_handler_118  ffffc00000003538     x86_64_intrs.obj
 0001:00002588       x64_interrupt_handler_119  ffffc00000003588     x86_64_intrs.obj
 0001:000025d8       x64_interrupt_handler_120  ffffc000000035d8     x86_64_intrs.obj
 0001:00002628       x64_interrupt_handler_121  ffffc00000003628     x86_64_intrs.obj
 0001:00002678       x64_interrupt_handler_122  ffffc00000003678     x86_64_intrs.obj
 0001:000026c8       x64_interrupt_handler_123  ffffc000000036c8     x86_64_intrs.obj
 0001:00002718       x64_interrupt_handler_124  ffffc00000003718     x86_64_intrs.obj
 0001:00002768       x64_interrupt_handler_125  ffffc00000003768     x86_64_intrs.obj
 0001:000027b8       x64_interrupt_handler_126  ffffc000000037b8     x86_64_intrs.obj
 0001:00002808       x64_interrupt_handler_127  ffffc00000003808     x86_64_intrs.obj
 0001:00002858       x64_interrupt_handler_128  ffffc00000003858     x86_64_intrs.obj
 0001:000028a8       x64_interrupt_handler_129  ffffc000000038a8     x86_64_intrs.obj
 0001:000028f8       x64_interrupt_handler_130  ffffc000000038f8     x86_64_intrs.obj
 0001:00002948       x64_interrupt_handler_131  ffffc00000003948     x86_64_intrs.obj
 0001:00002998       x64_interrupt_handler_132  ffffc00000003998     x86_64_intrs.obj
 0001:000029e8       x64_interrupt_handler_133  ffffc000000039e8     x86_64_intrs.obj
 0001:00002a38       x64_interrupt_handler_134  ffffc00000003a38     x86_64_intrs.obj
 0001:00002a88       x64_interrupt_handler_135  ffffc00000003a88     x86_64_intrs.obj
 0001:00002ad8       x64_interrupt_handler_136  ffffc00000003ad8     x86_64_intrs.obj
 0001:00002b28       x64_interrupt_handler_137  ffffc00000003b28     x86_64_intrs.obj
 0001:00002b78       x64_interrupt_handler_138  ffffc00000003b78     x86_64_intrs.obj
 0001:00002bc8       x64_interrupt_handler_139  ffffc00000003bc8     x86_64_intrs.obj
 0001:00002c18       x64_interrupt_handler_140  ffffc00000003c18     x86_64_intrs.obj
 0001:00002c68       x64_interrupt_handler_141  ffffc00000003c68     x86_64_intrs.obj
 0001:00002cb8       x64_interrupt_handler_142  ffffc00000003cb8     x86_64_intrs.obj
 0001:00002d08       x64_interrupt_handler_143  ffffc00000003d08     x86_64_intrs.obj
 0001:00002d58       x64_interrupt_handler_144  ffffc00000003d58     x86_64_intrs.obj
 0001:00002da8       x64_interrupt_handler_145  ffffc00000003da8     x86_64_intrs.obj
 0001:00002df8       x64_interrupt_handler_146  ffffc00000003df8     x86_64_intrs.obj
 0001:00002e48       x64_interrupt_handler_147  ffffc00000003e48     x86_64_intrs.obj
 0001:00002e98       x64_interrupt_handler_148  ffffc00000003e98     x86_64_intrs.obj
 0001:00002ee8       x64_interrupt_handler_149  ffffc00000003ee8     x86_64_intrs.obj
 0001:00002f38       x64_interrupt_handler_150  ffffc00000003f38     x86_64_intrs.obj
 0001:00002f88       x64_interrupt_handler_151  ffffc00000003f88     x86_64_intrs.obj
 0001:00002fd8       x64_interrupt_handler_152  ffffc00000003fd8     x86_64_intrs.obj
 0001:00003028       x64_interrupt_handler_153  ffffc00000004028     x86_64_intrs.obj
 0001:00003078       x64_interrupt_handler_154  ffffc00000004078     x86_64_intrs.obj
 0001:000030c8       x64_interrupt_handler_155  ffffc000000040c8     x86_64_intrs.obj
 0001:00003118       x64_interrupt_handler_156  ffffc00000004118     x86_64_intrs.obj
 0001:00003168       x64_interrupt_handler_157  ffffc00000004168     x86_64_intrs.obj
 0001:000031b8       x64_interrupt_handler_158  ffffc000000041b8     x86_64_intrs.obj
 0001:00003208       x64_interrupt_handler_159  ffffc00000004208     x86_64_intrs.obj
 0001:00003258       x64_interrupt_handler_160  ffffc00000004258     x86_64_intrs.obj
 0001:000032a8       x64_interrupt_handler_161  ffffc000000042a8     x86_64_intrs.obj
 0001:000032f8       x64_interrupt_handler_162  ffffc000000042f8     x86_64_intrs.obj
 0001:00003348       x64_interrupt_handler_163  ffffc00000004348     x86_64_intrs.obj
 0001:00003398       x64_interrupt_handler_164  ffffc00000004398     x86_64_intrs.obj
 0001:000033e8       x64_interrupt_handler_165  ffffc000000043e8     x86_64_intrs.obj
 0001:00003438       x64_interrupt_handler_166  ffffc00000004438     x86_64_intrs.obj
 0001:00003488       x64_interrupt_handler_167  ffffc00000004488     x86_64_intrs.obj
 0001:000034d8       x64_interrupt_handler_168  ffffc000000044d8     x86_64_intrs.obj
 0001:00003528       x64_interrupt_handler_169  ffffc00000004528     x86_64_intrs.obj
 0001:00003578       x64_interrupt_handler_170  ffffc00000004578     x86_64_intrs.obj
 0001:000035c8       x64_interrupt_handler_171  ffffc000000045c8     x86_64_intrs.obj
 0001:00003618       x64_interrupt_handler_172  ffffc00000004618     x86_64_intrs.obj
 0001:00003668       x64_interrupt_handler_173  ffffc00000004668     x86_64_intrs.obj
 0001:000036b8       x64_interrupt_handler_174  ffffc000000046b8     x86_64_intrs.obj
 0001:00003708       x64_interrupt_handler_175  ffffc00000004708     x86_64_intrs.obj
 0001:00003758       x64_interrupt_handler_176  ffffc00000004758     x86_64_intrs.obj
 0001:000037a8       x64_interrupt_handler_177  ffffc000000047a8     x86_64_intrs.obj
 0001:000037f8       x64_interrupt_handler_178  ffffc000000047f8     x86_64_intrs.obj
 0001:00003848       x64_interrupt_handler_179  ffffc00000004848     x86_64_intrs.obj
 0001:00003898       x64_interrupt_handler_180  ffffc00000004898     x86_64_intrs.obj
 0001:000038e8       x64_interrupt_handler_181  ffffc000000048e8     x86_64_intrs.obj
 0001:00003938       x64_interrupt_handler_182  ffffc00000004938     x86_64_intrs.obj
 0001:00003988       x64_interrupt_handler_183  ffffc00000004988     x86_64_intrs.obj
 0001:000039d8       x64_interrupt_handler_184  ffffc000000049d8     x86_64_intrs.obj
 0001:00003a28       x64_interrupt_handler_185  ffffc00000004a28     x86_64_intrs.obj
 0001:00003a78       x64_interrupt_handler_186  ffffc00000004a78     x86_64_intrs.obj
 0001:00003ac8       x64_interrupt_handler_187  ffffc00000004ac8     x86_64_intrs.obj
 0001:00003b18       x64_interrupt_handler_188  ffffc00000004b18     x86_64_intrs.obj
 0001:00003b68       x64_interrupt_handler_189  ffffc00000004b68     x86_64_intrs.obj
 0001:00003bb8       x64_interrupt_handler_190  ffffc00000004bb8     x86_64_intrs.obj
 0001:00003c08       x64_interrupt_handler_191  ffffc00000004c08     x86_64_intrs.obj
 0001:00003c58       x64_interrupt_handler_192  ffffc00000004c58     x86_64_intrs.obj
 0001:00003ca8       x64_interrupt_handler_193  ffffc00000004ca8     x86_64_intrs.obj
 0001:00003cf8       x64_interrupt_handler_194  ffffc00000004cf8     x86_64_intrs.obj
 0001:00003d48       x64_interrupt_handler_195  ffffc00000004d48     x86_64_intrs.obj
 0001:00003d98       x64_interrupt_handler_196  ffffc00000004d98     x86_64_intrs.obj
 0001:00003de8       x64_interrupt_handler_197  ffffc00000004de8     x86_64_intrs.obj
 0001:00003e38       x64_interrupt_handler_198  ffffc00000004e38     x86_64_intrs.obj
 0001:00003e88       x64_interrupt_handler_199  ffffc00000004e88     x86_64_intrs.obj
 0001:00003ed8       x64_interrupt_handler_200  ffffc00000004ed8     x86_64_intrs.obj
 0001:00003f28       x64_interrupt_handler_201  ffffc00000004f28     x86_64_intrs.obj
 0001:00003f78       x64_interrupt_handler_202  ffffc00000004f78     x86_64_intrs.obj
 0001:00003fc8       x64_interrupt_handler_203  ffffc00000004fc8     x86_64_intrs.obj
 0001:00004018       x64_interrupt_handler_204  ffffc00000005018     x86_64_intrs.obj
 0001:00004068       x64_interrupt_handler_205  ffffc00000005068     x86_64_intrs.obj
 0001:000040b8       x64_interrupt_handler_206  ffffc000000050b8     x86_64_intrs.obj
 0001:00004108       x64_interrupt_handler_207  ffffc00000005108     x86_64_intrs.obj
 0001:00004158       x64_interrupt_handler_208  ffffc00000005158     x86_64_intrs.obj
 0001:000041a8       x64_interrupt_handler_209  ffffc000000051a8     x86_64_intrs.obj
 0001:000041f8       x64_interrupt_handler_210  ffffc000000051f8     x86_64_intrs.obj
 0001:00004248       x64_interrupt_handler_211  ffffc00000005248     x86_64_intrs.obj
 0001:00004298       x64_interrupt_handler_212  ffffc00000005298     x86_64_intrs.obj
 0001:000042e8       x64_interrupt_handler_213  ffffc000000052e8     x86_64_intrs.obj
 0001:00004338       x64_interrupt_handler_214  ffffc00000005338     x86_64_intrs.obj
 0001:00004388       x64_interrupt_handler_215  ffffc00000005388     x86_64_intrs.obj
 0001:000043d8       x64_interrupt_handler_216  ffffc000000053d8     x86_64_intrs.obj
 0001:00004428       x64_interrupt_handler_217  ffffc00000005428     x86_64_intrs.obj
 0001:00004478       x64_interrupt_handler_218  ffffc00000005478     x86_64_intrs.obj
 0001:000044c8       x64_interrupt_handler_219  ffffc000000054c8     x86_64_intrs.obj
 0001:00004518       x64_interrupt_handler_220  ffffc00000005518     x86_64_intrs.obj
 0001:00004568       x64_interrupt_handler_221  ffffc00000005568     x86_64_intrs.obj
 0001:000045b8       x64_interrupt_handler_222  ffffc000000055b8     x86_64_intrs.obj
 0001:00004608       x64_interrupt_handler_223  ffffc00000005608     x86_64_intrs.obj
 0001:00004658       x64_interrupt_handler_224  ffffc00000005658     x86_64_intrs.obj
 0001:000046a8       x64_interrupt_handler_225  ffffc000000056a8     x86_64_intrs.obj
 0001:000046f8       x64_interrupt_handler_226  ffffc000000056f8     x86_64_intrs.obj
 0001:00004748       x64_interrupt_handler_227  ffffc00000005748     x86_64_intrs.obj
 0001:00004798       x64_interrupt_handler_228  ffffc00000005798     x86_64_intrs.obj
 0001:000047e8       x64_interrupt_handler_229  ffffc000000057e8     x86_64_intrs.obj
 0001:00004838       x64_interrupt_handler_230  ffffc00000005838     x86_64_intrs.obj
 0001:00004888       x64_interrupt_handler_231  ffffc00000005888     x86_64_intrs.obj
 0001:000048d8       x64_interrupt_handler_232  ffffc000000058d8     x86_64_intrs.obj
 0001:00004928       x64_interrupt_handler_233  ffffc00000005928     x86_64_intrs.obj
 0001:00004978       x64_interrupt_handler_234  ffffc00000005978     x86_64_intrs.obj
 0001:000049c8       x64_interrupt_handler_235  ffffc000000059c8     x86_64_intrs.obj
 0001:00004a18       x64_interrupt_handler_236  ffffc00000005a18     x86_64_intrs.obj
 0001:00004a68       x64_interrupt_handler_237  ffffc00000005a68     x86_64_intrs.obj
 0001:00004ab8       x64_interrupt_handler_238  ffffc00000005ab8     x86_64_intrs.obj
 0001:00004b08       x64_interrupt_handler_239  ffffc00000005b08     x86_64_intrs.obj
 0001:00004b58       x64_interrupt_handler_240  ffffc00000005b58     x86_64_intrs.obj
 0001:00004ba8       x64_interrupt_handler_241  ffffc00000005ba8     x86_64_intrs.obj
 0001:00004bf8       x64_interrupt_handler_242  ffffc00000005bf8     x86_64_intrs.obj
 0001:00004c48       x64_interrupt_handler_243  ffffc00000005c48     x86_64_intrs.obj
 0001:00004c98       x64_interrupt_handler_244  ffffc00000005c98     x86_64_intrs.obj
 0001:00004ce8       x64_interrupt_handler_245  ffffc00000005ce8     x86_64_intrs.obj
 0001:00004d38       x64_interrupt_handler_246  ffffc00000005d38     x86_64_intrs.obj
 0001:00004d88       x64_interrupt_handler_247  ffffc00000005d88     x86_64_intrs.obj
 0001:00004dd8       x64_interrupt_handler_248  ffffc00000005dd8     x86_64_intrs.obj
 0001:00004e28       x64_interrupt_handler_249  ffffc00000005e28     x86_64_intrs.obj
 0001:00004e78       x64_interrupt_handler_250  ffffc00000005e78     x86_64_intrs.obj
 0001:00004ec8       x64_interrupt_handler_251  ffffc00000005ec8     x86_64_intrs.obj
 0001:00004f18       x64_interrupt_handler_252  ffffc00000005f18     x86_64_intrs.obj
 0001:00004f68       x64_interrupt_handler_253  ffffc00000005f68     x86_64_intrs.obj
 0001:00004fb8       x64_interrupt_handler_254  ffffc00000005fb8     x86_64_intrs.obj
 0001:00005008       x64_interrupt_handler_255  ffffc00000006008     x86_64_intrs.obj
 0001:00005060       __chkstk                   ffffc00000006060     x86_64_lowlevel.obj
 0001:00005061       x64_inportb                ffffc00000006061     x86_64_lowlevel.obj
 0001:00005066       x64_inportw                ffffc00000006066     x86_64_lowlevel.obj
 0001:0000506c       x64_inportd                ffffc0000000606c     x86_64_lowlevel.obj
 0001:00005071       x64_outportb               ffffc00000006071     x86_64_lowlevel.obj
 0001:00005078       x64_outportw               ffffc00000006078     x86_64_lowlevel.obj
 0001:00005081       x64_outportd               ffffc00000006081     x86_64_lowlevel.obj
 0001:00005088       x64_read_msr               ffffc00000006088     x86_64_lowlevel.obj
 0001:00005092       x64_write_msr              ffffc00000006092     x86_64_lowlevel.obj
 0001:0000509c       x64_pause                  ffffc0000000609c     x86_64_lowlevel.obj
 0001:0000509f       x64_fs_readb               ffffc0000000609f     x86_64_lowlevel.obj
 0001:000050a6       x64_fs_readw               ffffc000000060a6     x86_64_lowlevel.obj
 0001:000050ae       x64_fs_readd               ffffc000000060ae     x86_64_lowlevel.obj
 0001:000050b5       x64_fs_readq               ffffc000000060b5     x86_64_lowlevel.obj
 0001:000050ba       x64_fs_writeb              ffffc000000060ba     x86_64_lowlevel.obj
 0001:000050be       x64_fs_writew              ffffc000000060be     x86_64_lowlevel.obj
 0001:000050c3       x64_fs_writed              ffffc000000060c3     x86_64_lowlevel.obj
 0001:000050c7       x64_fs_writeq              ffffc000000060c7     x86_64_lowlevel.obj
 0001:000050cc       x64_gs_readb               ffffc000000060cc     x86_64_lowlevel.obj
 0001:000050d3       x64_gs_readw               ffffc000000060d3     x86_64_lowlevel.obj
 0001:000050db       x64_gs_readd               ffffc000000060db     x86_64_lowlevel.obj
 0001:000050e2       x64_gs_readq               ffffc000000060e2     x86_64_lowlevel.obj
 0001:000050e7       x64_gs_writeb              ffffc000000060e7     x86_64_lowlevel.obj
 0001:000050eb       x64_gs_writew              ffffc000000060eb     x86_64_lowlevel.obj
 0001:000050f0       x64_gs_writed              ffffc000000060f0     x86_64_lowlevel.obj
 0001:000050f4       x64_gs_writeq              ffffc000000060f4     x86_64_lowlevel.obj
 0001:000050f9       x64_read_cr0               ffffc000000060f9     x86_64_lowlevel.obj
 0001:000050fd       x64_write_cr0              ffffc000000060fd     x86_64_lowlevel.obj
 0001:00005101       x64_read_cr2               ffffc00000006101     x86_64_lowlevel.obj
 0001:00005105       x64_read_cr3               ffffc00000006105     x86_64_lowlevel.obj
 0001:00005109       x64_read_cr4               ffffc00000006109     x86_64_lowlevel.obj
 0001:0000510d       x64_write_cr3              ffffc0000000610d     x86_64_lowlevel.obj
 0001:00005111       x64_write_cr4              ffffc00000006111     x86_64_lowlevel.obj
 0001:00005115       x64_get_segment_register   ffffc00000006115     x86_64_lowlevel.obj
 0001:00005157       x64_set_segment_register   ffffc00000006157     x86_64_lowlevel.obj
 0001:00005196       x64_cli                    ffffc00000006196     x86_64_lowlevel.obj
 0001:00005198       x64_sti                    ffffc00000006198     x86_64_lowlevel.obj
 0001:0000519a       x64_sgdt                   ffffc0000000619a     x86_64_lowlevel.obj
 0001:0000519e       x64_lgdt                   ffffc0000000619e     x86_64_lowlevel.obj
 0001:000051a2       x64_sidt                   ffffc000000061a2     x86_64_lowlevel.obj
 0001:000051a6       x64_lidt                   ffffc000000061a6     x86_64_lowlevel.obj
 0001:000051aa       x64_syscall_test           ffffc000000061aa     x86_64_lowlevel.obj
 0001:000051b3       x86_64_idt_test            ffffc000000061b3     x86_64_lowlevel.obj
 0001:000051b6       x64_ltr                    ffffc000000061b6     x86_64_lowlevel.obj
 0001:000051bd       x64_mfence                 ffffc000000061bd     x86_64_lowlevel.obj
 0001:000051c1       x64_cpuid                  ffffc000000061c1     x86_64_lowlevel.obj
 0001:000051e5       flush_tlb                  ffffc000000061e5     x86_64_lowlevel.obj
 0001:000051e9       cache_flush                ffffc000000061e9     x86_64_lowlevel.obj
 0001:000051ec       x64_hlt                    ffffc000000061ec     x86_64_lowlevel.obj
 0001:000051ee       x64_atom_exchange          ffffc000000061ee     x86_64_lowlevel.obj
 0001:000051f3       x64_sse_test               ffffc000000061f3     x86_64_lowlevel.obj
 0001:000051fc       x64_fxsave                 ffffc000000061fc     x86_64_lowlevel.obj
 0001:00005208       x64_fxrstor                ffffc00000006208     x86_64_lowlevel.obj
 0001:00005214       x64_set_kstack             ffffc00000006214     x86_64_lowlevel.obj
 0001:00005219       x64_get_kstack             ffffc00000006219     x86_64_lowlevel.obj
 0001:0000521e       x64_rdtsc                  ffffc0000000621e     x86_64_lowlevel.obj
 0001:00005228       x64_ldmxcsr                ffffc00000006228     x86_64_lowlevel.obj
 0001:0000522c       x64_stmxcsr                ffffc0000000622c     x86_64_lowlevel.obj
 0001:00005230       x64_set_rsp                ffffc00000006230     x86_64_lowlevel.obj
 0001:00005234       x64_enter_user             ffffc00000006234     x86_64_lowlevel.obj
 0001:00005247       x64_lock_test              ffffc00000006247     x86_64_lowlevel.obj
 0001:0000525d       x64_set_rbp                ffffc0000000625d     x86_64_lowlevel.obj
 0001:00005261       x64_get_rbp                ffffc00000006261     x86_64_lowlevel.obj
 0001:00005270       save_context               ffffc00000006270     x86_64_switch.obj
 0001:000052b0       execute_idle               ffffc000000062b0     x86_64_switch.obj
 0001:0000531c       x64_get_rsp                ffffc0000000631c     x86_64_switch.obj
 0001:00005320       syscall_entry              ffffc00000006320     x86_64_switch.obj
 0001:0000539b       x64_syscall_entry_compat   ffffc0000000639b     x86_64_switch.obj
 0001:000053b1       x64_force_sched            ffffc000000063b1     x86_64_switch.obj
 0001:000053b4       SigRet                     ffffc000000063b4     x86_64_switch.obj
 0001:000053c0       _fastcpy                   ffffc000000063c0     __fstcpy.obj
 0001:000053e0       ?hashmap_int_comp@@YAHPEBX0@Z ffffc000000063e0 f   hashmap.obj
 0001:00005430       ?hashmap_int_dupe@@YAPEAXPEBX@Z ffffc00000006430 f   hashmap.obj
 0001:00005490       ?hashmap_int_hash@@YAIPEBX@Z ffffc00000006490 f   hashmap.obj
 0001:000054c0       ?hashmap_string_comp@@YAHPEBX0@Z ffffc000000064c0 f   hashmap.obj
 0001:00005510       ?hashmap_string_dupe@@YAPEAXPEBX@Z ffffc00000006510 f   hashmap.obj
 0001:00005540       ?hashmap_string_hash@@YAIPEBX@Z ffffc00000006540 f   hashmap.obj
 0001:000055c0       AuHashmapCreate            ffffc000000065c0 f   hashmap.obj
 0001:00005680       AuHashmapCreateInt         ffffc00000006680 f   hashmap.obj
 0001:00005740       AuHashmapFree              ffffc00000006740 f   hashmap.obj
 0001:000057e0       AuHashmapGet               ffffc000000067e0 f   hashmap.obj
 0001:00005880       AuHashmapHas               ffffc00000006880 f   hashmap.obj
 0001:00005920       AuHashmapIsEmpty           ffffc00000006920 f   hashmap.obj
 0001:00005980       AuHashmapRemove            ffffc00000006980 f   hashmap.obj
 0001:00005b00       AuHashmapSet               ffffc00000006b00 f   hashmap.obj
 0001:00005c90       __JustMyCode_Default       ffffc00000006c90 f i hashmap.obj
 0001:00005c90       __CheckForDebuggerJustMyCode ffffc00000006c90 f i hashmap.obj
 0001:00005ca0       ?AHCIInterruptHandler@@YAX_KPEAX@Z ffffc00000006ca0 f   ahci.obj
 0001:00005d70       ?AuAHCICheckType@@YAHPEAU_hba_port_@@@Z ffffc00000006d70 f   ahci.obj
 0001:00005e10       ?AuAHCIInitialise@@YAXXZ   ffffc00000006e10 f   ahci.obj
 0001:000061e0       ?AuAHCIDiskFindSlot@@YAIPEAU_hba_port_@@@Z ffffc000000071e0 f   ahcidsk.obj
 0001:00006250       ?AuAHCIDiskIdentify@@YAXPEAU_hba_port_@@_KIPEA_K@Z ffffc00000007250 f   ahcidsk.obj
 0001:00006640       ?AuAHCIDiskInitialise@@YAXPEAU_hba_port_@@@Z ffffc00000007640 f   ahcidsk.obj
 0001:000069f0       ?AuAHCIDiskRead@@YAXPEAU_hba_port_@@_KIPEA_K@Z ffffc000000079f0 f   ahcidsk.obj
 0001:00006ce0       ?AuAHCIDiskWrite@@YAXPEAU_hba_port_@@_KIPEA_K@Z ffffc00000007ce0 f   ahcidsk.obj
 0001:00006fe0       ?AuAHCIStartCmd@@YAXPEAU_hba_port_@@@Z ffffc00000007fe0 f   ahcidsk.obj
 0001:00007040       ?AuAHCIStopCmd@@YAXPEAU_hba_port_@@@Z ffffc00000008040 f   ahcidsk.obj
 0001:000070c0       ?AuAHCIVDiskRead@@YAHPEAU_VDISK_@@_KIPEA_K@Z ffffc000000080c0 f   ahcidsk.obj
 0001:00007120       ?AuAHCIVDiskWrite@@YAHPEAU_VDISK_@@_KIPEA_K@Z ffffc00000008120 f   ahcidsk.obj
 0001:00007180       ?AuConsoleEarlyEnable@@YAX_N@Z ffffc00000008180 f   aucon.obj
 0001:000071b0       ?AuConsoleInitialize@@YAXPEAU_KERNEL_BOOT_INFO_@@_N@Z ffffc000000081b0 f   aucon.obj
 0001:00007210       ?AuConsoleIoControl@@YAHPEAU__VFS_NODE__@@HPEAX@Z ffffc00000008210 f   aucon.obj
 0001:00007370       ?AuConsolePostInitialise@@YAXPEAU_KERNEL_BOOT_INFO_@@@Z ffffc00000008370 f   aucon.obj
 0001:00007640       ?AuPutC@@YAXD@Z            ffffc00000008640 f   aucon.obj
 0001:00007850       ?AuPutS@@YAXPEAD@Z         ffffc00000008850 f   aucon.obj
 0001:00007ac0       AuTextOut                  ffffc00000008ac0 f   aucon.obj
 0001:00007e40       ??$raw_offset@PEAU_IMAGE_NT_HEADERS_PE32PLUS@@PEAU_IMAGE_DOS_HEADER_@@@@YAPEAU_IMAGE_NT_HEADERS_PE32PLUS@@PEAU_IMAGE_DOS_HEADER_@@H@Z ffffc00000008e40 f i audrv.obj
 0001:00007e80       ?AuCreateDriverInstance@@YAXPEAD@Z ffffc00000008e80 f   audrv.obj
 0001:00007f00       ?AuDecreaseDriverCount@@YAXXZ ffffc00000008f00 f   audrv.obj
 0001:00007f30       ?AuDriverLoad@@YAXPEADPEAU_aurora_driver_@@@Z ffffc00000008f30 f   audrv.obj
 0001:00008160       ?AuDrvMngrInitialize@@YAXPEAU_KERNEL_BOOT_INFO_@@@Z ffffc00000009160 f   audrv.obj
 0001:00008420       ?AuGetConfEntry@@YAPEADIIPEAEH@Z ffffc00000009420 f   audrv.obj
 0001:00008640       ?AuGetDriverName@@YAXIIPEAEH@Z ffffc00000009640 f   audrv.obj
 0001:00008750       ?AuIncreaseDriverCount@@YAXXZ ffffc00000009750 f   audrv.obj
 0001:00008780       ?AuRequestDriverId@@YAIXZ  ffffc00000009780 f   audrv.obj
 0001:000087c0       AuCheckDevice              ffffc000000097c0 f   audrv.obj
 0001:00008860       AuRegisterDevice           ffffc00000009860 f   audrv.obj
 0001:000088b0       ?AuTimerCreate@@YAXGHE@Z   ffffc000000098b0 f   autimer.obj
 0001:00008930       ?AuTimerDataInitialise@@YAXXZ ffffc00000009930 f   autimer.obj
 0001:00008970       ?AuTimerDelete@@YAXPEAU_timer_@@@Z ffffc00000009970 f   autimer.obj
 0001:00008a10       ?AuTimerDestroy@@YAXG@Z    ffffc00000009a10 f   autimer.obj
 0001:00008a70       ?AuTimerFire@@YAXHHH@Z     ffffc00000009a70 f   autimer.obj
 0001:00008c30       ?AuTimerInsert@@YAXPEAU_timer_@@@Z ffffc00000009c30 f   autimer.obj
 0001:00008cc0       ?AuTimerPostMessage@@YAXPEAU_timer_@@@Z ffffc00000009cc0 f   autimer.obj
 0001:00008d30       ?AuTimerStart@@YAXG@Z      ffffc00000009d30 f   autimer.obj
 0001:00008d90       ?AuTimerStop@@YAXG@Z       ffffc00000009d90 f   autimer.obj
 0001:00008df0       ?AuAdvancePointer@@YAXPEAU_circ_buf_@@@Z ffffc00000009df0 f   circbuf.obj
 0001:00008e90       ?AuCircBufCapacity@@YA_KPEAU_circ_buf_@@@Z ffffc00000009e90 f   circbuf.obj
 0001:00008ec0       ?AuCircBufFree@@YAXPEAU_circ_buf_@@@Z ffffc00000009ec0 f   circbuf.obj
 0001:00008ef0       ?AuCircBufGet@@YAHPEAU_circ_buf_@@PEAE@Z ffffc00000009ef0 f   circbuf.obj
 0001:00008f60       ?AuCircBufInitialise@@YAPEAU_circ_buf_@@PEAE_K@Z ffffc00000009f60 f   circbuf.obj
 0001:00008fc0       ?AuCircBufPut@@YAHPEAU_circ_buf_@@E@Z ffffc00000009fc0 f   circbuf.obj
 0001:00009030       ?AuCircBufPutData@@YAXPEAU_circ_buf_@@E@Z ffffc0000000a030 f   circbuf.obj
 0001:00009080       ?AuCircBufReset@@YAXPEAU_circ_buf_@@@Z ffffc0000000a080 f   circbuf.obj
 0001:000090d0       ?AuCircBufSize@@YA_KPEAU_circ_buf_@@@Z ffffc0000000a0d0 f   circbuf.obj
 0001:00009160       ?AuRetreatPointer@@YAXPEAU_circ_buf_@@@Z ffffc0000000a160 f   circbuf.obj
 0001:000091b0       ?CircBufEmpty@@YA_NPEAU_circ_buf_@@@Z ffffc0000000a1b0 f   circbuf.obj
 0001:00009210       ?CircBufFull@@YA_NPEAU_circ_buf_@@@Z ffffc0000000a210 f   circbuf.obj
 0001:00009240       ?AuProcessClean@@YAXPEAU_au_proc_@@0@Z ffffc0000000a240 f   clean.obj
 0001:00009550       ?AuThreadFree@@YAXPEAU_au_proc_@@PEAU_au_thread_@@@Z ffffc0000000a550 f   clean.obj
 0001:00009670       ?FreeImage@@YAXPEAU_au_proc_@@@Z ffffc0000000a670 f   clean.obj
 0001:00009750       ?FreeUserStack@@YAXPEA_KPEAX@Z ffffc0000000a750 f   clean.obj
 0001:000097e0       isalpha                    ffffc0000000a7e0 f   ctype.obj
 0001:00009830       isascii                    ffffc0000000a830 f   ctype.obj
 0001:00009870       isdigit                    ffffc0000000a870 f   ctype.obj
 0001:000098b0       islower                    ffffc0000000a8b0 f   ctype.obj
 0001:000098f0       isprint                    ffffc0000000a8f0 f   ctype.obj
 0001:00009930       isspace                    ffffc0000000a930 f   ctype.obj
 0001:00009980       isupper                    ffffc0000000a980 f   ctype.obj
 0001:000099c0       isxdigit                   ffffc0000000a9c0 f   ctype.obj
 0001:00009a20       toascii                    ffffc0000000aa20 f   ctype.obj
 0001:00009a50       tolower                    ffffc0000000aa50 f   ctype.obj
 0001:00009aa0       toupper                    ffffc0000000aaa0 f   ctype.obj
 0001:00009af0       ?AuPS2MouseInitialise@@YAXXZ ffffc0000000aaf0 f   mouse.obj
 0001:00009c50       ?AuPS2MouseRead@@YAEXZ     ffffc0000000ac50 f   mouse.obj
 0001:00009c80       ?AuPS2MouseSetPos@@YAXHH@Z ffffc0000000ac80 f   mouse.obj
 0001:00009cd0       ?AuPS2MouseWrite@@YAEE@Z   ffffc0000000acd0 f   mouse.obj
 0001:00009d20       ?PS2MouseHandler@@YAX_KPEAX@Z ffffc0000000ad20 f   mouse.obj
 0001:0000a200       ?PS2MouseWaitInput@@YAXXZ  ffffc0000000b200 f   mouse.obj
 0001:0000a250       ?PS2MouseWaitOutput@@YAXXZ ffffc0000000b250 f   mouse.obj
 0001:0000a2a0       AuPS2DisableMouse          ffffc0000000b2a0 f   mouse.obj
 0001:0000a2e0       ?AuPS2KybrdHandler@@YAX_KPEAX@Z ffffc0000000b2e0 f   ps2kybrd.obj
 0001:0000a360       ?AuPS2KybrdInitialize@@YAXXZ ffffc0000000b360 f   ps2kybrd.obj
 0001:0000a3e0       ?AuRTCClockUpdate@@YAX_KPEAX@Z ffffc0000000b3e0 f   rtc.obj
 0001:0000a480       ?AuRTCGetRegister@@YAEH@Z  ffffc0000000b480 f   rtc.obj
 0001:0000a4c0       ?AuRTCInitialize@@YAXXZ    ffffc0000000b4c0 f   rtc.obj
 0001:0000a5a0       ?AuRTCIsUpdating@@YAHXZ    ffffc0000000b5a0 f   rtc.obj
 0001:0000a5e0       ?AuRTCReadDateTime@@YAXXZ  ffffc0000000b5e0 f   rtc.obj
 0001:0000a820       ?AuRTCSetRegister@@YAXGE@Z ffffc0000000b820 f   rtc.obj
 0001:0000a860       AuRTCGetCentury            ffffc0000000b860 f   rtc.obj
 0001:0000a890       AuRTCGetDay                ffffc0000000b890 f   rtc.obj
 0001:0000a8c0       AuRTCGetHour               ffffc0000000b8c0 f   rtc.obj
 0001:0000a8f0       AuRTCGetMinutes            ffffc0000000b8f0 f   rtc.obj
 0001:0000a920       AuRTCGetMonth              ffffc0000000b920 f   rtc.obj
 0001:0000a950       AuRTCGetSecond             ffffc0000000b950 f   rtc.obj
 0001:0000a980       AuRTCGetYear               ffffc0000000b980 f   rtc.obj
 0001:0000a9b0       ?AuDevFSCreateFile@@YAHPEAU__VFS_NODE__@@PEADE@Z ffffc0000000b9b0 f   devfs.obj
 0001:0000abd0       ?AuDevFSList@@YAXPEAU__VFS_NODE__@@@Z ffffc0000000bbd0 f   devfs.obj
 0001:0000acf0       ?AuDevFSListDir@@YAXPEAU__VFS_NODE__@@0@Z ffffc0000000bcf0 f   devfs.obj
 0001:0000ade0       ?AuDevFSOpen@@YAPEAU__VFS_NODE__@@PEAU1@PEAD@Z ffffc0000000bde0 f   devfs.obj
 0001:0000af80       ?AuDeviceFsInitialize@@YAXXZ ffffc0000000bf80 f   devfs.obj
 0001:0000b030       AuDevFSAddFile             ffffc0000000c030 f   devfs.obj
 0001:0000b1c0       AuDevFSRemoveFile          ffffc0000000c1c0 f   devfs.obj
 0001:0000b3d0       ?AuDevInputInitialise@@YAXXZ ffffc0000000c3d0 f   devinput.obj
 0001:0000b5a0       ?AuDevInputKybrdRead@@YA_KPEAU__VFS_NODE__@@0PEA_KI@Z ffffc0000000c5a0 f   devinput.obj
 0001:0000b620       ?AuDevInputKybrdWrite@@YA_KPEAU__VFS_NODE__@@0PEA_KI@Z ffffc0000000c620 f   devinput.obj
 0001:0000b690       ?AuDevInputMiceRead@@YA_KPEAU__VFS_NODE__@@0PEA_KI@Z ffffc0000000c690 f   devinput.obj
 0001:0000b710       ?AuDevInputMiceWrite@@YA_KPEAU__VFS_NODE__@@0PEA_KI@Z ffffc0000000c710 f   devinput.obj
 0001:0000b780       ?AuDevMouseIoControl@@YAHPEAU__VFS_NODE__@@HPEAX@Z ffffc0000000c780 f   devinput.obj
 0001:0000b810       AuDevReadKybrd             ffffc0000000c810 f   devinput.obj
 0001:0000b870       AuDevReadMice              ffffc0000000c870 f   devinput.obj
 0001:0000b8d0       AuDevWriteKybrd            ffffc0000000c8d0 f   devinput.obj
 0001:0000b920       AuDevWriteMice             ffffc0000000c920 f   devinput.obj
 0001:0000b970       ?FatAllocCluster@@YAXPEAU__VFS_NODE__@@HI@Z ffffc0000000c970 f   Fat.obj
 0001:0000bae0       ?FatCalculateCheckSum@@YAEPEAE@Z ffffc0000000cae0 f   Fat.obj
 0001:0000bb70       ?FatClearCluster@@YAXPEAU__VFS_NODE__@@I@Z ffffc0000000cb70 f   Fat.obj
 0001:0000bc20       ?FatClusterToSector32@@YA_KPEAU_FatFS_@@_K@Z ffffc0000000cc20 f   Fat.obj
 0001:0000bc70       ?FatFindFreeCluster@@YAIPEAU__VFS_NODE__@@@Z ffffc0000000cc70 f   Fat.obj
 0001:0000bdc0       ?FatFormatDate@@YAGXZ      ffffc0000000cdc0 f   Fat.obj
 0001:0000be20       ?FatFormatTime@@YAGXZ      ffffc0000000ce20 f   Fat.obj
 0001:0000be80       ?FatFromDosToFilename@@YAXPEAD0@Z ffffc0000000ce80 f   Fat.obj
 0001:0000bfb0       ?FatGetClusterFor@@YA_KPEAU__VFS_NODE__@@0_K@Z ffffc0000000cfb0 f   Fat.obj
 0001:0000c040       ?FatInitialise@@YAPEAU__VFS_NODE__@@PEAU_VDISK_@@PEAD@Z ffffc0000000d040 f   Fat.obj
 0001:0000c480       ?FatLocateDir@@YAPEAU__VFS_NODE__@@PEAU1@PEBD@Z ffffc0000000d480 f   Fat.obj
 0001:0000c720       ?FatLocateSubDir@@YAPEAU__VFS_NODE__@@PEAU1@0PEBD@Z ffffc0000000d720 f   Fat.obj
 0001:0000c9b0       ?FatOpen@@YAPEAU__VFS_NODE__@@PEAU1@PEAD@Z ffffc0000000d9b0 f   Fat.obj
 0001:0000cb70       ?FatRead@@YA_KPEAU__VFS_NODE__@@0PEA_K@Z ffffc0000000db70 f   Fat.obj
 0001:0000cc90       ?FatReadFAT@@YAIPEAU__VFS_NODE__@@_K@Z ffffc0000000dc90 f   Fat.obj
 0001:0000cdc0       ?FatReadFile@@YA_KPEAU__VFS_NODE__@@0PEA_KI@Z ffffc0000000ddc0 f   Fat.obj
 0001:0000cf50       ?FatToDOSFilename@@YAXPEBDPEADI@Z ffffc0000000df50 f   Fat.obj
 0001:0000d0c0       ?FatCreateDir@@YAPEAU__VFS_NODE__@@PEAU1@PEAD@Z ffffc0000000e0c0 f   FatDir.obj
 0001:0000d7d0       ?FatDirectoryRead@@YAHPEAU__VFS_NODE__@@0PEAU_AuDirectoryEnty_@@@Z ffffc0000000e7d0 f   FatDir.obj
 0001:0000dbf0       ?FatOpenDir@@YAPEAU__VFS_NODE__@@PEAU1@PEAD@Z ffffc0000000ebf0 f   FatDir.obj
 0001:0000dd90       ?FatRemoveDir@@YAHPEAU__VFS_NODE__@@0@Z ffffc0000000ed90 f   FatDir.obj
 0001:0000df90       ?FatCreateFile@@YAPEAU__VFS_NODE__@@PEAU1@PEAD@Z ffffc0000000ef90 f   FatFile.obj
 0001:0000e430       ?FatFileClearDirEntry@@YAHPEAU__VFS_NODE__@@0@Z ffffc0000000f430 f   FatFile.obj
 0001:0000e6a0       ?FatFileGetParent@@YAPEAU__VFS_NODE__@@PEAU1@PEBD@Z ffffc0000000f6a0 f   FatFile.obj
 0001:0000e880       ?FatFileRemove@@YAHPEAU__VFS_NODE__@@0@Z ffffc0000000f880 f   FatFile.obj
 0001:0000e960       ?FatFileUpdateFilename@@YAHPEAU__VFS_NODE__@@0PEAD@Z ffffc0000000f960 f   FatFile.obj
 0001:0000ebf0       ?FatFileUpdateSize@@YAXPEAU__VFS_NODE__@@0_K@Z ffffc0000000fbf0 f   FatFile.obj
 0001:0000ee30       ?FatFileWriteContent@@YAXPEAU__VFS_NODE__@@0PEA_K@Z ffffc0000000fe30 f   FatFile.obj
 0001:0000f040       ?FatFileWriteDone@@YAXPEAU__VFS_NODE__@@@Z ffffc00000010040 f   FatFile.obj
 0001:0000f090       ?FatWrite@@YA_KPEAU__VFS_NODE__@@0PEA_KI@Z ffffc00000010090 f   FatFile.obj
 0001:0000f1c0       ?AuCreatePipe@@YAHPEAD_K@Z ffffc000000101c0 f   pipe.obj
 0001:0000f3d0       ?AuPipeClose@@YAHPEAU__VFS_NODE__@@0@Z ffffc000000103d0 f   pipe.obj
 0001:0000f490       ?AuPipeFSAddFile@@YAHPEAU__VFS_NODE__@@PEAD0@Z ffffc00000010490 f   pipe.obj
 0001:0000f620       ?AuPipeFSInitialise@@YAXXZ ffffc00000010620 f   pipe.obj
 0001:0000f6d0       ?AuPipeFSOpen@@YAPEAU__VFS_NODE__@@PEAU1@PEAD@Z ffffc000000106d0 f   pipe.obj
 0001:0000f870       ?AuPipeFSRemoveFile@@YAHPEAU__VFS_NODE__@@PEAD@Z ffffc00000010870 f   pipe.obj
 0001:0000fa80       ?AuPipeGetAvailableBytes@@YA_KPEAU_pipe_@@@Z ffffc00000010a80 f   pipe.obj
 0001:0000fb10       ?AuPipeIncrementRead@@YAXPEAU_pipe_@@@Z ffffc00000010b10 f   pipe.obj
 0001:0000fb70       ?AuPipeIncrementWrite@@YAXPEAU_pipe_@@@Z ffffc00000010b70 f   pipe.obj
 0001:0000fbd0       ?AuPipeIncrementWriteAmount@@YAXPEAU_pipe_@@_K@Z ffffc00000010bd0 f   pipe.obj
 0001:0000fc20       ?AuPipeOpen@@YAPEAU__VFS_NODE__@@PEAU1@PEAD@Z ffffc00000010c20 f   pipe.obj
 0001:0000fc80       ?AuPipeRead@@YA_KPEAU__VFS_NODE__@@0PEA_KI@Z ffffc00000010c80 f   pipe.obj
 0001:0000fd50       ?AuPipeUnread@@YA_KPEAU_pipe_@@@Z ffffc00000010d50 f   pipe.obj
 0001:0000fdd0       ?AuPipeWrite@@YA_KPEAU__VFS_NODE__@@0PEA_KI@Z ffffc00000010dd0 f   pipe.obj
 0001:0000fea0       ?AuTTYCreate@@YAHPEAH0@Z   ffffc00000010ea0 f   tty.obj
 0001:000100b0       ?AuTTYCreateMaster@@YAPEAU__VFS_NODE__@@PEAU__tty__@@@Z ffffc000000110b0 f   tty.obj
 0001:000101e0       ?AuTTYCreateSlave@@YAPEAU__VFS_NODE__@@PEAU__tty__@@@Z ffffc000000111e0 f   tty.obj
 0001:00010310       ?AuTTYDelete@@YAXPEAU__tty__@@@Z ffffc00000011310 f   tty.obj
 0001:000103b0       ?AuTTYInitialise@@YAXXZ    ffffc000000113b0 f   tty.obj
 0001:00010420       ?AuTTYInsert@@YAXPEAU__tty__@@@Z ffffc00000011420 f   tty.obj
 0001:000104b0       ?AuTTYIoControl@@YAHPEAU__VFS_NODE__@@HPEAX@Z ffffc000000114b0 f   tty.obj
 0001:00010610       ?AuTTYMasterClose@@YAHPEAU__VFS_NODE__@@0@Z ffffc00000011610 f   tty.obj
 0001:00010640       ?AuTTYMasterRead@@YA_KPEAU__VFS_NODE__@@0PEA_KI@Z ffffc00000011640 f   tty.obj
 0001:00010720       ?AuTTYMasterWrite@@YA_KPEAU__VFS_NODE__@@0PEA_KI@Z ffffc00000011720 f   tty.obj
 0001:000107c0       ?AuTTYProcessLine@@YAXPEAU__tty__@@E@Z ffffc000000117c0 f   tty.obj
 0001:00010950       ?AuTTYSlaveClose@@YAHPEAU__VFS_NODE__@@0@Z ffffc00000011950 f   tty.obj
 0001:00010990       ?AuTTYSlaveRead@@YA_KPEAU__VFS_NODE__@@0PEA_KI@Z ffffc00000011990 f   tty.obj
 0001:00010a30       ?AuTTYSlaveWrite@@YA_KPEAU__VFS_NODE__@@0PEA_KI@Z ffffc00000011a30 f   tty.obj
 0001:00010b20       ?AuTTYWriteMaster@@YAXPEAU__tty__@@E@Z ffffc00000011b20 f   tty.obj
 0001:00010b60       ?AuTTYWriteSlave@@YAXPEAU__tty__@@E@Z ffffc00000011b60 f   tty.obj
 0001:00010ba0       ?AuGetVDiskInfo@@YAHEPEAX@Z ffffc00000011ba0 f   vdisk.obj
 0001:00010c70       ?AuGetVDiskPartitionInfo@@YAHEEPEAX@Z ffffc00000011c70 f   vdisk.obj
 0001:00010e10       ?AuVDiskInitialise@@YAXXZ  ffffc00000011e10 f   vdisk.obj
 0001:00010e60       ?AuVDiskRegisterPartition@@YAXPEAU_VDISK_@@@Z ffffc00000011e60 f   vdisk.obj
 0001:000111d0       AuCreateVDisk              ffffc000000121d0 f   vdisk.obj
 0001:00011210       AuVDiskDestroy             ffffc00000012210 f   vdisk.obj
 0001:000112a0       AuVDiskGetIndex            ffffc000000122a0 f   vdisk.obj
 0001:000112f0       AuVDiskRead                ffffc000000122f0 f   vdisk.obj
 0001:00011360       AuVDiskRegister            ffffc00000012360 f   vdisk.obj
 0001:000113f0       AuVDiskWrite               ffffc000000123f0 f   vdisk.obj
 0001:00011460       ?AuVFSInitialise@@YAXXZ    ffffc00000012460 f   vfs.obj
 0001:000114c0       ?AuVFSRemoveDir@@YAHPEAU__VFS_NODE__@@0@Z ffffc000000124c0 f   vfs.obj
 0001:00011550       ?AuVFSRemoveFile@@YAHPEAU__VFS_NODE__@@0@Z ffffc00000012550 f   vfs.obj
 0001:00011600       AuVFSAddFileSystem         ffffc00000012600 f   vfs.obj
 0001:00011680       AuVFSCreateDir             ffffc00000012680 f   vfs.obj
 0001:000116e0       AuVFSCreateFile            ffffc000000126e0 f   vfs.obj
 0001:00011740       AuVFSFind                  ffffc00000012740 f   vfs.obj
 0001:00011870       AuVFSGetBlockFor           ffffc00000012870 f   vfs.obj
 0001:000118d0       AuVFSNodeClose             ffffc000000128d0 f   vfs.obj
 0001:00011920       AuVFSNodeIOControl         ffffc00000012920 f   vfs.obj
 0001:00011980       AuVFSNodeRead              ffffc00000012980 f   vfs.obj
 0001:000119f0       AuVFSNodeReadBlock         ffffc000000129f0 f   vfs.obj
 0001:00011a60       AuVFSNodeWrite             ffffc00000012a60 f   vfs.obj
 0001:00011ac0       AuVFSOpen                  ffffc00000012ac0 f   vfs.obj
 0001:00011c40       AuVFSRegisterRoot          ffffc00000012c40 f   vfs.obj
 0001:00011c80       AuVFSRemoveFileSystem      ffffc00000012c80 f   vfs.obj
 0001:00011d40       ?AuGPTInitialise_FileSystem@@YAXPEAU_VDISK_@@@Z ffffc00000012d40 f   _gpt.obj
 0001:00011e10       AuGUIDVerify               ffffc00000012e10 f   _gpt.obj
 0001:00011ed0       ?AuFTMngrGetFontID@@YAHPEAD@Z ffffc00000012ed0 f   ftmngr.obj
 0001:00011f60       ?AuFTMngrGetFontSize@@YAHPEAD@Z ffffc00000012f60 f   ftmngr.obj
 0001:00011fd0       ?AuFTMngrGetNumFonts@@YAHXZ ffffc00000012fd0 f   ftmngr.obj
 0001:00012000       ?FontManagerAddSegment@@YAXPEAU_font_seg_@@@Z ffffc00000013000 f   ftmngr.obj
 0001:00012090       ?FontManagerAllocateSegment@@YAPEAU_font_seg_@@PEAU__VFS_NODE__@@PEAD@Z ffffc00000013090 f   ftmngr.obj
 0001:00012170       ?FontManagerGetFontCount@@YAHPEAE@Z ffffc00000013170 f   ftmngr.obj
 0001:00012230       ?FontManagerGetKey@@YAGXZ  ffffc00000013230 f   ftmngr.obj
 0001:00012270       ?FontManagerInitialise@@YAXXZ ffffc00000013270 f   ftmngr.obj
 0001:000123e0       ?FontManagerIterateFontList@@YAXPEAE@Z ffffc000000133e0 f   ftmngr.obj
 0001:000125d0       ?FontManagerOpenFontFile@@YAPEAU__VFS_NODE__@@PEAD@Z ffffc000000135d0 f   ftmngr.obj
 0001:00012610       ?FontManagerRemoveSegment@@YAXPEAU_font_seg_@@@Z ffffc00000013610 f   ftmngr.obj
 0001:000126b0       AcpiOsAcquireGlobalLock    ffffc000000136b0 f   acpiosl.obj
 0001:000126e0       AcpiOsAcquireLock          ffffc000000136e0 f   acpiosl.obj
 0001:00012710       AcpiOsAcquireMutex         ffffc00000013710 f   acpiosl.obj
 0001:00012740       AcpiOsAllocate             ffffc00000013740 f   acpiosl.obj
 0001:00012770       AcpiOsCreateLock           ffffc00000013770 f   acpiosl.obj
 0001:000127c0       AcpiOsCreateMutex          ffffc000000137c0 f   acpiosl.obj
 0001:00012810       AcpiOsCreateSemaphore      ffffc00000013810 f   acpiosl.obj
 0001:00012840       AcpiOsDeleteLock           ffffc00000013840 f   acpiosl.obj
 0001:00012870       AcpiOsDeleteMutex          ffffc00000013870 f   acpiosl.obj
 0001:000128a0       AcpiOsDeleteSemaphore      ffffc000000138a0 f   acpiosl.obj
 0001:000128d0       AcpiOsEnterSleep           ffffc000000138d0 f   acpiosl.obj
 0001:00012900       AcpiOsExecute              ffffc00000013900 f   acpiosl.obj
 0001:00012940       AcpiOsFree                 ffffc00000013940 f   acpiosl.obj
 0001:00012980       AcpiOsGetPhysicalAddress   ffffc00000013980 f   acpiosl.obj
 0001:000129e0       AcpiOsGetRootPointer       ffffc000000139e0 f   acpiosl.obj
 0001:00012a10       AcpiOsGetThreadId          ffffc00000013a10 f   acpiosl.obj
 0001:00012a40       AcpiOsGetTimer             ffffc00000013a40 f   acpiosl.obj
 0001:00012a60       AcpiOsInitialize           ffffc00000013a60 f   acpiosl.obj
 0001:00012a80       AcpiOsInstallInterruptHandler ffffc00000013a80 f   acpiosl.obj
 0001:00012ab0       AcpiOsMapMemory            ffffc00000013ab0 f   acpiosl.obj
 0001:00012b90       AcpiOsPhysicalTableOverride ffffc00000013b90 f   acpiosl.obj
 0001:00012be0       AcpiOsPredefinedOverride   ffffc00000013be0 f   acpiosl.obj
 0001:00012c20       AcpiOsPrintf               ffffc00000013c20 f   acpiosl.obj
 0001:00012c70       AcpiOsReadMemory           ffffc00000013c70 f   acpiosl.obj
 0001:00012d10       AcpiOsReadPciConfiguration ffffc00000013d10 f   acpiosl.obj
 0001:00012db0       AcpiOsReadPort             ffffc00000013db0 f   acpiosl.obj
 0001:00012e20       AcpiOsReadable             ffffc00000013e20 f   acpiosl.obj
 0001:00012e50       AcpiOsReleaseGlobalLock    ffffc00000013e50 f   acpiosl.obj
 0001:00012e80       AcpiOsReleaseLock          ffffc00000013e80 f   acpiosl.obj
 0001:00012eb0       AcpiOsReleaseMutex         ffffc00000013eb0 f   acpiosl.obj
 0001:00012ee0       AcpiOsRemoveInterruptHandler ffffc00000013ee0 f   acpiosl.obj
 0001:00012f10       AcpiOsSignal               ffffc00000013f10 f   acpiosl.obj
 0001:00012f40       AcpiOsSignalSemaphore      ffffc00000013f40 f   acpiosl.obj
 0001:00012f70       AcpiOsSleep                ffffc00000013f70 f   acpiosl.obj
 0001:00012fb0       AcpiOsStall                ffffc00000013fb0 f   acpiosl.obj
 0001:00012ff0       AcpiOsTableOverride        ffffc00000013ff0 f   acpiosl.obj
 0001:00013030       AcpiOsTerminate            ffffc00000014030 f   acpiosl.obj
 0001:00013050       AcpiOsUnmapMemory          ffffc00000014050 f   acpiosl.obj
 0001:00013090       AcpiOsVprintf              ffffc00000014090 f   acpiosl.obj
 0001:000130c0       AcpiOsWaitEventsComplete   ffffc000000140c0 f   acpiosl.obj
 0001:000130e0       AcpiOsWaitSemaphore        ffffc000000140e0 f   acpiosl.obj
 0001:00013110       AcpiOsWritable             ffffc00000014110 f   acpiosl.obj
 0001:00013140       AcpiOsWriteMemory          ffffc00000014140 f   acpiosl.obj
 0001:000131e0       AcpiOsWritePciConfiguration ffffc000000141e0 f   acpiosl.obj
 0001:00013260       AcpiOsWritePort            ffffc00000014260 f   acpiosl.obj
 0001:000132d0       ??$raw_offset@PECIPEAX@@YAPECIPEAXH@Z ffffc000000142d0 f i apic.obj
 0001:00013310       ?APICLocalEOI@@YAXXZ       ffffc00000014310 f   apic.obj
 0001:00013340       ?APICSpuriousInterrupt@@YAX_KPEAX@Z ffffc00000014340 f   apic.obj
 0001:00013370       ?APICTimerSleep@@YAXI@Z    ffffc00000014370 f   apic.obj
 0001:000133b0       ?ApicTimerInterrupt@@YAX_KPEAX@Z ffffc000000143b0 f   apic.obj
 0001:00013400       ?AuAPICInitialise@@YAX_N@Z ffffc00000014400 f   apic.obj
 0001:00013600       ?IOWait@@YAXXZ             ffffc00000014600 f   apic.obj
 0001:00013640       ?ReadAPICRegister@@YA_KG@Z ffffc00000014640 f   apic.obj
 0001:00013710       ?WriteAPICRegister@@YAXG_K@Z ffffc00000014710 f   apic.obj
 0001:00013820       ?X2APICSupported@@YA_NXZ   ffffc00000014820 f   apic.obj
 0001:00013870       ??$raw_diff@U_acpi_apic_header_@@UacpiMadt@@@@YAHPEAU_acpi_apic_header_@@PEAUacpiMadt@@@Z ffffc00000014870 f i basicacpi.obj
 0001:000138a0       ??$raw_offset@PEAU_IMAGE_SECTION_HEADER@@PEAU_IMAGE_OPTIONAL_HEADER_PE32PLUS@@@@YAPEAU_IMAGE_SECTION_HEADER@@PEAU_IMAGE_OPTIONAL_HEADER_PE32PLUS@@H@Z ffffc000000148a0 f i basicacpi.obj
 0001:000138e0       ??$raw_offset@PEAU_acpi_apic_header_@@PEAU1@@@YAPEAU_acpi_apic_header_@@PEAU0@H@Z ffffc000000148e0 f i basicacpi.obj
 0001:00013920       ??$raw_offset@PEAXPEAE@@YAPEAXPEAEH@Z ffffc00000014920 f i basicacpi.obj
 0001:00013960       ?AuACPIEnable@@YAXXZ       ffffc00000014960 f   basicacpi.obj
 0001:00013a80       ?AuACPIGetMCFG@@YAPEAUacpiMcfg@@XZ ffffc00000014a80 f   basicacpi.obj
 0001:00013ab0       ?AuACPIGetRSDP@@YAPEAXXZ   ffffc00000014ab0 f   basicacpi.obj
 0001:00013ae0       ?AuACPIInitialise@@YAXPEAX@Z ffffc00000014ae0 f   basicacpi.obj
 0001:00013ee0       ?AuACPIPCIESupported@@YA_NXZ ffffc00000014ee0 f   basicacpi.obj
 0001:00013f10       ?AuACPIParseMADT@@YAXXZ    ffffc00000014f10 f   basicacpi.obj
 0001:00014040       ?AuACPIPowerButtonEnable@@YAXXZ ffffc00000015040 f   basicacpi.obj
 0001:00014070       ?AuFADTHandler@@YAX_KPEAX@Z ffffc00000015070 f   basicacpi.obj
 0001:000140c0       ?AuGetCPUCount@@YAEXZ      ffffc000000150c0 f   basicacpi.obj
 0001:000140f0       ?AuInitialiseACPISubsys@@YAXPEAU_KERNEL_BOOT_INFO_@@@Z ffffc000000150f0 f   basicacpi.obj
 0001:00014310       ?search_s5@@YAPEAEPEAUacpiDsdt@@@Z ffffc00000015310 f   basicacpi.obj
 0001:00014390       AuDisableInterrupt         ffffc00000015390 f   hal.obj
 0001:000143c0       AuEnableInterrupt          ffffc000000153c0 f   hal.obj
 0001:000143f0       AuGetTimeOfTheDay          ffffc000000153f0 f   hal.obj
 0001:00014420       AuHalFlushCache            ffffc00000015420 f   hal.obj
 0001:00014450       AuHalInitialise            ffffc00000015450 f   hal.obj
 0001:00014480       AuHalMaskIRQ               ffffc00000015480 f   hal.obj
 0001:000144d0       AuHalPostInitialise        ffffc000000154d0 f   hal.obj
 0001:00014500       AuHalRegisterIRQ           ffffc00000015500 f   hal.obj
 0001:00014560       AuInterruptEnd             ffffc00000015560 f   hal.obj
 0001:00014590       ?IOAPICInitialise@@YAXPEAX@Z ffffc00000015590 f   ioapic.obj
 0001:00014640       ?IOAPICMaskIRQ@@YAXE_N@Z   ffffc00000015640 f   ioapic.obj
 0001:000146c0       ?IOAPICRedirect@@YAXEIGE@Z ffffc000000156c0 f   ioapic.obj
 0001:00014780       ?IOAPICRegisterIRQ@@YAX_KP6AX0PEAX@ZE_N@Z ffffc00000015780 f   ioapic.obj
 0001:00014910       ?AuCreatePerCPU@@YAXPEAX@Z ffffc00000015910 f   pcpu.obj
 0001:00014990       ?AuGetPerCPU@@YAPEAU_cpu_@@E@Z ffffc00000015990 f   pcpu.obj
 0001:000149c0       ?AuPerCPUGetCpuID@@YAEXZ   ffffc000000159c0 f   pcpu.obj
 0001:000149f0       ?AuPerCPUGetCurrentThread@@YAPEAU_au_thread_@@XZ ffffc000000159f0 f   pcpu.obj
 0001:00014a20       ?AuPerCPUGetKernelTSS@@YAPEAU_tss@@XZ ffffc00000015a20 f   pcpu.obj
 0001:00014a50       ?AuPerCPUSetCpuID@@YAXE@Z  ffffc00000015a50 f   pcpu.obj
 0001:00014a80       ?AuPerCPUSetCurrentThread@@YAXPEAX@Z ffffc00000015a80 f   pcpu.obj
 0001:00014ab0       ?AuPerCPUSetKernelTSS@@YAXPEAU_tss@@@Z ffffc00000015ab0 f   pcpu.obj
 0001:00014ae0       ?AuInitialiseSerial@@YAXXZ ffffc00000015ae0 f   serial.obj
 0001:00014b50       ?DebugSerial@@YAXPEAD@Z    ffffc00000015b50 f   serial.obj
 0001:00014bb0       ?SerialInterruptHandler@@YAX_KPEAX@Z ffffc00000015bb0 f   serial.obj
 0001:00014be0       ?WriteSerial@@YAXD@Z       ffffc00000015be0 f   serial.obj
 0001:00014c20       ?is_transmit_empty@@YAHXZ  ffffc00000015c20 f   serial.obj
 0001:00014c50       SeTextOut                  ffffc00000015c50 f   serial.obj
 0001:00014fb0       ?x86_64_ap_init@@YAXPEAX@Z ffffc00000015fb0 f   x86_64_ap_init.obj
 0001:00015050       ?CMOSDump@@YAXPEAG@Z       ffffc00000016050 f   x86_64_cpu.obj
 0001:000150c0       ?_ICRBusy@@YA_NXZ          ffffc000000160c0 f   x86_64_cpu.obj
 0001:00015110       ?_ICRDest@@YA_KI@Z         ffffc00000016110 f   x86_64_cpu.obj
 0001:00015150       ?cpu_read_tsc@@YA_KXZ      ffffc00000016150 f   x86_64_cpu.obj
 0001:000151a0       ?isUpdateInProgress@@YAHXZ ffffc000000161a0 f   x86_64_cpu.obj
 0001:000151e0       ?readCMOS@@YA_KXZ          ffffc000000161e0 f   x86_64_cpu.obj
 0001:00015680       ?secs_of_years@@YA_KH@Z    ffffc00000016680 f   x86_64_cpu.obj
 0001:00015730       ?updateTicks@@YAX_KPEA_K1@Z ffffc00000016730 f   x86_64_cpu.obj
 0001:000157b0       ?x86_64_cpu_get_mhz@@YA_KXZ ffffc000000167b0 f   x86_64_cpu.obj
 0001:000157e0       ?x86_64_cpu_initialize@@YAXE@Z ffffc000000167e0 f   x86_64_cpu.obj
 0001:000159c0       ?x86_64_cpu_msi_address@@YA_KPEA_K_KIEE@Z ffffc000000169c0 f   x86_64_cpu.obj
 0001:00015a60       ?x86_64_enable_syscall_ext@@YAXXZ ffffc00000016a60 f   x86_64_cpu.obj
 0001:00015ac0       ?x86_64_get_tss@@YAPEAU_tss@@XZ ffffc00000016ac0 f   x86_64_cpu.obj
 0001:00015af0       ?x86_64_gettimeofday@@YAHPEAU_timeval_@@@Z ffffc00000016af0 f   x86_64_cpu.obj
 0001:00015b60       ?x86_64_hal_cpu_feature_enable@@YAXXZ ffffc00000016b60 f   x86_64_cpu.obj
 0001:00015c70       ?x86_64_init_user@@YAX_K@Z ffffc00000016c70 f   x86_64_cpu.obj
 0001:00015d40       ?x86_64_init_user_ap@@YAX_K@Z ffffc00000016d40 f   x86_64_cpu.obj
 0001:00015e10       ?x86_64_initialise_syscall@@YAXXZ ffffc00000016e10 f   x86_64_cpu.obj
 0001:00015e90       ?x86_64_is_cpu_fxsave_supported@@YA_NXZ ffffc00000016e90 f   x86_64_cpu.obj
 0001:00015ec0       ?x86_64_measure_cpu_speed@@YAXXZ ffffc00000016ec0 f   x86_64_cpu.obj
 0001:00016080       ?x86_64_set_ap_start_bit@@YAX_N@Z ffffc00000017080 f   x86_64_cpu.obj
 0001:000160b0       ?alignment_check_fault@@YAX_KPEAX@Z ffffc000000170b0 f   x86_64_exception.obj
 0001:000160f0       ?bounds_check_fault@@YAX_KPEAX@Z ffffc000000170f0 f   x86_64_exception.obj
 0001:00016130       ?breakpoint_trap@@YAX_KPEAX@Z ffffc00000017130 f   x86_64_exception.obj
 0001:00016170       ?divide_by_zero_fault@@YAX_KPEAX@Z ffffc00000017170 f   x86_64_exception.obj
 0001:00016210       ?double_fault_abort@@YAX_KPEAX@Z ffffc00000017210 f   x86_64_exception.obj
 0001:00016250       ?fpu_fault@@YAX_KPEAX@Z    ffffc00000017250 f   x86_64_exception.obj
 0001:00016290       ?general_protection_fault@@YAX_KPEAX@Z ffffc00000017290 f   x86_64_exception.obj
 0001:00016380       ?invalid_opcode_fault@@YAX_KPEAX@Z ffffc00000017380 f   x86_64_exception.obj
 0001:00016440       ?invalid_tss_fault@@YAX_KPEAX@Z ffffc00000017440 f   x86_64_exception.obj
 0001:00016480       ?machine_check_abort@@YAX_KPEAX@Z ffffc00000017480 f   x86_64_exception.obj
 0001:000164c0       ?nmi_trap@@YAX_KPEAX@Z     ffffc000000174c0 f   x86_64_exception.obj
 0001:00016500       ?no_device_fault@@YAX_KPEAX@Z ffffc00000017500 f   x86_64_exception.obj
 0001:00016540       ?no_segment_fault@@YAX_KPEAX@Z ffffc00000017540 f   x86_64_exception.obj
 0001:00016580       ?overflow_trap@@YAX_KPEAX@Z ffffc00000017580 f   x86_64_exception.obj
 0001:000165c0       ?page_fault@@YAX_KPEAX@Z   ffffc000000175c0 f   x86_64_exception.obj
 0001:00016910       ?panic@@YAXPEBDZZ          ffffc00000017910 f   x86_64_exception.obj
 0001:000169b0       ?simd_fpu_fault@@YAX_KPEAX@Z ffffc000000179b0 f   x86_64_exception.obj
 0001:00016a50       ?single_step_trap@@YAX_KPEAX@Z ffffc00000017a50 f   x86_64_exception.obj
 0001:00016aa0       ?stack_fault@@YAX_KPEAX@Z  ffffc00000017aa0 f   x86_64_exception.obj
 0001:00016b80       ?x86_64_exception_init@@YAXXZ ffffc00000017b80 f   x86_64_exception.obj
 0001:00016de0       ?save_sregs@@YAXXZ         ffffc00000017de0 f   x86_64_gdt.obj
 0001:00016ea0       ?set_gdt_entry@@YAXAEAU_gdt@@_K1EE@Z ffffc00000017ea0 f   x86_64_gdt.obj
 0001:00016f50       ?x86_64_hal_init_gdt_ap@@YAXXZ ffffc00000017f50 f   x86_64_gdt.obj
 0001:00016fd0       load_default_sregs         ffffc00000017fd0 f   x86_64_gdt.obj
 0001:00017040       x86_64_hal_init_gdt        ffffc00000018040 f   x86_64_gdt.obj
 0001:000170b0       ?x86_64_hal_initialise@@YAXPEAU_KERNEL_BOOT_INFO_@@@Z ffffc000000180b0 f   x86_64_hal.obj
 0001:00017170       ?default_irq@@YAX_KPEAX@Z  ffffc00000018170 f   x86_64_idt.obj
 0001:00017220       ?x86_64_idt_init@@YAXXZ    ffffc00000018220 f   x86_64_idt.obj
 0001:000173c0       ?x86_64_idt_init_ap@@YAXXZ ffffc000000183c0 f   x86_64_idt.obj
 0001:00017560       ?x86_64_idt_reg_default_handlers@@YAXXZ ffffc00000018560 f   x86_64_idt.obj
 0001:000175b0       interrupt_dispatcher       ffffc000000185b0 f   x86_64_idt.obj
 0001:000175f0       setvect                    ffffc000000185f0 f   x86_64_idt.obj
 0001:00017630       ?AuInitialisePIC@@YAXXZ    ffffc00000018630 f   x86_64_pic.obj
 0001:00017820       ?AuPICClearMask@@YAXE@Z    ffffc00000018820 f   x86_64_pic.obj
 0001:000178a0       ?AuPICInterruptEOI@@YAXI@Z ffffc000000188a0 f   x86_64_pic.obj
 0001:000178f0       ?AuPICSetMask@@YAXE@Z      ffffc000000188f0 f   x86_64_pic.obj
 0001:00017970       ?AuPITHandler@@YAX_KPEAX@Z ffffc00000018970 f   x86_64_pic.obj
 0001:000179b0       ?AuPITOneShotMode@@YAXXZ   ffffc000000189b0 f   x86_64_pic.obj
 0001:00017a50       ?AuPITSleepMS@@YAXI@Z      ffffc00000018a50 f   x86_64_pic.obj
 0001:00017ae0       ?AuPitOneShotWait@@YAXXZ   ffffc00000018ae0 f   x86_64_pic.obj
 0001:00017b20       ?AuIdleThread@@YAX_K@Z     ffffc00000018b20 f   x86_64_sched.obj
 0001:00017b80       ?AuIsSchedulerInitialised@@YA_NXZ ffffc00000018b80 f   x86_64_sched.obj
 0001:00017bb0       ?AuKThreadCopy@@YAXPEAU_au_thread_@@0@Z ffffc00000018bb0 f   x86_64_sched.obj
 0001:00017d70       ?AuNextThread@@YAXXZ       ffffc00000018d70 f   x86_64_sched.obj
 0001:00017e60       ?AuSchedulerInitAp@@YAXXZ  ffffc00000018e60 f   x86_64_sched.obj
 0001:00017e90       ?AuSchedulerInitialise@@YAXXZ ffffc00000018e90 f   x86_64_sched.obj
 0001:00017f70       ?AuSchedulerStart@@YAXXZ   ffffc00000018f70 f   x86_64_sched.obj
 0001:00017fc0       ?AuThreadCleanTrash@@YAXPEAU_au_thread_@@@Z ffffc00000018fc0 f   x86_64_sched.obj
 0001:00017ff0       ?AuThreadDelete@@YAXPEAU_au_thread_@@@Z ffffc00000018ff0 f   x86_64_sched.obj
 0001:000180a0       ?AuThreadDeleteBlock@@YAXPEAU_au_thread_@@@Z ffffc000000190a0 f   x86_64_sched.obj
 0001:00018150       ?AuThreadDeleteTrash@@YAXPEAU_au_thread_@@@Z ffffc00000019150 f   x86_64_sched.obj
 0001:00018200       ?AuThreadInsert@@YAXPEAU_au_thread_@@@Z ffffc00000019200 f   x86_64_sched.obj
 0001:00018290       ?AuThreadInsertBlock@@YAXPEAU_au_thread_@@@Z ffffc00000019290 f   x86_64_sched.obj
 0001:00018320       ?AuThreadInsertTrash@@YAXPEAU_au_thread_@@@Z ffffc00000019320 f   x86_64_sched.obj
 0001:000183b0       ?AuThreadMoveToTrash@@YAXPEAU_au_thread_@@@Z ffffc000000193b0 f   x86_64_sched.obj
 0001:00018470       ?x8664SchedulerISR@@YAX_KPEAX@Z ffffc00000019470 f   x86_64_sched.obj
 0001:000185d0       AuBlockThread              ffffc000000195d0 f   x86_64_sched.obj
 0001:00018610       AuCreateKthread            ffffc00000019610 f   x86_64_sched.obj
 0001:00018930       AuForceScheduler           ffffc00000019930 f   x86_64_sched.obj
 0001:00018960       AuGetCurrentThread         ffffc00000019960 f   x86_64_sched.obj
 0001:00018990       AuGetSystemTimerTick       ffffc00000019990 f   x86_64_sched.obj
 0001:000189c0       AuPrintStack               ffffc000000199c0 f   x86_64_sched.obj
 0001:00018a00       AuSleepThread              ffffc00000019a00 f   x86_64_sched.obj
 0001:00018a40       AuThreadFindByID           ffffc00000019a40 f   x86_64_sched.obj
 0001:00018ab0       AuThreadFindByIDBlockList  ffffc00000019ab0 f   x86_64_sched.obj
 0001:00018b20       AuUnblockThread            ffffc00000019b20 f   x86_64_sched.obj
 0001:00018ba0       ?AuAllocateSignal@@YAXPEAU_au_thread_@@H@Z ffffc00000019ba0 f   x86_64_signal.obj
 0001:00018ca0       ?AuCheckSignal@@YA_NPEAU_au_thread_@@PEAUinterrupt_stack_frame@@@Z ffffc00000019ca0 f   x86_64_signal.obj
 0001:00018d00       ?AuGetSignal@@YAPEAU_signal_@@PEAU_au_thread_@@@Z ffffc00000019d00 f   x86_64_signal.obj
 0001:00018dc0       ?AuPrepareSignal@@YAXPEAU_au_thread_@@PEAUinterrupt_stack_frame@@PEAU_signal_@@@Z ffffc00000019dc0 f   x86_64_signal.obj
 0001:00018fb0       ?AuSendSignal@@YAXGH@Z     ffffc00000019fb0 f   x86_64_signal.obj
 0001:00019060       ?AuSignalRemoveAll@@YAXPEAU_au_thread_@@@Z ffffc0000001a060 f   x86_64_signal.obj
 0001:00019100       AuSignalDebug              ffffc0000001a100 f   x86_64_signal.obj
 0001:00019140       ?null_call@@YA_K_J00000@Z  ffffc0000001a140 f   x86_64_systable.obj
 0001:00019180       ?KePrintMsg@@YA_K_J00000@Z ffffc0000001a180 f   x86_64_systable.obj
 0001:000191d0       x64_syscall_handler        ffffc0000001a1d0 f   x86_64_systable.obj
 0001:000192a0       ?_AuMain@@YAXPEAU_KERNEL_BOOT_INFO_@@@Z ffffc0000001a2a0 f   init.obj
 0001:000193a0       ?AuIPCPostBoxInitialise@@YAXXZ ffffc0000001a3a0 f   postbox.obj
 0001:00019450       ?IsPostBoxEmpty@@YA_NPEAU_postbox_@@@Z ffffc0000001a450 f   postbox.obj
 0001:000194b0       ?IsPostBoxFull@@YA_NPEAU_postbox_@@@Z ffffc0000001a4b0 f   postbox.obj
 0001:000194e0       ?PostBoxAdvanceIndex@@YAXPEAU_postbox_@@@Z ffffc0000001a4e0 f   postbox.obj
 0001:00019580       ?PostBoxCreate@@YAX_NG@Z   ffffc0000001a580 f   postbox.obj
 0001:000196b0       ?PostBoxDestroy@@YAXPEAU_postbox_@@@Z ffffc0000001a6b0 f   postbox.obj
 0001:00019770       ?PostBoxDestroyByID@@YAXG@Z ffffc0000001a770 f   postbox.obj
 0001:000197f0       ?PostBoxGetEvent@@YAHPEAU_post_event_@@_NPEAU_au_thread_@@@Z ffffc0000001a7f0 f   postbox.obj
 0001:000198f0       ?PostBoxIOControl@@YAHPEAU__VFS_NODE__@@HPEAX@Z ffffc0000001a8f0 f   postbox.obj
 0001:00019a20       ?PostBoxPutEvent@@YAXPEAU_post_event_@@@Z ffffc0000001aa20 f   postbox.obj
 0001:00019b10       ?PostBoxRetreat@@YAXPEAU_postbox_@@@Z ffffc0000001ab10 f   postbox.obj
 0001:00019b60       initialize_list            ffffc0000001ab60 f   list.obj
 0001:00019bb0       list_add                   ffffc0000001abb0 f   list.obj
 0001:00019c70       list_get_at                ffffc0000001ac70 f   list.obj
 0001:00019d10       list_remove                ffffc0000001ad10 f   list.obj
 0001:00019e10       ?AuInitialiseLoader@@YAXXZ ffffc0000001ae10 f   loader.obj
 0001:00019e60       ?AuIsLoaderBusy@@YA_NXZ    ffffc0000001ae60 f   loader.obj
 0001:00019e90       ?AuLoadExecToProcess@@YAHPEAU_au_proc_@@PEADHPEAPEAD@Z ffffc0000001ae90 f   loader.obj
 0001:0001a680       ?AuLoaderGetMutex@@YAPEAU_mutex_@@XZ ffffc0000001b680 f   loader.obj
 0001:0001a6b0       ?AuProcessEntUser@@YAX_K@Z ffffc0000001b6b0 f   loader.obj
 0001:0001a900       ?align24@@YA_K_K@Z         ffffc0000001b900 f   kmalloc.obj
 0001:0001a960       ?au_expand_kmalloc@@YAX_K@Z ffffc0000001b960 f   kmalloc.obj
 0001:0001a990       ?au_free_page@@YAXPEAXH@Z  ffffc0000001b990 f   kmalloc.obj
 0001:0001a9d0       ?au_request_page@@YAPEAXH@Z ffffc0000001b9d0 f   kmalloc.obj
 0001:0001aa80       ?au_split_block@@YAHPEAU_meta_data_@@_K@Z ffffc0000001ba80 f   kmalloc.obj
 0001:0001aab0       ?merge_next@@YAXPEAU_meta_data_@@@Z ffffc0000001bab0 f   kmalloc.obj
 0001:0001aae0       ?merge_prev@@YAXPEAU_meta_data_@@@Z ffffc0000001bae0 f   kmalloc.obj
 0001:0001ab10       ?next_power_of_two@@YAHI@Z ffffc0000001bb10 f   kmalloc.obj
 0001:0001ab70       AuHeapInitialize           ffffc0000001bb70 f   kmalloc.obj
 0001:0001ab90       kcalloc                    ffffc0000001bb90 f   kmalloc.obj
 0001:0001abd0       kfree                      ffffc0000001bbd0 f   kmalloc.obj
 0001:0001ac00       kheap_debug                ffffc0000001bc00 f   kmalloc.obj
 0001:0001ac20       kmalloc                    ffffc0000001bc20 f   kmalloc.obj
 0001:0001ac50       kmalloc_debug_on           ffffc0000001bc50 f   kmalloc.obj
 0001:0001ac70       krealloc                   ffffc0000001bc70 f   kmalloc.obj
 0001:0001b2b0       liballoc_alloc             ffffc0000001c2b0 f   liballoc.obj
 0001:0001b390       liballoc_free              ffffc0000001c390 f   liballoc.obj
 0001:0001b3d0       liballoc_lock              ffffc0000001c3d0 f   liballoc.obj
 0001:0001b3f0       liballoc_unlock            ffffc0000001c3f0 f   liballoc.obj
 0001:0001b410       port_calloc                ffffc0000001c410 f   liballoc.obj
 0001:0001b470       port_free                  ffffc0000001c470 f   liballoc.obj
 0001:0001b600       port_malloc                ffffc0000001c600 f   liballoc.obj
 0001:0001b7d0       port_realloc               ffffc0000001c7d0 f   liballoc.obj
 0001:0001b8a0       ?AuAddSharedMmapObject@@YAXPEAU_sh_memap_object_@@@Z ffffc0000001c8a0 f   mmap.obj
 0001:0001b8e0       ?AuCreateSharedMmapObject@@YAPEAU_sh_memap_object_@@PEAD@Z ffffc0000001c8e0 f   mmap.obj
 0001:0001b960       ?AuRemoveSharedMmapObject@@YAXPEAU_sh_memap_object_@@@Z ffffc0000001c960 f   mmap.obj
 0001:0001b9f0       ?AuSharedMmapObjectFindByName@@YAPEAU_sh_memap_object_@@PEAD@Z ffffc0000001c9f0 f   mmap.obj
 0001:0001ba70       ?CreateMemMapping@@YAPEAXPEAX_KHHH1@Z ffffc0000001ca70 f   mmap.obj
 0001:0001bf00       ?MemMapDirty@@YAXPEAX_KHH@Z ffffc0000001cf00 f   mmap.obj
 0001:0001c090       ?SharedMemMapListInitialise@@YAXXZ ffffc0000001d090 f   mmap.obj
 0001:0001c0c0       ?UnmapMemMapping@@YAXPEAX_K@Z ffffc0000001d0c0 f   mmap.obj
 0001:0001c230       ??ABitmap@@QEAA_N_K@Z      ffffc0000001d230 f i pmmngr.obj
 0001:0001c2d0       ?AuPmmngrGetFreeMem@@YA_KXZ ffffc0000001d2d0 f   pmmngr.obj
 0001:0001c300       ?AuPmmngrGetTotalMem@@YA_KXZ ffffc0000001d300 f   pmmngr.obj
 0001:0001c330       ?AuPmmngrInitBitmap@@YAX_KPEAX@Z ffffc0000001d330 f   pmmngr.obj
 0001:0001c3a0       ?AuPmmngrInitialize@@YAXPEAU_KERNEL_BOOT_INFO_@@@Z ffffc0000001d3a0 f   pmmngr.obj
 0001:0001c650       ?AuPmmngrLockPage@@YAX_K@Z ffffc0000001d650 f   pmmngr.obj
 0001:0001c6e0       ?AuPmmngrLockPages@@YAXPEAX_K@Z ffffc0000001d6e0 f   pmmngr.obj
 0001:0001c750       ?AuPmmngrMoveHigher@@YAXXZ ffffc0000001d750 f   pmmngr.obj
 0001:0001c790       ?AuPmmngrUnreservePage@@YAXPEAX@Z ffffc0000001d790 f   pmmngr.obj
 0001:0001c830       ?Set@Bitmap@@QEAA_N_K_N@Z  ffffc0000001d830 f i pmmngr.obj
 0001:0001c910       AuPmmngrAlloc              ffffc0000001d910 f   pmmngr.obj
 0001:0001c9c0       AuPmmngrAllocBlocks        ffffc0000001d9c0 f   pmmngr.obj
 0001:0001ca10       AuPmmngrFree               ffffc0000001da10 f   pmmngr.obj
 0001:0001cab0       AuPmmngrFreeBlocks         ffffc0000001dab0 f   pmmngr.obj
 0001:0001cb10       P2V                        ffffc0000001db10 f   pmmngr.obj
 0001:0001cb60       V2P                        ffffc0000001db60 f   pmmngr.obj
 0001:0001cbb0       ?AuCreateSHM@@YAHPEAU_au_proc_@@G_KE@Z ffffc0000001dbb0 f   shm.obj
 0001:0001cd50       ?AuGetSHMByID@@YAPEAU_shm_@@G@Z ffffc0000001dd50 f   shm.obj
 0001:0001cdc0       ?AuGetSHMSeg@@YAPEAU_shm_@@G@Z ffffc0000001ddc0 f   shm.obj
 0001:0001ce30       ?AuInitialiseSHMMan@@YAXXZ ffffc0000001de30 f   shm.obj
 0001:0001ce80       ?AuSHMDelete@@YAXPEAU_shm_@@@Z ffffc0000001de80 f   shm.obj
 0001:0001cf80       ?AuSHMGetID@@YAGXZ         ffffc0000001df80 f   shm.obj
 0001:0001cfc0       ?AuSHMObtainMem@@YAPEAXPEAU_au_proc_@@GPEAXH@Z ffffc0000001dfc0 f   shm.obj
 0001:0001d3b0       ?AuSHMProcBreak@@YA_KPEAU_au_proc_@@_K@Z ffffc0000001e3b0 f   shm.obj
 0001:0001d410       ?AuSHMProcOrderList@@YAXPEAU_au_proc_@@@Z ffffc0000001e410 f   shm.obj
 0001:0001d520       ?AuSHMProcSwap@@YAXPEAU_data_@@0@Z ffffc0000001e520 f   shm.obj
 0001:0001d570       ?AuSHMUnmap@@YAXGPEAU_au_proc_@@@Z ffffc0000001e570 f   shm.obj
 0001:0001d760       ?AuSHMUnmapAll@@YAXPEAU_au_proc_@@@Z ffffc0000001e760 f   shm.obj
 0001:0001d8d0       ?AuInsertVMArea@@YAXPEAU_au_proc_@@PEAU_vm_area_@@@Z ffffc0000001e8d0 f   vmarea.obj
 0001:0001d910       ?AuRemoveVMArea@@YAXPEAU_au_proc_@@PEAU_vm_area_@@@Z ffffc0000001e910 f   vmarea.obj
 0001:0001d9a0       ?AuVMAreaCreate@@YAPEAU_vm_area_@@_K0E0E@Z ffffc0000001e9a0 f   vmarea.obj
 0001:0001da40       ?AuVMAreaGet@@YAPEAU_vm_area_@@PEAU_au_proc_@@_K@Z ffffc0000001ea40 f   vmarea.obj
 0001:0001dad0       ?AuVmmngrBootFree@@YAXXZ   ffffc0000001ead0 f   vmmngr.obj
 0001:0001db30       ?AuVmmngrCloneAddressSpace@@YAXPEA_K0@Z ffffc0000001eb30 f   vmmngr.obj
 0001:0001ddf0       ?AuVmmngrInitialize@@YAXXZ ffffc0000001edf0 f   vmmngr.obj
 0001:0001de20       ?Au_x86_64_Paging_Init@@YAXXZ ffffc0000001ee20 f   vmmngr.obj
 0001:0001dfa0       ?x86_64_p_index@@YA_K_K@Z  ffffc0000001efa0 f   vmmngr.obj
 0001:0001dfd0       ?x86_64_pd_index@@YA_K_K@Z ffffc0000001efd0 f   vmmngr.obj
 0001:0001e000       ?x86_64_pdp_index@@YA_K_K@Z ffffc0000001f000 f   vmmngr.obj
 0001:0001e030       ?x86_64_pml4_index@@YA_K_K@Z ffffc0000001f030 f   vmmngr.obj
 0001:0001e060       ?x86_64_pt_index@@YA_K_K@Z ffffc0000001f060 f   vmmngr.obj
 0001:0001e090       AuCreateVirtualAddressSpace ffffc0000001f090 f   vmmngr.obj
 0001:0001e150       AuFreePages                ffffc0000001f150 f   vmmngr.obj
 0001:0001e2f0       AuGetFreePage              ffffc0000001f2f0 f   vmmngr.obj
 0001:0001e490       AuGetPhysicalAddress       ffffc0000001f490 f   vmmngr.obj
 0001:0001e580       AuGetPhysicalAddressEx     ffffc0000001f580 f   vmmngr.obj
 0001:0001e660       AuGetRootPageTable         ffffc0000001f660 f   vmmngr.obj
 0001:0001e690       AuMapMMIO                  ffffc0000001f690 f   vmmngr.obj
 0001:0001e740       AuMapPage                  ffffc0000001f740 f   vmmngr.obj
 0001:0001e9a0       AuMapPageEx                ffffc0000001f9a0 f   vmmngr.obj
 0001:0001ec00       AuVmmngrGetPage            ffffc0000001fc00 f   vmmngr.obj
 0001:0001eed0       AuARPRequestMAC            ffffc0000001fed0 f   arp.obj
 0001:0001eff0       ?AuInitialiseNet@@YAXXZ    ffffc0000001fff0 f   aunet.obj
 0001:0001f050       ?AuNetworkRoute@@YAPEAU__VFS_NODE__@@I@Z ffffc00000020050 f   aunet.obj
 0001:0001f080       AuAddNetAdapter            ffffc00000020080 f   aunet.obj
 0001:0001f0e0       AuGetNetworkAdapter        ffffc000000200e0 f   aunet.obj
 0001:0001f120       ?AuEthernetSend@@YAXPEAU__VFS_NODE__@@PEAX_KGPEAE@Z ffffc00000020120 f   ethernet.obj
 0001:0001f250       AuEthernetHandle           ffffc00000020250 f   ethernet.obj
 0001:0001f320       ??$mem_after@PEAUacpiMcfgAlloc@@UacpiMcfg@@@@YAPEAUacpiMcfgAlloc@@PEAUacpiMcfg@@@Z ffffc00000020320 f i pcie.obj
 0001:0001f360       ??$raw_offset@PECE_K@@YAPECE_KH@Z ffffc00000020360 f i pcie.obj
 0001:0001f3a0       ??$raw_offset@PECG_K@@YAPECG_KH@Z ffffc000000203a0 f i pcie.obj
 0001:0001f3e0       ??$raw_offset@PECI_K@@YAPECI_KH@Z ffffc000000203e0 f i pcie.obj
 0001:0001f420       ?AuPCIEGetDevice@@YA_KGHHH@Z ffffc00000020420 f   pcie.obj
 0001:0001f510       AuPCIEAllocMSI             ffffc00000020510 f   pcie.obj
 0001:0001f8f0       AuPCIERead                 ffffc000000208f0 f   pcie.obj
 0001:0001fc00       AuPCIERead64               ffffc00000020c00 f   pcie.obj
 0001:0001fd60       AuPCIEScanClass            ffffc00000020d60 f   pcie.obj
 0001:0001ff20       AuPCIEScanClassIF          ffffc00000020f20 f   pcie.obj
 0001:00020100       AuPCIEWrite                ffffc00000021100 f   pcie.obj
 0001:000203e0       AuPCIEWrite64              ffffc000000213e0 f   pcie.obj
 0001:00020510       ??$raw_diff@U_IMAGE_RELOCATION_BLOCK_@@U1@@@YAHPEAU_IMAGE_RELOCATION_BLOCK_@@0@Z ffffc00000021510 f i pe.obj
 0001:00020540       ??$raw_offset@PEADPEAX@@YAPEADPEAXH@Z ffffc00000021540 f i pe.obj
 0001:00020580       ??$raw_offset@PEAGPEAX@@YAPEAGPEAXH@Z ffffc00000021580 f i pe.obj
 0001:000205c0       ??$raw_offset@PEAIPEAX@@YAPEAIPEAXH@Z ffffc000000215c0 f i pe.obj
 0001:00020600       ??$raw_offset@PEAU_IMAGE_EXPORT_DIRECTORY@@PEAX@@YAPEAU_IMAGE_EXPORT_DIRECTORY@@PEAXH@Z ffffc00000021600 f i pe.obj
 0001:00020640       ??$raw_offset@PEAU_IMAGE_IMPORT_DIRECTORY@@PEAE@@YAPEAU_IMAGE_IMPORT_DIRECTORY@@PEAEH@Z ffffc00000021640 f i pe.obj
 0001:00020680       ??$raw_offset@PEAU_IMAGE_IMPORT_HINT_TABLE@@PEAE@@YAPEAU_IMAGE_IMPORT_HINT_TABLE@@PEAEH@Z ffffc00000021680 f i pe.obj
 0001:000206c0       ??$raw_offset@PEAU_IMAGE_IMPORT_HINT_TABLE@@PEAX@@YAPEAU_IMAGE_IMPORT_HINT_TABLE@@PEAXH@Z ffffc000000216c0 f i pe.obj
 0001:00020700       ??$raw_offset@PEAU_IMAGE_RELOCATION_BLOCK_@@PEAU1@@@YAPEAU_IMAGE_RELOCATION_BLOCK_@@PEAU0@H@Z ffffc00000021700 f i pe.obj
 0001:00020740       ??$raw_offset@PEAU_IMAGE_RELOCATION_BLOCK_@@PEAX@@YAPEAU_IMAGE_RELOCATION_BLOCK_@@PEAXH@Z ffffc00000021740 f i pe.obj
 0001:00020780       ??$raw_offset@PEAXPEAX@@YAPEAXPEAXH@Z ffffc00000021780 f i pe.obj
[...]
 0006:00000300       rgszName                   ffffc00000036300     Kernel.exp
 0006:000005d8       rgwOrd                     ffffc000000365d8     Kernel.exp
 0006:00000744       szName                     ffffc00000036744     Kernel.exp
 0006:0000074f       $N00001                    ffffc0000003674f     Kernel.exp
 0006:00000767       $N00002                    ffffc00000036767     Kernel.exp
 0006:00000779       $N00003                    ffffc00000036779     Kernel.exp
 0006:0000078c       $N00004                    ffffc0000003678c     Kernel.exp
 0006:0000079b       $N00005                    ffffc0000003679b     Kernel.exp
 0006:000007ac       $N00006                    ffffc000000367ac     Kernel.exp
 0006:000007be       $N00007                    ffffc000000367be     Kernel.exp
 0006:000007d4       $N00008                    ffffc000000367d4     Kernel.exp
 0006:000007e5       $N00009                    ffffc000000367e5     Kernel.exp
 0006:000007f7       $N00010                    ffffc000000367f7     Kernel.exp
 0006:0000080d       $N00011                    ffffc0000003680d     Kernel.exp
 0006:0000081e       $N00012                    ffffc0000003681e     Kernel.exp
 0006:0000082c       $N00013                    ffffc0000003682c     Kernel.exp
 0006:00000837       $N00014                    ffffc00000036837     Kernel.exp
 0006:00000850       $N00015                    ffffc00000036850     Kernel.exp
 0006:00000865       $N00016                    ffffc00000036865     Kernel.exp
 0006:00000877       $N00017                    ffffc00000036877     Kernel.exp
 0006:00000886       $N00018                    ffffc00000036886     Kernel.exp
 0006:00000897       $N00019                    ffffc00000036897     Kernel.exp
 0006:000008b5       $N00020                    ffffc000000368b5     Kernel.exp
 0006:000008c5       $N00021                    ffffc000000368c5     Kernel.exp
 0006:000008e1       $N00022                    ffffc000000368e1     Kernel.exp
 0006:000008fa       $N00023                    ffffc000000368fa     Kernel.exp
 0006:00000907       $N00024                    ffffc00000036907     Kernel.exp
 0006:00000918       $N00025                    ffffc00000036918     Kernel.exp
 0006:00000933       $N00026                    ffffc00000036933     Kernel.exp
 0006:00000942       $N00027                    ffffc00000036942     Kernel.exp
 0006:00000951       $N00028                    ffffc00000036951     Kernel.exp
 0006:00000969       $N00029                    ffffc00000036969     Kernel.exp
 0006:0000097b       $N00030                    ffffc0000003697b     Kernel.exp
 0006:0000098e       $N00031                    ffffc0000003698e     Kernel.exp
 0006:000009ab       $N00032                    ffffc000000369ab     Kernel.exp
 0006:000009b8       $N00033                    ffffc000000369b8     Kernel.exp
 0006:000009ce       $N00034                    ffffc000000369ce     Kernel.exp
 0006:000009da       $N00035                    ffffc000000369da     Kernel.exp
 0006:000009e6       $N00036                    ffffc000000369e6     Kernel.exp
 0006:000009fa       $N00037                    ffffc000000369fa     Kernel.exp
 0006:00000a0a       $N00038                    ffffc00000036a0a     Kernel.exp
 0006:00000a1c       $N00039                    ffffc00000036a1c     Kernel.exp
 0006:00000a2a       $N00040                    ffffc00000036a2a     Kernel.exp
 0006:00000a43       $N00041                    ffffc00000036a43     Kernel.exp
 0006:00000a57       $N00042                    ffffc00000036a57     Kernel.exp
 0006:00000a66       $N00043                    ffffc00000036a66     Kernel.exp
 0006:00000a78       $N00044                    ffffc00000036a78     Kernel.exp
 0006:00000a94       $N00045                    ffffc00000036a94     Kernel.exp
 0006:00000aa4       $N00046                    ffffc00000036aa4     Kernel.exp
 0006:00000ab4       $N00047                    ffffc00000036ab4     Kernel.exp
 0006:00000ac3       $N00048                    ffffc00000036ac3     Kernel.exp
 0006:00000ad5       $N00049                    ffffc00000036ad5     Kernel.exp
 0006:00000ae5       $N00050                    ffffc00000036ae5     Kernel.exp
 0006:00000af3       $N00051                    ffffc00000036af3     Kernel.exp
 0006:00000b01       $N00052                    ffffc00000036b01     Kernel.exp
 0006:00000b11       $N00053                    ffffc00000036b11     Kernel.exp
 0006:00000b1f       $N00054                    ffffc00000036b1f     Kernel.exp
 0006:00000b30       $N00055                    ffffc00000036b30     Kernel.exp
 0006:00000b3e       $N00056                    ffffc00000036b3e     Kernel.exp
 0006:00000b5a       $N00057                    ffffc00000036b5a     Kernel.exp
 0006:00000b68       $N00058                    ffffc00000036b68     Kernel.exp
 0006:00000b79       $N00059                    ffffc00000036b79     Kernel.exp
 0006:00000b88       $N00060                    ffffc00000036b88     Kernel.exp
 0006:00000b9a       $N00061                    ffffc00000036b9a     Kernel.exp
 0006:00000ba9       $N00062                    ffffc00000036ba9     Kernel.exp
 0006:00000bb7       $N00063                    ffffc00000036bb7     Kernel.exp
 0006:00000bc7       $N00064                    ffffc00000036bc7     Kernel.exp
 0006:00000bd6       $N00065                    ffffc00000036bd6     Kernel.exp
 0006:00000be9       $N00066                    ffffc00000036be9     Kernel.exp
 0006:00000bfb       $N00067                    ffffc00000036bfb     Kernel.exp
 0006:00000c0c       $N00068                    ffffc00000036c0c     Kernel.exp
 0006:00000c1d       $N00069                    ffffc00000036c1d     Kernel.exp
 0006:00000c29       $N00070                    ffffc00000036c29     Kernel.exp
 0006:00000c36       $N00071                    ffffc00000036c36     Kernel.exp
 0006:00000c49       $N00072                    ffffc00000036c49     Kernel.exp
 0006:00000c5a       $N00073                    ffffc00000036c5a     Kernel.exp
 0006:00000c68       $N00074                    ffffc00000036c68     Kernel.exp
 0006:00000c7c       $N00075                    ffffc00000036c7c     Kernel.exp
 0006:00000c91       $N00076                    ffffc00000036c91     Kernel.exp
 0006:00000ca8       $N00077                    ffffc00000036ca8     Kernel.exp
 0006:00000cbb       $N00078                    ffffc00000036cbb     Kernel.exp
 0006:00000cd0       $N00079                    ffffc00000036cd0     Kernel.exp
 0006:00000ce2       $N00080                    ffffc00000036ce2     Kernel.exp
 0006:00000cf2       $N00081                    ffffc00000036cf2     Kernel.exp
 0006:00000cff       $N00082                    ffffc00000036cff     Kernel.exp
 0006:00000d10       $N00083                    ffffc00000036d10     Kernel.exp
 0006:00000d20       $N00084                    ffffc00000036d20     Kernel.exp
 0006:00000d33       $N00085                    ffffc00000036d33     Kernel.exp
 0006:00000d41       $N00086                    ffffc00000036d41     Kernel.exp
 0006:00000d4e       $N00087                    ffffc00000036d4e     Kernel.exp
 0006:00000d5b       $N00088                    ffffc00000036d5b     Kernel.exp
 0006:00000d6c       $N00089                    ffffc00000036d6c     Kernel.exp
 0006:00000d7c       $N00090                    ffffc00000036d7c     Kernel.exp
 0006:00000d89       $N00091                    ffffc00000036d89     Kernel.exp
 0006:00000d98       $N00092                    ffffc00000036d98     Kernel.exp
 0006:00000da2       $N00093                    ffffc00000036da2     Kernel.exp
 0006:00000dac       $N00094                    ffffc00000036dac     Kernel.exp
 0006:00000db8       $N00095                    ffffc00000036db8     Kernel.exp
 0006:00000dc7       $N00096                    ffffc00000036dc7     Kernel.exp
 0006:00000dd2       $N00097                    ffffc00000036dd2     Kernel.exp
 0006:00000ddf       $N00098                    ffffc00000036ddf     Kernel.exp
 0006:00000def       $N00099                    ffffc00000036def     Kernel.exp
 0006:00000e01       $N00100                    ffffc00000036e01     Kernel.exp
 0006:00000e0d       $N00101                    ffffc00000036e0d     Kernel.exp
 0006:00000e1b       $N00102                    ffffc00000036e1b     Kernel.exp
 0006:00000e2d       $N00103                    ffffc00000036e2d     Kernel.exp
 0006:00000e3b       $N00104                    ffffc00000036e3b     Kernel.exp
 0006:00000e4f       $N00105                    ffffc00000036e4f     Kernel.exp
 0006:00000e5c       $N00106                    ffffc00000036e5c     Kernel.exp
 0006:00000e6f       $N00107                    ffffc00000036e6f     Kernel.exp
 0006:00000e7f       $N00108                    ffffc00000036e7f     Kernel.exp
 0006:00000e8b       $N00109                    ffffc00000036e8b     Kernel.exp
 0006:00000e98       $N00110                    ffffc00000036e98     Kernel.exp
 0006:00000ea8       $N00111                    ffffc00000036ea8     Kernel.exp
 0006:00000eb6       $N00112                    ffffc00000036eb6     Kernel.exp
 0006:00000ec5       $N00113                    ffffc00000036ec5     Kernel.exp
 0006:00000ed2       $N00114                    ffffc00000036ed2     Kernel.exp
 0006:00000ee3       $N00115                    ffffc00000036ee3     Kernel.exp
 0006:00000ef2       $N00116                    ffffc00000036ef2     Kernel.exp
 0006:00000f04       $N00117                    ffffc00000036f04     Kernel.exp
 0006:00000f12       $N00118                    ffffc00000036f12     Kernel.exp
 0006:00000f22       $N00119                    ffffc00000036f22     Kernel.exp
 0006:00000f33       $N00120                    ffffc00000036f33     Kernel.exp
 0006:00000f42       $N00121                    ffffc00000036f42     Kernel.exp
 0006:00000f50       $N00122                    ffffc00000036f50     Kernel.exp
 0006:00000f5b       $N00123                    ffffc00000036f5b     Kernel.exp
 0006:00000f67       $N00124                    ffffc00000036f67     Kernel.exp
 0006:00000f71       $N00125                    ffffc00000036f71     Kernel.exp
 0006:00000f82       $N00126                    ffffc00000036f82     Kernel.exp
 0006:00000f9c       $N00127                    ffffc00000036f9c     Kernel.exp
 0006:00000fac       $N00128                    ffffc00000036fac     Kernel.exp
 0006:00000fbb       $N00129                    ffffc00000036fbb     Kernel.exp
 0006:00000fcb       $N00130                    ffffc00000036fcb     Kernel.exp
 0006:00000fd7       $N00131                    ffffc00000036fd7     Kernel.exp
 0006:00000fe7       $N00132                    ffffc00000036fe7     Kernel.exp
 0006:00000ff4       $N00133                    ffffc00000036ff4     Kernel.exp
 0006:00001007       $N00134                    ffffc00000037007     Kernel.exp
 0006:00001016       $N00135                    ffffc00000037016     Kernel.exp
 0006:00001026       $N00136                    ffffc00000037026     Kernel.exp
 0006:00001030       $N00137                    ffffc00000037030     Kernel.exp
 0006:00001041       $N00138                    ffffc00000037041     Kernel.exp
 0006:00001050       $N00139                    ffffc00000037050     Kernel.exp
 0006:00001063       $N00140                    ffffc00000037063     Kernel.exp
 0006:00001071       $N00141                    ffffc00000037071     Kernel.exp
 0006:00001084       $N00142                    ffffc00000037084     Kernel.exp
 0006:00001093       $N00143                    ffffc00000037093     Kernel.exp
 0006:0000109d       $N00144                    ffffc0000003709d     Kernel.exp
 0006:000010af       $N00145                    ffffc000000370af     Kernel.exp
 0006:000010c5       $N00146                    ffffc000000370c5     Kernel.exp
 0006:000010d5       $N00147                    ffffc000000370d5     Kernel.exp
 0006:000010d9       $N00148                    ffffc000000370d9     Kernel.exp
 0006:000010e3       $N00149                    ffffc000000370e3     Kernel.exp
 0006:000010e7       $N00150                    ffffc000000370e7     Kernel.exp
 0006:000010f7       $N00151                    ffffc000000370f7     Kernel.exp
 0006:000010ff       $N00152                    ffffc000000370ff     Kernel.exp
 0006:00001107       $N00153                    ffffc00000037107     Kernel.exp
 0006:0000110f       $N00154                    ffffc0000003710f     Kernel.exp
 0006:00001117       $N00155                    ffffc00000037117     Kernel.exp
 0006:0000111f       $N00156                    ffffc0000003711f     Kernel.exp
 0006:00001127       $N00157                    ffffc00000037127     Kernel.exp
 0006:0000112f       $N00158                    ffffc0000003712f     Kernel.exp
 0006:00001138       $N00159                    ffffc00000037138     Kernel.exp
 0006:00001140       $N00160                    ffffc00000037140     Kernel.exp
 0006:00001146       $N00161                    ffffc00000037146     Kernel.exp
 0006:0000114e       $N00162                    ffffc0000003714e     Kernel.exp
 0006:00001157       $N00163                    ffffc00000037157     Kernel.exp
 0006:00001160       $N00164                    ffffc00000037160     Kernel.exp
 0006:0000116c       $N00165                    ffffc0000003716c     Kernel.exp
 0006:00001178       $N00166                    ffffc00000037178     Kernel.exp
 0006:0000117f       $N00167                    ffffc0000003717f     Kernel.exp
 0006:00001186       $N00168                    ffffc00000037186     Kernel.exp
 0006:0000118d       $N00169                    ffffc0000003718d     Kernel.exp
 0006:00001194       $N00170                    ffffc00000037194     Kernel.exp
 0006:0000119c       $N00171                    ffffc0000003719c     Kernel.exp
 0006:000011a3       $N00172                    ffffc000000371a3     Kernel.exp
 0006:000011aa       $N00173                    ffffc000000371aa     Kernel.exp
 0006:000011b1       $N00174                    ffffc000000371b1     Kernel.exp
 0006:000011b8       $N00175                    ffffc000000371b8     Kernel.exp
 0006:000011bf       $N00176                    ffffc000000371bf     Kernel.exp
 0006:000011c6       $N00177                    ffffc000000371c6     Kernel.exp
 0006:000011ce       $N00178                    ffffc000000371ce     Kernel.exp
 0006:000011d6       $N00179                    ffffc000000371d6     Kernel.exp
 0006:000011de       $N00180                    ffffc000000371de     Kernel.exp
 0006:000011e6       $N00181                    ffffc000000371e6     Kernel.exp
 0006:000011ee       $N00182                    ffffc000000371ee     Kernel.exp

 Exports

  ordinal    name

        1    AcpiOsAcquireGlobalLock
        2    AcpiOsAcquireLock
        3    AcpiOsAcquireMutex
        4    AcpiOsAllocate
        5    AcpiOsCreateLock
        6    AcpiOsCreateMutex
        7    AcpiOsCreateSemaphore
        8    AcpiOsDeleteLock
        9    AcpiOsDeleteMutex
       10    AcpiOsDeleteSemaphore
       11    AcpiOsEnterSleep
       12    AcpiOsExecute
       13    AcpiOsFree
       14    AcpiOsGetPhysicalAddress
       15    AcpiOsGetRootPointer
       16    AcpiOsGetThreadId
       17    AcpiOsGetTimer
       18    AcpiOsInitialize
       19    AcpiOsInstallInterruptHandler
       20    AcpiOsMapMemory
       21    AcpiOsPhysicalTableOverride
       22    AcpiOsPredefinedOverride
       23    AcpiOsPrintf
       24    AcpiOsReadMemory
       25    AcpiOsReadPciConfiguration
       26    AcpiOsReadPort
       27    AcpiOsReadable
       28    AcpiOsReleaseGlobalLock
       29    AcpiOsReleaseLock
       30    AcpiOsReleaseMutex
       31    AcpiOsRemoveInterruptHandler
       32    AcpiOsSignal
       33    AcpiOsSignalSemaphore
       34    AcpiOsSleep
       35    AcpiOsStall
       36    AcpiOsTableOverride
       37    AcpiOsTerminate
       38    AcpiOsUnmapMemory
       39    AcpiOsVprintf
       40    AcpiOsWaitEventsComplete
       41    AcpiOsWaitSemaphore
       42    AcpiOsWritable
       43    AcpiOsWriteMemory
       44    AcpiOsWritePciConfiguration
       45    AcpiOsWritePort
       46    AuARPRequestMAC
       47    AuAcquireMutex
       48    AuAcquireSpinlock
       49    AuAddNetAdapter
       50    AuBlockThread
       51    AuCheckDevice
       52    AuCreateKthread
       53    AuCreateMutex
       54    AuCreateSpinlock
       55    AuCreateVDisk
       56    AuCreateVirtualAddressSpace
       57    AuDeleteMutex
       58    AuDeleteSpinlock
       59    AuDevFSAddFile
       60    AuDevFSRemoveFile
       61    AuDevReadKybrd
       62    AuDevReadMice
       63    AuDevWriteKybrd
       64    AuDevWriteMice
       65    AuDisableInterrupt
       66    AuEnableInterrupt
       67    AuEthernetHandle
       68    AuForceScheduler
       69    AuFreePages
       70    AuGUIDVerify
       71    AuGetCurrentThread
       72    AuGetCurrentTime
       73    AuGetFreePage
       74    AuGetNetworkAdapter
       75    AuGetPhysicalAddress
       76    AuGetPhysicalAddressEx
       77    AuGetRootPageTable
       78    AuGetSystemTimerTick
       79    AuGetTimeOfTheDay
       80    AuHalFlushCache
       81    AuHalMaskIRQ
       82    AuHalRegisterIRQ
       83    AuHashmapCreate
       84    AuHashmapCreateInt
       85    AuHashmapFree
       86    AuHashmapGet
       87    AuHashmapHas
       88    AuHashmapIsEmpty
       89    AuHashmapRemove
       90    AuHashmapSet
       91    AuInterruptEnd
       92    AuMapMMIO
       93    AuMapPage
       94    AuMapPageEx
       95    AuPCIEAllocMSI
       96    AuPCIERead
       97    AuPCIERead64
       98    AuPCIEScanClass
       99    AuPCIEScanClassIF
      100    AuPCIEWrite
      101    AuPCIEWrite64
      102    AuPS2DisableMouse
      103    AuPmmngrAlloc
      104    AuPmmngrAllocBlocks
      105    AuPmmngrFree
      106    AuPmmngrFreeBlocks
      107    AuRTCGetCentury
      108    AuRTCGetDay
      109    AuRTCGetHour
      110    AuRTCGetMinutes
      111    AuRTCGetMonth
      112    AuRTCGetSecond
      113    AuRTCGetYear
      114    AuRegisterDevice
      115    AuReleaseMutex
      116    AuReleaseSpinlock
      117    AuSleepThread
      118    AuSoundGetBlock
      119    AuSoundRemoveDSP
      120    AuSoundSetCard
      121    AuStackCreate
      122    AuStackPop
      123    AuStackPush
      124    AuTextOut
      125    AuThreadFindByID
      126    AuThreadFindByIDBlockList
      127    AuUnblockThread
      128    AuVDiskDestroy
      129    AuVDiskGetIndex
      130    AuVDiskRead
      131    AuVDiskRegister
      132    AuVDiskWrite
      133    AuVFSAddFileSystem
      134    AuVFSCreateDir
      135    AuVFSCreateFile
      136    AuVFSFind
      137    AuVFSGetBlockFor
      138    AuVFSNodeClose
      139    AuVFSNodeIOControl
      140    AuVFSNodeRead
      141    AuVFSNodeReadBlock
      142    AuVFSNodeWrite
      143    AuVFSOpen
      144    AuVFSRegisterRoot
      145    AuVFSRemoveFileSystem
      146    AuVmmngrGetPage
      147    P2V
      148    SeTextOut
      149    V2P
      150    initialize_list
      151    isalpha
      152    isascii
      153    isdigit
      154    islower
      155    isprint
      156    isspace
      157    isupper
      158    isxdigit
      159    kcalloc
      160    kfree
      161    kmalloc
      162    krealloc
      163    list_add
      164    list_get_at
      165    list_remove
      166    memcmp
      167    memcpy
      168    memset
      169    printf
      170    setvect
      171    strcat
      172    strchr
      173    strcmp
      174    strcpy
      175    strdup
      176    strlen
      177    strncat
      178    strncmp
      179    strncpy
      180    toascii
      181    tolower
      182    toupper
