 chlkha

 Timestamp is 6682eee2 (Mon Jul  1 23:31:06 2024)

 Preferred load address is 0000000000600000

 Start         Length     Name                   Class
 0001:00000000 00000020H .text                   CODE
 0001:00000020 0000d90cH .text$mn                CODE
 0002:00000000 00000150H .idata$5                DATA
 0002:00000150 000004f8H .rdata                  DATA
 0002:00000648 00000020H .rdata$voltmd           DATA
 0002:00000668 00000130H .rdata$zzzdbg           DATA
 0002:00000798 00000858H .xdata                  DATA
 0003:00000000 00000160H .data                   DATA
 0003:00000160 00000030H .bss                    DATA
 0004:00000000 00000858H .pdata                  DATA
 0005:00000000 0000001bH .msvcjmc                DATA
 0006:00000000 00000db0H .edata                  DATA
 0007:00000000 00000028H .idata$2                DATA
 0007:00000028 00000018H .idata$3                DATA
 0007:00000040 00000150H .idata$4                DATA
 0007:00000190 00000258H .idata$6                DATA

  Address         Publics by Value              Rva+Base               Lib:Object

 0000:00000000       __hybrid_code_map          0000000000000000     <absolute>
 0000:00000000       __arm64x_redirection_metadata 0000000000000000     <absolute>
 0000:00000000       __guard_check_icall_a64n_fptr 0000000000000000     <absolute>
 0000:00000000       __dynamic_value_reloc_table 0000000000000000     <absolute>
 0000:00000000       __arm64x_extra_rfe_table   0000000000000000     <absolute>
 0000:00000000       __guard_fids_count         0000000000000000     <absolute>
 0000:00000000       __arm64x_extra_rfe_table_size 0000000000000000     <absolute>
 0000:00000000       __hybrid_auxiliary_iat     0000000000000000     <absolute>
 0000:00000000       __guard_fids_table         0000000000000000     <absolute>
 0000:00000000       __guard_longjmp_count      0000000000000000     <absolute>
 0000:00000000       __AbsoluteZero             0000000000000000     <absolute>
 0000:00000000       __x64_code_ranges_to_entry_points 0000000000000000     <absolute>
 0000:00000000       __guard_longjmp_table      0000000000000000     <absolute>
 0000:00000000       __hybrid_auxiliary_iat_copy 0000000000000000     <absolute>
 0000:00000000       __hybrid_code_map_count    0000000000000000     <absolute>
 0000:00000000       __guard_iat_count          0000000000000000     <absolute>
 0000:00000000       ___safe_se_handler_count   0000000000000000     <absolute>
 0000:00000000       __arm64x_native_entrypoint 0000000000000000     <absolute>
 0000:00000000       __guard_eh_cont_table      0000000000000000     <absolute>
 0000:00000000       __x64_code_ranges_to_entry_points_count 0000000000000000     <absolute>
 0000:00000000       __enclave_config           0000000000000000     <absolute>
 0000:00000000       __arm64x_redirection_metadata_count 0000000000000000     <absolute>
 0000:00000000       __guard_eh_cont_count      0000000000000000     <absolute>
 0000:00000000       ___safe_se_handler_table   0000000000000000     <absolute>
 0000:00000000       __guard_iat_table          0000000000000000     <absolute>
 0000:00000100       __guard_flags              0000000000000100     <absolute>
 0000:00000000       __ImageBase                0000000000600000     <linker-defined>
 0001:00000000       _fastcpy                   0000000000600400     _fastcpy.obj
 0001:00000020       DeodhaiAudioCloseConnection 0000000000600420 f   audio.obj
 0001:00000080       DeodhaiAudioOpenConnection 0000000000600480 f   audio.obj
 0001:000002e0       DeodhaiAudioWrite          00000000006006e0 f   audio.obj
 0001:00000330       __CheckForDebuggerJustMyCode 0000000000600730 f i audio.obj
 0001:00000330       __JustMyCode_Default       0000000000600730 f i audio.obj
 0001:00000340       ChBoxBlur                  0000000000600740 f   boxblur.obj
 0001:00000590       ChAllocateBuffer           0000000000600990 f   chitralekha.obj
 0001:00000660       ChCanvasFill               0000000000600a60 f   chitralekha.obj
 0001:000006e0       ChCanvasScreenUpdate       0000000000600ae0 f   chitralekha.obj
 0001:000008a0       ChCreateCanvas             0000000000600ca0 f   chitralekha.obj
 0001:00000a20       ChDeAllocateBuffer         0000000000600e20 f   chitralekha.obj
 0001:00000a70       ChDrawPixel                0000000000600e70 f   chitralekha.obj
 0001:00000b10       ChGetPixel                 0000000000600f10 f   chitralekha.obj
 0001:00000ba0       ChGetScreenAspectRatio     0000000000600fa0 f   chitralekha.obj
 0001:00000be0       ChGetScreenDPI             0000000000600fe0 f   chitralekha.obj
 0001:00000c60       ChGetScreenDiagonal        0000000000601060 f   chitralekha.obj
 0001:00000cc0       ChPrintLibName             00000000006010c0 f   chitralekha.obj
 0001:00000cf0       ChColorAlphaBlend          00000000006010f0 f   color.obj
 0001:00000e10       ChColorAlphaBlend2         0000000000601210 f   color.obj
 0001:00000ee0       ChColorDrawHorizontalGradient 00000000006012e0 f   color.obj
 0001:00001100       ChColorDrawVerticalGradient 0000000000601500 f   color.obj
 0001:00001320       clamp                      0000000000601720 f   color.obj
 0001:000013d0       make_col                   00000000006017d0 f   color.obj
 0001:000014e0       make_col_a                 00000000006018e0 f   color.obj
 0001:00001640       ?ChDrawBoxBlur@@YAXPEAU_ChCanvas_@@PEAI1HHHH@Z 0000000000601a40 f   draw.obj
 0001:00001890       ChDrawCircleUnfilled       0000000000601c90 f   draw.obj
 0001:00001b40       ChDrawFilledCircle         0000000000601f40 f   draw.obj
 0001:00001d20       ChDrawHorizontalLine       0000000000602120 f   draw.obj
 0001:00001d80       ChDrawLine                 0000000000602180 f   draw.obj
 0001:00001f80       ChDrawRect                 0000000000602380 f   draw.obj
 0001:00002020       ChDrawRectClipped          0000000000602420 f   draw.obj
 0001:000021b0       ChDrawRectUnfilled         00000000006025b0 f   draw.obj
 0001:00002280       ChDrawRectUnfilledClipped  0000000000602680 f   draw.obj
 0001:000023e0       ChDrawVerticalLine         00000000006027e0 f   draw.obj
 0001:00002440       ?ChFontClamp@@YAHHHH@Z     0000000000602840 f   font.obj
 0001:00002490       ChFontClose                0000000000602890 f   font.obj
 0001:000024d0       ChFontDrawChar             00000000006028d0 f   font.obj
 0001:00002890       ChFontDrawText             0000000000602c90 f   font.obj
 0001:00002c70       ChFontDrawTextClipped      0000000000603070 f   font.obj
 0001:00003190       ChFontGetHeight            0000000000603590 f   font.obj
 0001:000032d0       ChFontGetHeightChar        00000000006036d0 f   font.obj
 0001:00003400       ChFontGetWidth             0000000000603800 f   font.obj
 0001:00003550       ChFontGetWidthChar         0000000000603950 f   font.obj
 0001:00003680       ChFontSetSize              0000000000603a80 f   font.obj
 0001:000036f0       ChInitialiseFont           0000000000603af0 f   font.obj
 0001:00003890       ChitralekhaGetKeyPress     0000000000603c90 f   keycode.obj
 0001:000038e0       ChitralekhaKeyGetAlt       0000000000603ce0 f   keycode.obj
 0001:00003910       ChitralekhaKeyGetCTRL      0000000000603d10 f   keycode.obj
 0001:00003940       ChitralekhaKeyGetShift     0000000000603d40 f   keycode.obj
 0001:00003970       ChitralekhaKeyInitialise   0000000000603d70 f   keycode.obj
 0001:000039c0       ChitralekhaKeySetAlt       0000000000603dc0 f   keycode.obj
 0001:000039f0       ChitralekhaKeySetCtrl      0000000000603df0 f   keycode.obj
 0001:00003a20       ChitralekhaKeySetShift     0000000000603e20 f   keycode.obj
 0001:00003a50       ChitralekhaKeyToASCII      0000000000603e50 f   keycode.obj
 0001:00003ce0       ChitralekhaProcessKey      00000000006040e0 f   keycode.obj
 0001:00003ef0       ?TTFDrawGlyph@@YAXPEAU_ttf_@@IHH@Z 00000000006042f0 f   ttf.obj
 0001:00003fe0       ?TTFDrawSimpleGlyf@@YAXPEAU_ttf_@@IMM@Z 00000000006043e0 f   ttf.obj
 0001:00004400       ?TTFGetGlyph@@YAIPEAU_ttf_@@I@Z 0000000000604800 f   ttf.obj
 0001:00004760       ?TTFLoadFont@@YAPEAU_ttf_@@PEAU_ChCanvas_@@PEAE@Z 0000000000604b60 f   ttf.obj
 0001:00004c30       ?TTFSetFontSize@@YAXPEAU_ttf_@@M@Z 0000000000605030 f   ttf.obj
 0001:00004ca0       ?TTFSwap16@@YAGG@Z         00000000006050a0 f   ttf.obj
 0001:00004d00       ?TTFSwap32@@YAHH@Z         0000000000605100 f   ttf.obj
 0001:00004d90       ?TTF_READ_16@@YAGPEAU_ttf_@@@Z 0000000000605190 f   ttf.obj
 0001:00004e00       ?TTF_READ_8@@YAEPEAU_ttf_@@@Z 0000000000605200 f   ttf.obj
 0001:00004e50       ?UTF8toUnicode@@YAIE@Z     0000000000605250 f   ttf.obj
 0001:00004ee0       ChitralekhaGetApp          00000000006052e0 f   base.obj
 0001:00004f10       ChitralekhaStartApp        0000000000605310 f   base.obj
 0001:00004fd0       ChitralekhaStartSubApp     00000000006053d0 f   base.obj
 0001:00005060       ?ChButtonDefaultPainter@@YAXPEAU_ChWidget_@@PEAU_chwin_@@@Z 0000000000605460 f   button.obj
 0001:000052a0       ?ChButtonDestroy@@YAXPEAU_ChWidget_@@PEAU_chwin_@@@Z 00000000006056a0 f   button.obj
 0001:000052f0       ?ChButtonMouseEvent@@YAXPEAU_ChWidget_@@PEAU_chwin_@@HHH@Z 00000000006056f0 f   button.obj
 0001:00005510       ChCreateButton             0000000000605910 f   button.obj
 0001:00005610       ?ChDefaultMenubarPainter@@YAXPEAU_ChWidget_@@PEAU_chwin_@@@Z 0000000000605a10 f   defaultmenu.obj
 0001:00005870       ?ChPopupMenuAppendButton@@YAXPEAU_popup_menu_@@HHHH@Z 0000000000605c70 f   defaultmenu.obj
 0001:00005950       ?ChPopupMenuPaint@@YAXPEAU_popup_menu_@@@Z 0000000000605d50 f   defaultmenu.obj
 0001:00005b20       ?ChDefaultProgressBarPainter@@YAXPEAU_ChWidget_@@PEAU_chwin_@@@Z 0000000000605f20 f   defaultprogressbar.obj
 0001:00005d10       ?ChDefaultScrollPanePainter@@YAXPEAU_ChWidget_@@PEAU_chwin_@@@Z 0000000000606110 f   defaultscrollbar.obj
 0001:00005f80       ?ChDefaultSliderPainter@@YAXPEAU_ChWidget_@@PEAU_chwin_@@@Z 0000000000606380 f   defaultslider.obj
 0001:00006310       ?ChDefaultListViewPainter@@YAXPEAU_ChWidget_@@PEAU_chwin_@@@Z 0000000000606710 f   defaultviews.obj
 0001:000065e0       ?ChDefaultPopupWinPaint@@YAXPEAU_popup_win_@@PEAU_chwin_@@@Z 00000000006069e0 f   defaultwindow.obj
 0001:00006660       ?ChDefaultWinPaint@@YAXPEAU_chwin_@@@Z 0000000000606a60 f   defaultwindow.obj
 0001:00006710       ?ChWindowPaintCloseButton@@YAXPEAU_chwin_@@PEAU_global_ctrl_@@@Z 0000000000606b10 f   defaultwindow.obj
 0001:00006840       ?ChWindowPaintMainActivity@@YAXPEAU_chwin_@@@Z 0000000000606c40 f   defaultwindow.obj
 0001:000068f0       ?ChWindowPaintMaximButton@@YAXPEAU_chwin_@@PEAU_global_ctrl_@@@Z 0000000000606cf0 f   defaultwindow.obj
 0001:000069d0       ?ChWindowPaintMinimButton@@YAXPEAU_chwin_@@PEAU_global_ctrl_@@@Z 0000000000606dd0 f   defaultwindow.obj
 0001:00006ac0       ?ChWindowPaintTitlebar@@YAXPEAU_chwin_@@@Z 0000000000606ec0 f   defaultwindow.obj
 0001:00006ca0       ?ChInitialiseDefaultIcons@@YAXXZ 00000000006070a0 f   icon.obj
 0001:00006d20       ChCreateIcon               0000000000607120 f   icon.obj
 0001:00006d70       ChDrawIcon                 0000000000607170 f   icon.obj
 0001:00006f30       ChDrawIconClipped          0000000000607330 f   icon.obj
 0001:00007260       ChIconGetSystemIcon        0000000000607660 f   icon.obj
 0001:000072c0       ChIconOpen                 00000000006076c0 f   icon.obj
 0001:00007370       ChIconRead                 0000000000607770 f   icon.obj
 0001:00007470       initialize_list            0000000000607870 f   list.obj
 0001:000074c0       list_add                   00000000006078c0 f   list.obj
 0001:00007580       list_clear_all             0000000000607980 f   list.obj
 0001:000075f0       list_get_at                00000000006079f0 f   list.obj
 0001:00007690       list_remove                0000000000607a90 f   list.obj
 0001:00007790       ?ChMenuItemDestroy@@YAXPEAU_ChWidget_@@PEAU_chwin_@@@Z 0000000000607b90 f   menu.obj
 0001:00007820       ?ChMenuRecalculateDimensions@@YAXPEAU_popup_menu_@@@Z 0000000000607c20 f   menu.obj
 0001:000079d0       ?ChPopupMenuDestroy@@YAXPEAU_ChWidget_@@PEAU_chwin_@@@Z 0000000000607dd0 f   menu.obj
 0001:00007a80       ?ChPopupMenuMouseEvent@@YAXPEAU_ChWidget_@@PEAU_chwin_@@HHH@Z 0000000000607e80 f   menu.obj
 0001:00007d90       ChCreateMenuItem           0000000000608190 f   menu.obj
 0001:00007e50       ChCreatePopupMenu          0000000000608250 f   menu.obj
 0001:00007ed0       ChMenuHide                 00000000006082d0 f   menu.obj
 0001:00007f90       ChMenuShow                 0000000000608390 f   menu.obj
 0001:00008120       ?ChMenuButtonDestroy@@YAXPEAU_ChWidget_@@PEAU_chwin_@@@Z 0000000000608520 f   menubar.obj
 0001:000081d0       ?ChMenubarDestroy@@YAXPEAU_ChWidget_@@PEAU_chwin_@@@Z 00000000006085d0 f   menubar.obj
 0001:00008280       ?ChMenubarMouseEvent@@YAXPEAU_ChWidget_@@PEAU_chwin_@@HHH@Z 0000000000608680 f   menubar.obj
 0001:000086e0       ChCreateMenubar            0000000000608ae0 f   menubar.obj
 0001:000087a0       ChCreateMenubutton         0000000000608ba0 f   menubar.obj
 0001:000088a0       ChMenuButtonAddMenu        0000000000608ca0 f   menubar.obj
 0001:000088e0       ChMenubarAddButton         0000000000608ce0 f   menubar.obj
 0001:00008920       ?ChMessageBoxClose@@YAXPEAU_chwin_@@PEAU_global_ctrl_@@@Z 0000000000608d20 f   msgbox.obj
 0001:00008970       ?ChMessageBoxDestroy@@YAXPEAU_ChWidget_@@PEAU_chwin_@@@Z 0000000000608d70 f   msgbox.obj
 0001:000089c0       ?ChMessageBoxPaint@@YAXPEAU_ChWidget_@@PEAU_chwin_@@@Z 0000000000608dc0 f   msgbox.obj
 0001:00008ba0       ?ChMessageBoxPrepareButtons@@YAXPEAU_chwin_@@PEAU_msgbox_@@E@Z 0000000000608fa0 f   msgbox.obj
 0001:00008e70       ChCreateMessageBox         0000000000609270 f   msgbox.obj
 0001:00009120       ChMessageBoxShow           0000000000609520 f   msgbox.obj
 0001:00009180       ?ChProgressBarDestroy@@YAXPEAU_ChWidget_@@PEAU_chwin_@@@Z 0000000000609580 f   progress.obj
 0001:000091d0       ChCreateProgressBar        00000000006095d0 f   progress.obj
 0001:000092f0       ChProgressBarGetMax        00000000006096f0 f   progress.obj
 0001:00009320       ChProgressBarGetMin        0000000000609720 f   progress.obj
 0001:00009350       ChProgressBarSetMax        0000000000609750 f   progress.obj
 0001:00009390       ChProgressBarSetMin        0000000000609790 f   progress.obj
 0001:000093d0       ChProgressBarSetValue      00000000006097d0 f   progress.obj
 0001:00009510       ?ChDefaultScrollPaneMouseEvent@@YAXPEAU_ChWidget_@@PEAU_chwin_@@HHH@Z 0000000000609910 f   scrollpane.obj
 0001:00009f70       ?ChScrollpaneDestroy@@YAXPEAU_ChWidget_@@PEAU_chwin_@@@Z 000000000060a370 f   scrollpane.obj
 0001:00009fc0       ChCreateScrollPane         000000000060a3c0 f   scrollpane.obj
 0001:0000a1f0       ChScrollUpdateHorizontalScroll 000000000060a5f0 f   scrollpane.obj
 0001:0000a240       ChScrollUpdateVerticalScroll 000000000060a640 f   scrollpane.obj
 0001:0000a340       ?ChSliderDestroy@@YAXPEAU_ChWidget_@@PEAU_chwin_@@@Z 000000000060a740 f   slider.obj
 0001:0000a390       ?ChSliderMouseEvent@@YAXPEAU_ChWidget_@@PEAU_chwin_@@HHH@Z 000000000060a790 f   slider.obj
 0001:0000a7f0       ChCreateSlider             000000000060abf0 f   slider.obj
 0001:0000a9a0       ChSliderGetCurrentValue    000000000060ada0 f   slider.obj
 0001:0000a9d0       ChSliderGetMax             000000000060add0 f   slider.obj
 0001:0000aa00       ChSliderGetMin             000000000060ae00 f   slider.obj
 0001:0000aa30       ChSliderGetStepSize        000000000060ae30 f   slider.obj
 0001:0000aa60       ChSliderSetMax             000000000060ae60 f   slider.obj
 0001:0000aaa0       ChSliderSetMin             000000000060aea0 f   slider.obj
 0001:0000aae0       ChSliderSetStepSize        000000000060aee0 f   slider.obj
 0001:0000ab20       ChSliderSetValue           000000000060af20 f   slider.obj
 0001:0000ac10       ?ChListViewDestroy@@YAXPEAU_ChWidget_@@PEAU_chwin_@@@Z 000000000060b010 f   view.obj
 0001:0000acb0       ?ChListViewMouseEvent@@YAXPEAU_ChWidget_@@PEAU_chwin_@@HHH@Z 000000000060b0b0 f   view.obj
 0001:0000b0b0       ?ChListViewScrollEvent@@YAXPEAU_ChWidget_@@PEAU_chwin_@@HE@Z 000000000060b4b0 f   view.obj
 0001:0000b1c0       ChCreateListView           000000000060b5c0 f   view.obj
 0001:0000b2b0       ChListViewAddItem          000000000060b6b0 f   view.obj
 0001:0000b4a0       ChListViewClear            000000000060b8a0 f   view.obj
 0001:0000b590       ChListViewGetSelectedItem  000000000060b990 f   view.obj
 0001:0000b5f0       ChListViewRepaint          000000000060b9f0 f   view.obj
 0001:0000b750       ChListViewSetListItemIcon  000000000060bb50 f   view.obj
 0001:0000b7a0       ChListViewSetScrollpane    000000000060bba0 f   view.obj
 0001:0000b870       ?ChFreeWindowResources@@YAXPEAU_chwin_@@@Z 000000000060bc70 f   window.obj
 0001:0000b9a0       ?ChGlobalCloseAction@@YAXPEAU_chwin_@@PEAU_global_ctrl_@@@Z 000000000060bda0 f   window.obj
 0001:0000b9d0       ?ChGlobalCtlMouseHandler@@YAXPEAU_chwin_@@PEAU_global_ctrl_@@HHH@Z 000000000060bdd0 f   window.obj
 0001:0000ba80       ?ChPopupMouseEvent@@YAXPEAU_ChWidget_@@PEAU_chwin_@@HHH@Z 000000000060be80 f   window.obj
 0001:0000bbe0       ?ChRequestWindow@@YAXPEAU_ChApp_@@HHHHPEADE@Z 000000000060bfe0 f   window.obj
 0001:0000be00       ChCreateGlobalButton       000000000060c200 f   window.obj
 0001:0000bea0       ChCreatePopupWindow        000000000060c2a0 f   window.obj
 0001:0000c180       ChCreateWindow             000000000060c580 f   window.obj
 0001:0000c540       ChGetPopupWindowByHandle   000000000060c940 f   window.obj
 0001:0000c5c0       ChGetWindowByHandle        000000000060c9c0 f   window.obj
 0001:0000c650       ChGetWindowHandle          000000000060ca50 f   window.obj
 0001:0000c740       ChPopupWindowHandleMouse   000000000060cb40 f   window.obj
 0001:0000c8b0       ChPopupWindowHide          000000000060ccb0 f   window.obj
 0001:0000c900       ChPopupWindowShow          000000000060cd00 f   window.obj
 0001:0000c9b0       ChPopupWindowUpdate        000000000060cdb0 f   window.obj
 0001:0000cb50       ChPopupWindowUpdateLocation 000000000060cf50 f   window.obj
 0001:0000cbc0       ChWindowAddSubWindow       000000000060cfc0 f   window.obj
 0001:0000cc10       ChWindowAddWidget          000000000060d010 f   window.obj
 0001:0000cc50       ChWindowBroadcastIcon      000000000060d050 f   window.obj
 0001:0000cce0       ChWindowCloseWindow        000000000060d0e0 f   window.obj
 0001:0000cfb0       ChWindowGetBackgroundColor 000000000060d3b0 f   window.obj
 0001:0000cfe0       ChWindowHandleFocus        000000000060d3e0 f   window.obj
 0001:0000d0e0       ChWindowHandleMouse        000000000060d4e0 f   window.obj
 0001:0000d430       ChWindowHide               000000000060d830 f   window.obj
 0001:0000d4a0       ChWindowPaint              000000000060d8a0 f   window.obj
 0001:0000d4e0       ChWindowRegisterJump       000000000060d8e0 f   window.obj
 0001:0000d520       ChWindowSetFlags           000000000060d920 f   window.obj
 0001:0000d5b0       ChWindowUpdate             000000000060d9b0 f   window.obj
 0001:0000d83c       printf                     000000000060dc3c f   XEClib:XEClib.dll
 0001:0000d842       _KeGetThreadID             000000000060dc42 f   XEClib:XEClib.dll
 0001:0000d848       _KeProcessSleep            000000000060dc48 f   XEClib:XEClib.dll
 0001:0000d84e       _KeOpenFile                000000000060dc4e f   XEClib:XEClib.dll
 0001:0000d854       _KeWriteFile               000000000060dc54 f   XEClib:XEClib.dll
 0001:0000d85a       _KeCloseFile               000000000060dc5a f   XEClib:XEClib.dll
 0001:0000d860       _KeFileIoControl           000000000060dc60 f   XEClib:XEClib.dll
 0001:0000d866       _KeCreateSharedMem         000000000060dc66 f   XEClib:XEClib.dll
 0001:0000d86c       _KeObtainSharedMem         000000000060dc6c f   XEClib:XEClib.dll
 0001:0000d872       _KeUnmapSharedMem          000000000060dc72 f   XEClib:XEClib.dll
 0001:0000d878       strcpy                     000000000060dc78 f   XEClib:XEClib.dll
 0001:0000d87e       memset                     000000000060dc7e f   XEClib:XEClib.dll
 0001:0000d884       memcpy                     000000000060dc84 f   XEClib:XEClib.dll
 0001:0000d88a       malloc                     000000000060dc8a f   XEClib:XEClib.dll
 0001:0000d890       free                       000000000060dc90 f   XEClib:XEClib.dll
 0001:0000d896       _KePrint                   000000000060dc96 f   XEClib:XEClib.dll
 0001:0000d89c       _KeMemMap                  000000000060dc9c f   XEClib:XEClib.dll
 0001:0000d8a2       _KeMemUnmap                000000000060dca2 f   XEClib:XEClib.dll
 0001:0000d8a8       sqrtf                      000000000060dca8 f   XEClib:XEClib.dll
 0001:0000d8ae       abs                        000000000060dcae f   XEClib:XEClib.dll
 0001:0000d8b4       _KeGetFontID               000000000060dcb4 f   XEClib:XEClib.dll
 0001:0000d8ba       _KeGetFontSize             000000000060dcba f   XEClib:XEClib.dll
 0001:0000d8c0       isascii                    000000000060dcc0 f   XEClib:XEClib.dll
 0001:0000d8c6       strlen                     000000000060dcc6 f   XEClib:XEClib.dll
 0001:0000d8cc       sprintf                    000000000060dccc f   XEClib:XEClib.dll
 0001:0000d8d2       _KeReadFile                000000000060dcd2 f   XEClib:XEClib.dll
 0001:0000d8d8       _KeFileStat                000000000060dcd8 f   XEClib:XEClib.dll
 0001:0000d8de       ceil                       000000000060dcde f   XEClib:XEClib.dll
 0001:0000d8e4       setjmp                     000000000060dce4 f   XEClib:XEClib.dll
 0001:0000d8ea       longjmp                    000000000060dcea f   XEClib:XEClib.dll
 0001:0000d8f0       _KePauseThread             000000000060dcf0 f   XEClib:XEClib.dll
 0001:0000d8f6       _KeProcessExit             000000000060dcf6 f   XEClib:XEClib.dll
 0001:0000d8fc       FT_Init_FreeType           000000000060dcfc f   ftype:ftype.dll
 0001:0000d902       FT_New_Memory_Face         000000000060dd02 f   ftype:ftype.dll
 0001:0000d908       FT_Set_Pixel_Sizes         000000000060dd08 f   ftype:ftype.dll
 0001:0000d90e       FT_Load_Glyph              000000000060dd0e f   ftype:ftype.dll
 0001:0000d914       FT_Load_Char               000000000060dd14 f   ftype:ftype.dll
 0001:0000d91a       FT_Get_Kerning             000000000060dd1a f   ftype:ftype.dll
 0001:0000d920       FT_Get_Char_Index          000000000060dd20 f   ftype:ftype.dll
 0001:0000d926       FT_MulFix                  000000000060dd26 f   ftype:ftype.dll
 0002:00000000       __imp_printf               000000000060de00     XEClib:XEClib.dll
 0002:00000008       __imp__KeGetThreadID       000000000060de08     XEClib:XEClib.dll
 0002:00000010       __imp__KeProcessSleep      000000000060de10     XEClib:XEClib.dll
 0002:00000018       __imp__KeOpenFile          000000000060de18     XEClib:XEClib.dll
 0002:00000020       __imp__KeWriteFile         000000000060de20     XEClib:XEClib.dll
 0002:00000028       __imp__KeCloseFile         000000000060de28     XEClib:XEClib.dll
 0002:00000030       __imp__KeFileIoControl     000000000060de30     XEClib:XEClib.dll
 0002:00000038       __imp__KeCreateSharedMem   000000000060de38     XEClib:XEClib.dll
 0002:00000040       __imp__KeObtainSharedMem   000000000060de40     XEClib:XEClib.dll
 0002:00000048       __imp__KeUnmapSharedMem    000000000060de48     XEClib:XEClib.dll
 0002:00000050       __imp_strcpy               000000000060de50     XEClib:XEClib.dll
 0002:00000058       __imp_memset               000000000060de58     XEClib:XEClib.dll
 0002:00000060       __imp_memcpy               000000000060de60     XEClib:XEClib.dll
 0002:00000068       __imp_malloc               000000000060de68     XEClib:XEClib.dll
 0002:00000070       __imp_free                 000000000060de70     XEClib:XEClib.dll
 0002:00000078       __imp__KePrint             000000000060de78     XEClib:XEClib.dll
 0002:00000080       __imp__KeMemMap            000000000060de80     XEClib:XEClib.dll
 0002:00000088       __imp__KeMemUnmap          000000000060de88     XEClib:XEClib.dll
 0002:00000090       __imp_sqrtf                000000000060de90     XEClib:XEClib.dll
 0002:00000098       __imp_abs                  000000000060de98     XEClib:XEClib.dll
 0002:000000a0       __imp__KeGetFontID         000000000060dea0     XEClib:XEClib.dll
 0002:000000a8       __imp__KeGetFontSize       000000000060dea8     XEClib:XEClib.dll
 0002:000000b0       __imp_isascii              000000000060deb0     XEClib:XEClib.dll
 0002:000000b8       __imp_strlen               000000000060deb8     XEClib:XEClib.dll
 0002:000000c0       __imp_sprintf              000000000060dec0     XEClib:XEClib.dll
 0002:000000c8       __imp__KeReadFile          000000000060dec8     XEClib:XEClib.dll
 0002:000000d0       __imp__KeFileStat          000000000060ded0     XEClib:XEClib.dll
 0002:000000d8       __imp_ceil                 000000000060ded8     XEClib:XEClib.dll
 0002:000000e0       __imp_setjmp               000000000060dee0     XEClib:XEClib.dll
 0002:000000e8       __imp_longjmp              000000000060dee8     XEClib:XEClib.dll
 0002:000000f0       __imp__KePauseThread       000000000060def0     XEClib:XEClib.dll
 0002:000000f8       __imp__KeProcessExit       000000000060def8     XEClib:XEClib.dll
 0002:00000100       \177XEClib_NULL_THUNK_DATA 000000000060df00     XEClib:XEClib.dll
 0002:00000108       __imp_FT_Init_FreeType     000000000060df08     ftype:ftype.dll
 0002:00000110       __imp_FT_New_Memory_Face   000000000060df10     ftype:ftype.dll
 0002:00000118       __imp_FT_Set_Pixel_Sizes   000000000060df18     ftype:ftype.dll
 0002:00000120       __imp_FT_Load_Glyph        000000000060df20     ftype:ftype.dll
 0002:00000128       __imp_FT_Load_Char         000000000060df28     ftype:ftype.dll
 0002:00000130       __imp_FT_Get_Kerning       000000000060df30     ftype:ftype.dll
 0002:00000138       __imp_FT_Get_Char_Index    000000000060df38     ftype:ftype.dll
 0002:00000140       __imp_FT_MulFix            000000000060df40     ftype:ftype.dll
 0002:00000148       \177ftype_NULL_THUNK_DATA  000000000060df48     ftype:ftype.dll
 0002:00000150       ??_C@_0BD@HJNIOIBF@?1pipe?1DeodhaiAudio@ 000000000060df50     audio.obj
 0002:00000168       ??_C@_0CN@IFNGJLAI@DeodhaiAudo?5Connection?5failed?5?3@ 000000000060df68     audio.obj
 0002:00000198       ??_C@_0BK@HMJLIAPG@DeodhaiGetAudioConnection@ 000000000060df98     audio.obj
 0002:000001b8       ??_C@_0CC@LAHAELMI@DeodhaiAudio?5Handshake?5received@ 000000000060dfb8     audio.obj
 0002:000001dc       __real@3f800000            000000000060dfdc     audio.obj
 0002:000001e0       ??_C@_0CE@PIOJMBHO@Chitralekha?5Graphics?5Library?5v1@ 000000000060dfe0     chitralekha.obj
 0002:00000208       ??_C@_0L@PAICBBFF@?1dev?1graph@ 000000000060e008     chitralekha.obj
 0002:00000218       ??_C@_0CD@NOLADNDA@ChDrawPixel?5?3?5corrupted?5x?5?9?$DO?5?$CFd@ 000000000060e018     chitralekha.obj
 0002:00000240       ??_C@_0CD@BPDOOCPA@ChDrawPixel?5?3?5corrupted?5y?5?9?$DO?5?$CFd@ 000000000060e040     chitralekha.obj
 0002:00000268       ??_C@_0CC@CHLGIJGD@ChGetPixel?5?3?5corrupted?5x?5?9?$DO?5?$CFd?5@ 000000000060e068     chitralekha.obj
 0002:00000290       ??_C@_0CC@OGDIFGKD@ChGetPixel?5?3?5corrupted?5y?5?9?$DO?5?$CFd?5@ 000000000060e090     chitralekha.obj
 0002:000002b8       __real@3ff0000000000000    000000000060e0b8     color.obj
 0002:000002c0       __real@406fe00000000000    000000000060e0c0     font.obj
 0002:000002c8       __real@42900000            000000000060e0c8     font.obj
 0002:000002cc       __real@42c00000            000000000060e0cc     font.obj
 0002:000002d0       ??_C@_0CL@GMLEKKGF@start?5code?5is?5greater?5than?5code@ 000000000060e0d0     ttf.obj
 0002:00000300       ??_C@_0O@LKECLAFB@Index?5?9?$DO?5?$CFd?5?6@ 000000000060e100     ttf.obj
 0002:00000310       __real@3ff5555555555555    000000000060e110     ttf.obj
 0002:00000318       __real@41200000            000000000060e118     ttf.obj
 0002:00000320       ??_C@_0N@KNEFCGIK@?1dev?1postbox@ 000000000060e120     base.obj
 0002:00000330       ??_C@_07IJHPCLIM@Calibri@  000000000060e130     base.obj
 0002:00000338       ??_C@_0BE@GHJPBGJK@Button?5destroyed?5?$AN?6@ 000000000060e138     button.obj
 0002:0000034c       ??_C@_02NJPGOMH@?$CFf@     000000000060e14c     defaultprogressbar.obj
 0002:00000350       __real@00000000            000000000060e150     defaultslider.obj
 0002:00000358       ??_C@_0BB@ONMBPOFB@?1icons?1succi?4bmp@ 000000000060e158     icon.obj
 0002:00000370       ??_C@_0BB@HMJIFHMM@?1icons?1infoi?4bmp@ 000000000060e170     icon.obj
 0002:00000388       ??_C@_0BJ@BGEHDJDE@Popup?5menu?5destroying?5?$AN?6@ 000000000060e188     menu.obj
 0002:000003a8       ??_C@_0BI@GBHOJACO@Popup?5Menu?5Destroyed?5?$AN?6@ 000000000060e1a8     menu.obj
 0002:000003c0       ??_C@_0BJ@IKNCOOGF@MenuItem?5destroying?5?$CFs?$AN?6@ 000000000060e1c0     menu.obj
 0002:000003e0       ??_C@_0BG@GPIKDFEM@Destroying?5menubar?5?$AN?6@ 000000000060e1e0     menubar.obj
 0002:000003f8       ??_C@_0BO@PDEPOEH@Menubutton?5destroying?5?9?$DO?5?$CFx?$AN?6@ 000000000060e1f8     menubar.obj
 0002:00000418       ??_C@_0BE@EOPIIANM@mbut?9?$DOback?5?9?$DO?5?$CFx?5?$AN?6@ 000000000060e218     menubar.obj
 0002:00000430       ??_C@_0BI@HNAIEEME@Menubutton?5destroyed?5?$AN?6@ 000000000060e230     menubar.obj
 0002:00000448       ??_C@_03CCLAEDDF@Yes@      000000000060e248     msgbox.obj
 0002:0000044c       ??_C@_02JINPPBEP@No@       000000000060e24c     msgbox.obj
 0002:00000450       ??_C@_04LILBNENA@Okay@     000000000060e250     msgbox.obj
 0002:00000458       ??_C@_06FMBNCPDL@Cancel@   000000000060e258     msgbox.obj
 0002:00000460       ??_C@_05LGELBCGM@Close@    000000000060e260     msgbox.obj
 0002:00000468       ??_C@_0BJ@NPNNLCFD@ChProgressBar?5destroy?5?$AN?6@ 000000000060e268     progress.obj
 0002:00000488       __real@4059000000000000    000000000060e288     progress.obj
 0002:00000490       ??_C@_0BJ@ICNKIMAG@Current?5hscroll?5?9?$DO?5?$CFd?5?$AN?6@ 000000000060e290     scrollpane.obj
 0002:000004b0       ??_C@_0BI@HGMLKOD@Scrollpane?5destroyed?5?$AN?6@ 000000000060e2b0     scrollpane.obj
 0002:000004c8       ??_C@_0BE@BAECKGCH@Slider?5destroyed?5?$AN?6@ 000000000060e2c8     slider.obj
 0002:000004dc       __real@42c80000            000000000060e2dc     slider.obj
 0002:000004e0       ??_C@_0BG@OFKPNDBB@ListView?5destroyed?5?$AN?6@ 000000000060e2e0     view.obj
 0002:000004f8       ??_C@_0CK@MJMKFLMJ@?$FLListView?$FN?3?5Maximum?5selected?5it@ 000000000060e2f8     view.obj
 0002:00000528       __real@4038000000000000    000000000060e328     view.obj
 0002:00000530       ??_C@_0CC@ELOEFBPC@Chitralekha?3?5buffer?5key?5problem@ 000000000060e330     window.obj
 0002:00000558       ??_C@_0BF@PBCOLFKF@Corrupted?5x?5?9?$DO?5?$CFd?5?$AN?6@ 000000000060e358     window.obj
 0002:00000570       ??_C@_0BF@DAKAGKGF@Corrupted?5y?5?9?$DO?5?$CFd?5?$AN?6@ 000000000060e370     window.obj
 0002:00000588       ??_C@_0BF@GCNGEBGD@Corrupted?5w?5?9?$DO?5?$CFd?5?$AN?6@ 000000000060e388     window.obj
 0002:000005a0       ??_C@_0BF@FPNIHBGO@Corrupted?5h?5?9?$DO?5?$CFd?5?$AN?6@ 000000000060e3a0     window.obj
 0002:000005b8       ??_C@_0BG@FLJFEGNE@Freeing?5up?5widgets?5?$AN?6@ 000000000060e3b8     window.obj
 0002:000005d0       ??_C@_0BD@GCEKJJHL@Widgets?5cleared?5?$AN?6@ 000000000060e3d0     window.obj
 0002:000005e8       ??_C@_0CB@BPLHHDPE@Window?5Resource?5cleared?5?9?$DO?5?$CFd?5?$AN@ 000000000060e3e8     window.obj
 0002:00000610       ??_C@_0BL@DFIJMFDO@All?5Popup?5Window?5closed?5?$AN?6@ 000000000060e410     window.obj
 0002:00000648       __volatile_metadata        000000000060e448     <linker-defined>
 0003:00000000       _fltused                   000000000060ee00     chitralekha.obj
 0003:00000160       ?chkey@@3PEAU_chitralekha_key_@@EA 000000000060ef60     keycode.obj
 0003:00000168       ?baseapp@@3PEAU_ChApp_@@EA 000000000060ef68     base.obj
 0003:00000170       ?warning@@3PEAU_icon_@@EA  000000000060ef70     icon.obj
 0003:00000178       ?success@@3PEAU_icon_@@EA  000000000060ef78     icon.obj
 0003:00000180       ?exclaim@@3PEAU_icon_@@EA  000000000060ef80     icon.obj
 0003:00000188       ?information@@3PEAU_icon_@@EA 000000000060ef88     icon.obj
 0007:00000000       __IMPORT_DESCRIPTOR_XEClib 0000000000610a00     XEClib:XEClib.dll
 0007:00000014       __IMPORT_DESCRIPTOR_ftype  0000000000610a14     ftype:ftype.dll
 0007:00000028       __NULL_IMPORT_DESCRIPTOR   0000000000610a28     XEClib:XEClib.dll

 entry point at        0000:00000000

 Static symbols

 0000:00000000       .debug$S                   0000000000600000     chlkha.exp
 0000:00000000       .debug$S                   0000000000600000     XEClib:XEClib.dll
 0000:00000000       .debug$S                   0000000000600000     XEClib:XEClib.dll
 0000:00000000       .debug$S                   0000000000600000     XEClib:XEClib.dll
 0000:00000000       .debug$S                   0000000000600000     XEClib:XEClib.dll
 0000:00000000       .debug$S                   0000000000600000     XEClib:XEClib.dll
 0000:00000000       .debug$S                   0000000000600000     XEClib:XEClib.dll
 0000:00000000       .debug$S                   0000000000600000     XEClib:XEClib.dll
 0000:00000000       .debug$S                   0000000000600000     XEClib:XEClib.dll
 0000:00000000       .debug$S                   0000000000600000     XEClib:XEClib.dll
 0000:00000000       .debug$S                   0000000000600000     XEClib:XEClib.dll
 0000:00000000       .debug$S                   0000000000600000     XEClib:XEClib.dll
 0000:00000000       .debug$S                   0000000000600000     XEClib:XEClib.dll
 0000:00000000       .debug$S                   0000000000600000     XEClib:XEClib.dll
 0000:00000000       .debug$S                   0000000000600000     XEClib:XEClib.dll
 0000:00000000       .debug$S                   0000000000600000     XEClib:XEClib.dll
 0000:00000000       .debug$S                   0000000000600000     XEClib:XEClib.dll
 0000:00000000       .debug$S                   0000000000600000     XEClib:XEClib.dll
 0000:00000000       .debug$S                   0000000000600000     XEClib:XEClib.dll
 0000:00000000       .debug$S                   0000000000600000     XEClib:XEClib.dll
 0000:00000000       .debug$S                   0000000000600000     XEClib:XEClib.dll
 0000:00000000       .debug$S                   0000000000600000     XEClib:XEClib.dll
 0000:00000000       .debug$S                   0000000000600000     XEClib:XEClib.dll
 0000:00000000       .debug$S                   0000000000600000     XEClib:XEClib.dll
 0000:00000000       .debug$S                   0000000000600000     XEClib:XEClib.dll
 0000:00000000       .debug$S                   0000000000600000     XEClib:XEClib.dll
 0000:00000000       .debug$S                   0000000000600000     XEClib:XEClib.dll
 0000:00000000       .debug$S                   0000000000600000     XEClib:XEClib.dll
 0000:00000000       .debug$S                   0000000000600000     XEClib:XEClib.dll
 0000:00000000       .debug$S                   0000000000600000     XEClib:XEClib.dll
 0000:00000000       .debug$S                   0000000000600000     XEClib:XEClib.dll
 0000:00000000       .debug$S                   0000000000600000     XEClib:XEClib.dll
 0000:00000000       .debug$S                   0000000000600000     XEClib:XEClib.dll
 0000:00000000       .debug$S                   0000000000600000     ftype:ftype.dll
 0000:00000000       .debug$S                   0000000000600000     ftype:ftype.dll
 0000:00000000       .debug$S                   0000000000600000     ftype:ftype.dll
 0000:00000000       .debug$S                   0000000000600000     ftype:ftype.dll
 0000:00000000       .debug$S                   0000000000600000     ftype:ftype.dll
 0000:00000000       .debug$S                   0000000000600000     ftype:ftype.dll
 0000:00000000       .debug$S                   0000000000600000     ftype:ftype.dll
 0000:00000000       .debug$S                   0000000000600000     ftype:ftype.dll
 0001:00003c4c       $LN38                      000000000060404c     keycode.obj
 0001:00003c74       $LN37                      0000000000604074     keycode.obj
 0001:00003ca4       $LN36                      00000000006040a4     keycode.obj
 0001:00003e8c       $LN32                      000000000060428c     keycode.obj
 0001:00003ea8       $LN31                      00000000006042a8     keycode.obj
 0002:00000798       $unwind$DeodhaiAudioOpenConnection 000000000060e598     audio.obj
 0002:000007a4       $unwind$DeodhaiAudioWrite  000000000060e5a4     audio.obj
 0002:000007b0       $unwind$DeodhaiAudioCloseConnection 000000000060e5b0     audio.obj
 0002:000007bc       $unwind$ChBoxBlur          000000000060e5bc     boxblur.obj
 0002:000007c8       $unwind$ChPrintLibName     000000000060e5c8     chitralekha.obj
 0002:000007d4       $unwind$ChCreateCanvas     000000000060e5d4     chitralekha.obj
 0002:000007e0       $unwind$ChAllocateBuffer   000000000060e5e0     chitralekha.obj
 0002:000007ec       $unwind$ChDeAllocateBuffer 000000000060e5ec     chitralekha.obj
 0002:000007f8       $unwind$ChCanvasScreenUpdate 000000000060e5f8     chitralekha.obj
 0002:00000804       $unwind$ChDrawPixel        000000000060e604     chitralekha.obj
 0002:00000810       $unwind$ChGetPixel         000000000060e610     chitralekha.obj
 0002:0000081c       $unwind$ChCanvasFill       000000000060e61c     chitralekha.obj
 0002:00000828       $unwind$ChGetScreenDiagonal 000000000060e628     chitralekha.obj
 0002:00000834       $unwind$ChGetScreenDPI     000000000060e634     chitralekha.obj
 0002:00000840       $unwind$ChGetScreenAspectRatio 000000000060e640     chitralekha.obj
 0002:0000084c       $unwind$ChColorAlphaBlend  000000000060e64c     color.obj
 0002:00000858       $unwind$ChColorAlphaBlend2 000000000060e658     color.obj
 0002:00000864       $unwind$ChColorDrawVerticalGradient 000000000060e664     color.obj
 0002:00000870       $unwind$make_col           000000000060e670     color.obj
 0002:0000087c       $unwind$make_col_a         000000000060e67c     color.obj
 0002:00000888       $unwind$ChColorDrawHorizontalGradient 000000000060e688     color.obj
 0002:00000894       $unwind$clamp              000000000060e694     color.obj
 0002:000008a0       $unwind$ChDrawRect         000000000060e6a0     draw.obj
 0002:000008ac       $unwind$ChDrawRectClipped  000000000060e6ac     draw.obj
 0002:000008b8       $unwind$ChDrawVerticalLine 000000000060e6b8     draw.obj
 0002:000008c4       $unwind$ChDrawHorizontalLine 000000000060e6c4     draw.obj
 0002:000008d0       $unwind$ChDrawRectUnfilled 000000000060e6d0     draw.obj
 0002:000008dc       $unwind$ChDrawRectUnfilledClipped 000000000060e6dc     draw.obj
 0002:000008e8       $unwind$ChDrawFilledCircle 000000000060e6e8     draw.obj
 0002:000008f4       $unwind$ChDrawLine         000000000060e6f4     draw.obj
 0002:00000900       $unwind$ChDrawCircleUnfilled 000000000060e700     draw.obj
 0002:0000090c       $unwind$?ChDrawBoxBlur@@YAXPEAU_ChCanvas_@@PEAI1HHHH@Z 000000000060e70c     draw.obj
 0002:00000918       $unwind$ChInitialiseFont   000000000060e718     font.obj
 0002:00000924       $unwind$ChFontSetSize      000000000060e724     font.obj
 0002:00000930       $unwind$ChFontDrawText     000000000060e730     font.obj
 0002:0000093c       $unwind$ChFontDrawChar     000000000060e73c     font.obj
 0002:00000948       $unwind$ChFontDrawTextClipped 000000000060e748     font.obj
 0002:00000954       $unwind$ChFontGetWidth     000000000060e754     font.obj
 0002:00000960       $unwind$ChFontGetWidthChar 000000000060e760     font.obj
 0002:0000096c       $unwind$ChFontGetHeight    000000000060e76c     font.obj
 0002:00000978       $unwind$ChFontGetHeightChar 000000000060e778     font.obj
 0002:00000984       $unwind$ChFontClose        000000000060e784     font.obj
 0002:00000990       $unwind$?ChFontClamp@@YAHHHH@Z 000000000060e790     font.obj
 0002:0000099c       $unwind$ChitralekhaKeyInitialise 000000000060e79c     keycode.obj
 0002:000009a8       $unwind$ChitralekhaProcessKey 000000000060e7a8     keycode.obj
 0002:000009b4       $unwind$ChitralekhaKeyToASCII 000000000060e7b4     keycode.obj
 0002:000009c0       $unwind$ChitralekhaGetKeyPress 000000000060e7c0     keycode.obj
 0002:000009cc       $unwind$ChitralekhaKeyGetCTRL 000000000060e7cc     keycode.obj
 0002:000009d8       $unwind$ChitralekhaKeyGetAlt 000000000060e7d8     keycode.obj
 0002:000009e4       $unwind$ChitralekhaKeyGetShift 000000000060e7e4     keycode.obj
 0002:000009f0       $unwind$ChitralekhaKeySetCtrl 000000000060e7f0     keycode.obj
 0002:000009fc       $unwind$ChitralekhaKeySetAlt 000000000060e7fc     keycode.obj
 0002:00000a08       $unwind$ChitralekhaKeySetShift 000000000060e808     keycode.obj
 0002:00000a14       $unwind$?TTFLoadFont@@YAPEAU_ttf_@@PEAU_ChCanvas_@@PEAE@Z 000000000060e814     ttf.obj
 0002:00000a20       $unwind$?TTFSetFontSize@@YAXPEAU_ttf_@@M@Z 000000000060e820     ttf.obj
 0002:00000a2c       $unwind$?TTFSwap32@@YAHH@Z 000000000060e82c     ttf.obj
 0002:00000a38       $unwind$?TTFSwap16@@YAGG@Z 000000000060e838     ttf.obj
 0002:00000a44       $unwind$?TTF_READ_8@@YAEPEAU_ttf_@@@Z 000000000060e844     ttf.obj
 0002:00000a50       $unwind$?TTF_READ_16@@YAGPEAU_ttf_@@@Z 000000000060e850     ttf.obj
 0002:00000a5c       $unwind$?UTF8toUnicode@@YAIE@Z 000000000060e85c     ttf.obj
 0002:00000a68       $unwind$?TTFGetGlyph@@YAIPEAU_ttf_@@I@Z 000000000060e868     ttf.obj
 0002:00000a74       $unwind$?TTFDrawSimpleGlyf@@YAXPEAU_ttf_@@IMM@Z 000000000060e874     ttf.obj
 0002:00000a80       $unwind$?TTFDrawGlyph@@YAXPEAU_ttf_@@IHH@Z 000000000060e880     ttf.obj
 0002:00000a8c       $unwind$ChitralekhaStartApp 000000000060e88c     base.obj
 0002:00000a98       $unwind$ChitralekhaStartSubApp 000000000060e898     base.obj
 0002:00000aa4       $unwind$ChitralekhaGetApp  000000000060e8a4     base.obj
 0002:00000ab0       $unwind$ChCreateButton     000000000060e8b0     button.obj
 0002:00000abc       $unwind$?ChButtonMouseEvent@@YAXPEAU_ChWidget_@@PEAU_chwin_@@HHH@Z 000000000060e8bc     button.obj
 0002:00000ac8       $unwind$?ChButtonDestroy@@YAXPEAU_ChWidget_@@PEAU_chwin_@@@Z 000000000060e8c8     button.obj
 0002:00000ad4       $unwind$?ChButtonDefaultPainter@@YAXPEAU_ChWidget_@@PEAU_chwin_@@@Z 000000000060e8d4     button.obj
 0002:00000ae0       $unwind$?ChDefaultMenubarPainter@@YAXPEAU_ChWidget_@@PEAU_chwin_@@@Z 000000000060e8e0     defaultmenu.obj
 0002:00000aec       $unwind$?ChPopupMenuAppendButton@@YAXPEAU_popup_menu_@@HHHH@Z 000000000060e8ec     defaultmenu.obj
 0002:00000af8       $unwind$?ChPopupMenuPaint@@YAXPEAU_popup_menu_@@@Z 000000000060e8f8     defaultmenu.obj
 0002:00000b04       $unwind$?ChDefaultProgressBarPainter@@YAXPEAU_ChWidget_@@PEAU_chwin_@@@Z 000000000060e904     defaultprogressbar.obj
 0002:00000b10       $unwind$?ChDefaultScrollPanePainter@@YAXPEAU_ChWidget_@@PEAU_chwin_@@@Z 000000000060e910     defaultscrollbar.obj
 0002:00000b1c       $unwind$?ChDefaultSliderPainter@@YAXPEAU_ChWidget_@@PEAU_chwin_@@@Z 000000000060e91c     defaultslider.obj
 0002:00000b28       $unwind$?ChDefaultListViewPainter@@YAXPEAU_ChWidget_@@PEAU_chwin_@@@Z 000000000060e928     defaultviews.obj
 0002:00000b34       $unwind$?ChWindowPaintCloseButton@@YAXPEAU_chwin_@@PEAU_global_ctrl_@@@Z 000000000060e934     defaultwindow.obj
 0002:00000b40       $unwind$?ChWindowPaintMaximButton@@YAXPEAU_chwin_@@PEAU_global_ctrl_@@@Z 000000000060e940     defaultwindow.obj
 0002:00000b4c       $unwind$?ChWindowPaintMinimButton@@YAXPEAU_chwin_@@PEAU_global_ctrl_@@@Z 000000000060e94c     defaultwindow.obj
 0002:00000b58       $unwind$?ChWindowPaintTitlebar@@YAXPEAU_chwin_@@@Z 000000000060e958     defaultwindow.obj
 0002:00000b64       $unwind$?ChWindowPaintMainActivity@@YAXPEAU_chwin_@@@Z 000000000060e964     defaultwindow.obj
 0002:00000b70       $unwind$?ChDefaultWinPaint@@YAXPEAU_chwin_@@@Z 000000000060e970     defaultwindow.obj
 0002:00000b7c       $unwind$?ChDefaultPopupWinPaint@@YAXPEAU_popup_win_@@PEAU_chwin_@@@Z 000000000060e97c     defaultwindow.obj
 0002:00000b88       $unwind$ChCreateIcon       000000000060e988     icon.obj
 0002:00000b94       $unwind$ChIconOpen         000000000060e994     icon.obj
 0002:00000ba0       $unwind$ChIconRead         000000000060e9a0     icon.obj
 0002:00000bac       $unwind$ChDrawIcon         000000000060e9ac     icon.obj
 0002:00000bb8       $unwind$ChDrawIconClipped  000000000060e9b8     icon.obj
 0002:00000bc4       $unwind$?ChInitialiseDefaultIcons@@YAXXZ 000000000060e9c4     icon.obj
 0002:00000bd0       $unwind$ChIconGetSystemIcon 000000000060e9d0     icon.obj
 0002:00000bdc       $unwind$initialize_list    000000000060e9dc     list.obj
 0002:00000be8       $unwind$list_add           000000000060e9e8     list.obj
 0002:00000bf4       $unwind$list_remove        000000000060e9f4     list.obj
 0002:00000c00       $unwind$list_get_at        000000000060ea00     list.obj
 0002:00000c0c       $unwind$list_clear_all     000000000060ea0c     list.obj
 0002:00000c18       $unwind$ChCreatePopupMenu  000000000060ea18     menu.obj
 0002:00000c24       $unwind$ChCreateMenuItem   000000000060ea24     menu.obj
 0002:00000c30       $unwind$ChMenuShow         000000000060ea30     menu.obj
 0002:00000c3c       $unwind$ChMenuHide         000000000060ea3c     menu.obj
 0002:00000c48       $unwind$?ChPopupMenuMouseEvent@@YAXPEAU_ChWidget_@@PEAU_chwin_@@HHH@Z 000000000060ea48     menu.obj
 0002:00000c54       $unwind$?ChPopupMenuDestroy@@YAXPEAU_ChWidget_@@PEAU_chwin_@@@Z 000000000060ea54     menu.obj
 0002:00000c60       $unwind$?ChMenuItemDestroy@@YAXPEAU_ChWidget_@@PEAU_chwin_@@@Z 000000000060ea60     menu.obj
 0002:00000c6c       $unwind$?ChMenuRecalculateDimensions@@YAXPEAU_popup_menu_@@@Z 000000000060ea6c     menu.obj
 0002:00000c78       $unwind$ChCreateMenubar    000000000060ea78     menubar.obj
 0002:00000c84       $unwind$ChCreateMenubutton 000000000060ea84     menubar.obj
 0002:00000c90       $unwind$ChMenubarAddButton 000000000060ea90     menubar.obj
 0002:00000c9c       $unwind$ChMenuButtonAddMenu 000000000060ea9c     menubar.obj
 0002:00000ca8       $unwind$?ChMenubarDestroy@@YAXPEAU_ChWidget_@@PEAU_chwin_@@@Z 000000000060eaa8     menubar.obj
 0002:00000cb4       $unwind$?ChMenubarMouseEvent@@YAXPEAU_ChWidget_@@PEAU_chwin_@@HHH@Z 000000000060eab4     menubar.obj
 0002:00000cc0       $unwind$?ChMenuButtonDestroy@@YAXPEAU_ChWidget_@@PEAU_chwin_@@@Z 000000000060eac0     menubar.obj
 0002:00000ccc       $unwind$ChCreateMessageBox 000000000060eacc     msgbox.obj
 0002:00000cd8       $unwind$ChMessageBoxShow   000000000060ead8     msgbox.obj
 0002:00000ce4       $unwind$?ChMessageBoxDestroy@@YAXPEAU_ChWidget_@@PEAU_chwin_@@@Z 000000000060eae4     msgbox.obj
 0002:00000cf0       $unwind$?ChMessageBoxPaint@@YAXPEAU_ChWidget_@@PEAU_chwin_@@@Z 000000000060eaf0     msgbox.obj
 0002:00000cfc       $unwind$?ChMessageBoxClose@@YAXPEAU_chwin_@@PEAU_global_ctrl_@@@Z 000000000060eafc     msgbox.obj
 0002:00000d08       $unwind$?ChMessageBoxPrepareButtons@@YAXPEAU_chwin_@@PEAU_msgbox_@@E@Z 000000000060eb08     msgbox.obj
 0002:00000d14       $unwind$ChCreateProgressBar 000000000060eb14     progress.obj
 0002:00000d20       $unwind$ChProgressBarSetMax 000000000060eb20     progress.obj
 0002:00000d2c       $unwind$ChProgressBarSetMin 000000000060eb2c     progress.obj
 0002:00000d38       $unwind$ChProgressBarGetMax 000000000060eb38     progress.obj
 0002:00000d44       $unwind$ChProgressBarGetMin 000000000060eb44     progress.obj
 0002:00000d50       $unwind$ChProgressBarSetValue 000000000060eb50     progress.obj
 0002:00000d5c       $unwind$?ChProgressBarDestroy@@YAXPEAU_ChWidget_@@PEAU_chwin_@@@Z 000000000060eb5c     progress.obj
 0002:00000d68       $unwind$ChCreateScrollPane 000000000060eb68     scrollpane.obj
 0002:00000d74       $unwind$ChScrollUpdateVerticalScroll 000000000060eb74     scrollpane.obj
 0002:00000d80       $unwind$ChScrollUpdateHorizontalScroll 000000000060eb80     scrollpane.obj
 0002:00000d8c       $unwind$?ChDefaultScrollPaneMouseEvent@@YAXPEAU_ChWidget_@@PEAU_chwin_@@HHH@Z 000000000060eb8c     scrollpane.obj
 0002:00000d98       $unwind$?ChScrollpaneDestroy@@YAXPEAU_ChWidget_@@PEAU_chwin_@@@Z 000000000060eb98     scrollpane.obj
 0002:00000da4       $unwind$ChCreateSlider     000000000060eba4     slider.obj
 0002:00000db0       $unwind$ChSliderSetStepSize 000000000060ebb0     slider.obj
 0002:00000dbc       $unwind$ChSliderGetStepSize 000000000060ebbc     slider.obj
 0002:00000dc8       $unwind$ChSliderGetCurrentValue 000000000060ebc8     slider.obj
 0002:00000dd4       $unwind$ChSliderSetValue   000000000060ebd4     slider.obj
 0002:00000de0       $unwind$ChSliderSetMax     000000000060ebe0     slider.obj
 0002:00000dec       $unwind$ChSliderGetMax     000000000060ebec     slider.obj
 0002:00000df8       $unwind$ChSliderSetMin     000000000060ebf8     slider.obj
 0002:00000e04       $unwind$ChSliderGetMin     000000000060ec04     slider.obj
 0002:00000e10       $unwind$?ChSliderDestroy@@YAXPEAU_ChWidget_@@PEAU_chwin_@@@Z 000000000060ec10     slider.obj
 0002:00000e1c       $unwind$?ChSliderMouseEvent@@YAXPEAU_ChWidget_@@PEAU_chwin_@@HHH@Z 000000000060ec1c     slider.obj
 0002:00000e28       $unwind$ChCreateListView   000000000060ec28     view.obj
 0002:00000e34       $unwind$ChListViewSetScrollpane 000000000060ec34     view.obj
 0002:00000e40       $unwind$ChListViewAddItem  000000000060ec40     view.obj
 0002:00000e4c       $unwind$ChListViewSetListItemIcon 000000000060ec4c     view.obj
 0002:00000e58       $unwind$ChListViewClear    000000000060ec58     view.obj
 0002:00000e64       $unwind$ChListViewRepaint  000000000060ec64     view.obj
 0002:00000e70       $unwind$ChListViewGetSelectedItem 000000000060ec70     view.obj
 0002:00000e7c       $unwind$?ChListViewMouseEvent@@YAXPEAU_ChWidget_@@PEAU_chwin_@@HHH@Z 000000000060ec7c     view.obj
 0002:00000e88       $unwind$?ChListViewScrollEvent@@YAXPEAU_ChWidget_@@PEAU_chwin_@@HE@Z 000000000060ec88     view.obj
 0002:00000e94       $unwind$?ChListViewDestroy@@YAXPEAU_ChWidget_@@PEAU_chwin_@@@Z 000000000060ec94     view.obj
 0002:00000ea0       $unwind$ChCreateWindow     000000000060eca0     window.obj
 0002:00000eac       $unwind$ChWindowAddSubWindow 000000000060ecac     window.obj
 0002:00000eb8       $unwind$ChWindowBroadcastIcon 000000000060ecb8     window.obj
 0002:00000ec4       $unwind$ChWindowPaint      000000000060ecc4     window.obj
 0002:00000ed0       $unwind$ChWindowUpdate     000000000060ecd0     window.obj
 0002:00000edc       $unwind$ChWindowHide       000000000060ecdc     window.obj
 0002:00000ee8       $unwind$ChGetWindowHandle  000000000060ece8     window.obj
 0002:00000ef4       $unwind$ChWindowHandleMouse 000000000060ecf4     window.obj
 0002:00000f00       $unwind$ChWindowHandleFocus 000000000060ed00     window.obj
 0002:00000f0c       $unwind$ChWindowGetBackgroundColor 000000000060ed0c     window.obj
 0002:00000f18       $unwind$ChWindowAddWidget  000000000060ed18     window.obj
 0002:00000f24       $unwind$ChGetWindowByHandle 000000000060ed24     window.obj
 0002:00000f30       $unwind$ChGetPopupWindowByHandle 000000000060ed30     window.obj
 0002:00000f3c       $unwind$ChPopupWindowHandleMouse 000000000060ed3c     window.obj
 0002:00000f48       $unwind$ChWindowSetFlags   000000000060ed48     window.obj
 0002:00000f54       $unwind$ChWindowRegisterJump 000000000060ed54     window.obj
 0002:00000f60       $unwind$ChWindowCloseWindow 000000000060ed60     window.obj
 0002:00000f6c       $unwind$ChCreatePopupWindow 000000000060ed6c     window.obj
 0002:00000f78       $unwind$ChPopupWindowUpdate 000000000060ed78     window.obj
 0002:00000f84       $unwind$ChPopupWindowShow  000000000060ed84     window.obj
 0002:00000f90       $unwind$ChPopupWindowUpdateLocation 000000000060ed90     window.obj
 0002:00000f9c       $unwind$ChPopupWindowHide  000000000060ed9c     window.obj
 0002:00000fa8       $unwind$?ChRequestWindow@@YAXPEAU_ChApp_@@HHHHPEADE@Z 000000000060eda8     window.obj
 0002:00000fb4       $unwind$?ChGlobalCtlMouseHandler@@YAXPEAU_chwin_@@PEAU_global_ctrl_@@HHH@Z 000000000060edb4     window.obj
 0002:00000fc0       $unwind$ChCreateGlobalButton 000000000060edc0     window.obj
 0002:00000fcc       $unwind$?ChGlobalCloseAction@@YAXPEAU_chwin_@@PEAU_global_ctrl_@@@Z 000000000060edcc     window.obj
 0002:00000fd8       $unwind$?ChFreeWindowResources@@YAXPEAU_chwin_@@@Z 000000000060edd8     window.obj
 0002:00000fe4       $unwind$?ChPopupMouseEvent@@YAXPEAU_ChWidget_@@PEAU_chwin_@@HHH@Z 000000000060ede4     window.obj
 0003:00000010       ?_kkybrd_scancode_std@@3PAHA 000000000060ee10     keycode.obj
 0005:00000000       __A7BD3331_audio@cpp       000000000060fa00     audio.obj
 0005:00000001       __68C32391_boxblur@cpp     000000000060fa01     boxblur.obj
 0005:00000002       __FC5709EE_chitralekha@cpp 000000000060fa02     chitralekha.obj
 0005:00000003       __D7512CA1_color@cpp       000000000060fa03     color.obj
 0005:00000004       __244A9B00_draw@cpp        000000000060fa04     draw.obj
 0005:00000005       __D690A976_font@cpp        000000000060fa05     font.obj
 0005:00000006       __F4DF1931_keycode@cpp     000000000060fa06     keycode.obj
 0005:00000007       __F9184CDB_utf@h           000000000060fa07     ttf.obj
 0005:00000008       __52371A69_ttf@cpp         000000000060fa08     ttf.obj
 0005:00000009       __4D73331B_base@cpp        000000000060fa09     base.obj
 0005:0000000a       __5ABA1AEB_button@cpp      000000000060fa0a     button.obj
 0005:0000000b       __1E8161E5_defaultmenu@cpp 000000000060fa0b     defaultmenu.obj
 0005:0000000c       __C9BBAE68_defaultprogressbar@cpp 000000000060fa0c     defaultprogressbar.obj
 0005:0000000d       __857FADE3_defaultscrollbar@cpp 000000000060fa0d     defaultscrollbar.obj
 0005:0000000e       __3583F86A_defaultslider@cpp 000000000060fa0e     defaultslider.obj
 0005:0000000f       __01134C0B_defaultviews@cpp 000000000060fa0f     defaultviews.obj
 0005:00000010       __1541B850_defaultwindow@cpp 000000000060fa10     defaultwindow.obj
 0005:00000011       __8442CD95_icon@cpp        000000000060fa11     icon.obj
 0005:00000012       __3696D17C_list@cpp        000000000060fa12     list.obj
 0005:00000013       __BFB48363_menu@cpp        000000000060fa13     menu.obj
 0005:00000014       __3CE9219F_menubar@cpp     000000000060fa14     menubar.obj
 0005:00000015       __C131C5F2_msgbox@cpp      000000000060fa15     msgbox.obj
 0005:00000016       __BC327A75_progress@cpp    000000000060fa16     progress.obj
 0005:00000017       __FE86E1CA_scrollpane@cpp  000000000060fa17     scrollpane.obj
 0005:00000018       __165EE5C6_slider@cpp      000000000060fa18     slider.obj
 0005:00000019       __49C267C9_view@cpp        000000000060fa19     view.obj
 0005:0000001a       __369CA5FC_window@cpp      000000000060fa1a     window.obj
 0006:00000000       .edata                     000000000060fc00     chlkha.exp
 0006:00000028       rgpv                       000000000060fc28     chlkha.exp
 0006:0000020c       rgszName                   000000000060fe0c     chlkha.exp
 0006:000003f0       rgwOrd                     000000000060fff0     chlkha.exp
 0006:000004e2       szName                     00000000006100e2     chlkha.exp
 0006:000004ed       $N00001                    00000000006100ed     chlkha.exp
 0006:000004fe       $N00002                    00000000006100fe     chlkha.exp
 0006:00000508       $N00003                    0000000000610108     chlkha.exp
 0006:00000515       $N00004                    0000000000610115     chlkha.exp
 0006:0000052a       $N00005                    000000000061012a     chlkha.exp
 0006:0000053c       $N00006                    000000000061013c     chlkha.exp
 0006:0000054f       $N00007                    000000000061014f     chlkha.exp
 0006:0000056d       $N00008                    000000000061016d     chlkha.exp
 0006:00000589       $N00009                    0000000000610189     chlkha.exp
 0006:00000598       $N00010                    0000000000610198     chlkha.exp
 0006:000005a7       $N00011                    00000000006101a7     chlkha.exp
 0006:000005bc       $N00012                    00000000006101bc     chlkha.exp
 0006:000005c9       $N00013                    00000000006101c9     chlkha.exp
 0006:000005da       $N00014                    00000000006101da     chlkha.exp
 0006:000005eb       $N00015                    00000000006101eb     chlkha.exp
 0006:000005fb       $N00016                    00000000006101fb     chlkha.exp
 0006:0000060e       $N00017                    000000000061020e     chlkha.exp
 0006:00000621       $N00018                    0000000000610221     chlkha.exp
 0006:00000633       $N00019                    0000000000610233     chlkha.exp
 0006:00000647       $N00020                    0000000000610247     chlkha.exp
 0006:0000065b       $N00021                    000000000061025b     chlkha.exp
 0006:0000066e       $N00022                    000000000061026e     chlkha.exp
 0006:0000067d       $N00023                    000000000061027d     chlkha.exp
 0006:0000068c       $N00024                    000000000061028c     chlkha.exp
 0006:0000069f       $N00025                    000000000061029f     chlkha.exp
 0006:000006b4       $N00026                    00000000006102b4     chlkha.exp
 0006:000006c7       $N00027                    00000000006102c7     chlkha.exp
 0006:000006dc       $N00028                    00000000006102dc     chlkha.exp
 0006:000006e7       $N00029                    00000000006102e7     chlkha.exp
 0006:000006f9       $N00030                    00000000006102f9     chlkha.exp
 0006:00000704       $N00031                    0000000000610304     chlkha.exp
 0006:00000710       $N00032                    0000000000610310     chlkha.exp
 0006:0000071b       $N00033                    000000000061031b     chlkha.exp
 0006:0000072d       $N00034                    000000000061032d     chlkha.exp
 0006:00000740       $N00035                    0000000000610340     chlkha.exp
 0006:0000075a       $N00036                    000000000061035a     chlkha.exp
 0006:0000076d       $N00037                    000000000061036d     chlkha.exp
 0006:00000779       $N00038                    0000000000610379     chlkha.exp
 0006:00000788       $N00039                    0000000000610388     chlkha.exp
 0006:00000797       $N00040                    0000000000610397     chlkha.exp
 0006:000007ad       $N00041                    00000000006103ad     chlkha.exp
 0006:000007bd       $N00042                    00000000006103bd     chlkha.exp
 0006:000007d1       $N00043                    00000000006103d1     chlkha.exp
 0006:000007e0       $N00044                    00000000006103e0     chlkha.exp
 0006:000007f3       $N00045                    00000000006103f3     chlkha.exp
 0006:00000801       $N00046                    0000000000610401     chlkha.exp
 0006:0000080c       $N00047                    000000000061040c     chlkha.exp
 0006:00000825       $N00048                    0000000000610425     chlkha.exp
 0006:0000083c       $N00049                    000000000061043c     chlkha.exp
 0006:0000084b       $N00050                    000000000061044b     chlkha.exp
 0006:0000085f       $N00051                    000000000061045f     chlkha.exp
 0006:00000873       $N00052                    0000000000610473     chlkha.exp
 0006:00000885       $N00053                    0000000000610485     chlkha.exp
 0006:00000899       $N00054                    0000000000610499     chlkha.exp
 0006:000008a4       $N00055                    00000000006104a4     chlkha.exp
 0006:000008af       $N00056                    00000000006104af     chlkha.exp
 0006:000008c0       $N00057                    00000000006104c0     chlkha.exp
 0006:000008d2       $N00058                    00000000006104d2     chlkha.exp
 0006:000008e2       $N00059                    00000000006104e2     chlkha.exp
 0006:000008fc       $N00060                    00000000006104fc     chlkha.exp
 0006:0000090e       $N00061                    000000000061050e     chlkha.exp
 0006:00000928       $N00062                    0000000000610528     chlkha.exp
 0006:00000940       $N00063                    0000000000610540     chlkha.exp
 0006:00000954       $N00064                    0000000000610554     chlkha.exp
 0006:0000095f       $N00065                    000000000061055f     chlkha.exp
 0006:0000096a       $N00066                    000000000061056a     chlkha.exp
 0006:0000097d       $N00067                    000000000061057d     chlkha.exp
 0006:0000098e       $N00068                    000000000061058e     chlkha.exp
 0006:000009a7       $N00069                    00000000006105a7     chlkha.exp
 0006:000009b9       $N00070                    00000000006105b9     chlkha.exp
 0006:000009cb       $N00071                    00000000006105cb     chlkha.exp
 0006:000009df       $N00072                    00000000006105df     chlkha.exp
 0006:000009fb       $N00073                    00000000006105fb     chlkha.exp
 0006:00000a0a       $N00074                    000000000061060a     chlkha.exp
 0006:00000a1e       $N00075                    000000000061061e     chlkha.exp
 0006:00000a32       $N00076                    0000000000610632     chlkha.exp
 0006:00000a46       $N00077                    0000000000610646     chlkha.exp
 0006:00000a5a       $N00078                    000000000061065a     chlkha.exp
 0006:00000a70       $N00079                    0000000000610670     chlkha.exp
 0006:00000a8f       $N00080                    000000000061068f     chlkha.exp
 0006:00000aac       $N00081                    00000000006106ac     chlkha.exp
 0006:00000ac4       $N00082                    00000000006106c4     chlkha.exp
 0006:00000ad3       $N00083                    00000000006106d3     chlkha.exp
 0006:00000ae2       $N00084                    00000000006106e2     chlkha.exp
 0006:00000af6       $N00085                    00000000006106f6     chlkha.exp
 0006:00000b05       $N00086                    0000000000610705     chlkha.exp
 0006:00000b14       $N00087                    0000000000610714     chlkha.exp
 0006:00000b28       $N00088                    0000000000610728     chlkha.exp
 0006:00000b39       $N00089                    0000000000610739     chlkha.exp
 0006:00000b4e       $N00090                    000000000061074e     chlkha.exp
 0006:00000b60       $N00091                    0000000000610760     chlkha.exp
 0006:00000b76       $N00092                    0000000000610776     chlkha.exp
 0006:00000b8a       $N00093                    000000000061078a     chlkha.exp
 0006:00000ba5       $N00094                    00000000006107a5     chlkha.exp
 0006:00000bb9       $N00095                    00000000006107b9     chlkha.exp
 0006:00000bcd       $N00096                    00000000006107cd     chlkha.exp
 0006:00000bda       $N00097                    00000000006107da     chlkha.exp
 0006:00000be8       $N00098                    00000000006107e8     chlkha.exp
 0006:00000bfd       $N00099                    00000000006107fd     chlkha.exp
 0006:00000c0e       $N00100                    000000000061080e     chlkha.exp
 0006:00000c1d       $N00101                    000000000061081d     chlkha.exp
 0006:00000c2f       $N00102                    000000000061082f     chlkha.exp
 0006:00000c46       $N00103                    0000000000610846     chlkha.exp
 0006:00000c5b       $N00104                    000000000061085b     chlkha.exp
 0006:00000c71       $N00105                    0000000000610871     chlkha.exp
 0006:00000c88       $N00106                    0000000000610888     chlkha.exp
 0006:00000c9d       $N00107                    000000000061089d     chlkha.exp
 0006:00000cb3       $N00108                    00000000006108b3     chlkha.exp
 0006:00000cca       $N00109                    00000000006108ca     chlkha.exp
 0006:00000ce0       $N00110                    00000000006108e0     chlkha.exp
 0006:00000cf6       $N00111                    00000000006108f6     chlkha.exp
 0006:00000d0a       $N00112                    000000000061090a     chlkha.exp
 0006:00000d21       $N00113                    0000000000610921     chlkha.exp
 0006:00000d3d       $N00114                    000000000061093d     chlkha.exp
 0006:00000d58       $N00115                    0000000000610958     chlkha.exp
 0006:00000d6a       $N00116                    000000000061096a     chlkha.exp
 0006:00000d70       $N00117                    0000000000610970     chlkha.exp
 0006:00000d80       $N00118                    0000000000610980     chlkha.exp
 0006:00000d89       $N00119                    0000000000610989     chlkha.exp
 0006:00000d98       $N00120                    0000000000610998     chlkha.exp
 0006:00000da4       $N00121                    00000000006109a4     chlkha.exp
 0007:00000340       .idata$6                   0000000000610d40     XEClib:XEClib.dll
 0007:000003de       .idata$6                   0000000000610dde     ftype:ftype.dll

 Exports

  ordinal    name

        1    ChAllocateBuffer
        2    ChBoxBlur
        3    ChCanvasFill
        4    ChCanvasScreenUpdate
        5    ChColorAlphaBlend
        6    ChColorAlphaBlend2
        7    ChColorDrawHorizontalGradient
        8    ChColorDrawVerticalGradient
        9    ChCreateButton
       10    ChCreateCanvas
       11    ChCreateGlobalButton
       12    ChCreateIcon
       13    ChCreateListView
       14    ChCreateMenuItem
       15    ChCreateMenubar
       16    ChCreateMenubutton
       17    ChCreateMessageBox
       18    ChCreatePopupMenu
       19    ChCreatePopupWindow
       20    ChCreateProgressBar
       21    ChCreateScrollPane
       22    ChCreateSlider
       23    ChCreateWindow
       24    ChDeAllocateBuffer
       25    ChDrawCircleUnfilled
       26    ChDrawFilledCircle
       27    ChDrawHorizontalLine
       28    ChDrawIcon
       29    ChDrawIconClipped
       30    ChDrawLine
       31    ChDrawPixel
       32    ChDrawRect
       33    ChDrawRectClipped
       34    ChDrawRectUnfilled
       35    ChDrawRectUnfilledClipped
       36    ChDrawVerticalLine
       37    ChFontClose
       38    ChFontDrawChar
       39    ChFontDrawText
       40    ChFontDrawTextClipped
       41    ChFontGetHeight
       42    ChFontGetHeightChar
       43    ChFontGetWidth
       44    ChFontGetWidthChar
       45    ChFontSetSize
       46    ChGetPixel
       47    ChGetPopupWindowByHandle
       48    ChGetScreenAspectRatio
       49    ChGetScreenDPI
       50    ChGetScreenDiagonal
       51    ChGetWindowByHandle
       52    ChGetWindowHandle
       53    ChIconGetSystemIcon
       54    ChIconOpen
       55    ChIconRead
       56    ChInitialiseFont
       57    ChListViewAddItem
       58    ChListViewClear
       59    ChListViewGetSelectedItem
       60    ChListViewRepaint
       61    ChListViewSetListItemIcon
       62    ChListViewSetScrollpane
       63    ChMenuButtonAddMenu
       64    ChMenuHide
       65    ChMenuShow
       66    ChMenubarAddButton
       67    ChMessageBoxShow
       68    ChPopupWindowHandleMouse
       69    ChPopupWindowHide
       70    ChPopupWindowShow
       71    ChPopupWindowUpdate
       72    ChPopupWindowUpdateLocation
       73    ChPrintLibName
       74    ChProgressBarGetMax
       75    ChProgressBarGetMin
       76    ChProgressBarSetMax
       77    ChProgressBarSetMin
       78    ChProgressBarSetValue
       79    ChScrollUpdateHorizontalScroll
       80    ChScrollUpdateVerticalScroll
       81    ChSliderGetCurrentValue
       82    ChSliderGetMax
       83    ChSliderGetMin
       84    ChSliderGetStepSize
       85    ChSliderSetMax
       86    ChSliderSetMin
       87    ChSliderSetStepSize
       88    ChSliderSetValue
       89    ChWindowAddSubWindow
       90    ChWindowAddWidget
       91    ChWindowBroadcastIcon
       92    ChWindowCloseWindow
       93    ChWindowGetBackgroundColor
       94    ChWindowHandleFocus
       95    ChWindowHandleMouse
       96    ChWindowHide
       97    ChWindowPaint
       98    ChWindowRegisterJump
       99    ChWindowSetFlags
      100    ChWindowUpdate
      101    ChitralekhaGetApp
      102    ChitralekhaGetKeyPress
      103    ChitralekhaKeyGetAlt
      104    ChitralekhaKeyGetCTRL
      105    ChitralekhaKeyGetShift
      106    ChitralekhaKeySetAlt
      107    ChitralekhaKeySetCtrl
      108    ChitralekhaKeySetShift
      109    ChitralekhaKeyToASCII
      110    ChitralekhaProcessKey
      111    ChitralekhaStartApp
      112    ChitralekhaStartSubApp
      113    DeodhaiAudioCloseConnection
      114    DeodhaiAudioOpenConnection
      115    DeodhaiAudioWrite
      116    clamp
      117    initialize_list
      118    list_add
      119    list_clear_all
      120    list_get_at
      121    list_remove
