 file

 Timestamp is 668fba86 (Thu Jul 11 16:27:10 2024)

 Preferred load address is 0000000000600000

 Start         Length     Name                   Class
 0001:00000000 00000020H .text                   CODE
 0001:00000020 00001fd8H .text$mn                CODE
 0002:00000000 00000220H .idata$5                DATA
 0002:00000220 000001c0H .rdata                  DATA
 0002:000003e0 00000028H .rdata$voltmd           DATA
 0002:00000408 00000120H .rdata$zzzdbg           DATA
 0002:00000528 00000120H .xdata                  DATA
 0003:00000000 00000010H .data                   DATA
 0003:00000010 00000098H .bss                    DATA
 0004:00000000 00000120H .pdata                  DATA
 0005:00000000 00000003H .msvcjmc                DATA
 0006:00000000 00000028H .idata$2                DATA
 0006:00000028 00000018H .idata$3                DATA
 0006:00000040 00000220H .idata$4                DATA
 0006:00000260 000004dcH .idata$6                DATA

  Address         Publics by Value              Rva+Base               Lib:Object

 0000:00000000       __guard_fids_table         0000000000000000     <absolute>
 0000:00000000       __guard_fids_count         0000000000000000     <absolute>
 0000:00000000       __x64_code_ranges_to_entry_points 0000000000000000     <absolute>
 0000:00000000       __hybrid_auxiliary_iat     0000000000000000     <absolute>
 0000:00000000       __hybrid_code_map_count    0000000000000000     <absolute>
 0000:00000000       __arm64x_redirection_metadata 0000000000000000     <absolute>
 0000:00000000       __arm64x_native_entrypoint 0000000000000000     <absolute>
 0000:00000000       __guard_eh_cont_table      0000000000000000     <absolute>
 0000:00000000       __arm64x_extra_rfe_table   0000000000000000     <absolute>
 0000:00000000       __enclave_config           0000000000000000     <absolute>
 0000:00000000       __arm64x_redirection_metadata_count 0000000000000000     <absolute>
 0000:00000000       __x64_code_ranges_to_entry_points_count 0000000000000000     <absolute>
 0000:00000000       __guard_eh_cont_count      0000000000000000     <absolute>
 0000:00000000       __guard_flags              0000000000000000     <absolute>
 0000:00000000       __AbsoluteZero             0000000000000000     <absolute>
 0000:00000000       __hybrid_code_map          0000000000000000     <absolute>
 0000:00000000       __arm64x_extra_rfe_table_size 0000000000000000     <absolute>
 0000:00000000       ___safe_se_handler_table   0000000000000000     <absolute>
 0000:00000000       __guard_iat_table          0000000000000000     <absolute>
 0000:00000000       __guard_iat_count          0000000000000000     <absolute>
 0000:00000000       __guard_longjmp_count      0000000000000000     <absolute>
 0000:00000000       __dynamic_value_reloc_table 0000000000000000     <absolute>
 0000:00000000       __hybrid_auxiliary_iat_copy 0000000000000000     <absolute>
 0000:00000000       __guard_longjmp_table      0000000000000000     <absolute>
 0000:00000000       __guard_check_icall_a64n_fptr 0000000000000000     <absolute>
 0000:00000000       ___safe_se_handler_count   0000000000000000     <absolute>
 0001:00000000       __chkstk                   0000000000600400     xecrt:crt0.obj
 0001:00000001       _xemain                    0000000000600401     xecrt:crt0.obj
 0001:00000020       ?AboutClicked@@YAXPEAU_ChWidget_@@PEAU_chwin_@@@Z 0000000000600420 f   main.obj
 0001:00000080       ?BackbutClicked@@YAXPEAU_ChWidget_@@PEAU_chwin_@@@Z 0000000000600480 f   main.obj
 0001:00000200       ?DirListItemAction@@YAXPEAU_list_view_@@PEAU_list_item_@@@Z 0000000000600600 f   main.obj
 0001:00000360       ?EnterClicked@@YAXPEAU_ChWidget_@@PEAU_chwin_@@@Z 0000000000600760 f   main.obj
 0001:000004e0       ?ExitItemClicked@@YAXPEAU_ChWidget_@@PEAU_chwin_@@@Z 00000000006008e0 f   main.obj
 0001:00000520       ?FileAddressBarDestroy@@YAXPEAU_ChWidget_@@PEAU_chwin_@@@Z 0000000000600920 f   main.obj
 0001:00000550       ?FileAddressBarMouseEvent@@YAXPEAU_ChWidget_@@PEAU_chwin_@@HHH@Z 0000000000600950 f   main.obj
 0001:00000660       ?FileAddressBarPaintHandler@@YAXPEAU_ChWidget_@@PEAU_chwin_@@@Z 0000000000600a60 f   main.obj
 0001:00000800       ?FileAddressBarRepaint@@YAXPEAU_address_bar_@@@Z 0000000000600c00 f   main.obj
 0001:00000870       ?FileCreateAddressBar@@YAPEAU_address_bar_@@HHHH@Z 0000000000600c70 f   main.obj
 0001:00000920       ?M2_2Clicked@@YAXPEAU_ChWidget_@@PEAU_chwin_@@@Z 0000000000600d20 f   main.obj
 0001:000009a0       ?PrintParentDir@@YAXPEAD@Z 0000000000600da0 f   main.obj
 0001:00000b20       ?RefreshFileView@@YAXHPEAU_list_view_@@@Z 0000000000600f20 f   main.obj
 0001:00000d40       ?WindowHandleMessage@@YAXPEAU_post_event_@@@Z 0000000000601140 f   main.obj
 0001:00000ed0       __CheckForDebuggerJustMyCode 00000000006012d0 f i main.obj
 0001:00000ed0       __JustMyCode_Default       00000000006012d0 f i main.obj
 0001:00000ee0       main                       00000000006012e0 f   main.obj
 0001:00001680       ?FileManageCreatePartitionButton@@YAPEAU_partition_button_@@PEAU_partitionList_@@@Z 0000000000601a80 f   partition.obj
 0001:00001740       ?FileManagerCreatePartitionList@@YAPEAU_partitionList_@@HHHH@Z 0000000000601b40 f   partition.obj
 0001:00001800       ?FileManagerPartitionButtonPaintHandler@@YAXPEAU_ChWidget_@@PEAU_chwin_@@@Z 0000000000601c00 f   partition.obj
 0001:00001b30       ?FileManagerPartitionListMouseEvent@@YAXPEAU_ChWidget_@@PEAU_chwin_@@HHH@Z 0000000000601f30 f   partition.obj
 0001:00001cf0       ?FileManagerPartitionListPaintHandler@@YAXPEAU_ChWidget_@@PEAU_chwin_@@@Z 00000000006020f0 f   partition.obj
 0001:00001da7       _KePrint                   00000000006021a7 f   XEClib:XEClib.dll
 0001:00001dad       printf                     00000000006021ad f   XEClib:XEClib.dll
 0001:00001db3       _KePauseThread             00000000006021b3 f   XEClib:XEClib.dll
 0001:00001db9       _KeCreateProcess           00000000006021b9 f   XEClib:XEClib.dll
 0001:00001dbf       _KeProcessLoadExec         00000000006021bf f   XEClib:XEClib.dll
 0001:00001dc5       _KeProcessSleep            00000000006021c5 f   XEClib:XEClib.dll
 0001:00001dcb       _KeCloseFile               00000000006021cb f   XEClib:XEClib.dll
 0001:00001dd1       _KeFileIoControl           00000000006021d1 f   XEClib:XEClib.dll
 0001:00001dd7       _KeOpenDir                 00000000006021d7 f   XEClib:XEClib.dll
 0001:00001ddd       _KeReadDir                 00000000006021dd f   XEClib:XEClib.dll
 0001:00001de3       _KeGetStorageDiskInfo      00000000006021e3 f   XEClib:XEClib.dll
 0001:00001de9       _KeGetStoragePartitionInfo 00000000006021e9 f   XEClib:XEClib.dll
 0001:00001def       strcmp                     00000000006021ef f   XEClib:XEClib.dll
 0001:00001df5       strcpy                     00000000006021f5 f   XEClib:XEClib.dll
 0001:00001dfb       strlen                     00000000006021fb f   XEClib:XEClib.dll
 0001:00001e01       memset                     0000000000602201 f   XEClib:XEClib.dll
 0001:00001e07       memcpy                     0000000000602207 f   XEClib:XEClib.dll
 0001:00001e0d       malloc                     000000000060220d f   XEClib:XEClib.dll
 0001:00001e13       free                       0000000000602213 f   XEClib:XEClib.dll
 0001:00001e19       setjmp                     0000000000602219 f   XEClib:XEClib.dll
 0001:00001e1f       longjmp                    000000000060221f f   XEClib:XEClib.dll
 0001:00001e30       ??2@YAPEAX_K@Z             0000000000602230 f   xecrt:crt.obj
 0001:00001e60       ??3@YAXPEAX@Z              0000000000602260 f   xecrt:crt.obj
 0001:00001e90       ??_U@YAPEAX_K@Z            0000000000602290 f   xecrt:crt.obj
 0001:00001ec0       ??_V@YAXPEAX@Z             00000000006022c0 f   xecrt:crt.obj
 0001:00001eea       ChDrawRect                 00000000006022ea f   chlkha:chlkha.dll
 0001:00001ef0       ChDrawRectUnfilled         00000000006022f0 f   chlkha:chlkha.dll
 0001:00001ef6       ChFontSetSize              00000000006022f6 f   chlkha:chlkha.dll
 0001:00001efc       ChFontDrawText             00000000006022fc f   chlkha:chlkha.dll
 0001:00001f02       ChitralekhaStartApp        0000000000602302 f   chlkha:chlkha.dll
 0001:00001f08       ChCreateWindow             0000000000602308 f   chlkha:chlkha.dll
 0001:00001f0e       ChWindowBroadcastIcon      000000000060230e f   chlkha:chlkha.dll
 0001:00001f14       ChWindowPaint              0000000000602314 f   chlkha:chlkha.dll
 0001:00001f1a       ChWindowUpdate             000000000060231a f   chlkha:chlkha.dll
 0001:00001f20       ChWindowHandleMouse        0000000000602320 f   chlkha:chlkha.dll
 0001:00001f26       ChWindowHandleFocus        0000000000602326 f   chlkha:chlkha.dll
 0001:00001f2c       ChWindowAddWidget          000000000060232c f   chlkha:chlkha.dll
 0001:00001f32       ChGetWindowByHandle        0000000000602332 f   chlkha:chlkha.dll
 0001:00001f38       ChGetPopupWindowByHandle   0000000000602338 f   chlkha:chlkha.dll
 0001:00001f3e       ChPopupWindowHandleMouse   000000000060233e f   chlkha:chlkha.dll
 0001:00001f44       ChWindowCloseWindow        0000000000602344 f   chlkha:chlkha.dll
 0001:00001f4a       ChCreateButton             000000000060234a f   chlkha:chlkha.dll
 0001:00001f50       ChCreateScrollPane         0000000000602350 f   chlkha:chlkha.dll
 0001:00001f56       ChitralekhaKeyToASCII      0000000000602356 f   chlkha:chlkha.dll
 0001:00001f5c       ChCreateIcon               000000000060235c f   chlkha:chlkha.dll
 0001:00001f62       ChIconOpen                 0000000000602362 f   chlkha:chlkha.dll
 0001:00001f68       ChIconRead                 0000000000602368 f   chlkha:chlkha.dll
 0001:00001f6e       ChCreateMessageBox         000000000060236e f   chlkha:chlkha.dll
 0001:00001f74       ChMessageBoxShow           0000000000602374 f   chlkha:chlkha.dll
 0001:00001f7a       ChCreateListView           000000000060237a f   chlkha:chlkha.dll
 0001:00001f80       ChListViewSetScrollpane    0000000000602380 f   chlkha:chlkha.dll
 0001:00001f86       ChListViewAddItem          0000000000602386 f   chlkha:chlkha.dll
 0001:00001f8c       ChListViewSetListItemIcon  000000000060238c f   chlkha:chlkha.dll
 0001:00001f92       ChListViewClear            0000000000602392 f   chlkha:chlkha.dll
 0001:00001f98       ChListViewRepaint          0000000000602398 f   chlkha:chlkha.dll
 0001:00001f9e       ChListViewGetSelectedItem  000000000060239e f   chlkha:chlkha.dll
 0001:00001fa4       ChCreatePopupMenu          00000000006023a4 f   chlkha:chlkha.dll
 0001:00001faa       ChCreateMenuItem           00000000006023aa f   chlkha:chlkha.dll
 0001:00001fb0       ChCreateMenubar            00000000006023b0 f   chlkha:chlkha.dll
 0001:00001fb6       ChCreateMenubutton         00000000006023b6 f   chlkha:chlkha.dll
 0001:00001fbc       ChMenubarAddButton         00000000006023bc f   chlkha:chlkha.dll
 0001:00001fc2       ChMenuButtonAddMenu        00000000006023c2 f   chlkha:chlkha.dll
 0001:00001fc8       ChColorDrawVerticalGradient 00000000006023c8 f   chlkha:chlkha.dll
 0001:00001fce       ChFontDrawTextClipped      00000000006023ce f   chlkha:chlkha.dll
 0001:00001fd4       ChFontGetWidth             00000000006023d4 f   chlkha:chlkha.dll
 0001:00001fda       initialize_list            00000000006023da f   chlkha:chlkha.dll
 0001:00001fe0       list_add                   00000000006023e0 f   chlkha:chlkha.dll
 0001:00001fe6       list_get_at                00000000006023e6 f   chlkha:chlkha.dll
 0001:00001fec       ChDrawIcon                 00000000006023ec f   chlkha:chlkha.dll
 0001:00001ff2       _KeProcessExit             00000000006023f2 f   XEClib:XEClib.dll
 0002:00000000       __imp__KePrint             0000000000602400     XEClib:XEClib.dll
 0002:00000008       __imp_printf               0000000000602408     XEClib:XEClib.dll
 0002:00000010       __imp__KePauseThread       0000000000602410     XEClib:XEClib.dll
 0002:00000018       __imp__KeCreateProcess     0000000000602418     XEClib:XEClib.dll
 0002:00000020       __imp__KeProcessLoadExec   0000000000602420     XEClib:XEClib.dll
 0002:00000028       __imp__KeProcessSleep      0000000000602428     XEClib:XEClib.dll
 0002:00000030       __imp__KeCloseFile         0000000000602430     XEClib:XEClib.dll
 0002:00000038       __imp__KeFileIoControl     0000000000602438     XEClib:XEClib.dll
 0002:00000040       __imp__KeOpenDir           0000000000602440     XEClib:XEClib.dll
 0002:00000048       __imp__KeReadDir           0000000000602448     XEClib:XEClib.dll
 0002:00000050       __imp__KeGetStorageDiskInfo 0000000000602450     XEClib:XEClib.dll
 0002:00000058       __imp__KeGetStoragePartitionInfo 0000000000602458     XEClib:XEClib.dll
 0002:00000060       __imp_strcmp               0000000000602460     XEClib:XEClib.dll
 0002:00000068       __imp_strcpy               0000000000602468     XEClib:XEClib.dll
 0002:00000070       __imp_strlen               0000000000602470     XEClib:XEClib.dll
 0002:00000078       __imp_memset               0000000000602478     XEClib:XEClib.dll
 0002:00000080       __imp_memcpy               0000000000602480     XEClib:XEClib.dll
 0002:00000088       __imp_malloc               0000000000602488     XEClib:XEClib.dll
 0002:00000090       __imp_free                 0000000000602490     XEClib:XEClib.dll
 0002:00000098       __imp_setjmp               0000000000602498     XEClib:XEClib.dll
 0002:000000a0       __imp_longjmp              00000000006024a0     XEClib:XEClib.dll
 0002:000000a8       __imp__KeProcessExit       00000000006024a8     XEClib:XEClib.dll
 0002:000000b0       \177XEClib_NULL_THUNK_DATA 00000000006024b0     XEClib:XEClib.dll
 0002:000000b8       __imp_ChDrawRectUnfilled   00000000006024b8     chlkha:chlkha.dll
 0002:000000c0       __imp_ChFontSetSize        00000000006024c0     chlkha:chlkha.dll
 0002:000000c8       __imp_ChFontDrawText       00000000006024c8     chlkha:chlkha.dll
 0002:000000d0       __imp_ChitralekhaStartApp  00000000006024d0     chlkha:chlkha.dll
 0002:000000d8       __imp_ChCreateWindow       00000000006024d8     chlkha:chlkha.dll
 0002:000000e0       __imp_ChWindowBroadcastIcon 00000000006024e0     chlkha:chlkha.dll
 0002:000000e8       __imp_ChWindowPaint        00000000006024e8     chlkha:chlkha.dll
 0002:000000f0       __imp_ChWindowUpdate       00000000006024f0     chlkha:chlkha.dll
 0002:000000f8       __imp_ChWindowHandleMouse  00000000006024f8     chlkha:chlkha.dll
 0002:00000100       __imp_ChWindowHandleFocus  0000000000602500     chlkha:chlkha.dll
 0002:00000108       __imp_ChWindowAddWidget    0000000000602508     chlkha:chlkha.dll
 0002:00000110       __imp_ChDrawRect           0000000000602510     chlkha:chlkha.dll
 0002:00000118       __imp_ChGetPopupWindowByHandle 0000000000602518     chlkha:chlkha.dll
 0002:00000120       __imp_ChPopupWindowHandleMouse 0000000000602520     chlkha:chlkha.dll
 0002:00000128       __imp_ChWindowCloseWindow  0000000000602528     chlkha:chlkha.dll
 0002:00000130       __imp_ChCreateButton       0000000000602530     chlkha:chlkha.dll
 0002:00000138       __imp_ChCreateScrollPane   0000000000602538     chlkha:chlkha.dll
 0002:00000140       __imp_ChitralekhaKeyToASCII 0000000000602540     chlkha:chlkha.dll
 0002:00000148       __imp_ChCreateIcon         0000000000602548     chlkha:chlkha.dll
 0002:00000150       __imp_ChIconOpen           0000000000602550     chlkha:chlkha.dll
 0002:00000158       __imp_ChIconRead           0000000000602558     chlkha:chlkha.dll
 0002:00000160       __imp_ChCreateMessageBox   0000000000602560     chlkha:chlkha.dll
 0002:00000168       __imp_ChMessageBoxShow     0000000000602568     chlkha:chlkha.dll
 0002:00000170       __imp_ChCreateListView     0000000000602570     chlkha:chlkha.dll
 0002:00000178       __imp_ChListViewSetScrollpane 0000000000602578     chlkha:chlkha.dll
 0002:00000180       __imp_ChListViewAddItem    0000000000602580     chlkha:chlkha.dll
 0002:00000188       __imp_ChListViewSetListItemIcon 0000000000602588     chlkha:chlkha.dll
 0002:00000190       __imp_ChListViewClear      0000000000602590     chlkha:chlkha.dll
 0002:00000198       __imp_ChListViewRepaint    0000000000602598     chlkha:chlkha.dll
 0002:000001a0       __imp_ChListViewGetSelectedItem 00000000006025a0     chlkha:chlkha.dll
 0002:000001a8       __imp_ChCreatePopupMenu    00000000006025a8     chlkha:chlkha.dll
 0002:000001b0       __imp_ChCreateMenuItem     00000000006025b0     chlkha:chlkha.dll
 0002:000001b8       __imp_ChCreateMenubar      00000000006025b8     chlkha:chlkha.dll
 0002:000001c0       __imp_ChCreateMenubutton   00000000006025c0     chlkha:chlkha.dll
 0002:000001c8       __imp_ChMenubarAddButton   00000000006025c8     chlkha:chlkha.dll
 0002:000001d0       __imp_ChMenuButtonAddMenu  00000000006025d0     chlkha:chlkha.dll
 0002:000001d8       __imp_ChColorDrawVerticalGradient 00000000006025d8     chlkha:chlkha.dll
 0002:000001e0       __imp_ChFontDrawTextClipped 00000000006025e0     chlkha:chlkha.dll
 0002:000001e8       __imp_ChFontGetWidth       00000000006025e8     chlkha:chlkha.dll
 0002:000001f0       __imp_initialize_list      00000000006025f0     chlkha:chlkha.dll
 0002:000001f8       __imp_list_add             00000000006025f8     chlkha:chlkha.dll
 0002:00000200       __imp_list_get_at          0000000000602600     chlkha:chlkha.dll
 0002:00000208       __imp_ChDrawIcon           0000000000602608     chlkha:chlkha.dll
 0002:00000210       __imp_ChGetWindowByHandle  0000000000602610     chlkha:chlkha.dll
 0002:00000218       \177chlkha_NULL_THUNK_DATA 0000000000602618     chlkha:chlkha.dll
 0002:00000220       ??_C@_09OBDKHCKA@Dir?5?$CFs?5?$AN?6@ 0000000000602620     main.obj
 0002:0000022c       ??_C@_01LFCBOECM@?4@       000000000060262c     main.obj
 0002:00000230       ??_C@_02DJGKEECL@?4?4@     0000000000602630     main.obj
 0002:00000234       ??_C@_01KMDKNFGN@?1@       0000000000602634     main.obj
 0002:00000238       ??_C@_0CD@JDMPOBDO@File?5Explorer?5v1?40?5for?5XenevaOS@ 0000000000602638     main.obj
 0002:00000260       ??_C@_0BD@FFNLOKMP@File?5Explorer?5v1?40@ 0000000000602660     main.obj
 0002:00000278       ??_C@_0P@EHGDLHIE@M2_2Clicked?5?$AN?6@ 0000000000602678     main.obj
 0002:00000288       ??_C@_04DAMGJPCA@file@     0000000000602688     main.obj
 0002:00000290       ??_C@_09GGLAAEEM@?1file?4exe@ 0000000000602690     main.obj
 0002:000002a0       ??_C@_0BG@DHOEIAGH@Entered?5item?5?9?$DO?5?$CFs?5?$AN?6@ 00000000006026a0     main.obj
 0002:000002b8       ??_C@_05DIOAMJFE@Files@    00000000006026b8     main.obj
 0002:000002c0       ??_C@_04FEOMFELI@Back@     00000000006026c0     main.obj
 0002:000002c8       ??_C@_05IAOCCJNL@Enter@    00000000006026c8     main.obj
 0002:000002d0       ??_C@_04PBAHLACE@File@     00000000006026d0     main.obj
 0002:000002d8       ??_C@_04DDFEFHOJ@Help@     00000000006026d8     main.obj
 0002:000002e0       ??_C@_04LBABLPF@Exit@      00000000006026e0     main.obj
 0002:000002e8       ??_C@_05BDOHFCKE@About@    00000000006026e8     main.obj
 0002:000002f0       ??_C@_0P@PBAKHOJJ@?1icons?1dir?4bmp@ 00000000006026f0     main.obj
 0002:00000300       ??_C@_0P@FKFAJKJN@?1icons?1doc?4bmp@ 0000000000602700     main.obj
 0002:00000310       ??_C@_0BB@JPDGGGND@?1icons?1drive?4bmp@ 0000000000602710     main.obj
 0002:00000328       ??_C@_0BF@HIGPDPCE@?6Storage?5Found?5?$CFs?5?$AN?6@ 0000000000602728     main.obj
 0002:00000340       ??_C@_0BO@MGGKDEIB@Number?5of?5Partitions?5?9?$DO?5?$CFd?5?$AN?6@ 0000000000602740     main.obj
 0002:00000360       ??_C@_0BO@FHFIDOIP@Partition?5Mounted?5to?5?9?$DO?5?$CFs?5?$AN?6@ 0000000000602760     main.obj
 0002:00000380       ??_C@_0BD@GCAKHPAH@GUID?5?9?$DO?5?$CFx?9?$CFx?9?$CFx?$AN?6@ 0000000000602780     main.obj
 0002:00000394       ??_C@_03FFIDCAPF@?9?$CFx@  0000000000602794     main.obj
 0002:00000398       ??_C@_09JKKHDNFC@Raw?5Drive@ 0000000000602798     main.obj
 0002:000003a8       ??_C@_0BA@LALPIOP@?1icons?1file?4bmp@ 00000000006027a8     main.obj
 0002:000003b8       ??_C@_0L@FKFGAJGA@Location?3?5@ 00000000006027b8     partition.obj
 0002:000003e0       __volatile_metadata        00000000006027e0     <linker-defined>
 0003:00000000       _fltused                   0000000000602c00     xecrt:crt.obj
 0003:00000010       ?app@@3PEAU_ChApp_@@EA     0000000000602c10     main.obj
 0003:00000018       ?mainWin@@3PEAU_chwin_@@EA 0000000000602c18     main.obj
 0003:00000020       ?win2@@3PEAU_chwin_@@EA    0000000000602c20     main.obj
 0003:00000028       ?pm@@3PEAU_popup_menu_@@EA 0000000000602c28     main.obj
 0003:00000030       ?jmp@@3PA_JA               0000000000602c30     main.obj
 0003:00000078       ?lv@@3PEAU_list_view_@@EA  0000000000602c78     main.obj
 0003:00000080       ?dirico@@3PEAU_icon_@@EA   0000000000602c80     main.obj
 0003:00000088       ?docico@@3PEAU_icon_@@EA   0000000000602c88     main.obj
 0003:00000090       ?path@@3PEADEA             0000000000602c90     main.obj
 0003:00000098       ?history@@3PEADEA          0000000000602c98     main.obj
 0003:000000a0       ?addressbar@@3PEAU_address_bar_@@EA 0000000000602ca0     main.obj
 0006:00000000       __IMPORT_DESCRIPTOR_XEClib 0000000000603200     XEClib:XEClib.dll
 0006:00000014       __IMPORT_DESCRIPTOR_chlkha 0000000000603214     chlkha:chlkha.dll
 0006:00000028       __NULL_IMPORT_DESCRIPTOR   0000000000603228     XEClib:XEClib.dll

 entry point at        0001:00000001

 Static symbols

 0000:00000000       .debug$S                   0000000000600000     XEClib:XEClib.dll
 0000:00000000       .debug$S                   0000000000600000     XEClib:XEClib.dll
 0000:00000000       .debug$S                   0000000000600000     XEClib:XEClib.dll
 0000:00000000       .debug$S                   0000000000600000     XEClib:XEClib.dll
 0000:00000000       .debug$S                   0000000000600000     XEClib:XEClib.dll
 0000:00000000       .debug$S                   0000000000600000     XEClib:XEClib.dll
 0000:00000000       .debug$S                   0000000000600000     XEClib:XEClib.dll
 0000:00000000       .debug$S                   0000000000600000     XEClib:XEClib.dll
 0000:00000000       .debug$S                   0000000000600000     XEClib:XEClib.dll
 0000:00000000       .debug$S                   0000000000600000     XEClib:XEClib.dll
 0000:00000000       .debug$S                   0000000000600000     XEClib:XEClib.dll
 0000:00000000       .debug$S                   0000000000600000     XEClib:XEClib.dll
 0000:00000000       .debug$S                   0000000000600000     XEClib:XEClib.dll
 0000:00000000       .debug$S                   0000000000600000     XEClib:XEClib.dll
 0000:00000000       .debug$S                   0000000000600000     XEClib:XEClib.dll
 0000:00000000       .debug$S                   0000000000600000     XEClib:XEClib.dll
 0000:00000000       .debug$S                   0000000000600000     XEClib:XEClib.dll
 0000:00000000       .debug$S                   0000000000600000     XEClib:XEClib.dll
 0000:00000000       .debug$S                   0000000000600000     XEClib:XEClib.dll
 0000:00000000       .debug$S                   0000000000600000     XEClib:XEClib.dll
 0000:00000000       .debug$S                   0000000000600000     XEClib:XEClib.dll
 0000:00000000       .debug$S                   0000000000600000     XEClib:XEClib.dll
 0000:00000000       .debug$S                   0000000000600000     chlkha:chlkha.dll
 0000:00000000       .debug$S                   0000000000600000     chlkha:chlkha.dll
 0000:00000000       .debug$S                   0000000000600000     chlkha:chlkha.dll
 0000:00000000       .debug$S                   0000000000600000     chlkha:chlkha.dll
 0000:00000000       .debug$S                   0000000000600000     chlkha:chlkha.dll
 0000:00000000       .debug$S                   0000000000600000     chlkha:chlkha.dll
 0000:00000000       .debug$S                   0000000000600000     chlkha:chlkha.dll
 0000:00000000       .debug$S                   0000000000600000     chlkha:chlkha.dll
 0000:00000000       .debug$S                   0000000000600000     chlkha:chlkha.dll
 0000:00000000       .debug$S                   0000000000600000     chlkha:chlkha.dll
 0000:00000000       .debug$S                   0000000000600000     chlkha:chlkha.dll
 0000:00000000       .debug$S                   0000000000600000     chlkha:chlkha.dll
 0000:00000000       .debug$S                   0000000000600000     chlkha:chlkha.dll
 0000:00000000       .debug$S                   0000000000600000     chlkha:chlkha.dll
 0000:00000000       .debug$S                   0000000000600000     chlkha:chlkha.dll
 0000:00000000       .debug$S                   0000000000600000     chlkha:chlkha.dll
 0000:00000000       .debug$S                   0000000000600000     chlkha:chlkha.dll
 0000:00000000       .debug$S                   0000000000600000     chlkha:chlkha.dll
 0000:00000000       .debug$S                   0000000000600000     chlkha:chlkha.dll
 0000:00000000       .debug$S                   0000000000600000     chlkha:chlkha.dll
 0000:00000000       .debug$S                   0000000000600000     chlkha:chlkha.dll
 0000:00000000       .debug$S                   0000000000600000     chlkha:chlkha.dll
 0000:00000000       .debug$S                   0000000000600000     chlkha:chlkha.dll
 0000:00000000       .debug$S                   0000000000600000     chlkha:chlkha.dll
 0000:00000000       .debug$S                   0000000000600000     chlkha:chlkha.dll
 0000:00000000       .debug$S                   0000000000600000     chlkha:chlkha.dll
 0000:00000000       .debug$S                   0000000000600000     chlkha:chlkha.dll
 0000:00000000       .debug$S                   0000000000600000     chlkha:chlkha.dll
 0000:00000000       .debug$S                   0000000000600000     chlkha:chlkha.dll
 0000:00000000       .debug$S                   0000000000600000     chlkha:chlkha.dll
 0000:00000000       .debug$S                   0000000000600000     chlkha:chlkha.dll
 0000:00000000       .debug$S                   0000000000600000     chlkha:chlkha.dll
 0000:00000000       .debug$S                   0000000000600000     chlkha:chlkha.dll
 0000:00000000       .debug$S                   0000000000600000     chlkha:chlkha.dll
 0000:00000000       .debug$S                   0000000000600000     chlkha:chlkha.dll
 0000:00000000       .debug$S                   0000000000600000     chlkha:chlkha.dll
 0000:00000000       .debug$S                   0000000000600000     chlkha:chlkha.dll
 0000:00000000       .debug$S                   0000000000600000     chlkha:chlkha.dll
 0000:00000000       .debug$S                   0000000000600000     chlkha:chlkha.dll
 0000:00000000       .debug$S                   0000000000600000     chlkha:chlkha.dll
 0000:00000000       .debug$S                   0000000000600000     chlkha:chlkha.dll
 0000:00000000       .debug$S                   0000000000600000     chlkha:chlkha.dll
 0000:00000000       .debug$S                   0000000000600000     chlkha:chlkha.dll
 0000:00000000       .debug$S                   0000000000600000     chlkha:chlkha.dll
 0002:00000528       $unwind$?DirListItemAction@@YAXPEAU_list_view_@@PEAU_list_item_@@@Z 0000000000602928     main.obj
 0002:00000534       $unwind$?FileAddressBarMouseEvent@@YAXPEAU_ChWidget_@@PEAU_chwin_@@HHH@Z 0000000000602934     main.obj
 0002:00000540       $unwind$?FileAddressBarPaintHandler@@YAXPEAU_ChWidget_@@PEAU_chwin_@@@Z 0000000000602940     main.obj
 0002:0000054c       $unwind$?FileAddressBarRepaint@@YAXPEAU_address_bar_@@@Z 000000000060294c     main.obj
 0002:00000558       $unwind$?FileAddressBarDestroy@@YAXPEAU_ChWidget_@@PEAU_chwin_@@@Z 0000000000602958     main.obj
 0002:00000564       $unwind$?FileCreateAddressBar@@YAPEAU_address_bar_@@HHHH@Z 0000000000602964     main.obj
 0002:00000570       $unwind$?WindowHandleMessage@@YAXPEAU_post_event_@@@Z 0000000000602970     main.obj
 0002:0000057c       $unwind$?PrintParentDir@@YAXPEAD@Z 000000000060297c     main.obj
 0002:00000588       $unwind$?RefreshFileView@@YAXHPEAU_list_view_@@@Z 0000000000602988     main.obj
 0002:00000594       $unwind$?BackbutClicked@@YAXPEAU_ChWidget_@@PEAU_chwin_@@@Z 0000000000602994     main.obj
 0002:000005a0       $unwind$?AboutClicked@@YAXPEAU_ChWidget_@@PEAU_chwin_@@@Z 00000000006029a0     main.obj
 0002:000005ac       $unwind$?ExitItemClicked@@YAXPEAU_ChWidget_@@PEAU_chwin_@@@Z 00000000006029ac     main.obj
 0002:000005b8       $unwind$?M2_2Clicked@@YAXPEAU_ChWidget_@@PEAU_chwin_@@@Z 00000000006029b8     main.obj
 0002:000005c4       $unwind$?EnterClicked@@YAXPEAU_ChWidget_@@PEAU_chwin_@@@Z 00000000006029c4     main.obj
 0002:000005d0       $unwind$main               00000000006029d0     main.obj
 0002:000005dc       $unwind$?FileManagerCreatePartitionList@@YAPEAU_partitionList_@@HHHH@Z 00000000006029dc     partition.obj
 0002:000005e8       $unwind$?FileManageCreatePartitionButton@@YAPEAU_partition_button_@@PEAU_partitionList_@@@Z 00000000006029e8     partition.obj
 0002:000005f4       $unwind$?FileManagerPartitionButtonPaintHandler@@YAXPEAU_ChWidget_@@PEAU_chwin_@@@Z 00000000006029f4     partition.obj
 0002:00000600       $unwind$?FileManagerPartitionListPaintHandler@@YAXPEAU_ChWidget_@@PEAU_chwin_@@@Z 0000000000602a00     partition.obj
 0002:0000060c       $unwind$?FileManagerPartitionListMouseEvent@@YAXPEAU_ChWidget_@@PEAU_chwin_@@HHH@Z 0000000000602a0c     partition.obj
 0002:00000618       $unwind$??2@YAPEAX_K@Z     0000000000602a18     xecrt:crt.obj
 0002:00000624       $unwind$??3@YAXPEAX@Z      0000000000602a24     xecrt:crt.obj
 0002:00000630       $unwind$??_U@YAPEAX_K@Z    0000000000602a30     xecrt:crt.obj
 0002:0000063c       $unwind$??_V@YAXPEAX@Z     0000000000602a3c     xecrt:crt.obj
 0005:00000000       __589F3C22_main@cpp        0000000000603000     main.obj
 0005:00000001       __54AED4DB_partition@cpp   0000000000603001     partition.obj
 0005:00000002       __6E89B9E4_crt@cpp         0000000000603002     xecrt:crt.obj
 0006:00000392       .idata$6                   0000000000603592     XEClib:XEClib.dll
 0006:0000071e       .idata$6                   000000000060391e     chlkha:chlkha.dll

 Exports

  ordinal    name

