 nmdesk

 Timestamp is 67e67487 (Fri Mar 28 15:35:59 2025)

 Preferred load address is 0000000000600000

 Start         Length     Name                   Class
 0001:00000000 00000020H .text                   CODE
 0001:00000020 0000389aH .text$mn                CODE
 0002:00000000 000000a8H .idata$5                DATA
 0002:000000a8 00000060H .rdata                  DATA
 0002:00000108 00000028H .rdata$voltmd           DATA
 0002:00000130 00000120H .rdata$zzzdbg           DATA
 0002:00000250 000001b0H .xdata                  DATA
 0003:00000000 00000008H .data                   DATA
 0003:00000008 00000010H .bss                    DATA
 0004:00000000 000001b0H .pdata                  DATA
 0005:00000000 00000003H .msvcjmc                DATA
 0006:00000000 00000028H .idata$2                DATA
 0006:00000028 00000018H .idata$3                DATA
 0006:00000040 000000a8H .idata$4                DATA
 0006:000000e8 00000138H .idata$6                DATA

  Address         Publics by Value              Rva+Base               Lib:Object

 0000:00000000       __guard_eh_cont_count      0000000000000000     <absolute>
 0000:00000000       __guard_flags              0000000000000000     <absolute>
 0000:00000000       ___safe_se_handler_count   0000000000000000     <absolute>
 0000:00000000       __hybrid_code_map_count    0000000000000000     <absolute>
 0000:00000000       __arm64x_extra_rfe_table_size 0000000000000000     <absolute>
 0000:00000000       __hybrid_code_map          0000000000000000     <absolute>
 0000:00000000       __arm64x_extra_rfe_table   0000000000000000     <absolute>
 0000:00000000       __arm64x_native_entrypoint 0000000000000000     <absolute>
 0000:00000000       __guard_eh_cont_table      0000000000000000     <absolute>
 0000:00000000       __enclave_config           0000000000000000     <absolute>
 0000:00000000       __arm64x_redirection_metadata_count 0000000000000000     <absolute>
 0000:00000000       __guard_fids_count         0000000000000000     <absolute>
 0000:00000000       __guard_fids_table         0000000000000000     <absolute>
 0000:00000000       __hybrid_auxiliary_iat     0000000000000000     <absolute>
 0000:00000000       __x64_code_ranges_to_entry_points 0000000000000000     <absolute>
 0000:00000000       __guard_longjmp_table      0000000000000000     <absolute>
 0000:00000000       __guard_check_icall_a64n_fptr 0000000000000000     <absolute>
 0000:00000000       ___safe_se_handler_table   0000000000000000     <absolute>
 0000:00000000       __x64_code_ranges_to_entry_points_count 0000000000000000     <absolute>
 0000:00000000       __dynamic_value_reloc_table 0000000000000000     <absolute>
 0000:00000000       __guard_longjmp_count      0000000000000000     <absolute>
 0000:00000000       __AbsoluteZero             0000000000000000     <absolute>
 0000:00000000       __guard_iat_count          0000000000000000     <absolute>
 0000:00000000       __arm64x_redirection_metadata 0000000000000000     <absolute>
 0000:00000000       __guard_iat_table          0000000000000000     <absolute>
 0000:00000000       __hybrid_auxiliary_iat_copy 0000000000000000     <absolute>
 0000:00000000       __ImageBase                0000000000600000     <linker-defined>
 0001:00000000       __chkstk                   0000000000600400     xecrt:crt0.obj
 0001:00000001       _xemain                    0000000000600401     xecrt:crt0.obj
 0001:00000020       ??0Decoder@Jpeg@@QEAA@PEBEIP6APEAXI@ZP6AXPEAX@Z@Z 0000000000600420 f i main.obj
 0001:000001f0       ?CF@Decoder@Jpeg@@AEAAEH@Z 00000000006005f0 f i main.obj
 0001:00000230       ?DrawWallpaper@@YAXPEAU_ChCanvas_@@PEAD@Z 0000000000600630 f   main.obj
 0001:000004d0       ?GetHeight@Decoder@Jpeg@@QEBAHXZ 00000000006008d0 f i main.obj
 0001:00000500       ?GetImage@Decoder@Jpeg@@QEBAPEAEXZ 0000000000600900 f i main.obj
 0001:00000560       ?GetResult@Decoder@Jpeg@@QEBA?AW4DecodeResult@12@XZ 0000000000600960 f i main.obj
 0001:00000590       ?GetWidth@Decoder@Jpeg@@QEBAHXZ 0000000000600990 f i main.obj
 0001:000005c0       ?NmDeskPaint@@YAXPEAU_chwin_@@@Z 00000000006009c0 f   main.obj
 0001:00000640       ?WindowHandleMessage@@YAXPEAU_post_event_@@@Z 0000000000600a40 f   main.obj
 0001:000006d0       ?_ByteAlign@Decoder@Jpeg@@AEAAXXZ 0000000000600ad0 f i main.obj
 0001:00000710       ?_Clip@Decoder@Jpeg@@AEAAEH@Z 0000000000600b10 f i main.obj
 0001:00000770       ?_ColIDCT@Decoder@Jpeg@@AEAAXPEBHPEAEH@Z 0000000000600b70 f i main.obj
 0001:00000c70       ?_Convert@Decoder@Jpeg@@AEAAXXZ 0000000000601070 f i main.obj
 0001:00001110       ?_Decode16@Decoder@Jpeg@@AEAAGPEBE@Z 0000000000601510 f i main.obj
 0001:00001160       ?_Decode@Decoder@Jpeg@@AEAA?AW4DecodeResult@12@PEBEH@Z 0000000000601560 f i main.obj
 0001:000013b0       ?_DecodeBlock@Decoder@Jpeg@@AEAAXPEAUComponent@12@PEAE@Z 00000000006017b0 f i main.obj
 0001:00001600       ?_DecodeDHT@Decoder@Jpeg@@AEAAXXZ 0000000000601a00 f i main.obj
 0001:000018a0       ?_DecodeDQT@Decoder@Jpeg@@AEAAXXZ 0000000000601ca0 f i main.obj
 0001:000019d0       ?_DecodeDRI@Decoder@Jpeg@@AEAAXXZ 0000000000601dd0 f i main.obj
 0001:00001a50       ?_DecodeLength@Decoder@Jpeg@@AEAAXXZ 0000000000601e50 f i main.obj
 0001:00001ae0       ?_DecodeSOF@Decoder@Jpeg@@AEAAXXZ 0000000000601ee0 f i main.obj
 0001:00002030       ?_DecodeScan@Decoder@Jpeg@@AEAAXXZ 0000000000602430 f i main.obj
 0001:000024a0       ?_GetBits@Decoder@Jpeg@@AEAAHH@Z 00000000006028a0 f i main.obj
 0001:000024f0       ?_GetVLC@Decoder@Jpeg@@AEAAHPEAUVlcCode@12@PEAE@Z 00000000006028f0 f i main.obj
 0001:000025e0       ?_RowIDCT@Decoder@Jpeg@@AEAAXPEAH@Z 00000000006029e0 f i main.obj
 0001:00002a10       ?_ShowBits@Decoder@Jpeg@@AEAAHH@Z 0000000000602e10 f i main.obj
 0001:00002c10       ?_Skip@Decoder@Jpeg@@AEAAXH@Z 0000000000603010 f i main.obj
 0001:00002c90       ?_SkipBits@Decoder@Jpeg@@AEAAXH@Z 0000000000603090 f i main.obj
 0001:00002cf0       ?_SkipMarker@Decoder@Jpeg@@AEAAXXZ 00000000006030f0 f i main.obj
 0001:00002d30       ?_UpsampleH@Decoder@Jpeg@@AEAAXPEAUComponent@12@@Z 0000000000603130 f i main.obj
 0001:00003190       ?_UpsampleV@Decoder@Jpeg@@AEAAXPEAUComponent@12@@Z 0000000000603590 f i main.obj
 0001:00003620       __CheckForDebuggerJustMyCode 0000000000603a20 f i main.obj
 0001:00003620       __JustMyCode_Default       0000000000603a20 f i main.obj
 0001:00003630       main                       0000000000603a30 f   main.obj
 0001:0000377f       _KePrint                   0000000000603b7f f   XEClib:XEClib.dll
 0001:00003785       _KePauseThread             0000000000603b85 f   XEClib:XEClib.dll
 0001:0000378b       _KeOpenFile                0000000000603b8b f   XEClib:XEClib.dll
 0001:00003791       _KeReadFile                0000000000603b91 f   XEClib:XEClib.dll
 0001:00003797       _KeFileIoControl           0000000000603b97 f   XEClib:XEClib.dll
 0001:0000379d       _KeFileStat                0000000000603b9d f   XEClib:XEClib.dll
 0001:000037a3       memset                     0000000000603ba3 f   XEClib:XEClib.dll
 0001:000037a9       memcpy                     0000000000603ba9 f   XEClib:XEClib.dll
 0001:000037af       malloc                     0000000000603baf f   XEClib:XEClib.dll
 0001:000037b5       free                       0000000000603bb5 f   XEClib:XEClib.dll
 0001:000037bb       _KeMemMap                  0000000000603bbb f   XEClib:XEClib.dll
 0001:000037d0       ??2@YAPEAX_K@Z             0000000000603bd0 f   xecrt:crt.obj
 0001:00003800       ??3@YAXPEAX@Z              0000000000603c00 f   xecrt:crt.obj
 0001:00003830       ??_U@YAPEAX_K@Z            0000000000603c30 f   xecrt:crt.obj
 0001:00003860       ??_V@YAXPEAX@Z             0000000000603c60 f   xecrt:crt.obj
 0001:0000388a       ChCreateCanvas             0000000000603c8a f   chlkha:chlkha.dll
 0001:00003890       ChDrawPixel                0000000000603c90 f   chlkha:chlkha.dll
 0001:00003896       ChitralekhaStartApp        0000000000603c96 f   chlkha:chlkha.dll
 0001:0000389c       ChCreateWindow             0000000000603c9c f   chlkha:chlkha.dll
 0001:000038a2       ChWindowPaint              0000000000603ca2 f   chlkha:chlkha.dll
 0001:000038a8       ChWindowUpdate             0000000000603ca8 f   chlkha:chlkha.dll
 0001:000038ae       ChWindowHandleMouse        0000000000603cae f   chlkha:chlkha.dll
 0001:000038b4       _KeProcessExit             0000000000603cb4 f   XEClib:XEClib.dll
 0002:00000000       __imp__KePrint             0000000000603e00     XEClib:XEClib.dll
 0002:00000008       __imp__KePauseThread       0000000000603e08     XEClib:XEClib.dll
 0002:00000010       __imp__KeOpenFile          0000000000603e10     XEClib:XEClib.dll
 0002:00000018       __imp__KeReadFile          0000000000603e18     XEClib:XEClib.dll
 0002:00000020       __imp__KeFileIoControl     0000000000603e20     XEClib:XEClib.dll
 0002:00000028       __imp__KeFileStat          0000000000603e28     XEClib:XEClib.dll
 0002:00000030       __imp_memset               0000000000603e30     XEClib:XEClib.dll
 0002:00000038       __imp_memcpy               0000000000603e38     XEClib:XEClib.dll
 0002:00000040       __imp_malloc               0000000000603e40     XEClib:XEClib.dll
 0002:00000048       __imp_free                 0000000000603e48     XEClib:XEClib.dll
 0002:00000050       __imp__KeMemMap            0000000000603e50     XEClib:XEClib.dll
 0002:00000058       __imp__KeProcessExit       0000000000603e58     XEClib:XEClib.dll
 0002:00000060       \177XEClib_NULL_THUNK_DATA 0000000000603e60     XEClib:XEClib.dll
 0002:00000068       __imp_ChitralekhaStartApp  0000000000603e68     chlkha:chlkha.dll
 0002:00000070       __imp_ChCreateWindow       0000000000603e70     chlkha:chlkha.dll
 0002:00000078       __imp_ChCreateCanvas       0000000000603e78     chlkha:chlkha.dll
 0002:00000080       __imp_ChWindowUpdate       0000000000603e80     chlkha:chlkha.dll
 0002:00000088       __imp_ChWindowHandleMouse  0000000000603e88     chlkha:chlkha.dll
 0002:00000090       __imp_ChWindowPaint        0000000000603e90     chlkha:chlkha.dll
 0002:00000098       __imp_ChDrawPixel          0000000000603e98     chlkha:chlkha.dll
 0002:000000a0       \177chlkha_NULL_THUNK_DATA 0000000000603ea0     chlkha:chlkha.dll
 0002:000000a8       ??_C@_0N@NOPDKPNA@Converting?5?6@ 0000000000603ea8     main.obj
 0002:000000b8       ??_C@_0N@IPMAPDEL@ctx?5?9?$DO?5?$CFx?5?$AN?6@ 0000000000603eb8     main.obj
 0002:000000c8       ??_C@_0BA@IGPHAPNL@Decoder?5error?5?6@ 0000000000603ec8     main.obj
 0002:000000d8       ??_C@_0M@HJCDMEEI@?1XEArch?4jpg@ 0000000000603ed8     main.obj
 0002:000000e4       ??_C@_06LNIELJGE@nmdesk@   0000000000603ee4     main.obj
 0002:00000108       __volatile_metadata        0000000000603f08     <linker-defined>
 0003:00000000       _fltused                   0000000000604200     xecrt:crt.obj
 0003:00000008       ?app@@3PEAU_ChApp_@@EA     0000000000604208     main.obj
 0003:00000010       ?mainWin@@3PEAU_chwin_@@EA 0000000000604210     main.obj
 0006:00000000       __IMPORT_DESCRIPTOR_XEClib 0000000000604800     XEClib:XEClib.dll
 0006:00000014       __IMPORT_DESCRIPTOR_chlkha 0000000000604814     chlkha:chlkha.dll
 0006:00000028       __NULL_IMPORT_DESCRIPTOR   0000000000604828     XEClib:XEClib.dll

 entry point at        0001:00000001

 Static symbols

 0000:00000000       .debug$S                   0000000000600000     XEClib:XEClib.dll
 0000:00000000       .debug$S                   0000000000600000     XEClib:XEClib.dll
 0000:00000000       .debug$S                   0000000000600000     XEClib:XEClib.dll
 0000:00000000       .debug$S                   0000000000600000     XEClib:XEClib.dll
 0000:00000000       .debug$S                   0000000000600000     XEClib:XEClib.dll
 0000:00000000       .debug$S                   0000000000600000     XEClib:XEClib.dll
 0000:00000000       .debug$S                   0000000000600000     XEClib:XEClib.dll
 0000:00000000       .debug$S                   0000000000600000     XEClib:XEClib.dll
 0000:00000000       .debug$S                   0000000000600000     XEClib:XEClib.dll
 0000:00000000       .debug$S                   0000000000600000     XEClib:XEClib.dll
 0000:00000000       .debug$S                   0000000000600000     XEClib:XEClib.dll
 0000:00000000       .debug$S                   0000000000600000     XEClib:XEClib.dll
 0000:00000000       .debug$S                   0000000000600000     chlkha:chlkha.dll
 0000:00000000       .debug$S                   0000000000600000     chlkha:chlkha.dll
 0000:00000000       .debug$S                   0000000000600000     chlkha:chlkha.dll
 0000:00000000       .debug$S                   0000000000600000     chlkha:chlkha.dll
 0000:00000000       .debug$S                   0000000000600000     chlkha:chlkha.dll
 0000:00000000       .debug$S                   0000000000600000     chlkha:chlkha.dll
 0000:00000000       .debug$S                   0000000000600000     chlkha:chlkha.dll
 0001:00001350       $LN22                      0000000000601750     main.obj
 0001:0000136c       $LN21                      000000000060176c     main.obj
 0002:00000250       $unwind$??0Decoder@Jpeg@@QEAA@PEBEIP6APEAXI@ZP6AXPEAX@Z@Z 0000000000604050     main.obj
 0002:0000025c       $unwind$?GetResult@Decoder@Jpeg@@QEBA?AW4DecodeResult@12@XZ 000000000060405c     main.obj
 0002:00000268       $unwind$?GetWidth@Decoder@Jpeg@@QEBAHXZ 0000000000604068     main.obj
 0002:00000274       $unwind$?GetHeight@Decoder@Jpeg@@QEBAHXZ 0000000000604074     main.obj
 0002:00000280       $unwind$?GetImage@Decoder@Jpeg@@QEBAPEAEXZ 0000000000604080     main.obj
 0002:0000028c       $unwind$?_Clip@Decoder@Jpeg@@AEAAEH@Z 000000000060408c     main.obj
 0002:00000298       $unwind$?_RowIDCT@Decoder@Jpeg@@AEAAXPEAH@Z 0000000000604098     main.obj
 0002:000002a4       $unwind$?_ColIDCT@Decoder@Jpeg@@AEAAXPEBHPEAEH@Z 00000000006040a4     main.obj
 0002:000002b0       $unwind$?_ShowBits@Decoder@Jpeg@@AEAAHH@Z 00000000006040b0     main.obj
 0002:000002bc       $unwind$?_SkipBits@Decoder@Jpeg@@AEAAXH@Z 00000000006040bc     main.obj
 0002:000002c8       $unwind$?_GetBits@Decoder@Jpeg@@AEAAHH@Z 00000000006040c8     main.obj
 0002:000002d4       $unwind$?_ByteAlign@Decoder@Jpeg@@AEAAXXZ 00000000006040d4     main.obj
 0002:000002e0       $unwind$?_Skip@Decoder@Jpeg@@AEAAXH@Z 00000000006040e0     main.obj
 0002:000002ec       $unwind$?_Decode16@Decoder@Jpeg@@AEAAGPEBE@Z 00000000006040ec     main.obj
 0002:000002f8       $unwind$?_DecodeLength@Decoder@Jpeg@@AEAAXXZ 00000000006040f8     main.obj
 0002:00000304       $unwind$?_SkipMarker@Decoder@Jpeg@@AEAAXXZ 0000000000604104     main.obj
 0002:00000310       $unwind$?_DecodeSOF@Decoder@Jpeg@@AEAAXXZ 0000000000604110     main.obj
 0002:0000031c       $unwind$?_DecodeDHT@Decoder@Jpeg@@AEAAXXZ 000000000060411c     main.obj
 0002:00000328       $unwind$?_DecodeDQT@Decoder@Jpeg@@AEAAXXZ 0000000000604128     main.obj
 0002:00000334       $unwind$?_DecodeDRI@Decoder@Jpeg@@AEAAXXZ 0000000000604134     main.obj
 0002:00000340       $unwind$?_GetVLC@Decoder@Jpeg@@AEAAHPEAUVlcCode@12@PEAE@Z 0000000000604140     main.obj
 0002:0000034c       $unwind$?_DecodeBlock@Decoder@Jpeg@@AEAAXPEAUComponent@12@PEAE@Z 000000000060414c     main.obj
 0002:00000358       $unwind$?_DecodeScan@Decoder@Jpeg@@AEAAXXZ 0000000000604158     main.obj
 0002:00000364       $unwind$?CF@Decoder@Jpeg@@AEAAEH@Z 0000000000604164     main.obj
 0002:00000370       $unwind$?_UpsampleH@Decoder@Jpeg@@AEAAXPEAUComponent@12@@Z 0000000000604170     main.obj
 0002:0000037c       $unwind$?_UpsampleV@Decoder@Jpeg@@AEAAXPEAUComponent@12@@Z 000000000060417c     main.obj
 0002:00000388       $unwind$?_Convert@Decoder@Jpeg@@AEAAXXZ 0000000000604188     main.obj
 0002:00000394       $unwind$?_Decode@Decoder@Jpeg@@AEAA?AW4DecodeResult@12@PEBEH@Z 0000000000604194     main.obj
 0002:000003a0       $unwind$?WindowHandleMessage@@YAXPEAU_post_event_@@@Z 00000000006041a0     main.obj
 0002:000003ac       $unwind$?DrawWallpaper@@YAXPEAU_ChCanvas_@@PEAD@Z 00000000006041ac     main.obj
 0002:000003b8       $unwind$?NmDeskPaint@@YAXPEAU_chwin_@@@Z 00000000006041b8     main.obj
 0002:000003c4       $unwind$main               00000000006041c4     main.obj
 0002:000003d0       $unwind$??2@YAPEAX_K@Z     00000000006041d0     xecrt:crt.obj
 0002:000003dc       $unwind$??3@YAXPEAX@Z      00000000006041dc     xecrt:crt.obj
 0002:000003e8       $unwind$??_U@YAPEAX_K@Z    00000000006041e8     xecrt:crt.obj
 0002:000003f4       $unwind$??_V@YAXPEAX@Z     00000000006041f4     xecrt:crt.obj
 0005:00000000       __EF142C6F_nanojpg@h       0000000000604600     main.obj
 0005:00000001       __6413E24B_main@cpp        0000000000604601     main.obj
 0005:00000002       __6E89B9E4_crt@cpp         0000000000604602     xecrt:crt.obj
 0006:00000176       .idata$6                   0000000000604976     XEClib:XEClib.dll
 0006:00000202       .idata$6                   0000000000604a02     chlkha:chlkha.dll

 Exports

  ordinal    name

