 xeldr

 Timestamp is 6a2d4788 (Sat Jun 13 17:35:28 2026)

 Preferred load address is 0000000600000000

 Start         Length     Name                   Class
 0001:00000000 000004d8H .text                   CODE
 0001:000004d8 00012f6cH .text$mn                CODE
 0002:00000000 00000248H .rdata                  DATA
 0002:00000248 000000a0H .rdata$zzzdbg           DATA
 0002:000002e8 00000024H .xdata                  DATA
 0003:00000000 00000070H .data                   DATA
 0003:00000070 00000404H .bss                    DATA
 0004:00000000 00000678H .pdata                  DATA
 0005:00000000 00000827H .edata                  DATA

  Address         Publics by Value              Rva+Base               Lib:Object

 0000:00000000       __guard_fids_table         0000000000000000     <absolute>
 0000:00000000       __hybrid_auxiliary_iat_copy 0000000000000000     <absolute>
 0000:00000000       ___safe_se_handler_table   0000000000000000     <absolute>
 0000:00000000       __guard_check_icall_a64n_fptr 0000000000000000     <absolute>
 0000:00000000       __hybrid_auxiliary_iat     0000000000000000     <absolute>
 0000:00000000       __hybrid_code_map_count    0000000000000000     <absolute>
 0000:00000000       __guard_longjmp_table      0000000000000000     <absolute>
 0000:00000000       __arm64x_native_entrypoint 0000000000000000     <absolute>
 0000:00000000       ___safe_se_handler_count   0000000000000000     <absolute>
 0000:00000000       __dynamic_value_reloc_table 0000000000000000     <absolute>
 0000:00000000       __arm64x_extra_rfe_table   0000000000000000     <absolute>
 0000:00000000       __arm64x_extra_rfe_table_size 0000000000000000     <absolute>
 0000:00000000       __guard_iat_count          0000000000000000     <absolute>
 0000:00000000       __guard_eh_cont_table      0000000000000000     <absolute>
 0000:00000000       __guard_iat_table          0000000000000000     <absolute>
 0000:00000000       __x64_code_ranges_to_entry_points_count 0000000000000000     <absolute>
 0000:00000000       __volatile_metadata        0000000000000000     <absolute>
 0000:00000000       __enclave_config           0000000000000000     <absolute>
 0000:00000000       __arm64x_redirection_metadata_count 0000000000000000     <absolute>
 0000:00000000       __AbsoluteZero             0000000000000000     <absolute>
 0000:00000000       __x64_code_ranges_to_entry_points 0000000000000000     <absolute>
 0000:00000000       __hybrid_code_map          0000000000000000     <absolute>
 0000:00000000       __guard_longjmp_count      0000000000000000     <absolute>
 0000:00000000       __guard_fids_count         0000000000000000     <absolute>
 0000:00000000       __arm64x_redirection_metadata 0000000000000000     <absolute>
 0000:00000000       __guard_eh_cont_count      0000000000000000     <absolute>
 0000:00000100       __guard_flags              0000000000000100     <absolute>
 0001:00000000       _aumain                    0000000600001000     crt0_arm64.obj
 0001:0000000c       _printstack                000000060000100c     crt0_arm64.obj
 0001:0000002c       _fastcpy                   000000060000102c     fastcpy_arm64.obj
 0001:00000044       __chkstk                   0000000600001044     XEClib:_callbase_arm64.obj
 0001:00000048       _KePrint                   0000000600001048     XEClib:_callbase_arm64.obj
 0001:00000060       _KePauseThread             0000000600001060     XEClib:_callbase_arm64.obj
 0001:00000070       _KeGetThreadID             0000000600001070     XEClib:_callbase_arm64.obj
 0001:00000080       _KeGetProcessID            0000000600001080     XEClib:_callbase_arm64.obj
 0001:00000090       _KeProcessExit             0000000600001090     XEClib:_callbase_arm64.obj
 0001:000000a0       _KeProcessWaitForTermination 00000006000010a0     XEClib:_callbase_arm64.obj
 0001:000000b0       _KeCreateProcess           00000006000010b0     XEClib:_callbase_arm64.obj
 0001:000000c0       _KeProcessLoadExec         00000006000010c0     XEClib:_callbase_arm64.obj
 0001:000000d0       _KeProcessSleep            00000006000010d0     XEClib:_callbase_arm64.obj
 0001:000000e0       _KeSetSignal               00000006000010e0     XEClib:_callbase_arm64.obj
 0001:000000f0       _KeCreateSharedMem         00000006000010f0     XEClib:_callbase_arm64.obj
 0001:00000100       _KeObtainSharedMem         0000000600001100     XEClib:_callbase_arm64.obj
 0001:00000110       _KeUnmapSharedMem          0000000600001110     XEClib:_callbase_arm64.obj
 0001:00000120       _KeMemMap                  0000000600001120     XEClib:_callbase_arm64.obj
 0001:00000130       _KeMemUnmap                0000000600001130     XEClib:_callbase_arm64.obj
 0001:00000140       _KeGetProcessHeapMem       0000000600001140     XEClib:_callbase_arm64.obj
 0001:00000150       _KeOpenFile                0000000600001150     XEClib:_callbase_arm64.obj
 0001:00000160       _KeReadFile                0000000600001160     XEClib:_callbase_arm64.obj
 0001:00000170       _KeWriteFile               0000000600001170     XEClib:_callbase_arm64.obj
 0001:00000180       _KeCreateDir               0000000600001180     XEClib:_callbase_arm64.obj
 0001:00000190       _KeRemoveFile              0000000600001190     XEClib:_callbase_arm64.obj
 0001:000001a0       _KeCloseFile               00000006000011a0     XEClib:_callbase_arm64.obj
 0001:000001b0       _KeFileIoControl           00000006000011b0     XEClib:_callbase_arm64.obj
 0001:000001c0       _KeFileStat                00000006000011c0     XEClib:_callbase_arm64.obj
 0001:000001d0       _KeGetSystemTimerTick      00000006000011d0     XEClib:_callbase_arm64.obj
 0001:000001e0       _KeGetFontID               00000006000011e0     XEClib:_callbase_arm64.obj
 0001:000001f0       _KeGetNumFonts             00000006000011f0     XEClib:_callbase_arm64.obj
 0001:00000200       _KeGetFontSize             0000000600001200     XEClib:_callbase_arm64.obj
 0001:00000210       _KeMemMapDirty             0000000600001210     XEClib:_callbase_arm64.obj
 0001:00000220       _KeCreateTTY               0000000600001220     XEClib:_callbase_arm64.obj
 0001:00000230       _KeCreateThread            0000000600001230     XEClib:_callbase_arm64.obj
 0001:00000240       _KeSetFileToProcess        0000000600001240     XEClib:_callbase_arm64.obj
 0001:00000250       _KeProcessHeapUnmap        0000000600001250     XEClib:_callbase_arm64.obj
 0001:00000260       _KeSendSignal              0000000600001260     XEClib:_callbase_arm64.obj
 0001:00000270       _KeGetCurrentTime          0000000600001270     XEClib:_callbase_arm64.obj
 0001:00000280       _KeOpenDir                 0000000600001280     XEClib:_callbase_arm64.obj
 0001:00000290       _KeReadDir                 0000000600001290     XEClib:_callbase_arm64.obj
 0001:000002a0       _KeCreateTimer             00000006000012a0     XEClib:_callbase_arm64.obj
 0001:000002b0       _KeStartTimer              00000006000012b0     XEClib:_callbase_arm64.obj
 0001:000002c0       _KeStopTimer               00000006000012c0     XEClib:_callbase_arm64.obj
 0001:000002d0       _KeDestroyTimer            00000006000012d0     XEClib:_callbase_arm64.obj
 0001:000002e0       _KeProcessGetFileDesc      00000006000012e0     XEClib:_callbase_arm64.obj
 0001:000002f0       _KeFileSetOffset           00000006000012f0     XEClib:_callbase_arm64.obj
 0001:00000300       gettimeofday               0000000600001300     XEClib:_callbase_arm64.obj
 0001:00000310       socket                     0000000600001310     XEClib:_callbase_arm64.obj
 0001:00000320       connect                    0000000600001320     XEClib:_callbase_arm64.obj
 0001:00000330       send                       0000000600001330     XEClib:_callbase_arm64.obj
 0001:00000340       receive                    0000000600001340     XEClib:_callbase_arm64.obj
 0001:00000350       socket_setopt              0000000600001350     XEClib:_callbase_arm64.obj
 0001:00000360       bind                       0000000600001360     XEClib:_callbase_arm64.obj
 0001:00000370       accept                     0000000600001370     XEClib:_callbase_arm64.obj
 0001:00000380       listen                     0000000600001380     XEClib:_callbase_arm64.obj
 0001:00000390       _KeCreatePipe              0000000600001390     XEClib:_callbase_arm64.obj
 0001:000003a0       _KeGetStorageDiskInfo      00000006000013a0     XEClib:_callbase_arm64.obj
 0001:000003b0       _KeGetStoragePartitionInfo 00000006000013b0     XEClib:_callbase_arm64.obj
 0001:000003c0       _KeGetEnvironmentBlock     00000006000013c0     XEClib:_callbase_arm64.obj
 0001:000003d0       _KeCredChangeID            00000006000013d0     XEClib:_callbase_arm64.obj
 0001:000003e0       _KeCredAddSGroup           00000006000013e0     XEClib:_callbase_arm64.obj
 0001:000003f0       _KeCredSetCap              00000006000013f0     XEClib:_callbase_arm64.obj
 0001:00000400       _KeCredGetCap              0000000600001400     XEClib:_callbase_arm64.obj
 0001:00000410       _KeSetUID                  0000000600001410     XEClib:_callbase_arm64.obj
 0001:00000420       _KeSetGID                  0000000600001420     XEClib:_callbase_arm64.obj
 0001:00000430       _KeGetGlobalGroupID        0000000600001430     XEClib:_callbase_arm64.obj
 0001:00000440       _KeProcessTokenAddSelf     0000000600001440     XEClib:_callbase_arm64.obj
 0001:00000450       _KeProcessTokenGetThreadID 0000000600001450     XEClib:_callbase_arm64.obj
 0001:00000460       _KeProcessTokenRemoveSelf  0000000600001460     XEClib:_callbase_arm64.obj
 0001:00000470       _KePowerDown               0000000600001470     XEClib:_callbase_arm64.obj
 0001:00000480       _KePowerReset              0000000600001480     XEClib:_callbase_arm64.obj
 0001:00000490       _KeGetCurrentUS            0000000600001490     XEClib:_callbase_arm64.obj
 0001:000004a0       _KeGetCurrentMS            00000006000014a0     XEClib:_callbase_arm64.obj
 0001:000004b0       _store_stack_param         00000006000014b0     XEClib:store_stack_arm64.obj
 0001:000004d8       ?XELdrLoadObject@@YAHPEAU_XELDR_OBJ_@@@Z 00000006000014d8 f   main.obj
 0001:00000968       ?XECopyMem@@YAXPEAX0_K@Z   0000000600001968 f   main.obj
 0001:000009e0       ?XELdrStartProc@@YAHPEADPEAU_XELDR_OBJ_@@@Z 00000006000019e0 f   main.obj
 0001:00000f38       ?DefaultSignalHandler@@YAXH@Z 0000000600001f38 f   main.obj
 0001:00000f50       main                       0000000600001f50 f   main.obj
 0001:00001120       ??$raw_offset@PEAU_IMAGE_NT_HEADERS_PE32PLUS@@PEAU_IMAGE_DOS_HEADER_@@@@YAPEAU_IMAGE_NT_HEADERS_PE32PLUS@@PEAU_IMAGE_DOS_HEADER_@@H@Z 0000000600002120 f i main.obj
 0001:00001148       ??$raw_offset@PEAU_IMAGE_SECTION_HEADER@@PEAU_IMAGE_OPTIONAL_HEADER_PE32PLUS@@@@YAPEAU_IMAGE_SECTION_HEADER@@PEAU_IMAGE_OPTIONAL_HEADER_PE32PLUS@@H@Z 0000000600002148 f i main.obj
 0001:00001170       ??$raw_offset@PEAXPEA_K@@YAPEAXPEA_KH@Z 0000000600002170 f i main.obj
 0001:00001198       ?XELdrRelocatePE@@YAXPEAXPEAU_IMAGE_NT_HEADERS_PE32PLUS@@_K@Z 0000000600002198 f   pe_.obj
 0001:00001440       ?XELdrLinkPE@@YAXPEAX@Z    0000000600002440 f   pe_.obj
 0001:00001608       ?XELdrCreatePEObjects@@YAXPEAX@Z 0000000600002608 f   pe_.obj
 0001:00001848       ?XELdrGetIATBoundary@@YAXPEAXPEA_K1@Z 0000000600002848 f   pe_.obj
 0001:00001a40       ?XELdrLinkDependencyPE@@YAXPEAU_XELDR_OBJ_@@@Z 0000000600002a40 f   pe_.obj
 0001:00001c58       ?XELdrLoadResourceDirectory@@YAXPEAX@Z 0000000600002c58 f   pe_.obj
 0001:00001d60       ?XELdrGetProcAddress@@YAPEAXPEAXPEBD@Z 0000000600002d60 f   pe_.obj
 0001:00002038       ??$raw_diff@U_IMAGE_RELOCATION_BLOCK_@@U1@@@YAHPEAU_IMAGE_RELOCATION_BLOCK_@@0@Z 0000000600003038 f i pe_.obj
 0001:00002068       ??$raw_offset@PEADPEAX@@YAPEADPEAXH@Z 0000000600003068 f i pe_.obj
 0001:00002090       ??$raw_offset@PEAGPEAX@@YAPEAGPEAXH@Z 0000000600003090 f i pe_.obj
 0001:000020b8       ??$raw_offset@PEAIPEAX@@YAPEAIPEAXH@Z 00000006000030b8 f i pe_.obj
 0001:000020e0       ??$raw_offset@PEAU_IMAGE_EXPORT_DIRECTORY@@PEAX@@YAPEAU_IMAGE_EXPORT_DIRECTORY@@PEAXH@Z 00000006000030e0 f i pe_.obj
 0001:00002108       ??$raw_offset@PEAU_IMAGE_IMPORT_DIRECTORY@@PEAX@@YAPEAU_IMAGE_IMPORT_DIRECTORY@@PEAXH@Z 0000000600003108 f i pe_.obj
 0001:00002130       ??$raw_offset@PEAU_IMAGE_IMPORT_HINT_TABLE@@PEAX@@YAPEAU_IMAGE_IMPORT_HINT_TABLE@@PEAXH@Z 0000000600003130 f i pe_.obj
 0001:00002158       ??$raw_offset@PEAU_IMAGE_RELOCATION_BLOCK_@@PEAU1@@@YAPEAU_IMAGE_RELOCATION_BLOCK_@@PEAU0@H@Z 0000000600003158 f i pe_.obj
 0001:00002180       ??$raw_offset@PEAU_IMAGE_RELOCATION_BLOCK_@@PEAX@@YAPEAU_IMAGE_RELOCATION_BLOCK_@@PEAXH@Z 0000000600003180 f i pe_.obj
 0001:000021a8       ??$raw_offset@PEAXPEAX@@YAPEAXPEAXH@Z 00000006000031a8 f i pe_.obj
 0001:000021d0       ??$raw_offset@PEA_KPEAX@@YAPEA_KPEAXH@Z 00000006000031d0 f i pe_.obj
 0001:000021f8       ??$raw_offset@PEBDPEAX@@YAPEBDPEAXH@Z 00000006000031f8 f i pe_.obj
 0001:00002220       ?XELdrInitObjectList@@YAXXZ 0000000600003220 f   XELdrObject.obj
 0001:00002240       ?XELdrCreateObj@@YAPEAU_XELDR_OBJ_@@PEAD@Z 0000000600003240 f   XELdrObject.obj
 0001:000022e0       ?XELdrDestroyObject@@YAXPEAU_XELDR_OBJ_@@@Z 00000006000032e0 f   XELdrObject.obj
 0001:00002310       ?XELdrCheckObject@@YADPEBD@Z 0000000600003310 f   XELdrObject.obj
 0001:000023c0       ?XELdrLoadAllObject@@YAXXZ 00000006000033c0 f   XELdrObject.obj
 0001:00002428       ?XELdrLinkAllObject@@YAXPEAU_XELDR_OBJ_@@@Z 0000000600003428 f   XELdrObject.obj
 0001:00002450       ?XELdrGetObject@@YAPEAU_XELDR_OBJ_@@PEBD@Z 0000000600003450 f   XELdrObject.obj
 0001:000024f0       ?XELdrLinkDepObject@@YAXPEAU_XELDR_OBJ_@@@Z 00000006000034f0 f   XELdrObject.obj
 0001:00002558       ?XELdrPrintAllObject@@YAXXZ 0000000600003558 f   XELdrObject.obj
 0001:000025b8       ?XELdrClearObjectList@@YAXXZ 00000006000035b8 f   XELdrObject.obj
 0001:00002610       ?XELoaderAddObject@@YAXPEAU_XELDR_OBJ_@@@Z 0000000600003610 f   XELdrObject.obj
 0001:000026a0       ?XELdrRemoveObject@@YAXPEAU_XELDR_OBJ_@@@Z 00000006000036a0 f   XELdrObject.obj
 0001:000027e8       malloc                     00000006000037e8 f   XEClib:_heap.obj
 0001:00002808       realloc                    0000000600003808 f   XEClib:_heap.obj
 0001:00002830       calloc                     0000000600003830 f   XEClib:_heap.obj
 0001:00002858       free                       0000000600003858 f   XEClib:_heap.obj
 0001:00002878       ?xe_request_page@@YAPEAXH@Z 0000000600003878 f   XEClib:_heap.obj
 0001:000028b0       ?xe_free_page@@YAXPEAXH@Z  00000006000038b0 f   XEClib:_heap.obj
 0001:000028e0       dlmalloc                   00000006000038e0 f   XEClib:_heap.obj
 0001:000030e8       dlfree                     00000006000040e8 f   XEClib:_heap.obj
 0001:00004290       dlcalloc                   0000000600005290 f   XEClib:_heap.obj
 0001:00004358       dlrealloc                  0000000600005358 f   XEClib:_heap.obj
 0001:000044d0       dlrealloc_in_place         00000006000054d0 f   XEClib:_heap.obj
 0001:00004598       dlmemalign                 0000000600005598 f   XEClib:_heap.obj
 0001:000045e0       dlposix_memalign           00000006000055e0 f   XEClib:_heap.obj
 0001:000046f0       dlvalloc                   00000006000056f0 f   XEClib:_heap.obj
 0001:00004730       dlmallopt                  0000000600005730 f   XEClib:_heap.obj
 0001:00004760       dlmalloc_footprint         0000000600005760 f   XEClib:_heap.obj
 0001:00004770       dlmalloc_max_footprint     0000000600005770 f   XEClib:_heap.obj
 0001:00004780       dlmalloc_footprint_limit   0000000600005780 f   XEClib:_heap.obj
 0001:000047c0       dlmalloc_set_footprint_limit 00000006000057c0 f   XEClib:_heap.obj
 0001:00004860       dlindependent_calloc       0000000600005860 f   XEClib:_heap.obj
 0001:000048a0       dlindependent_comalloc     00000006000058a0 f   XEClib:_heap.obj
 0001:000048d8       dlbulk_free                00000006000058d8 f   XEClib:_heap.obj
 0001:00004908       dlpvalloc                  0000000600005908 f   XEClib:_heap.obj
 0001:00004968       dlmalloc_trim              0000000600005968 f   XEClib:_heap.obj
 0001:000049c0       dlmalloc_usable_size       00000006000059c0 f   XEClib:_heap.obj
 0001:0000b728       strcmp                     000000060000c728 f   XEClib:string.obj
 0001:0000b7d0       strcpy                     000000060000c7d0 f   XEClib:string.obj
 0001:0000b838       strlen                     000000060000c838 f   XEClib:string.obj
 0001:0000b888       strnlen                    000000060000c888 f   XEClib:string.obj
 0001:0000b930       strncmp                    000000060000c930 f   XEClib:string.obj
 0001:0000ba00       strncpy                    000000060000ca00 f   XEClib:string.obj
 0001:0000bb08       strchr                     000000060000cb08 f   XEClib:string.obj
 0001:0000bb68       strcasecmp                 000000060000cb68 f   XEClib:string.obj
 0001:0000bc18       strncasecmp                000000060000cc18 f   XEClib:string.obj
 0001:0000bea0       strcasestr                 000000060000cea0 f   XEClib:string.obj
 0001:0000bf60       strcat                     000000060000cf60 f   XEClib:string.obj
 0001:0000c080       strncat                    000000060000d080 f   XEClib:string.obj
 0001:0000c1f8       strdup                     000000060000d1f8 f   XEClib:string.obj
 0001:0000c2b8       strerror                   000000060000d2b8 f   XEClib:string.obj
 0001:0000c2d8       strrchr                    000000060000d2d8 f   XEClib:string.obj
 0001:0000c370       strspn                     000000060000d370 f   XEClib:string.obj
 0001:0000c450       strtok                     000000060000d450 f   XEClib:string.obj
 0001:0000c600       strtok_r                   000000060000d600 f   XEClib:string.obj
 0001:0000c7c0       strstr                     000000060000d7c0 f   XEClib:string.obj
 0001:0000c860       strtoll                    000000060000d860 f   XEClib:string.obj
 0001:0000c8e8       memset                     000000060000d8e8 f   XEClib:string.obj
 0001:0000c950       memcpy                     000000060000d950 f   XEClib:string.obj
 0001:0000c9c8       memcmp                     000000060000d9c8 f   XEClib:string.obj
 0001:0000ca88       bcopy                      000000060000da88 f   XEClib:string.obj
 0001:0000cb08       bzero                      000000060000db08 f   XEClib:string.obj
 0001:0000cb30       ffs                        000000060000db30 f   XEClib:string.obj
 0001:0000cb98       memmove                    000000060000db98 f   XEClib:string.obj
 0001:0000cbb8       memchr                     000000060000dbb8 f   XEClib:string.obj
 0001:0000cc50       ?memset@@YAXPEAXEI@Z       000000060000dc50 f   XEClib:string.obj
 0001:0000ccb0       ?memcpy@@YAPEAXPEAX0I@Z    000000060000dcb0 f   XEClib:string.obj
 0001:0000cd28       ?strchrnul@@YAPEADPEBDH@Z  000000060000dd28 f   XEClib:string.obj
 0001:0000cee8       _ldigits                   000000060000dee8 f   XEClib:_xeprint.obj
 0001:0000cfa0       _digits                    000000060000dfa0 f   XEClib:_xeprint.obj
 0001:0000d050       _str2num                   000000060000e050 f   XEClib:_xeprint.obj
 0001:0000d618       _lnum2str                  000000060000e618 f   XEClib:_xeprint.obj
 0001:0000d828       _dbl2str                   000000060000e828 f   XEClib:_xeprint.obj
 0001:0000dc40       _num2str                   000000060000ec40 f   XEClib:_xeprint.obj
 0001:0000de50       _flt2str                   000000060000ee50 f   XEClib:_xeprint.obj
 0001:0000e250       strtod                     000000060000f250 f   XEClib:_xeprint.obj
 0001:0000e560       strtof                     000000060000f560 f   XEClib:_xeprint.obj
 0001:0000e588       _xeprint                   000000060000f588 f   XEClib:_xeprint.obj
 0001:0000f6e8       isspace                    00000006000106e8 f   XEClib:ctype.obj
 0001:0000f758       isascii                    0000000600010758 f   XEClib:ctype.obj
 0001:0000f790       isupper                    0000000600010790 f   XEClib:ctype.obj
 0001:0000f7d0       islower                    00000006000107d0 f   XEClib:ctype.obj
 0001:0000f810       isalpha                    0000000600010810 f   XEClib:ctype.obj
 0001:0000f8a8       isdigit                    00000006000108a8 f   XEClib:ctype.obj
 0001:0000f8e8       isxdigit                   00000006000108e8 f   XEClib:ctype.obj
 0001:0000f958       isprint                    0000000600010958 f   XEClib:ctype.obj
 0001:0000f9a8       toupper                    00000006000109a8 f   XEClib:ctype.obj
 0001:0000f9e8       tolower                    00000006000109e8 f   XEClib:ctype.obj
 0001:0000fa28       ?isgraph@@YAHH@Z           0000000600010a28 f   XEClib:ctype.obj
 0001:0000fa68       ?isalnum@@YAHH@Z           0000000600010a68 f   XEClib:ctype.obj
 0001:0000fac0       ?ispunct@@YAHH@Z           0000000600010ac0 f   XEClib:ctype.obj
 0001:0000fb18       atexit                     0000000600010b18 f   XEClib:stdlib.obj
 0001:0000fb38       atoi                       0000000600010b38 f   XEClib:stdlib.obj
 0001:0000fc48       atof                       0000000600010c48 f   XEClib:stdlib.obj
 0001:0000fc68       abs                        0000000600010c68 f   XEClib:stdlib.obj
 0001:0000fca0       mblen                      0000000600010ca0 f   XEClib:stdlib.obj
 0001:0000fe38       mbstowcs                   0000000600010e38 f   XEClib:stdlib.obj
 0001:0000ff50       mbtowc                     0000000600010f50 f   XEClib:stdlib.obj
 0001:0000ffe8       rand                       0000000600010fe8 f   XEClib:stdlib.obj
 0001:00010088       wcstombs                   0000000600011088 f   XEClib:stdlib.obj
 0001:00010180       wctomb                     0000000600011180 f   XEClib:stdlib.obj
 0001:00010200       sztoa                      0000000600011200 f   XEClib:stdlib.obj
 0001:00010388       setenv                     0000000600011388 f   XEClib:stdlib.obj
 0001:000103c0       getenv                     00000006000113c0 f   XEClib:stdlib.obj
 0001:000103e0       exit                       00000006000113e0 f   XEClib:stdlib.obj
 0001:00010400       strtol                     0000000600011400 f   XEClib:stdlib.obj
 0001:000107f8       strtoul                    00000006000117f8 f   XEClib:stdlib.obj
 0001:00010ba8       itoa_s                     0000000600011ba8 f   XEClib:stdlib.obj
 0001:00010c20       abort                      0000000600011c20 f   XEClib:stdlib.obj
 0001:00011160       fpclassify                 0000000600012160 f   XEClib:math.obj
 0001:00011218       ceil                       0000000600012218 f   XEClib:math.obj
 0001:00011270       cos                        0000000600012270 f   XEClib:math.obj
 0001:00011440       cosf                       0000000600012440 f   XEClib:math.obj
 0001:00011628       fabs                       0000000600012628 f   XEClib:math.obj
 0001:00011668       fabsf                      0000000600012668 f   XEClib:math.obj
 0001:000116b0       floor                      00000006000126b0 f   XEClib:math.obj
 0001:000116d8       floorf                     00000006000126d8 f   XEClib:math.obj
 0001:00011700       fmod                       0000000600012700 f   XEClib:math.obj
 0001:00011760       modf                       0000000600012760 f   XEClib:math.obj
 0001:000117b8       pow                        00000006000127b8 f   XEClib:math.obj
 0001:00011858       sin                        0000000600012858 f   XEClib:math.obj
 0001:00011a38       sinf                       0000000600012a38 f   XEClib:math.obj
 0001:00011c30       sqrt                       0000000600012c30 f   XEClib:math.obj
 0001:00011d10       sqrtf                      0000000600012d10 f   XEClib:math.obj
 0001:00011d38       tan                        0000000600012d38 f   XEClib:math.obj
 0001:00011d70       tanf                       0000000600012d70 f   XEClib:math.obj
 0001:00011da8       frexp                      0000000600012da8 f   XEClib:math.obj
 0001:00011e18       fmaxf                      0000000600012e18 f   XEClib:math.obj
 0001:00011e40       fminf                      0000000600012e40 f   XEClib:math.obj
 0001:00012090       _XESetEnvironmentVariable  0000000600013090 f   XEClib:_xeneva.obj
 0001:000122c0       _XEPutEnvironmentVariable  00000006000132c0 f   XEClib:_xeneva.obj
 0001:00012498       _XEGetEnvironmentVariable  0000000600013498 f   XEClib:_xeneva.obj
 0001:000125e8       fprintf                    00000006000135e8 f   XEClib:stdio.obj
 0001:000126c0       printf                     00000006000136c0 f   XEClib:stdio.obj
 0001:00012750       fopen                      0000000600013750 f   XEClib:stdio.obj
 0001:00012990       fread                      0000000600013990 f   XEClib:stdio.obj
 0001:00012a88       fwrite                     0000000600013a88 f   XEClib:stdio.obj
 0001:00012b98       ftell                      0000000600013b98 f   XEClib:stdio.obj
 0001:00012bb8       fseek                      0000000600013bb8 f   XEClib:stdio.obj
 0001:00012d18       fgetc                      0000000600013d18 f   XEClib:stdio.obj
 0001:00012da8       fclose                     0000000600013da8 f   XEClib:stdio.obj
 0001:00012e18       fflush                     0000000600013e18 f   XEClib:stdio.obj
 0001:00012e30       fputc                      0000000600013e30 f   XEClib:stdio.obj
 0001:00012ec0       fputs                      0000000600013ec0 f   XEClib:stdio.obj
 0001:00012f20       puts                       0000000600013f20 f   XEClib:stdio.obj
 0001:00012f70       vfprintf                   0000000600013f70 f   XEClib:stdio.obj
 0001:00013028       vsnprintf                  0000000600014028 f   XEClib:stdio.obj
 0001:000130b0       vsprintf                   00000006000140b0 f   XEClib:stdio.obj
 0001:00013110       vprintf                    0000000600014110 f   XEClib:stdio.obj
 0001:00013198       sprintf                    0000000600014198 f   XEClib:stdio.obj
 0001:00013208       snprintf                   0000000600014208 f   XEClib:stdio.obj
 0001:00013298       getchar                    0000000600014298 f   XEClib:stdio.obj
 0001:000132e0       remove                     00000006000142e0 f   XEClib:stdio.obj
 0001:00013308       rename                     0000000600014308 f   XEClib:stdio.obj
 0001:00013320       putchar                    0000000600014320 f   XEClib:stdio.obj
 0001:00013348       scanf                      0000000600014348 f   XEClib:stdio.obj
 0001:00013360       sscanf                     0000000600014360 f   XEClib:stdio.obj
 0003:00000060       _fltused                   0000000600016060     XEClib:_xeneva.obj
 0003:00000070       ?ldr_buffer@@3PEAEEA       0000000600016070     main.obj
 0003:00000078       ?_proc_debug@@3DA          0000000600016078     pe_.obj
 0003:00000079       ?_debug_buf@@3DA           0000000600016079     pe_.obj
 0003:00000470       ?errno@@3HA                0000000600016470     XEClib:errno.obj

 entry point at        0001:00000000

 Static symbols

 0000:00000000       .debug$S                   0000000600000000     xeldr.exp
 0001:00000030       .loop                      0000000600001030     fastcpy_arm64.obj
 0001:00000040       .done                      0000000600001040     fastcpy_arm64.obj
 0001:00001430       $LN23                      0000000600002430     pe_.obj
 0001:00001431       $LN24                      0000000600002431     pe_.obj
 0001:00001432       $LN25                      0000000600002432     pe_.obj
 0001:00001433       $LN26                      0000000600002433     pe_.obj
 0001:00001434       $LN27                      0000000600002434     pe_.obj
 0001:00001435       $LN28                      0000000600002435     pe_.obj
 0001:00001436       $LN29                      0000000600002436     pe_.obj
 0001:00001437       $LN30                      0000000600002437     pe_.obj
 0001:00001438       $LN31                      0000000600002438     pe_.obj
 0001:00001439       $LN32                      0000000600002439     pe_.obj
 0001:0000143a       $LN33                      000000060000243a     pe_.obj
 0001:0000143b       $LN34                      000000060000243b     pe_.obj
 0001:00004a50       ?init_mparams@@YAHXZ       0000000600005a50 f   XEClib:_heap.obj
 0001:00004b60       $LN11                      0000000600005b60     XEClib:_heap.obj
 0001:00004b68       ?change_mparam@@YAHHH@Z    0000000600005b68 f   XEClib:_heap.obj
 0001:00004c68       ?mmap_alloc@@YAPEAXPEAUmalloc_state@@_K@Z 0000000600005c68 f   XEClib:_heap.obj
 0001:00004e90       ?mmap_resize@@YAPEAUmalloc_chunk@@PEAUmalloc_state@@PEAU1@_KH@Z 0000000600005e90 f   XEClib:_heap.obj
 0001:00005078       ?init_top@@YAXPEAUmalloc_state@@PEAUmalloc_chunk@@_K@Z 0000000600006078 f   XEClib:_heap.obj
 0001:00005188       ?init_bins@@YAXPEAUmalloc_state@@@Z 0000000600006188 f   XEClib:_heap.obj
 0001:00005208       ?prepend_alloc@@YAPEAXPEAUmalloc_state@@PEAD1_K@Z 0000000600006208 f   XEClib:_heap.obj
 0001:00005db0       ?add_segment@@YAXPEAUmalloc_state@@PEAD_KI@Z 0000000600006db0 f   XEClib:_heap.obj
 0001:000064d8       ?sys_alloc@@YAPEAXPEAUmalloc_state@@_K@Z 00000006000074d8 f   XEClib:_heap.obj
 0001:00007090       ?release_unused_segments@@YA_KPEAUmalloc_state@@@Z 0000000600008090 f   XEClib:_heap.obj
 0001:000079b0       ?sys_trim@@YAHPEAUmalloc_state@@_K@Z 00000006000089b0 f   XEClib:_heap.obj
 0001:00007cd0       ?dispose_chunk@@YAXPEAUmalloc_state@@PEAUmalloc_chunk@@_K@Z 0000000600008cd0 f   XEClib:_heap.obj
 0001:00008e60       ?tmalloc_large@@YAPEAXPEAUmalloc_state@@_K@Z 0000000600009e60 f   XEClib:_heap.obj
 0001:00009a88       ?tmalloc_small@@YAPEAXPEAUmalloc_state@@_K@Z 000000060000aa88 f   XEClib:_heap.obj
 0001:0000a160       ?try_realloc_chunk@@YAPEAUmalloc_chunk@@PEAUmalloc_state@@PEAU1@_KH@Z 000000060000b160 f   XEClib:_heap.obj
 0001:0000ac80       ?internal_memalign@@YAPEAXPEAUmalloc_state@@_K1@Z 000000060000bc80 f   XEClib:_heap.obj
 0001:0000b070       ?ialloc@@YAPEAPEAXPEAUmalloc_state@@_KPEA_KHQEAPEAX@Z 000000060000c070 f   XEClib:_heap.obj
 0001:0000b470       ?internal_bulk_free@@YA_KPEAUmalloc_state@@QEAPEAX_K@Z 000000060000c470 f   XEClib:_heap.obj
 0001:0000b6a0       ?segment_holding@@YAPEAUmalloc_segment@@PEAUmalloc_state@@PEAD@Z 000000060000c6a0 f   XEClib:_heap.obj
 0001:0000d5d8       $LN52                      000000060000e5d8     XEClib:_xeprint.obj
 0001:0000d5dc       $LN53                      000000060000e5dc     XEClib:_xeprint.obj
 0001:0000d5e0       $LN54                      000000060000e5e0     XEClib:_xeprint.obj
 0001:0000d5e4       $LN55                      000000060000e5e4     XEClib:_xeprint.obj
 0001:0000d5e8       $LN56                      000000060000e5e8     XEClib:_xeprint.obj
 0001:0000d5ec       $LN57                      000000060000e5ec     XEClib:_xeprint.obj
 0001:0000d5f0       $LN58                      000000060000e5f0     XEClib:_xeprint.obj
 0001:0000d5f4       $LN59                      000000060000e5f4     XEClib:_xeprint.obj
 0001:0000d5f8       $LN60                      000000060000e5f8     XEClib:_xeprint.obj
 0001:0000d5fc       $LN61                      000000060000e5fc     XEClib:_xeprint.obj
 0001:0000d600       $LN62                      000000060000e600     XEClib:_xeprint.obj
 0001:0000d604       $LN63                      000000060000e604     XEClib:_xeprint.obj
 0001:0000d608       $LN64                      000000060000e608     XEClib:_xeprint.obj
 0001:0000d60c       $LN65                      000000060000e60c     XEClib:_xeprint.obj
 0001:0000d610       $LN66                      000000060000e610     XEClib:_xeprint.obj
 0001:0000dc30       $LN25                      000000060000ec30     XEClib:_xeprint.obj
 0001:0000dc38       $LN26                      000000060000ec38     XEClib:_xeprint.obj
 0001:0000e248       $LN25                      000000060000f248     XEClib:_xeprint.obj
 0001:0000e24c       $LN26                      000000060000f24c     XEClib:_xeprint.obj
 0001:0000e558       $LN23                      000000060000f558     XEClib:_xeprint.obj
 0001:0000f5a8       $LN111                     00000006000105a8     XEClib:_xeprint.obj
 0001:0000f5ac       $LN112                     00000006000105ac     XEClib:_xeprint.obj
 0001:0000f5b0       $LN113                     00000006000105b0     XEClib:_xeprint.obj
 0001:0000f5b4       $LN114                     00000006000105b4     XEClib:_xeprint.obj
 0001:0000f5b8       $LN115                     00000006000105b8     XEClib:_xeprint.obj
 0001:0000f5bc       $LN116                     00000006000105bc     XEClib:_xeprint.obj
 0001:0000f5c0       $LN117                     00000006000105c0     XEClib:_xeprint.obj
 0001:0000f5c4       $LN118                     00000006000105c4     XEClib:_xeprint.obj
 0001:0000f5c8       $LN119                     00000006000105c8     XEClib:_xeprint.obj
 0001:0000f5cc       $LN120                     00000006000105cc     XEClib:_xeprint.obj
 0001:0000f5d0       $LN121                     00000006000105d0     XEClib:_xeprint.obj
 0001:0000f5d4       $LN122                     00000006000105d4     XEClib:_xeprint.obj
 0001:0000f5d8       $LN123                     00000006000105d8     XEClib:_xeprint.obj
 0001:0000f5dc       $LN124                     00000006000105dc     XEClib:_xeprint.obj
 0001:0000f5e0       $LN125                     00000006000105e0     XEClib:_xeprint.obj
 0001:0000f5e4       $LN126                     00000006000105e4     XEClib:_xeprint.obj
 0001:0000f5e8       $LN127                     00000006000105e8     XEClib:_xeprint.obj
 0001:0000f5ec       $LN128                     00000006000105ec     XEClib:_xeprint.obj
 0001:0000f5f0       $LN129                     00000006000105f0     XEClib:_xeprint.obj
 0001:0000f5f4       $LN130                     00000006000105f4     XEClib:_xeprint.obj
 0001:0000f5f8       $LN131                     00000006000105f8     XEClib:_xeprint.obj
 0001:0000f5fc       $LN132                     00000006000105fc     XEClib:_xeprint.obj
 0001:0000f600       $LN133                     0000000600010600     XEClib:_xeprint.obj
 0001:0000f604       $LN134                     0000000600010604     XEClib:_xeprint.obj
 0001:0000f608       $LN135                     0000000600010608     XEClib:_xeprint.obj
 0001:0000f60c       $LN136                     000000060001060c     XEClib:_xeprint.obj
 0001:0000f610       $LN137                     0000000600010610     XEClib:_xeprint.obj
 0001:0000f614       $LN138                     0000000600010614     XEClib:_xeprint.obj
 0001:0000f618       $LN139                     0000000600010618     XEClib:_xeprint.obj
 0001:0000f61c       $LN140                     000000060001061c     XEClib:_xeprint.obj
 0001:0000f620       $LN141                     0000000600010620     XEClib:_xeprint.obj
 0001:0000f624       $LN142                     0000000600010624     XEClib:_xeprint.obj
 0001:0000f628       $LN143                     0000000600010628     XEClib:_xeprint.obj
 0001:0000f62c       $LN144                     000000060001062c     XEClib:_xeprint.obj
 0001:0000f630       $LN145                     0000000600010630     XEClib:_xeprint.obj
 0001:0000f634       $LN146                     0000000600010634     XEClib:_xeprint.obj
 0001:0000f638       $LN147                     0000000600010638     XEClib:_xeprint.obj
 0001:0000f63c       $LN148                     000000060001063c     XEClib:_xeprint.obj
 0001:0000f640       $LN149                     0000000600010640     XEClib:_xeprint.obj
 0001:0000f644       $LN150                     0000000600010644     XEClib:_xeprint.obj
 0001:0000f648       $LN151                     0000000600010648     XEClib:_xeprint.obj
 0001:0000f64c       $LN152                     000000060001064c     XEClib:_xeprint.obj
 0001:0000f650       $LN153                     0000000600010650     XEClib:_xeprint.obj
 0001:0000f654       $LN154                     0000000600010654     XEClib:_xeprint.obj
 0001:0000f658       $LN155                     0000000600010658     XEClib:_xeprint.obj
 0001:0000f65c       $LN156                     000000060001065c     XEClib:_xeprint.obj
 0001:0000f660       $LN157                     0000000600010660     XEClib:_xeprint.obj
 0001:0000f664       $LN158                     0000000600010664     XEClib:_xeprint.obj
 0001:0000f668       $LN159                     0000000600010668     XEClib:_xeprint.obj
 0001:0000f66c       $LN160                     000000060001066c     XEClib:_xeprint.obj
 0001:0000f670       $LN161                     0000000600010670     XEClib:_xeprint.obj
 0001:0000f674       $LN162                     0000000600010674     XEClib:_xeprint.obj
 0001:00010c48       ?utf8CodeWidth@@YAII@Z     0000000600011c48 f   XEClib:stdlib.obj
 0001:00010cc8       ?unicodeToUtf8Char@@YAXIPEAEI@Z 0000000600011cc8 f   XEClib:stdlib.obj
 0001:00010f20       ?utf8CharToUnicode@@YAIPEBDI@Z 0000000600011f20 f   XEClib:stdlib.obj
 0001:00011430       $LN20                      0000000600012430     XEClib:math.obj
 0001:00011438       $LN21                      0000000600012438     XEClib:math.obj
 0001:00011618       $LN20                      0000000600012618     XEClib:math.obj
 0001:00011620       $LN21                      0000000600012620     XEClib:math.obj
 0001:00011a28       $LN20                      0000000600012a28     XEClib:math.obj
 0001:00011a30       $LN21                      0000000600012a30     XEClib:math.obj
 0001:00011c20       $LN20                      0000000600012c20     XEClib:math.obj
 0001:00011c28       $LN21                      0000000600012c28     XEClib:math.obj
 0001:00011e68       ?norm2@@YAHPEAN@Z          0000000600012e68 f   XEClib:math.obj
 0001:00011ef0       ?isnan_f@@YAHM@Z           0000000600012ef0 f   XEClib:math.obj
 0001:00011f48       ?fmaxf_ieee@@YAMMM@Z       0000000600012f48 f   XEClib:math.obj
 0001:00011fe0       ?fminf_ieee@@YAMMM@Z       0000000600012fe0 f   XEClib:math.obj
 0002:00000000       $SG3960                    0000000600015000     main.obj
 0002:00000018       $SG4020                    0000000600015018     main.obj
 0002:00000030       $SG4039                    0000000600015030     main.obj
 0002:00000070       $SG4040                    0000000600015070     main.obj
 0002:000000a8       $SG4042                    00000006000150a8     main.obj
 0002:000000c8       $SG3740                    00000006000150c8     pe_.obj
 0002:000000e4       $SG3742                    00000006000150e4     pe_.obj
 0002:000000e8       $SG3744                    00000006000150e8     pe_.obj
 0002:000000f8       $SG3776                    00000006000150f8     pe_.obj
 0002:00000110       $SG3793                    0000000600015110     pe_.obj
 0002:00000120       $SG3619                    0000000600015120     XELdrObject.obj
 0002:00000140       $SG3350                    0000000600015140     XEClib:string.obj
 0002:00000158       $SG3358                    0000000600015158     XEClib:_xeprint.obj
 0002:00000168       $SG3418                    0000000600015168     XEClib:_xeprint.obj
 0002:00000174       $SG3561                    0000000600015174     XEClib:_xeprint.obj
 0002:00000180       $SG3347                    0000000600015180     XEClib:stdlib.obj
 0002:00000198       $SG3367                    0000000600015198     XEClib:stdlib.obj
 0002:000001a8       $SG3243                    00000006000151a8     XEClib:_xeneva.obj
 0002:000001b0       $SG3331                    00000006000151b0     XEClib:stdio.obj
 0002:000001b4       $SG3334                    00000006000151b4     XEClib:stdio.obj
 0002:000001b8       $SG3337                    00000006000151b8     XEClib:stdio.obj
 0002:000001bc       $SG3340                    00000006000151bc     XEClib:stdio.obj
 0002:000001c0       $SG3343                    00000006000151c0     XEClib:stdio.obj
 0002:000001c4       $SG3345                    00000006000151c4     XEClib:stdio.obj
 0002:000001c8       $SG3348                    00000006000151c8     XEClib:stdio.obj
 0002:000001e0       $SG3369                    00000006000151e0     XEClib:stdio.obj
 0002:000001fc       $SG3453                    00000006000151fc     XEClib:stdio.obj
 0002:00000200       $SG3370                    0000000600015200     XEClib:stdio.obj
 0002:00000218       $SG3428                    0000000600015218     XEClib:stdio.obj
 0002:000002e8       $unwind$tan                00000006000152e8     XEClib:math.obj
 0002:000002f4       $unwind$tanf               00000006000152f4     XEClib:math.obj
 0002:00000300       $unwind$snprintf           0000000600015300     XEClib:stdio.obj
 0003:00000000       ?x@@3IA                    0000000600016000     XEClib:stdlib.obj
 0003:00000004       ?y@@3IA                    0000000600016004     XEClib:stdlib.obj
 0003:00000008       ?z@@3IA                    0000000600016008     XEClib:stdlib.obj
 0003:0000000c       ?w@@3IA                    000000060001600c     XEClib:stdlib.obj
 0003:00000010       ?chars@@3PEADEA            0000000600016010     XEClib:stdlib.obj
 0003:00000020       ?xtable@@3PAHA             0000000600016020     XEClib:math.obj
 0003:00000080       ?obj_first@@3PEAU_XELDR_OBJ_@@EA 0000000600016080     XELdrObject.obj
 0003:00000088       ?obj_last@@3PEAU_XELDR_OBJ_@@EA 0000000600016088     XELdrObject.obj
 0003:00000090       ?mparams@@3Umalloc_params@@A 0000000600016090     XEClib:_heap.obj
 0003:000000c0       ?_gm_@@3Umalloc_state@@A   00000006000160c0     XEClib:_heap.obj
 0003:00000468       ?saveptr@@3PEADEA          0000000600016468     XEClib:string.obj
 0005:00000000       .edata                     0000000600018000     xeldr.exp
 0005:00000028       rgpv                       0000000600018028     xeldr.exp
 0005:000001f8       rgszName                   00000006000181f8     xeldr.exp
 0005:000003c8       rgwOrd                     00000006000183c8     xeldr.exp
 0005:000004b0       szName                     00000006000184b0     xeldr.exp
 0005:000004ba       $N00001                    00000006000184ba     xeldr.exp
 0005:000004d4       $N00002                    00000006000184d4     xeldr.exp
 0005:000004ee       $N00003                    00000006000184ee     xeldr.exp
 0005:00000508       $N00004                    0000000600018508     xeldr.exp
 0005:00000511       $N00005                    0000000600018511     xeldr.exp
 0005:00000519       $N00006                    0000000600018519     xeldr.exp
 0005:00000522       $N00007                    0000000600018522     xeldr.exp
 0005:0000052b       $N00008                    000000060001852b     xeldr.exp
 0005:00000535       $N00009                    0000000600018535     xeldr.exp
 0005:0000053e       $N00010                    000000060001853e     xeldr.exp
 0005:00000547       $N00011                    0000000600018547     xeldr.exp
 0005:0000054d       $N00012                    000000060001854d     xeldr.exp
 0005:00000551       $N00013                    0000000600018551     xeldr.exp
 0005:00000556       $N00014                    0000000600018556     xeldr.exp
 0005:0000055b       $N00015                    000000060001855b     xeldr.exp
 0005:00000561       $N00016                    0000000600018561     xeldr.exp
 0005:00000567       $N00017                    0000000600018567     xeldr.exp
 0005:0000056e       $N00018                    000000060001856e     xeldr.exp
 0005:00000573       $N00019                    0000000600018573     xeldr.exp
 0005:00000577       $N00020                    0000000600018577     xeldr.exp
 0005:0000057c       $N00021                    000000060001857c     xeldr.exp
 0005:00000581       $N00022                    0000000600018581     xeldr.exp
 0005:00000586       $N00023                    0000000600018586     xeldr.exp
 0005:0000058c       $N00024                    000000060001858c     xeldr.exp
 0005:00000593       $N00025                    0000000600018593     xeldr.exp
 0005:0000059a       $N00026                    000000060001859a     xeldr.exp
 0005:0000059e       $N00027                    000000060001859e     xeldr.exp
 0005:000005a4       $N00028                    00000006000185a4     xeldr.exp
 0005:000005aa       $N00029                    00000006000185aa     xeldr.exp
 0005:000005b1       $N00030                    00000006000185b1     xeldr.exp
 0005:000005b7       $N00031                    00000006000185b7     xeldr.exp
 0005:000005bd       $N00032                    00000006000185bd     xeldr.exp
 0005:000005c2       $N00033                    00000006000185c2     xeldr.exp
 0005:000005c8       $N00034                    00000006000185c8     xeldr.exp
 0005:000005d3       $N00035                    00000006000185d3     xeldr.exp
 0005:000005db       $N00036                    00000006000185db     xeldr.exp
 0005:000005e1       $N00037                    00000006000185e1     xeldr.exp
 0005:000005e7       $N00038                    00000006000185e7     xeldr.exp
 0005:000005ed       $N00039                    00000006000185ed     xeldr.exp
 0005:000005f2       $N00040                    00000006000185f2     xeldr.exp
 0005:000005f8       $N00041                    00000006000185f8     xeldr.exp
 0005:000005fe       $N00042                    00000006000185fe     xeldr.exp
 0005:00000604       $N00043                    0000000600018604     xeldr.exp
 0005:0000060b       $N00044                    000000060001860b     xeldr.exp
 0005:00000613       $N00045                    0000000600018613     xeldr.exp
 0005:0000061a       $N00046                    000000060001861a     xeldr.exp
 0005:00000622       $N00047                    0000000600018622     xeldr.exp
 0005:0000062a       $N00048                    000000060001862a     xeldr.exp
 0005:00000632       $N00049                    0000000600018632     xeldr.exp
 0005:0000063a       $N00050                    000000060001863a     xeldr.exp
 0005:00000642       $N00051                    0000000600018642     xeldr.exp
 0005:0000064a       $N00052                    000000060001864a     xeldr.exp
 0005:00000652       $N00053                    0000000600018652     xeldr.exp
 0005:0000065b       $N00054                    000000060001865b     xeldr.exp
 0005:00000662       $N00055                    0000000600018662     xeldr.exp
 0005:00000669       $N00056                    0000000600018669     xeldr.exp
 0005:0000066f       $N00057                    000000060001866f     xeldr.exp
 0005:00000678       $N00058                    0000000600018678     xeldr.exp
 0005:0000067f       $N00059                    000000060001867f     xeldr.exp
 0005:00000686       $N00060                    0000000600018686     xeldr.exp
 0005:0000068d       $N00061                    000000060001868d     xeldr.exp
 0005:00000694       $N00062                    0000000600018694     xeldr.exp
 0005:0000069c       $N00063                    000000060001869c     xeldr.exp
 0005:000006a3       $N00064                    00000006000186a3     xeldr.exp
 0005:000006a8       $N00065                    00000006000186a8     xeldr.exp
 0005:000006ac       $N00066                    00000006000186ac     xeldr.exp
 0005:000006b3       $N00067                    00000006000186b3     xeldr.exp
 0005:000006bb       $N00068                    00000006000186bb     xeldr.exp
 0005:000006c0       $N00069                    00000006000186c0     xeldr.exp
 0005:000006c5       $N00070                    00000006000186c5     xeldr.exp
 0005:000006cd       $N00071                    00000006000186cd     xeldr.exp
 0005:000006d4       $N00072                    00000006000186d4     xeldr.exp
 0005:000006db       $N00073                    00000006000186db     xeldr.exp
 0005:000006e1       $N00074                    00000006000186e1     xeldr.exp
 0005:000006e8       $N00075                    00000006000186e8     xeldr.exp
 0005:000006ec       $N00076                    00000006000186ec     xeldr.exp
 0005:000006f1       $N00077                    00000006000186f1     xeldr.exp
 0005:000006fa       $N00078                    00000006000186fa     xeldr.exp
 0005:00000702       $N00079                    0000000600018702     xeldr.exp
 0005:00000707       $N00080                    0000000600018707     xeldr.exp
 0005:0000070d       $N00081                    000000060001870d     xeldr.exp
 0005:00000714       $N00082                    0000000600018714     xeldr.exp
 0005:0000071f       $N00083                    000000060001871f     xeldr.exp
 0005:0000072a       $N00084                    000000060001872a     xeldr.exp
 0005:00000731       $N00085                    0000000600018731     xeldr.exp
 0005:00000738       $N00086                    0000000600018738     xeldr.exp
 0005:0000073f       $N00087                    000000060001873f     xeldr.exp
 0005:00000746       $N00088                    0000000600018746     xeldr.exp
 0005:0000074d       $N00089                    000000060001874d     xeldr.exp
 0005:00000756       $N00090                    0000000600018756     xeldr.exp
 0005:0000075d       $N00091                    000000060001875d     xeldr.exp
 0005:00000769       $N00092                    0000000600018769     xeldr.exp
 0005:00000771       $N00093                    0000000600018771     xeldr.exp
 0005:00000779       $N00094                    0000000600018779     xeldr.exp
 0005:00000781       $N00095                    0000000600018781     xeldr.exp
 0005:00000789       $N00096                    0000000600018789     xeldr.exp
 0005:00000791       $N00097                    0000000600018791     xeldr.exp
 0005:00000798       $N00098                    0000000600018798     xeldr.exp
 0005:0000079f       $N00099                    000000060001879f     xeldr.exp
 0005:000007a6       $N00100                    00000006000187a6     xeldr.exp
 0005:000007ad       $N00101                    00000006000187ad     xeldr.exp
 0005:000007b4       $N00102                    00000006000187b4     xeldr.exp
 0005:000007bd       $N00103                    00000006000187bd     xeldr.exp
 0005:000007c4       $N00104                    00000006000187c4     xeldr.exp
 0005:000007cc       $N00105                    00000006000187cc     xeldr.exp
 0005:000007d4       $N00106                    00000006000187d4     xeldr.exp
 0005:000007da       $N00107                    00000006000187da     xeldr.exp
 0005:000007de       $N00108                    00000006000187de     xeldr.exp
 0005:000007e3       $N00109                    00000006000187e3     xeldr.exp
 0005:000007eb       $N00110                    00000006000187eb     xeldr.exp
 0005:000007f3       $N00111                    00000006000187f3     xeldr.exp
 0005:000007fc       $N00112                    00000006000187fc     xeldr.exp
 0005:00000804       $N00113                    0000000600018804     xeldr.exp
 0005:0000080e       $N00114                    000000060001880e     xeldr.exp
 0005:00000817       $N00115                    0000000600018817     xeldr.exp
 0005:00000820       $N00116                    0000000600018820     xeldr.exp

 Exports

  ordinal    name

        1    _XEGetEnvironmentVariable
        2    _XEPutEnvironmentVariable
        3    _XESetEnvironmentVariable
        4    _dbl2str
        5    _digits
        6    _flt2str
        7    _ldigits
        8    _lnum2str
        9    _num2str
       10    _str2num
       11    abort
       12    abs
       13    atof
       14    atoi
       15    bcopy
       16    bzero
       17    calloc
       18    ceil
       19    cos
       20    cosf
       21    exit
       22    fabs
       23    fabsf
       24    fclose
       25    fflush
       26    ffs
       27    fgetc
       28    floor
       29    floorf
       30    fmaxf
       31    fminf
       32    fmod
       33    fopen
       34    fpclassify
       35    fprintf
       36    fputc
       37    fputs
       38    fread
       39    free
       40    frexp
       41    fseek
       42    ftell
       43    fwrite
       44    getchar
       45    getenv
       46    isalpha
       47    isascii
       48    isdigit
       49    islower
       50    isprint
       51    isspace
       52    isupper
       53    isxdigit
       54    itoa_s
       55    malloc
       56    mblen
       57    mbstowcs
       58    mbtowc
       59    memchr
       60    memcmp
       61    memcpy
       62    memmove
       63    memset
       64    modf
       65    pow
       66    printf
       67    putchar
       68    puts
       69    rand
       70    realloc
       71    remove
       72    rename
       73    scanf
       74    setenv
       75    sin
       76    sinf
       77    snprintf
       78    sprintf
       79    sqrt
       80    sqrtf
       81    sscanf
       82    strcasecmp
       83    strcasestr
       84    strcat
       85    strchr
       86    strcmp
       87    strcpy
       88    strdup
       89    strerror
       90    strlen
       91    strncasecmp
       92    strncat
       93    strncmp
       94    strncpy
       95    strnlen
       96    strrchr
       97    strspn
       98    strstr
       99    strtod
      100    strtof
      101    strtok
      102    strtok_r
      103    strtol
      104    strtoll
      105    strtoul
      106    sztoa
      107    tan
      108    tanf
      109    tolower
      110    toupper
      111    vfprintf
      112    vprintf
      113    vsnprintf
      114    vsprintf
      115    wcstombs
      116    wctomb
