 KernelAA64

 Timestamp is 6aa7dd65 (Mon Sep 14 17:11:25 2026)

 Preferred load address is ffffc00000000000

 Start         Length     Name                   Class
 0001:00000000 0002b4fcH .text                   CODE
 0002:00000000 000016f0H .rdata                  DATA
 0003:00000000 00000038H .data                   DATA
 0003:00000038 00035964H .bss                    DATA

  Address         Publics by Value              Rva+Base               Lib:Object

 0001:00000000       AA64GetPhysicalTimerCount  ffffc00000001000     aa64cpu.o
 0001:00000018       AA64FPUNeonEnable          ffffc00000001018     aa64cpu.o
 0001:00000034       AA64ClockInitialize        ffffc00000001034     aa64cpu.o
 0001:0000009c       aa64_data_cache_clean_range ffffc0000000109c     aa64cpu.o
 0001:000000dc       get_cache_line_sz          ffffc000000010dc     aa64cpu.o
 0001:000000f8       aa64_dc_cvac_range         ffffc000000010f8     aa64cpu.o
 0001:00000158       AA64SleepUS                ffffc00000001158     aa64cpu.o
 0001:0000015c       aa64_dc_ivac_range         ffffc0000000115c     aa64cpu.o
 0001:000001bc       AA64CPUImplementer         ffffc000000011bc     aa64cpu.o
 0001:00000298       updateTicks                ffffc00000001298     aa64cpu.o
 0001:000002e4       aa64_gettimeofday          ffffc000000012e4     aa64cpu.o
 0001:00000354       aa64_now                   ffffc00000001354     aa64cpu.o
 0001:000003a8       aa64_settimeofday          ffffc000000013a8     aa64cpu.o
 0001:00000440       aa64_calculate_ticks       ffffc00000001440     aa64cpu.o
 0001:000004f4       AA64SleepMS                ffffc000000014f4     aa64cpu.o
 0001:000004f8       AA64CpuInitialize          ffffc000000014f8     aa64cpu.o
 0001:00000674       AA64TimerSetup             ffffc00000001674     aa64cpu.o
 0001:00000694       AA64CPUPostInitialize      ffffc00000001694     aa64cpu.o
 0001:000007bc       AA64CPUGetFreqencyHz       ffffc000000017bc     aa64cpu.o
 0001:000007c8       AuSchedLock                ffffc000000017c8     sched.o
 0001:00000808       AuSchedUnlock              ffffc00000001808     sched.o
 0001:00000838       AuThreadInsert             ffffc00000001838     sched.o
 0001:000008c8       AuThreadDelete             ffffc000000018c8     sched.o
 0001:0000099c       AuThreadInsertBlock        ffffc0000000199c     sched.o
 0001:00000a2c       AuThreadDeleteBlock        ffffc00000001a2c     sched.o
 0001:00000b00       AuThreadInsertTrash        ffffc00000001b00     sched.o
 0001:00000b90       AuThreadDeleteTrash        ffffc00000001b90     sched.o
 0001:00000c64       AuThreadInsertSleep        ffffc00000001c64     sched.o
 0001:00000cf4       AuThreadDeleteSleep        ffffc00000001cf4     sched.o
 0001:00000dc8       AA64NextThread             ffffc00000001dc8     sched.o
 0001:00000dfc       AuCreateKthread            ffffc00000001dfc     sched.o
 0001:00000f88       AuCreateKernelStack        ffffc00000001f88     sched.o
 0001:00001020       AuCreateSubKthread         ffffc00000002020     sched.o
 0001:00001124       PrintThreadInfo            ffffc00000002124     sched.o
 0001:00001164       AuIdleLoop                 ffffc00000002164     sched.o
 0001:0000141c       AuIdleThread               ffffc0000000241c     sched.o
 0001:00001458       AuResumeUserThread         ffffc00000002458     sched.o
 0001:00001474       enscheddebug               ffffc00000002474     sched.o
 0001:00001484       AuHandleSleepThreads       ffffc00000002484     sched.o
 0001:000015b4       PrintThrIn                 ffffc000000025b4     sched.o
 0001:000015d4       AuThreadSafeReturn         ffffc000000025d4     sched.o
 0001:00001620       AuScheduleThread           ffffc00000002620     sched.o
 0001:00001844       AuScheduleNext             ffffc00000002844     sched.o
 0001:000018b0       AuCreateSubKernelStack     ffffc000000028b0     sched.o
 0001:00001948       AuSchedulerInitialize      ffffc00000002948     sched.o
 0001:000019c0       AuSchedulerStart           ffffc000000029c0     sched.o
 0001:00001a18       AuGetIdleThread            ffffc00000002a18     sched.o
 0001:00001a24       AuGetCurrentThread         ffffc00000002a24     sched.o
 0001:00001a30       AuForceScheduler           ffffc00000002a30     sched.o
 0001:00001a9c       AuBlockThread              ffffc00000002a9c     sched.o
 0001:00001b94       AuUnblockThread            ffffc00000002b94     sched.o
 0001:00001cb0       AuSleepThread              ffffc00000002cb0     sched.o
 0001:00001dbc       AuThreadMakeReady          ffffc00000002dbc     sched.o
 0001:00001ed8       AuThreadFindByID           ffffc00000002ed8     sched.o
 0001:00001f58       AuThreadFindByIDBlockList  ffffc00000002f58     sched.o
 0001:00001fd8       AuThreadMoveToTrash        ffffc00000002fd8     sched.o
 0001:000021d8       AuThreadCleanTrash         ffffc000000031d8     sched.o
 0001:000021dc       AuSchedValidateLists       ffffc000000031dc     sched.o
 0001:0000247c       AuGetSystemTimerTick       ffffc0000000347c     sched.o
 0001:00002488       AuSetIdleThread            ffffc00000003488     sched.o
 0001:00002494       SeTextOut                  ffffc00000003494     serial.o
 0001:00002498       AuDumpRegisters            ffffc00000003498     vector.o
 0001:000025b0       sync_el1_handler           ffffc000000035b0     vector.o
 0001:00002808       setuprint                  ffffc00000003808     vector.o
 0001:00002818       irq_el1_handler            ffffc00000003818     vector.o
 0001:00002904       fault_el1_handler          ffffc00000003904     vector.o
 0001:0000296c       sync_el0_handler           ffffc0000000396c     vector.o
 0001:000029c8       AA64InitializeVectorTable  ffffc000000039c8     vector.o
 0001:000029d4       AuEDFSetParams             ffffc000000039d4     sched_edf.o
 0001:00002aa4       AuEDFRemove                ffffc00000003aa4     sched_edf.o
 0001:00002af0       AuEDFWaitPeriod            ffffc00000003af0     sched_edf.o
 0001:00002b80       AuEDFHandleReleases        ffffc00000003b80     sched_edf.o
 0001:00002bf0       AuEDFPickNext              ffffc00000003bf0     sched_edf.o
 0001:00002c70       AuEDFGetMisses             ffffc00000003c70     sched_edf.o
 0001:00002c7c       AuEDFSelfTestStart         ffffc00000003c7c     sched_edf.o
 0001:00002ea4       search_s5                  ffffc00000003ea4     basicacpi.o
 0001:00002edc       AuACPIParseMADT            ffffc00000003edc     basicacpi.o
 0001:000030ac       AuACPIInitialise           ffffc000000040ac     basicacpi.o
 0001:000030c4       AuACPIGetMCFG              ffffc000000040c4     basicacpi.o
 0001:000030e0       AuACPIPCIESupported        ffffc000000040e0     basicacpi.o
 0001:000030ec       AuACPIGetRSDP              ffffc000000040ec     basicacpi.o
 0001:000030f8       AuProfileReadCycles        ffffc000000040f8     profile.o
 0001:000030fc       AuProfileReadFreq          ffffc000000040fc     profile.o
 0001:00003100       null_call                  ffffc00000004100     systable.o
 0001:0000311c       test_call                  ffffc0000000411c     systable.o
 0001:00003138       AA64GetCurrentRegCtx       ffffc00000004138     systable.o
 0001:00003144       AuAA64SyscallHandler       ffffc00000004144     systable.o
 0001:000031c0       gic_outqw                  ffffc000000041c0     gic.o
 0001:000031c8       gic_outl_                  ffffc000000041c8     gic.o
 0001:000031d0       gic_inl_                   ffffc000000041d0     gic.o
 0001:000031d8       gic_outw_                  ffffc000000041d8     gic.o
 0001:000031e4       gic_inw_                   ffffc000000041e4     gic.o
 0001:000031f0       gic_outb_                  ffffc000000041f0     gic.o
 0001:000031f8       gic_inb_                   ffffc000000041f8     gic.o
 0001:00003200       AuGetSystemGIC             ffffc00000004200     gic.o
 0001:0000320c       AuGICGetMSIAddress         ffffc0000000420c     gic.o
 0001:00003248       AuGICGetMSIData            ffffc00000004248     gic.o
 0001:0000326c       AuGICAllocateSPI           ffffc0000000426c     gic.o
 0001:000032e4       AuGICDeallocateSPI         ffffc000000042e4     gic.o
 0001:00003318       GICv2MInitialize           ffffc00000004318     gic.o
 0001:00003328       GICVerifyVersion           ffffc00000004328     gic.o
 0001:00003330       GICRInitialize             ffffc00000004330     gic.o
 0001:000033f4       GICInitialize              ffffc000000043f4     gic.o
 0001:00003628       GICREnablePPI              ffffc00000004628     gic.o
 0001:00003650       GICRSetPPIPriority         ffffc00000004650     gic.o
 0001:00003694       GICEnableIRQ               ffffc00000004694     gic.o
 0001:000037ec       GICSetEdgeTriggered        ffffc000000047ec     gic.o
 0001:00003830       GICIsIRQEdgeTriggered      ffffc00000004830     gic.o
 0001:000038a8       GICEnableSPIIRQ            ffffc000000048a8     gic.o
 0001:00003a9c       GICClearPendingIRQ         ffffc00000004a9c     gic.o
 0001:00003ad4       GICSetTargetCPU            ffffc00000004ad4     gic.o
 0001:00003b64       GICCheckPending            ffffc00000004b64     gic.o
 0001:00003b80       GICDumpSPI                 ffffc00000004b80     gic.o
 0001:00003c3c       GICReadIAR                 ffffc00000004c3c     gic.o
 0001:00003c60       GICSendEOI                 ffffc00000004c60     gic.o
 0001:00003c94       GICSetupTimer              ffffc00000004c94     gic.o
 0001:00003cfc       GICRegisterSPIHandler      ffffc00000004cfc     gic.o
 0001:00003d18       GICCallSPIHandler          ffffc00000004d18     gic.o
 0001:00003d30       GICDisable                 ffffc00000004d30     gic.o
 0001:00003d94       AuSoakStart                ffffc00000004d94     sched_soak.o
 0001:00004244       AuTestPrint                ffffc00000005244     aucon.o
 0001:00004250       AuConsoleInitialize        ffffc00000005250     aucon.o
 0001:00004298       AuConsoleIoControl         ffffc00000005298     aucon.o
 0001:00004444       AuConsolePostInitialise    ffffc00000005444     aucon.o
 0001:000046b8       AuTextOut                  ffffc000000056b8     aucon.o
 0001:00004ad4       high_set_bit               ffffc00000005ad4     aucon.o
 0001:00004ae8       low_set_bit                ffffc00000005ae8     aucon.o
 0001:00004b14       AuPutPixel                 ffffc00000005b14     aucon.o
 0001:00004b34       AuPutC                     ffffc00000005b34     aucon.o
 0001:00004f3c       AuPutS                     ffffc00000005f3c     aucon.o
 0001:00005338       AuPutS_Color               ffffc00000006338     aucon.o
 0001:00005758       AuTextOutpro_Call          ffffc00000006758     aucon.o
 0001:0000589c       AuConsoleEarlyEnable       ffffc0000000689c     aucon.o
 0001:000058ac       AuConsoleGetScreenWidth    ffffc000000068ac     aucon.o
 0001:000058c8       AuConsoleGetScreenHeight   ffffc000000068c8     aucon.o
 0001:000058e4       AuConsoleFlushFramebuffer  ffffc000000068e4     aucon.o
 0001:000058f8       AuConsoleSetConInfo        ffffc000000068f8     aucon.o
 0001:0000592c       AuConsoleBypassAuTextOut   ffffc0000000692c     aucon.o
 0001:0000593c       OpenFile                   ffffc0000000693c     fileserv.o
 0001:00005abc       FileSetOffset              ffffc00000006abc     fileserv.o
 0001:00005b58       ReadFile                   ffffc00000006b58     fileserv.o
 0001:00005c8c       WriteFile                  ffffc00000006c8c     fileserv.o
 0001:00005df8       CloseFile                  ffffc00000006df8     fileserv.o
 0001:00005ed8       FileIoControl              ffffc00000006ed8     fileserv.o
 0001:00005f5c       FileStat                   ffffc00000006f5c     fileserv.o
 0001:00005fe4       OpenDir                    ffffc00000006fe4     fileserv.o
 0001:00006064       ReadDir                    ffffc00000007064     fileserv.o
 0001:000060e8       ProcessGetFileDesc         ffffc000000070e8     fileserv.o
 0001:00006158       GetThreadID                ffffc00000007158     thrserv.o
 0001:0000617c       GetProcessID               ffffc0000000717c     thrserv.o
 0001:000061b8       ProcessExit                ffffc000000071b8     thrserv.o
 0001:00006230       ProcessWaitForTermination  ffffc00000007230     thrserv.o
 0001:00006268       CreateProcess              ffffc00000007268     thrserv.o
 0001:00006388       ProcessSleep               ffffc00000007388     thrserv.o
 0001:000063d8       PauseThread                ffffc000000073d8     thrserv.o
 0001:00006410       ProcessLoadExec            ffffc00000007410     thrserv.o
 0001:000065b8       SetFileToProcess           ffffc000000075b8     thrserv.o
 0001:0000669c       CreateUserThread           ffffc0000000769c     thrserv.o
 0001:000066fc       GetEnvironmenBlock         ffffc000000076fc     thrserv.o
 0001:00006728       SignalReturn               ffffc00000007728     thrserv.o
 0001:00006768       SendSignal                 ffffc00000007768     thrserv.o
 0001:000067cc       SetSignal                  ffffc000000077cc     thrserv.o
 0001:00006808       Alarm                      ffffc00000007808     thrserv.o
 0001:0000682c       SetITimer                  ffffc0000000782c     thrserv.o
 0001:000068c0       GetITimer                  ffffc000000078c0     thrserv.o
 0001:000068f8       ICMPv6Initialise           ffffc000000078f8     icmpv6.o
 0001:00006904       AuICMPv6Handle             ffffc00000007904     icmpv6.o
 0001:00006b90       CreateICMPv6Socket         ffffc00000007b90     icmpv6.o
 0001:00006fa0       AuTCPAcknowledge           ffffc00000007fa0     tcp.o
 0001:00006fe8       AuTCPReceive               ffffc00000007fe8     tcp.o
 0001:00007118       AuTCPSend                  ffffc00000008118     tcp.o
 0001:0000771c       AuTCPClose                 ffffc0000000871c     tcp.o
 0001:0000781c       AuTCPConnect               ffffc0000000881c     tcp.o
 0001:00007c20       AuTCPBind                  ffffc00000008c20     tcp.o
 0001:00007d40       AuTCPListen                ffffc00000008d40     tcp.o
 0001:00007dbc       AuTCPAccept                ffffc00000008dbc     tcp.o
 0001:00007fbc       AuTCPFileClose             ffffc00000008fbc     tcp.o
 0001:000080e8       TCPHandlePacket            ffffc000000090e8     tcp.o
 0001:0000892c       TCPHandlePacket6           ffffc0000000992c     tcp.o
 0001:00008ee4       CreateTCPSocket            ffffc00000009ee4     tcp.o
 0001:000090b4       TCPGetSocketList           ffffc0000000a0b4     tcp.o
 0001:000090c0       TCPProtocolInstall         ffffc0000000a0c0     tcp.o
 0001:000092ec       IPv4CalculateChecksum      ffffc0000000a2ec     ipv4.o
 0001:000093f4       ip_ntoa                    ffffc0000000a3f4     ipv4.o
 0001:0000942c       IPv4HandlePacket           ffffc0000000a42c     ipv4.o
 0001:00009540       CreateIPv4Socket           ffffc0000000a540     ipv4.o
 0001:000095bc       IPV4SendPacket             ffffc0000000a5bc     ipv4.o
 0001:00009670       NetSend                    ffffc0000000a670     netserv.o
 0001:000096f8       NetReceive                 ffffc0000000a6f8     netserv.o
 0001:00009780       NetConnect                 ffffc0000000a780     netserv.o
 0001:00009804       NetBind                    ffffc0000000a804     netserv.o
 0001:00009888       NetAccept                  ffffc0000000a888     netserv.o
 0001:00009908       NetListen                  ffffc0000000a908     netserv.o
 0001:00009974       AuRouteTableInitialise     ffffc0000000a974     route.o
 0001:0000998c       AuRouteTableCreateEntry    ffffc0000000a98c     route.o
 0001:000099b4       AuRouteTableAdd            ffffc0000000a9b4     route.o
 0001:000099dc       AuRouteTableDelete         ffffc0000000a9dc     route.o
 0001:00009a84       AuRouteTableGetNumEntry    ffffc0000000aa84     route.o
 0001:00009a94       AuRouteTablePopulate       ffffc0000000aa94     route.o
 0001:00009b14       AuRouteTableDoRouteLookup  ffffc0000000ab14     route.o
 0001:00009ba4       AuRouteTable6Initialise    ffffc0000000aba4     route.o
 0001:00009bbc       AuRouteTable6CreateEntry   ffffc0000000abbc     route.o
 0001:00009be8       AuRouteTable6Add           ffffc0000000abe8     route.o
 0001:00009c88       AuRouteTableDoRouteLookup6 ffffc0000000ac88     route.o
 0001:00009d7c       UDPGetPort                 ffffc0000000ad7c     udp.o
 0001:00009db0       UDPHandlePacket            ffffc0000000adb0     udp.o
 0001:00009e60       UDPHandlePacket6           ffffc0000000ae60     udp.o
 0001:00009ef4       AuUDPReceive               ffffc0000000aef4     udp.o
 0001:0000a07c       AuUDPSend                  ffffc0000000b07c     udp.o
 0001:0000a3e8       AuUDPClose                 ffffc0000000b3e8     udp.o
 0001:0000a3ec       AuUDPBind                  ffffc0000000b3ec     udp.o
 0001:0000a4b4       AuUDPRead                  ffffc0000000b4b4     udp.o
 0001:0000a4bc       AuUDPWrite                 ffffc0000000b4bc     udp.o
 0001:0000a4c4       AuUDPFileClose             ffffc0000000b4c4     udp.o
 0001:0000a580       CreateUDPSocket            ffffc0000000b580     udp.o
 0001:0000a670       UDPProtocolInstall         ffffc0000000b670     udp.o
 0001:0000a688       UDPProtocolGetSockList     ffffc0000000b688     udp.o
 0001:0000a694       AuEthernetHandle           ffffc0000000b694     ethernet.o
 0001:0000a7a0       AuEthernetSend             ffffc0000000b7a0     ethernet.o
 0001:0000a868       AuSocketAdd                ffffc0000000b868     socket.o
 0001:0000a994       AuSocketGet                ffffc0000000b994     socket.o
 0001:0000a99c       AuRawSocketReceive         ffffc0000000b99c     socket.o
 0001:0000aa30       AuRawSocketSend            ffffc0000000ba30     socket.o
 0001:0000aaa8       AuSocketSOSocket           ffffc0000000baa8     socket.o
 0001:0000ab20       AuSocketSetOpt             ffffc0000000bb20     socket.o
 0001:0000abd4       AuNetCreateSocket          ffffc0000000bbd4     socket.o
 0001:0000ac08       AuRawSocketClose           ffffc0000000bc08     socket.o
 0001:0000acc4       SocketIOControl            ffffc0000000bcc4     socket.o
 0001:0000af10       AuCreateRawSocket          ffffc0000000bf10     socket.o
 0001:0000b020       AuCreateSocket             ffffc0000000c020     socket.o
 0001:0000b060       AuSocketInstall            ffffc0000000c060     socket.o
 0001:0000b078       AuRawSocketGetList         ffffc0000000c078     socket.o
 0001:0000b084       NDProtocolInitialise       ffffc0000000c084     ndp.o
 0001:0000b09c       NDProtocolAdd              ffffc0000000c09c     ndp.o
 0001:0000b1a4       AuNDGet                    ffffc0000000c1a4     ndp.o
 0001:0000b310       AuNDRequestMAC             ffffc0000000c310     ndp.o
 0001:0000b55c       NDHandleNeighborSolicit    ffffc0000000c55c     ndp.o
 0001:0000b9ac       NDHandleNeighborAdvert     ffffc0000000c9ac     ndp.o
 0001:0000b9f8       ARPProtocolInitialise      ffffc0000000c9f8     arp.o
 0001:0000ba10       ARPProtocolAdd             ffffc0000000ca10     arp.o
 0001:0000ba74       AuARPGet                   ffffc0000000ca74     arp.o
 0001:0000baf4       AuARPRequestMAC            ffffc0000000caf4     arp.o
 0001:0000bba4       ARPHandlePacket            ffffc0000000cba4     arp.o
 0001:0000bdb4       AuInitialiseNet            ffffc0000000cdb4     aunet.o
 0001:0000be18       AuAddNetAdapter            ffffc0000000ce18     aunet.o
 0001:0000be70       AuGetNetworkAdapter        ffffc0000000ce70     aunet.o
 0001:0000be84       AuNetworkRoute             ffffc0000000ce84     aunet.o
 0001:0000beac       AuNetworkRoute6            ffffc0000000ceac     aunet.o
 0001:0000bed8       AuICMPChecksum             ffffc0000000ced8     icmp.o
 0001:0000c000       AuICMPHandle               ffffc0000000d000     icmp.o
 0001:0000c3fc       AuICMPReceive              ffffc0000000d3fc     icmp.o
 0001:0000c4b8       AuICMPSend                 ffffc0000000d4b8     icmp.o
 0001:0000c5c4       AuICMPClose                ffffc0000000d5c4     icmp.o
 0001:0000c5c8       AuICMPBind                 ffffc0000000d5c8     icmp.o
 0001:0000c5d0       AuICMPRead                 ffffc0000000d5d0     icmp.o
 0001:0000c5d8       AuICMPWrite                ffffc0000000d5d8     icmp.o
 0001:0000c5e0       AuICMPFileClose            ffffc0000000d5e0     icmp.o
 0001:0000c64c       ICMPInitialise             ffffc0000000d64c     icmp.o
 0001:0000c658       CreateICMPSocket           ffffc0000000d658     icmp.o
 0001:0000c764       IPv6PseudoChecksum         ffffc0000000d764     ipv6.o
 0001:0000c9c8       IPv6HandlePacket           ffffc0000000d9c8     ipv6.o
 0001:0000ca0c       CreateIPv6Socket           ffffc0000000da0c     ipv6.o
 0001:0000ca50       IPV6SendPacket             ffffc0000000da50     ipv6.o
 0001:0000cd38       AuAddProcess               ffffc0000000dd38     process.o
 0001:0000cd74       AuRemoveProcess            ffffc0000000dd74     process.o
 0001:0000cdd4       AuProcessFindByPID         ffffc0000000ddd4     process.o
 0001:0000cdf8       AuProcessFindByThread      ffffc0000000ddf8     process.o
 0001:0000ce1c       AuProcessFindPID           ffffc0000000de1c     process.o
 0001:0000ce44       AuProcessFindThread        ffffc0000000de44     process.o
 0001:0000ce6c       AuProcessFindSubThread     ffffc0000000de6c     process.o
 0001:0000ce74       AuAllocateProcessID        ffffc0000000de74     process.o
 0001:0000ce88       CreateUserStack            ffffc0000000de88     process.o
 0001:0000cf24       CreateSubUserStack         ffffc0000000df24     process.o
 0001:0000cfd4       AuCreateProcessSlot        ffffc0000000dfd4     process.o
 0001:0000d208       AuProcessGetFileDesc       ffffc0000000e208     process.o
 0001:0000d234       AuCreateUserthread         ffffc0000000e234     process.o
 0001:0000d380       AuProcessHeapMemDestroy    ffffc0000000e380     process.o
 0001:0000d434       AuProcessFreeKeResource    ffffc0000000e434     process.o
 0001:0000d474       AuProcessExit              ffffc0000000e474     process.o
 0001:0000d6f0       AuGetKillableProcess       ffffc0000000e6f0     process.o
 0001:0000d710       AuProcessWaitForTermination ffffc0000000e710     process.o
 0001:0000d7c0       AuProcGetNumProcessCount   ffffc0000000e7c0     process.o
 0001:0000d7e8       AuProcessFetch             ffffc0000000e7e8     process.o
 0001:0000dacc       AuRequestDriverId          ffffc0000000eacc     audrv.o
 0001:0000dae0       AuRequestBootDriverId      ffffc0000000eae0     audrv.o
 0001:0000daf4       AuDecreaseDriverCount      ffffc0000000eaf4     audrv.o
 0001:0000db08       AuIncreaseDriverCount      ffffc0000000eb08     audrv.o
 0001:0000db1c       AuGetConfEntry             ffffc0000000eb1c     audrv.o
 0001:0000dce8       AuCreateDriverInstance     ffffc0000000ece8     audrv.o
 0001:0000dd60       AuCreateBootDriverInstance ffffc0000000ed60     audrv.o
 0001:0000ddc8       AuGetDriverName            ffffc0000000edc8     audrv.o
 0001:0000de94       AuBoardIterateModule       ffffc0000000ee94     audrv.o
 0001:0000e220       AuDriverLoad               ffffc0000000f220     audrv.o
 0001:0000e4f0       AuDrvMngrInitialize        ffffc0000000f4f0     audrv.o
 0001:0000e844       AuRegisterDevice           ffffc0000000f844     audrv.o
 0001:0000e864       AuCheckDevice              ffffc0000000f864     audrv.o
 0001:0000e8cc       AuBootDriverLoad           ffffc0000000f8cc     audrv.o
 0001:0000e934       AuBootDriverInitialise     ffffc0000000f934     audrv.o
 0001:0000eb58       AuDrvMgrGetBaseAddress     ffffc0000000fb58     audrv.o
 0001:0000eb64       AuDrvMgrSetBaseAddress     ffffc0000000fb64     audrv.o
 0001:0000eb70       AuDrvManagerCheckFault     ffffc0000000fb70     audrv.o
 0001:0000ebc8       AuDrvCatchFault            ffffc0000000fbc8     audrv.o
 0001:0000ec1c       AuDrvUnloadAll             ffffc0000000fc1c     audrv.o
 0001:0000ec64       AuCreateSpinlock           ffffc0000000fc64     aa64_spinlock.o
 0001:0000ec9c       AuDeleteSpinlock           ffffc0000000fc9c     aa64_spinlock.o
 0001:0000eca0       AuAcquireSpinlock          ffffc0000000fca0     aa64_spinlock.o
 0001:0000eca4       AuReleaseSpinlock          ffffc0000000fca4     aa64_spinlock.o
 0001:0000eca8       AuPowerDown                ffffc0000000fca8     power.o
 0001:0000ed08       AuPowerReset               ffffc0000000fd08     power.o
 0001:0000ed74       BordoisilaCapCreate        ffffc0000000fd74     capability.o
 0001:0000edd0       BordoisilaCapLookup        ffffc0000000fdd0     capability.o
 0001:0000ee00       BordoisilaCapCheckRights   ffffc0000000fe00     capability.o
 0001:0000ee40       BordoisilaCapDup           ffffc0000000fe40     capability.o
 0001:0000eed8       BordoisilaCapRestrict      ffffc0000000fed8     capability.o
 0001:0000ef14       BordoisilaCapDestroy       ffffc0000000ff14     capability.o
 0001:0000ef4c       BordoisilaCapCleanupProcess ffffc0000000ff4c     capability.o
 0001:0000ef8c       BordoisilaCapInheritTable  ffffc0000000ff8c     capability.o
 0001:0000f00c       FontManagerAddSegment      ffffc0000001000c     ftmngr.o
 0001:0000f060       FontManagerRemoveSegment   ffffc00000010060     ftmngr.o
 0001:0000f0b0       FontManagerGetKey          ffffc000000100b0     ftmngr.o
 0001:0000f0c4       FontManagerAllocateSegment ffffc000000100c4     ftmngr.o
 0001:0000f19c       FontManagerOpenFontFile    ffffc0000001019c     ftmngr.o
 0001:0000f1a0       FontManagerIterateFontList ffffc000000101a0     ftmngr.o
 0001:0000f3e4       FontManagerGetFontCount    ffffc000000103e4     ftmngr.o
 0001:0000f440       FontManagerInitialise      ffffc00000010440     ftmngr.o
 0001:0000f5bc       AuFTMngrGetFontID          ffffc000000105bc     ftmngr.o
 0001:0000f61c       AuFTMngrGetFontSize        ffffc0000001061c     ftmngr.o
 0001:0000f664       AuFTMngrGetNumFonts        ffffc00000010664     ftmngr.o
 0001:0000f670       AuSoundAddDSP              ffffc00000010670     sndcore.o
 0001:0000f6a4       AuRemoveDSP                ffffc000000106a4     sndcore.o
 0001:0000f6f4       AuSoundGetDSP              ffffc000000106f4     sndcore.o
 0001:0000f720       AuSoundIOControl           ffffc00000010720     sndcore.o
 0001:0000f954       AuSoundRemoveDSP           ffffc00000010954     sndcore.o
 0001:0000f9fc       AuSoundRead                ffffc000000109fc     sndcore.o
 0001:0000fa04       AuSoundWrite               ffffc00000010a04     sndcore.o
 0001:0000fac8       AuSoundInitialise          ffffc00000010ac8     sndcore.o
 0001:0000fb90       AuSoundRegisterCard        ffffc00000010b90     sndcore.o
 0001:0000fc34       AuAllocSignal              ffffc00000010c34     signal.o
 0001:0000fc70       AuSignalDispatch           ffffc00000010c70     signal.o
 0001:0000fcbc       AuSignalDeliver            ffffc00000010cbc     signal.o
 0001:0000fd80       AuSignalInitializeTrampoline ffffc00000010d80     signal.o
 0001:0000fde0       PostBoxAdvanceIndex        ffffc00000010de0     postbox.o
 0001:0000fe30       PostBoxRetreat             ffffc00000010e30     postbox.o
 0001:0000fe50       IsPostBoxEmpty             ffffc00000010e50     postbox.o
 0001:0000fe70       IsPostBoxFull              ffffc00000010e70     postbox.o
 0001:0000fe78       PostBoxCreate              ffffc00000010e78     postbox.o
 0001:0000ff54       PostBoxDestroy             ffffc00000010f54     postbox.o
 0001:0000ffd8       PostBoxDestroyByID         ffffc00000010fd8     postbox.o
 0001:00010070       PostBoxPutEvent            ffffc00000011070     postbox.o
 0001:00010170       PostBoxGetEvent            ffffc00000011170     postbox.o
 0001:00010228       PostBoxIOControl           ffffc00000011228     postbox.o
 0001:00010388       AuPostBOXGetNode           ffffc00000011388     postbox.o
 0001:00010394       AuIPCPostBoxInitialise     ffffc00000011394     postbox.o
 0001:0001046c       testFunc                   ffffc0000001146c     loader.o
 0001:00010480       AuProcessEntUser           ffffc00000011480     loader.o
 0001:000105f0       AuLoaderMapExecFromCache   ffffc000000115f0     loader.o
 0001:0001075c       AuLoadExecToProcess        ffffc0000001175c     loader.o
 0001:00010ca8       AuInitialiseLoader         ffffc00000011ca8     loader.o
 0001:00010d60       AuStackCreate              ffffc00000011d60     stack.o
 0001:00010d88       AuStackPush                ffffc00000011d88     stack.o
 0001:00010dd4       AuStackPop                 ffffc00000011dd4     stack.o
 0001:00010e30       AuProcessTokenInitialize   ffffc00000011e30     proctoken.o
 0001:00010e5c       _token_id_to_string        ffffc00000011e5c     proctoken.o
 0001:00010e88       AuProcessTokenAddSelf      ffffc00000011e88     proctoken.o
 0001:00010f5c       AuProcessTokenGetProc      ffffc00000011f5c     proctoken.o
 0001:00010f74       AuProcessTokenGetThreadID  ffffc00000011f74     proctoken.o
 0001:00010f88       AuProcessTokenRemoveSelf   ffffc00000011f88     proctoken.o
 0001:00011014       AuroraTimerInitialize      ffffc00000012014     timer.o
 0001:0001108c       AuroraTimerStart           ffffc0000001208c     timer.o
 0001:0001117c       AuroraTimerStartPeriodic   ffffc0000001217c     timer.o
 0001:00011214       AuroraTimerCancel          ffffc00000012214     timer.o
 0001:00011234       AuroraTimerIsActive        ffffc00000012234     timer.o
 0001:00011264       AuroraTimerTick            ffffc00000012264     timer.o
 0001:000113d0       AuGetCurrentMS             ffffc000000123d0     timer.o
 0001:000113dc       AuGetCurrentUS             ffffc000000123dc     timer.o
 0001:000113e8       __kernel_timer_alarm_callback ffffc000000123e8     timer.o
 0001:000113f0       AuTimerCalculateAlarm      ffffc000000123f0     timer.o
 0001:000114fc       AuTimerSetITimer           ffffc000000124fc     timer.o
 0001:000116bc       AuTimerGetITimer           ffffc000000126bc     timer.o
 0001:0001179c       AuSetWalltime              ffffc0000001279c     timer.o
 0001:000117d4       AuGetWalltime              ffffc000000127d4     timer.o
 0001:0001186c       AuGetTimerByThread         ffffc0000001286c     timer.o
 0001:0001189c       hashmap_string_hash        ffffc0000001289c     hashmap.o
 0001:000118d4       hashmap_string_comp        ffffc000000128d4     hashmap.o
 0001:000118ec       hashmap_string_dupe        ffffc000000128ec     hashmap.o
 0001:000118f0       hashmap_int_hash           ffffc000000128f0     hashmap.o
 0001:000118f4       hashmap_int_comp           ffffc000000128f4     hashmap.o
 0001:00011900       hashmap_int_dupe           ffffc00000012900     hashmap.o
 0001:00011904       AuHashmapCreate            ffffc00000012904     hashmap.o
 0001:00011978       AuHashmapCreateInt         ffffc00000012978     hashmap.o
 0001:000119f0       AuHashmapSet               ffffc000000129f0     hashmap.o
 0001:00011adc       AuHashmapGet               ffffc00000012adc     hashmap.o
 0001:00011b44       AuHashmapRemove            ffffc00000012b44     hashmap.o
 0001:00011c20       AuHashmapHas               ffffc00000012c20     hashmap.o
 0001:00011c88       AuHashmapFree              ffffc00000012c88     hashmap.o
 0001:00011d08       AuHashmapIsEmpty           ffffc00000012d08     hashmap.o
 0001:00011d44       sztoa                      ffffc00000012d44     stdio.o
 0001:00011dbc       atow                       ffffc00000012dbc     stdio.o
 0001:00011ddc       int_to_str                 ffffc00000012ddc     stdio.o
 0001:00011e78       ftoa                       ffffc00000012e78     stdio.o
 0001:00011f98       atoi                       ffffc00000012f98     stdio.o
 0001:00012038       printf                     ffffc00000013038     stdio.o
 0001:0001203c       rand                       ffffc0000001303c     stdio.o
 0001:00012088       srand                      ffffc00000013088     stdio.o
 0001:0001209c       AuGetProcAddress           ffffc0000001309c     pe.o
 0001:00012170       AuPEPrintExports           ffffc00000013170     pe.o
 0001:000121f0       AuKernelLinkDLL            ffffc000000131f0     pe.o
 0001:000123b0       AuKernelLinkImports        ffffc000000133b0     pe.o
 0001:00012538       AuKernelRelocatePE         ffffc00000013538     pe.o
 0001:00012630       AuPEFileIsDynamicallyLinked ffffc00000013630     pe.o
 0001:00012680       AuCoffResolveAddress       ffffc00000013680     pe.o
 0001:000127bc       _xeprint                   ffffc000000137bc     _print.o
 0001:00013dbc       _vsnprintf                 ffffc00000014dbc     _print.o
 0001:00013e0c       _sprintf                   ffffc00000014e0c     _print.o
 0001:00013e4c       _snprintf                  ffffc00000014e4c     _print.o
 0001:00013ea0       B_KLogInit                 ffffc00000014ea0     klog.o
 0001:00013ec0       BlogDump                   ffffc00000014ec0     klog.o
 0001:00014030       BPrintK                    ffffc00000015030     klog.o
 0001:000141e4       _BlogBypassAuConsole       ffffc000000151e4     klog.o
 0001:000141fc       memset                     ffffc000000151fc     string.o
 0001:000143b8       memcmp                     ffffc000000153b8     string.o
 0001:000143e8       memcpy                     ffffc000000153e8     string.o
 0001:00014754       strcmp                     ffffc00000015754     string.o
 0001:000147a4       strcpy                     ffffc000000157a4     string.o
 0001:000147dc       strrchr                    ffffc000000157dc     string.o
 0001:00014804       strlen                     ffffc00000015804     string.o
 0001:0001481c       strncmp                    ffffc0000001581c     string.o
 0001:0001484c       strncpy                    ffffc0000001584c     string.o
 0001:00014894       strchr                     ffffc00000015894     string.o
 0001:000148b4       strcat                     ffffc000000158b4     string.o
 0001:000148f8       strncat                    ffffc000000158f8     string.o
 0001:0001495c       strdup                     ffffc0000001595c     string.o
 0001:000149a0       strstr                     ffffc000000159a0     string.o
 0001:000149f4       AuDTBSwap32                ffffc000000159f4     dtb.o
 0001:000149fc       AuDTBSwap64                ffffc000000159fc     dtb.o
 0001:00014a04       AuDTBSwap16                ffffc00000015a04     dtb.o
 0001:00014a0c       AuDeviceTreeGetSubNode     ffffc00000015a0c     dtb.o
 0001:00014b28       AuDeviceTreeFindPropertyInternal ffffc00000015b28     dtb.o
 0001:00014c1c       AuDeviceTreeGetNode        ffffc00000015c1c     dtb.o
 0001:00014cc8       AuDeviceTreeFindProperty   ffffc00000015cc8     dtb.o
 0001:00014d24       AuDeviceTreeGetAddressCells ffffc00000015d24     dtb.o
 0001:00014d5c       AuDeviceTreeGetSizeCells   ffffc00000015d5c     dtb.o
 0001:00014d94       AuDeviceTreeGetRegAddress  ffffc00000015d94     dtb.o
 0001:00014dec       AuDeviceTreeGetRegSize     ffffc00000015dec     dtb.o
 0001:00014e58       AuDeviceTreeGetPropCells   ffffc00000015e58     dtb.o
 0001:00014ea0       AuDeviceTreeGetU32Property ffffc00000015ea0     dtb.o
 0001:00014ecc       AuDeviceTreeInitialize     ffffc00000015ecc     dtb.o
 0001:00014f60       AuDeviceTreeMapMMIO        ffffc00000015f60     dtb.o
 0001:00014fb4       AuDeviceTreeDumpAll        ffffc00000015fb4     dtb.o
 0001:00014fd8       dump_recursive_            ffffc00000015fd8     dtb.o
 0001:0001510c       AuDeviceTreeDumpAllProps   ffffc0000001610c     dtb.o
 0001:00015200       AA64PCIeInitialize         ffffc00000016200     pcie.o
 0001:00015358       AuIsPCIeInitialized        ffffc00000016358     pcie.o
 0001:00015364       AuPCIEGetDevice            ffffc00000016364     pcie.o
 0001:00015400       AuPCIERead                 ffffc00000016400     pcie.o
 0001:00015444       AuPCIERead64               ffffc00000016444     pcie.o
 0001:0001547c       AuPCIEWrite                ffffc0000001647c     pcie.o
 0001:000154cc       AuPCIEWrite64              ffffc000000164cc     pcie.o
 0001:000154fc       AuPCIEScanClass            ffffc000000164fc     pcie.o
 0001:000156b0       AuPCIEScanVendorDevice     ffffc000000166b0     pcie.o
 0001:00015868       AuPCIEScanClassIF          ffffc00000016868     pcie.o
 0001:00015a14       AuPCIEReadBAR              ffffc00000016a14     pcie.o
 0001:00015bcc       AuPCIEAllocMSI             ffffc00000016bcc     pcie.o
 0001:00015e44       AuCredGroupInitialize      ffffc00000016e44     cred.o
 0001:000162b4       AuCredGroupAdd             ffffc000000172b4     cred.o
 0001:000162f0       AuCredGetGroupCategory     ffffc000000172f0     cred.o
 0001:00016304       AuCredGetGroupID           ffffc00000017304     cred.o
 0001:0001632c       AuCredChangeID             ffffc0000001732c     cred.o
 0001:00016380       AuCredAddSGroup            ffffc00000017380     cred.o
 0001:000163e0       AuCredSetCap               ffffc000000173e0     cred.o
 0001:0001642c       AuCredGetCap               ffffc0000001742c     cred.o
 0001:00016474       AuCredCheckPermissions     ffffc00000017474     cred.o
 0001:000164ec       AuSetUID                   ffffc000000174ec     cred.o
 0001:00016568       AuSetGID                   ffffc00000017568     cred.o
 0001:000165e4       AuCleanMMap                ffffc000000175e4     clean.o
 0001:00016660       AuCleanHeapMem             ffffc00000017660     clean.o
 0001:000166dc       AuCleanUserStack           ffffc000000176dc     clean.o
 0001:00016754       AuCleanKernelStack         ffffc00000017754     clean.o
 0001:00016910       AuProcessClean             ffffc00000017910     clean.o
 0001:00016d00       AuAdvancePointer           ffffc00000017d00     circbuf.o
 0001:00016d48       AuRetreatPointer           ffffc00000017d48     circbuf.o
 0001:00016d64       AuCircBufReset             ffffc00000017d64     circbuf.o
 0001:00016d70       AuCircBufInitialise        ffffc00000017d70     circbuf.o
 0001:00016da0       AuCircBufFree              ffffc00000017da0     circbuf.o
 0001:00016da4       AuCircBufSize              ffffc00000017da4     circbuf.o
 0001:00016dcc       AuCircBufCapacity          ffffc00000017dcc     circbuf.o
 0001:00016dd4       AuCircBufPutData           ffffc00000017dd4     circbuf.o
 0001:00016e24       AuCircBufPut               ffffc00000017e24     circbuf.o
 0001:00016e88       CircBufFull                ffffc00000017e88     circbuf.o
 0001:00016e90       AuCircBufWrite             ffffc00000017e90     circbuf.o
 0001:00016f7c       AuCircBufGet               ffffc00000017f7c     circbuf.o
 0001:00016fd0       CircBufEmpty               ffffc00000017fd0     circbuf.o
 0001:00016ff0       AuCircBufRead              ffffc00000017ff0     circbuf.o
 0001:00017150       Ext2FindEntry              ffffc00000018150     Ext2.o
 0001:000172a0       Ext2ReadInode              ffffc000000182a0     Ext2.o
 0001:00017390       Ext2ReadBlockIndex         ffffc00000018390     Ext2.o
 0001:00017438       Ext2Read                   ffffc00000018438     Ext2.o
 0001:000176a4       Ext2Open                   ffffc000000186a4     Ext2.o
 0001:0001791c       Ext2Initialise             ffffc0000001891c     Ext2.o
 0001:00017c08       AuRamdiskRead              ffffc00000018c08     initrd.o
 0001:00017c54       AuRamdiskWrite             ffffc00000018c54     initrd.o
 0001:00017ca0       AuRamdiskReadCallback      ffffc00000018ca0     initrd.o
 0001:00017d04       AuRamdiskWriteCallback     ffffc00000018d04     initrd.o
 0001:00017d68       AuInitrdInitialize         ffffc00000018d68     initrd.o
 0001:00017f34       AuProbeFileSystem          ffffc00000018f34     fsprobe.o
 0001:00018080       AuVFSInitialise            ffffc00000019080     vfs.o
 0001:000180d8       AuVFSReserveMountPointLetter ffffc000000190d8     vfs.o
 0001:000183d0       AuVFSFind                  ffffc000000193d0     vfs.o
 0001:000185f8       AuVFSAddFileSystem         ffffc000000195f8     vfs.o
 0001:00018670       AuVFSRegisterRoot          ffffc00000019670     vfs.o
 0001:00018688       AuVFSOpen                  ffffc00000019688     vfs.o
 0001:00018968       AuVFSNodeIOControl         ffffc00000019968     vfs.o
 0001:0001897c       AuVFSNodeRead              ffffc0000001997c     vfs.o
 0001:00018994       AuVFSNodeWrite             ffffc00000019994     vfs.o
 0001:000189a8       AuVFSNodeReadBlock         ffffc000000199a8     vfs.o
 0001:000189c0       AuVFSCreateDir             ffffc000000199c0     vfs.o
 0001:000189d8       AuVFSCreateFile            ffffc000000199d8     vfs.o
 0001:000189f0       AuVFSRemoveFile            ffffc000000199f0     vfs.o
 0001:00018a28       AuVFSRemoveDir             ffffc00000019a28     vfs.o
 0001:00018a64       AuVFSNodeClose             ffffc00000019a64     vfs.o
 0001:00018a74       AuVFSRemoveFileSystem      ffffc00000019a74     vfs.o
 0001:00018b08       AuVFSGetBlockFor           ffffc00000019b08     vfs.o
 0001:00018b20       AuVFSSetCred               ffffc00000019b20     vfs.o
 0001:00018b3c       AuTTYInsert                ffffc00000019b3c     tty.o
 0001:00018b70       AuTTYDelete                ffffc00000019b70     tty.o
 0001:00018bc4       AuTTYWriteSlave            ffffc00000019bc4     tty.o
 0001:00018bcc       AuTTYWriteMaster           ffffc00000019bcc     tty.o
 0001:00018bd4       AuTTYProcessLine           ffffc00000019bd4     tty.o
 0001:00018bd8       AuTTYMasterRead            ffffc00000019bd8     tty.o
 0001:00018c4c       AuTTYMasterWrite           ffffc00000019c4c     tty.o
 0001:00018c9c       AuTTYSlaveRead             ffffc00000019c9c     tty.o
 0001:00018cfc       AuTTYSlaveWrite            ffffc00000019cfc     tty.o
 0001:00018d90       AuTTYSlaveClose            ffffc00000019d90     tty.o
 0001:00018db0       AuTTYMasterClose           ffffc00000019db0     tty.o
 0001:00018db8       AuTTYIoControl             ffffc00000019db8     tty.o
 0001:00018e60       AuTTYCreateMaster          ffffc00000019e60     tty.o
 0001:00018f54       AuTTYCreateSlave           ffffc00000019f54     tty.o
 0001:00019048       AuTTYCreate                ffffc0000001a048     tty.o
 0001:00019374       AuTTYInitialise            ffffc0000001a374     tty.o
 0001:000193b8       FatClusterToSector32       ffffc0000001a3b8     Fat.o
 0001:000193cc       FatToDOSFilename           ffffc0000001a3cc     Fat.o
 0001:000194dc       FatCalculateCheckSum       ffffc0000001a4dc     Fat.o
 0001:00019584       FatCheckDotCount           ffffc0000001a584     Fat.o
 0001:000195d8       FatFromDosToFilename       ffffc0000001a5d8     Fat.o
 0001:00019700       FatReadFAT                 ffffc0000001a700     Fat.o
 0001:00019754       FatFindFreeCluster         ffffc0000001a754     Fat.o
 0001:00019880       FatAllocCluster            ffffc0000001a880     Fat.o
 0001:00019920       FatClearCluster            ffffc0000001a920     Fat.o
 0001:000199c0       FatRead                    ffffc0000001a9c0     Fat.o
 0001:00019ab4       FatReadFile                ffffc0000001aab4     Fat.o
 0001:00019c08       FatLocateSubDir            ffffc0000001ac08     Fat.o
 0001:00019dbc       FatLocateDir               ffffc0000001adbc     Fat.o
 0001:0001a168       FatOpen                    ffffc0000001b168     Fat.o
 0001:0001a628       FatGetClusterFor           ffffc0000001b628     Fat.o
 0001:0001a6f0       FatGetDiskBlock            ffffc0000001b6f0     Fat.o
 0001:0001a714       FatInitialise              ffffc0000001b714     Fat.o
 0001:0001abc4       FatFormatDate              ffffc0000001bbc4     Fat.o
 0001:0001abcc       FatFormatTime              ffffc0000001bbcc     Fat.o
 0001:0001abd4       FatCreateDir               ffffc0000001bbd4     FatDir.o
 0001:0001b2d4       FatRemoveDir               ffffc0000001c2d4     FatDir.o
 0001:0001b628       FatOpenDir                 ffffc0000001c628     FatDir.o
 0001:0001b700       FatDirectoryRead           ffffc0000001c700     FatDir.o
 0001:0001b8f4       FatFileGetParent           ffffc0000001c8f4     FatFile.o
 0001:0001be30       FatCreateFile              ffffc0000001ce30     FatFile.o
 0001:0001c3d0       FatFileUpdateSize          ffffc0000001d3d0     FatFile.o
 0001:0001c544       FatFileUpdateFilename      ffffc0000001d544     FatFile.o
 0001:0001c6d8       FatFileWriteContent        ffffc0000001d6d8     FatFile.o
 0001:0001c854       FatFileWriteDone           ffffc0000001d854     FatFile.o
 0001:0001c868       FatWrite                   ffffc0000001d868     FatFile.o
 0001:0001c910       FatFileClearDirEntry       ffffc0000001d910     FatFile.o
 0001:0001caa8       FatFileRemove              ffffc0000001daa8     FatFile.o
 0001:0001cb70       AuVDiskInitialise          ffffc0000001db70     vdisk.o
 0001:0001cbac       AuVDiskCreateStorageFile   ffffc0000001dbac     vdisk.o
 0001:0001ccd4       AuVDiskGetIndex            ffffc0000001dcd4     vdisk.o
 0001:0001cee0       AuCreateVDisk              ffffc0000001dee0     vdisk.o
 0001:0001cf08       AuVDiskRead                ffffc0000001df08     vdisk.o
 0001:0001cf38       AuVDiskWrite               ffffc0000001df38     vdisk.o
 0001:0001cf68       AuVDiskFlush               ffffc0000001df68     vdisk.o
 0001:0001cf80       AuVDiskFlushAll            ffffc0000001df80     vdisk.o
 0001:0001cfc0       AuVDiskRegisterPartition   ffffc0000001dfc0     vdisk.o
 0001:0001d2d0       AuVDiskRegister            ffffc0000001e2d0     vdisk.o
 0001:0001d404       AuVDiskDestroy             ffffc0000001e404     vdisk.o
 0001:0001d680       AuGetVDiskInfo             ffffc0000001e680     vdisk.o
 0001:0001d6f4       AuGetVDiskPartitionInfo    ffffc0000001e6f4     vdisk.o
 0001:0001d800       AuGetVDisk                 ffffc0000001e800     vdisk.o
 0001:0001d810       AuPipeUnread               ffffc0000001e810     pipe.o
 0001:0001d830       AuPipeGetAvailableBytes    ffffc0000001e830     pipe.o
 0001:0001d86c       AuPipeIncrementRead        ffffc0000001e86c     pipe.o
 0001:0001d884       AuPipeIncrementWrite       ffffc0000001e884     pipe.o
 0001:0001d8a0       AuPipeIncrementWriteAmount ffffc0000001e8a0     pipe.o
 0001:0001d8b8       AuPipeRead                 ffffc0000001e8b8     pipe.o
 0001:0001d950       AuPipeWrite                ffffc0000001e950     pipe.o
 0001:0001da48       AuPipeOpen                 ffffc0000001ea48     pipe.o
 0001:0001da5c       AuPipeFSAddFile            ffffc0000001ea5c     pipe.o
 0001:0001dd5c       AuPipeFSRemoveFile         ffffc0000001ed5c     pipe.o
 0001:0001e0a0       AuPipeClose                ffffc0000001f0a0     pipe.o
 0001:0001e108       AuCreatePipe               ffffc0000001f108     pipe.o
 0001:0001e284       AuPipeFSOpen               ffffc0000001f284     pipe.o
 0001:0001e578       AuPipeFSInitialise         ffffc0000001f578     pipe.o
 0001:0001e600       AuDeviceFsInitialize       ffffc0000001f600     devfs.o
 0001:0001e680       AuDevFSOpen                ffffc0000001f680     devfs.o
 0001:0001e98c       AuDevFSCreateFile          ffffc0000001f98c     devfs.o
 0001:0001ecf4       AuDevFSAddFile             ffffc0000001fcf4     devfs.o
 0001:0001eff4       AuDevFSListDir             ffffc0000001fff4     devfs.o
 0001:0001f094       AuDevFSList                ffffc00000020094     devfs.o
 0001:0001f1d4       AuDevFSRemoveFile          ffffc000000201d4     devfs.o
 0001:0001f518       AuDevReadMice              ffffc00000020518     devinput.o
 0001:0001f554       AuDevWriteMice             ffffc00000020554     devinput.o
 0001:0001f574       AuDevReadKybrd             ffffc00000020574     devinput.o
 0001:0001f5dc       AuDevReadConsoleKybrd      ffffc000000205dc     devinput.o
 0001:0001f644       AuDevWriteKybrd            ffffc00000020644     devinput.o
 0001:0001f6f8       AuDevInputMiceWrite        ffffc000000206f8     devinput.o
 0001:0001f728       AuDevInputMiceRead         ffffc00000020728     devinput.o
 0001:0001f774       AuDevInputKybrdWrite       ffffc00000020774     devinput.o
 0001:0001f798       AuDevInputKybrdRead        ffffc00000020798     devinput.o
 0001:0001f7bc       AuDevMouseIoControl        ffffc000000207bc     devinput.o
 0001:0001f7cc       AuDevInputInitialise       ffffc000000207cc     devinput.o
 0001:0001f920       AuVirtioKbdHandler         ffffc00000020920     virtiokbd.o
 0001:0001fae8       AuVirtioKbdDebug           ffffc00000020ae8     virtiokbd.o
 0001:0001fb34       AuVirtioKbdDown            ffffc00000020b34     virtiokbd.o
 0001:0001fb94       AuVirtioKbdInitialize      ffffc00000020b94     virtiokbd.o
 0001:0001ff98       BordoisilaDriverResourceRegister ffffc00000020f98     res.o
 0001:0001fff4       BordoisilaGetDriverResource ffffc00000020ff4     res.o
 0001:00020048       BordoisilaDriverRegister   ffffc00000021048     core.o
 0001:000200d0       BordoisilaGetDriverByCompat ffffc000000210d0     core.o
 0001:00020110       BordoisilaGetDriverByName  ffffc00000021110     core.o
 0001:00020150       BordoisilaDriverProbeAll   ffffc00000021150     core.o
 0001:000201e4       BordoisilaDriverScan       ffffc000000211e4     core.o
 0001:00020214       BordoisilaDriverProbe      ffffc00000021214     core.o
 0001:00020234       BordoisilaDriverRemove     ffffc00000021234     core.o
 0001:000202b0       BordoisilaDriverSuspend    ffffc000000212b0     core.o
 0001:000202e0       BordoisilaDriverResume     ffffc000000212e0     core.o
 0001:00020310       AuVirtioNetHandler         ffffc00000021310     virtionet.o
 0001:000203d8       AuVirtioNetNotifyQueue     ffffc000000213d8     virtionet.o
 0001:00020408       AuVirtioNetRxinitialize    ffffc00000021408     virtionet.o
 0001:00020580       AuVirtioNetTxinitialize    ffffc00000021580     virtionet.o
 0001:000206bc       AuVirtioNetInitialize      ffffc000000216bc     virtionet.o
 0001:00020db8       AuVirtioTabletHandler      ffffc00000021db8     virtiotablet.o
 0001:0002105c       AuVirtioTabletDown         ffffc0000002205c     virtiotablet.o
 0001:000210bc       AuVirtioTabletInitialize   ffffc000000220bc     virtiotablet.o
 0001:00021518       UARTInitialize             ffffc00000022518     uart.o
 0001:000215a8       is_uart_initialized        ffffc000000225a8     uart.o
 0001:000215b4       uartPutc                   ffffc000000225b4     uart.o
 0001:000215e0       uartPuts                   ffffc000000225e0     uart.o
 0001:0002161c       UARTDebugOut_Call          ffffc0000002261c     uart.o
 0001:000218b8       AuVirtioPCIInit            ffffc000000228b8     virtiopci.o
 0001:00021f60       AuVirtioPCISetupQueue      ffffc00000022f60     virtiopci.o
 0001:000221c8       AuVirtioPCINotifyQueue     ffffc000000231c8     virtiopci.o
 0001:00022210       AuRTCEnableInterrupt       ffffc00000023210     rtcmmio.o
 0001:00022224       AuRTCGetCurrentTime        ffffc00000023224     rtcmmio.o
 0001:00022230       AuRTCClearInterrupt        ffffc00000023230     rtcmmio.o
 0001:00022244       is_leap                    ffffc00000023244     rtcmmio.o
 0001:000222a0       epoch_to_tm                ffffc000000232a0     rtcmmio.o
 0001:00022434       AuPL031RTCIRQHandle        ffffc00000023434     rtcmmio.o
 0001:000225dc       AuPL031RTCInit             ffffc000000235dc     rtcmmio.o
 0001:00022628       AuRTCGetYear               ffffc00000023628     rtcmmio.o
 0001:00022634       AuRTCGetCentury            ffffc00000023634     rtcmmio.o
 0001:00022640       AuRTCGetMinutes            ffffc00000023640     rtcmmio.o
 0001:0002264c       AuRTCGetSecond             ffffc0000002364c     rtcmmio.o
 0001:00022658       AuRTCGetDay                ffffc00000023658     rtcmmio.o
 0001:00022664       AuRTCGetHour               ffffc00000023664     rtcmmio.o
 0001:00022670       AuRTCGetMonth              ffffc00000023670     rtcmmio.o
 0001:0002267c       initialize_list            ffffc0000002367c     list.o
 0001:0002269c       list_add                   ffffc0000002369c     list.o
 0001:000226fc       list_get_at                ffffc000000236fc     list.o
 0001:00022738       list_remove                ffffc00000023738     list.o
 0001:000227e4       AuUartPutc                 ffffc000000237e4     init.o
 0001:00022804       AuUartPutString            ffffc00000023804     init.o
 0001:00022838       AuLittleBootUsed           ffffc00000023838     init.o
 0001:00022844       AuEntryTest                ffffc00000023844     init.o
 0001:00022880       AuEntryTest2               ffffc00000023880     init.o
 0001:000228bc       AuEntryTest4               ffffc000000238bc     init.o
 0001:000228f8       AuGetBootInfoStruc         ffffc000000238f8     init.o
 0001:00022904       _AuroraTimerCallback       ffffc00000023904     init.o
 0001:00022910       _AuMain                    ffffc00000023910     init.o
 0001:00022b2c       isspace                    ffffc00000023b2c     ctype.o
 0001:00022b40       isascii                    ffffc00000023b40     ctype.o
 0001:00022b4c       isupper                    ffffc00000023b4c     ctype.o
 0001:00022b5c       islower                    ffffc00000023b5c     ctype.o
 0001:00022b6c       isalpha                    ffffc00000023b6c     ctype.o
 0001:00022b94       isdigit                    ffffc00000023b94     ctype.o
 0001:00022ba4       isxdigit                   ffffc00000023ba4     ctype.o
 0001:00022bc0       isprint                    ffffc00000023bc0     ctype.o
 0001:00022bd0       toupper                    ffffc00000023bd0     ctype.o
 0001:00022be8       tolower                    ffffc00000023be8     ctype.o
 0001:00022c00       toascii                    ffffc00000023c00     ctype.o
 0001:00022c08       AuAA64BoardInitialize      ffffc00000023c08     board.o
 0001:00022c14       AuAA64BoardSleepUS         ffffc00000023c14     board.o
 0001:00022c70       AuAA64BoardSleepMS         ffffc00000023c70     board.o
 0001:00022ccc       AuAA64BoardPowerDown       ffffc00000023ccc     board.o
 0001:00022cec       AuAA64BoardReboot          ffffc00000023cec     board.o
 0001:00022d0c       AuAA64BoardGetBootEpoch    ffffc00000023d0c     board.o
 0001:00022d10       AuVirtIOInputCheck         ffffc00000023d10     virt.o
 0001:00022dc4       AuVirtIOInputInitialize    ffffc00000023dc4     virt.o
 0001:00023028       AuVirtGetBootEpoch         ffffc00000024028     virt.o
 0001:00023044       AuVirtioBlkReadSector      ffffc00000024044     virtioblk.o
 0001:00023264       AuVirtioBlkWriteSector     ffffc00000024264     virtioblk.o
 0001:00023278       AuVirtioBlkInitialize      ffffc00000024278     virtioblk.o
 0001:00023458       AuPmmngrValidate           ffffc00000024458     pmmngr.o
 0001:000237a8       AuPmmngrInitialize         ffffc000000247a8     pmmngr.o
 0001:00024734       AuPmmngrAllocPages         ffffc00000025734     pmmngr.o
 0001:00024b7c       AuPmmngrAllocPage          ffffc00000025b7c     pmmngr.o
 0001:00024b90       AuPmmngrReleasePage        ffffc00000025b90     pmmngr.o
 0001:00024f1c       AuPmmngrReleasePages       ffffc00000025f1c     pmmngr.o
 0001:00025008       AuPmmngrRetainPage         ffffc00000026008     pmmngr.o
 0001:000250c4       AuPmmngrPageRefcount       ffffc000000260c4     pmmngr.o
 0001:0002515c       AuPmmngrSetBackingBlock    ffffc0000002615c     pmmngr.o
 0001:00025200       AuPmmngrGetBackingBlock    ffffc00000026200     pmmngr.o
 0001:00025298       AuPmmngrGetStats           ffffc00000026298     pmmngr.o
 0001:00025308       AuPmmngrAllocCheck         ffffc00000026308     pmmngr.o
 0001:00025348       P2V                        ffffc00000026348     pmmngr.o
 0001:00025368       V2P                        ffffc00000026368     pmmngr.o
 0001:00025388       AuPmmngrMoveHigher         ffffc00000026388     pmmngr.o
 0001:000253c8       AuPmmngrDebugInfo          ffffc000000263c8     pmmngr.o
 0001:00025728       au_request_page            ffffc00000026728     kmalloc.o
 0001:0002579c       au_free_page               ffffc0000002679c     kmalloc.o
 0001:000257d0       AuHeapInitialize           ffffc000000267d0     kmalloc.o
 0001:0002589c       kmalloc                    ffffc0000002689c     kmalloc.o
 0001:000259b0       kfree                      ffffc000000269b0     kmalloc.o
 0001:00025a20       krealloc                   ffffc00000026a20     kmalloc.o
 0001:00025b3c       kcalloc                    ffffc00000026b3c     kmalloc.o
 0001:00025b90       kheap_debug                ffffc00000026b90     kmalloc.o
 0001:00025bb4       kmalloc_debug_on           ffffc00000026bb4     kmalloc.o
 0001:00025bb8       AuMmngrFileCacheInit       ffffc00000026bb8     mmfile.o
 0001:00025bd4       AuMmngrAddFileBack         ffffc00000026bd4     mmfile.o
 0001:00025c14       AuMmngrRemoveFileBack      ffffc00000026c14     mmfile.o
 0001:00025cb0       AuMmngrFileCacheEnable     ffffc00000026cb0     mmfile.o
 0001:00025cc0       AuMmngrFileCacheLookup     ffffc00000026cc0     mmfile.o
 0001:00025d38       AuMmngrFileCacheGetPhysicalBlock ffffc00000026d38     mmfile.o
 0001:00025d6c       AuMmngrFileCacheGetByIndex ffffc00000026d6c     mmfile.o
 0001:00025d90       AuMmngrPageCacheCreate     ffffc00000026d90     mmfile.o
 0001:00025db8       AuMmngrFileBackAddPageCache ffffc00000026db8     mmfile.o
 0001:00025e10       AuInsertVMArea             ffffc00000026e10     vma.o
 0001:00025e18       AuRemoveVMArea             ffffc00000026e18     vma.o
 0001:00025e80       AuVMAreaCreate             ffffc00000026e80     vma.o
 0001:00025ee8       AuVMAreaGet                ffffc00000026ee8     vma.o
 0001:00025f54       CreateSharedMem            ffffc00000026f54     mmserv.o
 0001:00025fbc       ObtainSharedMem            ffffc00000026fbc     mmserv.o
 0001:00026024       UnmapSharedMem             ffffc00000027024     mmserv.o
 0001:00026070       GetProcessHeapMem          ffffc00000027070     mmserv.o
 0001:00026154       ProcessHeapUnmap           ffffc00000027154     mmserv.o
 0001:0002624c       envmdebug                  ffffc0000002724c     vmmngr.o
 0001:00026258       AuVmmngrInitialize         ffffc00000027258     vmmngr.o
 0001:000262d8       AuMapPage                  ffffc000000272d8     vmmngr.o
 0001:000265c0       AuMapPageEx                ffffc000000275c0     vmmngr.o
 0001:00026790       AuVmmngrGetPage            ffffc00000027790     vmmngr.o
 0001:00026974       AuMapMMIO                  ffffc00000027974     vmmngr.o
 0001:000269e0       AuGetFreePage              ffffc000000279e0     vmmngr.o
 0001:00026aac       AuFreePages                ffffc00000027aac     vmmngr.o
 0001:00026bc8       AuUpdatePageFlags          ffffc00000027bc8     vmmngr.o
 0001:00026c5c       AuGetPhysicalAddress       ffffc00000027c5c     vmmngr.o
 0001:00026cec       AuGetPhysicalAddressEx     ffffc00000027cec     vmmngr.o
 0001:00026d60       AuCreateVirtualAddressSpace ffffc00000027d60     vmmngr.o
 0001:00026dd4       AuGetRootPageTable         ffffc00000027dd4     vmmngr.o
 0001:00026de0       AuVmmngrBootFree           ffffc00000027de0     vmmngr.o
 0001:00026e38       tlsf_get_pool              ffffc00000027e38     tlsf.o
 0001:00026e44       tlsf_create                ffffc00000027e44     tlsf.o
 0001:00026e74       tlsf_add_memory            ffffc00000027e74     tlsf.o
 0001:0002706c       tlsf_malloc                ffffc0000002806c     tlsf.o
 0001:000275ec       tlsf_free                  ffffc000000285ec     tlsf.o
 0001:00027774       tlsf_realloc               ffffc00000028774     tlsf.o
 0001:000279d0       SharedMemMapListInitialise ffffc000000289d0     mmap.o
 0001:000279e8       AuCreateSharedMmapObject   ffffc000000289e8     mmap.o
 0001:00027a44       AuAddSharedMmapObject      ffffc00000028a44     mmap.o
 0001:00027a58       AuRemoveSharedMmapObject   ffffc00000028a58     mmap.o
 0001:00027acc       AuSharedMmapObjectFindByName ffffc00000028acc     mmap.o
 0001:00027b40       CreateMemMapping           ffffc00000028b40     mmap.o
 0001:00028070       MemMapDirty                ffffc00000029070     mmap.o
 0001:00028240       UnmapMemMapping            ffffc00000029240     mmap.o
 0001:000282d0       AuInitialiseSHMMan         ffffc000000292d0     shm.o
 0001:000282f4       AuSHMGetID                 ffffc000000292f4     shm.o
 0001:00028308       AuGetSHMSeg                ffffc00000029308     shm.o
 0001:00028368       AuGetSHMByID               ffffc00000029368     shm.o
 0001:000283c8       AuCreateSHM                ffffc000000293c8     shm.o
 0001:000284dc       AuSHMDelete                ffffc000000294dc     shm.o
 0001:00028594       AuSHMProcBreak             ffffc00000029594     shm.o
 0001:000285a8       AuSHMProcSwap              ffffc000000295a8     shm.o
 0001:000285bc       AuSHMProcOrderList         ffffc000000295bc     shm.o
 0001:00028650       AuSHMObtainMem             ffffc00000029650     shm.o
 0001:000289c4       AuSHMUnmap                 ffffc000000299c4     shm.o
 0001:00028b38       AuSHMUnmapAll              ffffc00000029b38     shm.o
 0001:00028c24       AuDMAPoolCreate            ffffc00000029c24     dma.o
 0001:00028d1c       AuDMAPoolAlloc             ffffc00000029d1c     dma.o
 0001:00028f64       AuDMAPoolFree              ffffc00000029f64     dma.o
 0001:00028ff8       AuDMAPoolDestroy           ffffc00000029ff8     dma.o
 0001:00029050       AuDMAGlobalClassInitialize ffffc0000002a050     dma.o
 0001:00029234       AuDMAGClassAlloc           ffffc0000002a234     dma.o
 0001:0002934c       AuDMAGClassFree            ffffc0000002a34c     dma.o
 0001:00029438       AuDMAGClassDestroy         ffffc0000002a438     dma.o
 0001:0002949c       store_x0_x7                ffffc0000002a49c     aa64lowlevel.o
 0001:000294bc       store_x2_x7                ffffc0000002a4bc     aa64lowlevel.o
 0001:000294dc       store_x3_x7                ffffc0000002a4dc     aa64lowlevel.o
 0001:000294fc       _getCurrentEL              ffffc0000002a4fc     aa64lowlevel.o
 0001:00029508       read_ttbr0_el1             ffffc0000002a508     aa64lowlevel.o
 0001:00029510       read_ttbr1_el1             ffffc0000002a510     aa64lowlevel.o
 0001:00029518       write_ttbr0_el1            ffffc0000002a518     aa64lowlevel.o
 0001:00029520       write_ttbr1_el1            ffffc0000002a520     aa64lowlevel.o
 0001:00029528       write_both_ttbr            ffffc0000002a528     aa64lowlevel.o
 0001:00029544       dsb_sy_barrier             ffffc0000002a544     aa64lowlevel.o
 0001:00029550       read_sctlr_el1             ffffc0000002a550     aa64lowlevel.o
 0001:00029558       write_sctlr_el1            ffffc0000002a558     aa64lowlevel.o
 0001:00029560       read_mair_el1              ffffc0000002a560     aa64lowlevel.o
 0001:00029568       write_mair_el1             ffffc0000002a568     aa64lowlevel.o
 0001:00029570       read_tcr_el1               ffffc0000002a570     aa64lowlevel.o
 0001:00029578       write_tcr_el1              ffffc0000002a578     aa64lowlevel.o
 0001:00029580       dsb_ish                    ffffc0000002a580     aa64lowlevel.o
 0001:00029588       dmb_ish                    ffffc0000002a588     aa64lowlevel.o
 0001:00029590       dmb_sy                     ffffc0000002a590     aa64lowlevel.o
 0001:00029598       isb_flush                  ffffc0000002a598     aa64lowlevel.o
 0001:000295a0       tlb_flush                  ffffc0000002a5a0     aa64lowlevel.o
 0001:000295b4       tlb_flush_vmalle1is        ffffc0000002a5b4     aa64lowlevel.o
 0001:000295c8       enable_sre                 ffffc0000002a5c8     aa64lowlevel.o
 0001:000295dc       read_icc_iidr              ffffc0000002a5dc     aa64lowlevel.o
 0001:000295e0       set_vbar_el1               ffffc0000002a5e0     aa64lowlevel.o
 0001:000295ec       get_cntpct_el0             ffffc0000002a5ec     aa64lowlevel.o
 0001:000295f4       get_cntvct_el0             ffffc0000002a5f4     aa64lowlevel.o
 0001:000295fc       get_cntfrq_el0             ffffc0000002a5fc     aa64lowlevel.o
 0001:00029604       get_cpacr_el1              ffffc0000002a604     aa64lowlevel.o
 0001:0002960c       get_cntv_ctl_el0           ffffc0000002a60c     aa64lowlevel.o
 0001:00029614       set_cpacr_el1              ffffc0000002a614     aa64lowlevel.o
 0001:0002961c       read_esr_el1               ffffc0000002a61c     aa64lowlevel.o
 0001:00029624       read_far_el1               ffffc0000002a624     aa64lowlevel.o
 0001:0002962c       read_elr_el1               ffffc0000002a62c     aa64lowlevel.o
 0001:00029634       read_spsr_el1              ffffc0000002a634     aa64lowlevel.o
 0001:0002963c       enable_irqs                ffffc0000002a63c     aa64lowlevel.o
 0001:0002964c       mask_irqs                  ffffc0000002a64c     aa64lowlevel.o
 0001:0002965c       setupTimerIRQ              ffffc0000002a65c     aa64lowlevel.o
 0001:00029678       suspendTimer               ffffc0000002a678     aa64lowlevel.o
 0001:00029684       resetTimer                 ffffc0000002a684     aa64lowlevel.o
 0001:00029698       readTimerCtl               ffffc0000002a698     aa64lowlevel.o
 0001:000296a0       read_icc_iar1_el1          ffffc0000002a6a0     aa64lowlevel.o
 0001:000296a8       read_midr                  ffffc0000002a6a8     aa64lowlevel.o
 0001:000296b0       read_mpidr_el1             ffffc0000002a6b0     aa64lowlevel.o
 0001:000296b8       read_spsel                 ffffc0000002a6b8     aa64lowlevel.o
 0001:000296c0       read_daif                  ffffc0000002a6c0     aa64lowlevel.o
 0001:000296c8       restore_daif               ffffc0000002a6c8     aa64lowlevel.o
 0001:000296d0       aa64_enter_user            ffffc0000002a6d0     aa64lowlevel.o
 0001:000296e4       aa64_svc_test              ffffc0000002a6e4     aa64lowlevel.o
 0001:000296ec       aa64_utest                 ffffc0000002a6ec     aa64lowlevel.o
 0001:000296f0       read_x30                   ffffc0000002a6f0     aa64lowlevel.o
 0001:000296f8       read_sp                    ffffc0000002a6f8     aa64lowlevel.o
 0001:00029700       read_sp_el1                ffffc0000002a700     aa64lowlevel.o
 0001:00029708       sub_rsp                    ffffc0000002a708     aa64lowlevel.o
 0001:00029710       dc_ivac                    ffffc0000002a710     aa64lowlevel.o
 0001:00029718       set_syscall_retval         ffffc0000002a718     aa64lowlevel.o
 0001:00029720       modifyx17                  ffffc0000002a720     aa64lowlevel.o
 0001:00029728       enableAlignCheck           ffffc0000002a728     aa64lowlevel.o
 0001:00029740       data_cache_flush           ffffc0000002a740     aa64lowlevel.o
 0001:00029758       read_ctr_el0               ffffc0000002a758     aa64lowlevel.o
 0001:00029760       dc_cvac                    ffffc0000002a760     aa64lowlevel.o
 0001:0002976c       set_cntp_cval_el0          ffffc0000002a76c     aa64lowlevel.o
 0001:00029774       set_cntp_ctl_el0           ffffc0000002a774     aa64lowlevel.o
 0001:0002977c       _wfi                       ffffc0000002a77c     aa64lowlevel.o
 0001:00029784       gic_cpu_init               ffffc0000002a784     aa64lowlevel.o
 0001:000297e0       gic_read_intid             ffffc0000002a7e0     aa64lowlevel.o
 0001:000297e8       gic_icc_eoi                ffffc0000002a7e8     aa64lowlevel.o
 0001:000297f4       aa64_clean_invalidate_dcache ffffc0000002a7f4     aa64lowlevel.o
 0001:00029884       aa64_invalidate_icache     ffffc0000002a884     aa64lowlevel.o
 0001:00029894       UARTDebugOut               ffffc0000002a894     aa64_print.o
 0001:000298d0       AuTextOut_profiler         ffffc0000002a8d0     aa64_print.o
 0001:0002a0c8       irq_el1_wrapper            ffffc0000002b0c8     aa64vector.o
 0001:0002a15c       sync_el0_wrapper           ffffc0000002b15c     aa64vector.o
 0001:0002a208       irq_el0_wrapper            ffffc0000002b208     aa64vector.o
 0001:0002a800       vectors                    ffffc0000002b800     aa64vector.o
 0001:0002af84       aa64_spinlock_acquire      ffffc0000002bf84     aa64spinlock.o
 0001:0002afa4       aa64_spinlock_try_acquire  ffffc0000002bfa4     aa64spinlock.o
 0001:0002afcc       aa64_spinlock_release      ffffc0000002bfcc     aa64spinlock.o
 0001:0002afdc       aa64_spinlock_acquire_irq_save ffffc0000002bfdc     aa64spinlock.o
 0001:0002aff8       aa64_spinlock_release_irq_restore ffffc0000002bff8     aa64spinlock.o
 0001:0002b00c       aa64_store_context         ffffc0000002c00c     aa64switch.o
 0001:0002b038       aa64_restore_context       ffffc0000002c038     aa64switch.o
 0001:0002b0a4       first_time_sex             ffffc0000002c0a4     aa64switch.o
 0001:0002b0f8       resume_user                ffffc0000002c0f8     aa64switch.o
 0001:0002b16c       first_time_sex2            ffffc0000002c16c     aa64switch.o
 0001:0002b1c0       store_syscall              ffffc0000002c1c0     aa64switch.o
 0001:0002b210       ret_from_syscall           ffffc0000002c210     aa64switch.o
 0001:0002b28c       aa64_store_fp              ffffc0000002c28c     aa64switch.o
 0001:0002b318       aa64_restore_fp            ffffc0000002c318     aa64switch.o
 0001:0002b3a4       aa64_schedule_init         ffffc0000002c3a4     aa64switch.o
 0001:0002b42c       aa64_restore_sp            ffffc0000002c42c     aa64switch.o
 0001:0002b490       aa64_resume_exception_frame ffffc0000002c490     aa64switch.o
 0001:0002b4e4       aa64_signal_return         ffffc0000002c4e4     aa64switch.o
 0001:0002b4f4       virt_power_down            ffffc0000002c4f4     virt_power.o
 0001:0002b4f8       virt_power_reboot          ffffc0000002c4f8     virt_power.o
 0002:00000100       __xmm@00000000000013880000000000030d40 ffffc0000002d100     sched_edf.o
 0002:00000390       __xmm@00000000080100000000000008000000 ffffc0000002d390     gic.o
 0002:000003a0       __xmm@000000000802000000000000080a0000 ffffc0000002d3a0     gic.o
 0002:00001430       __real@00000000000002ff    ffffc0000002e430     ndp.o
 0002:00001440       __xmm@00000000000000000000003000000000 ffffc0000002e440     process.o
 0002:00001450       __xmm@00000000000000020000000000000001 ffffc0000002e450     sndcore.o
 0002:00001460       __real@0000000100000002    ffffc0000002e460     sndcore.o
 0002:00001508       __real@000000050000803b    ffffc0000002e508     tty.o
 0002:00001640       __xmm@00070006000500040003000200010000 ffffc0000002e640     virtionet.o
 0002:00001650       __xmm@0302000a0202000a00ffffff0f02000a ffffc0000002e650     virtionet.o
 0002:00001690       __xmm@00000000000001000000000000000000 ffffc0000002e690     pmmngr.o
 0002:000016a0       __xmm@ffffffffffffffff0000000000000001 ffffc0000002e6a0     pmmngr.o
 0002:000016b0       __xmm@00000000000000000000000000000010 ffffc0000002e6b0     tlsf.o
 0002:000016c0       __xmm@00000000000000100000000000000008 ffffc0000002e6c0     dma.o
 0002:000016d0       __xmm@00000000000000400000000000000020 ffffc0000002e6d0     dma.o
 0002:000016e0       __xmm@00000000000001000000000000000080 ffffc0000002e6e0     dma.o
 0002:000016f0       ??_C@_02NJNOFBBI@?$CFx?$AA@ ffffc0000002e6f0     vdisk.o
 0002:000016f4       ??_C@_04PJHBAHNI@?1dev?$AA@ ffffc0000002e6f4     aucon.o
 0002:000016fc       ??_C@_03FNIGJHAM@dev?$AA@  ffffc0000002e6fc     devfs.o
 0002:00001700       ??_C@_06JGIPHBBD@?9about?$AA@ ffffc0000002e700     init.o
 0002:00001708       ??_C@_06OBOMOIHF@Tablet?$AA@ ffffc0000002e708     virt.o
 0002:00001710       ??_C@_04IOOAAAMM@ttys?$AA@ ffffc0000002e710     tty.o
 0002:00001718       ??_C@_04OLFMGELG@icmp?$AA@ ffffc0000002e718     icmp.o
 0002:00001720       ??_C@_03OCLLGKEH@udp?$AA@  ffffc0000002e720     udp.o
 0002:00001724       ??_C@_03FPEIBLKH@tcp?$AA@  ffffc0000002e724     tcp.o
 0002:00001728       ??_C@_04FKKBDPBD@ttym?$AA@ ffffc0000002e728     tty.o
 0002:00001730       ??_C@_04MDPPAFID@disk?$AA@ ffffc0000002e730     vdisk.o
 0002:00001738       ??_C@_02MFDMBIJM@ok?$AA@   ffffc0000002e738     sched_soak.o
 0002:0000173c       ??_C@_05KCJBMLII@graph?$AA@ ffffc0000002e73c     aucon.o
 0002:00001744       ??_C@_03HLCNLMFP@reg?$AA@  ffffc0000002e744     dtb.o
 0002:00001748       ??_C@_03JACLIBNI@exe?$AA@  ffffc0000002e748     loader.o
 0002:0000174c       ??_C@_04MKFKKHBG@pipe?$AA@ ffffc0000002e74c     pipe.o
 0002:00001754       ??_C@_04LJLIIBC@Pipe?$AA@  ffffc0000002e754     devfs.o
 0002:0000175c       ??_C@_04IBDNPPCI@Idle?$AA@ ffffc0000002e75c     sched.o
 0002:00001764       ??_C@_04LGBANPIN@pcie?$AA@ ffffc0000002e764     pcie.o
 0002:0000176c       ??_C@_06OIEJKIHP@Device?$AA@ ffffc0000002e76c     devfs.o
 0002:00001774       ??_C@_04EMEKOJAM@mice?$AA@ ffffc0000002e774     devinput.o
 0002:0000177c       ??_C@_05BPAHAOGO@kybrd?$AA@ ffffc0000002e77c     devinput.o
 0002:00001784       ??_C@_05MHNANJII@sound?$AA@ ffffc0000002e784     sndcore.o
 0002:0000178c       ??_C@_04MGEIEJAD@exec?$AA@ ffffc0000002e78c     postbox.o
 0002:00001794       ??_C@_02HAOIJKIC@?$CFc?$AA@ ffffc0000002e794     Fat.o
 0002:00001798       ??_C@_01MCMALHOG@a?$AA@    ffffc0000002e798     vdisk.o
 0002:0000179c       ??_C@_05MBDEGLCK@ERROR?$AA@ ffffc0000002e79c     klog.o
 0002:000017a4       ??_C@_04BEADLPGM@INFO?$AA@ ffffc0000002e7a4     klog.o
 0002:000017ac       ??_C@_04JBIELMDE@WARN?$AA@ ffffc0000002e7ac     klog.o
 0002:000017b4       ??_C@_04HIBGFPH@NULL?$AA@  ffffc0000002e7b4     core.o
 0002:000017bc       ??_C@_05KOLFGEDA@DEBUG?$AA@ ffffc0000002e7bc     klog.o
 0002:000017c4       ??_C@_05MNABNCGI@EMERG?$AA@ ffffc0000002e7c4     klog.o
 0002:000017cc       ??_C@_06OHCJKBJM@FAILED?$AA@ ffffc0000002e7cc     core.o
 0002:000017d4       ??_C@_06JPKPKMO@PROBED?$AA@ ffffc0000002e7d4     core.o
 0002:000017dc       ??_C@_03KOLNNKD@BAD?$AA@   ffffc0000002e7dc     sched_soak.o
 0002:000017e0       ??_C@_04JCCCJONK@?$CFx?3?3?$AA@ ffffc0000002e7e0     virtionet.o
 0002:000017e8       ??_C@_06CBCAMCLE@icmpv6?$AA@ ffffc0000002e7e8     icmpv6.o
 0002:000017f0       ??_C@_05IBEDHKEB@e1000?$AA@ ffffc0000002e7f0     virtionet.o
 0002:000017f8       ??_C@_05JKONBDIM@?1dev?1?$AA@ ffffc0000002e7f8     vdisk.o
 0002:000017fc       ??_C@_01KMDKNFGN@?1?$AA@   ffffc0000002e7fc     aucon.o
 0002:00001800       ??_C@_01LFCBOECM@?4?$AA@   ffffc0000002e800     aucon.o
 0002:00001804       ??_C@_01JOAMLHOP@?9?$AA@   ffffc0000002e804     aucon.o
 0002:00001808       ??_C@_06LHGEHABH@?$CINULL?$CJ?$AA@ ffffc0000002e808     _print.o
 0002:00001810       ??_C@_01CLKCMJKC@?5?$AA@   ffffc0000002e810     dtb.o
 0002:00001814       ??_C@_05CHOLMPLD@?$CFd?5?$AN?6?$AA@ ffffc0000002e814     ipv4.o
 0002:0000181c       ??_C@_02PCIJFNDE@?$AN?6?$AA@ ffffc0000002e81c     icmp.o
 0002:00001820       ??_C@_08BOCDAINB@?1dev?1tty?$AA@ ffffc0000002e820     tty.o
 0002:00001830       ??_C@_09EOAFACM@Directory?$AA@ ffffc0000002e830     devfs.o
 0002:00001840       ??_C@_07PPNFPEAB@postbox?$AA@ ffffc0000002e840     postbox.o
 0002:00001848       ??_C@_0BC@KGAAOHKL@0x?$CFx?90x?$CFx?90x?$CFx?90x?$AA@ ffffc0000002e848     vdisk.o
 0002:00001860       ??_C@_0M@FDGEKDID@broken?5prev?$AA@ ffffc0000002e860     pmmngr.o
 0002:00001870       ??_C@_0BD@JNGAHGFH@bad?5free?9list?5next?$AA@ ffffc0000002e870     pmmngr.o
 0002:00001888       ??_C@_0M@GHLCLHOH@broken?5next?$AA@ ffffc0000002e888     pmmngr.o
 0002:00001898       ??_C@_07LOMMCBDN@edftest?$AA@ ffffc0000002e898     sched_edf.o
 0002:000018a0       ??_C@_0BD@NJBEKAON@self?9test?5refcount?$AA@ ffffc0000002e8a0     pmmngr.o
 0002:000018b8       ??_C@_0BE@IFBICCNJ@self?9test?5alignment?$AA@ ffffc0000002e8b8     pmmngr.o
 0002:000018d0       ??_C@_08IJMNAICA@?1dev?1net?$AA@ ffffc0000002e8d0     aunet.o
 0002:000018e0       ??_C@_0L@FJDJOHCF@virtio?9net?$AA@ ffffc0000002e8e0     aunet.o
 0002:000018f0       ??_C@_0M@JFELHNNH@XERawSocket?$AA@ ffffc0000002e8f0     socket.o
 0002:00001900       ??_C@_0BH@PNEIPKNB@no?5RAM?5for?5descriptors?$AA@ ffffc0000002e900     pmmngr.o
 0002:00001918       ??_C@_0P@HKNOOBCF@?$CDaddress?9cells?$AA@ ffffc0000002e918     dtb.o
 0002:00001928       ??_C@_0M@BJMGEBBL@?$CDsize?9cells?$AA@ ffffc0000002e928     dtb.o
 0002:00001938       ??_C@_08ONODHOAF@soakvisr?$AA@ ffffc0000002e938     sched_soak.o
 0002:00001948       ??_C@_0P@LFLCKMHM@NVMeController?$AA@ ffffc0000002e948     audrv.o
 0002:00001958       ??_C@_0P@JJNOBEOE@XHCIController?$AA@ ffffc0000002e958     audrv.o
 0002:00001968       ??_C@_0P@KLMOJMME@AHCIController?$AA@ ffffc0000002e968     audrv.o
 0002:00001978       ??_C@_0BP@MODINEBJ@descriptors?5outside?5direct?5map?$AA@ ffffc0000002e978     pmmngr.o
 0002:00001998       ??_C@_07CIFAGBMG@unknown?$AA@ ffffc0000002e998     proctoken.o
 0002:000019a0       ??_C@_07NBCGADJA@Unknown?$AA@ ffffc0000002e9a0     devfs.o
 0002:000019a8       ??_C@_08BKOKDGPI@soakchrn?$AA@ ffffc0000002e9a8     sched_soak.o
 0002:000019b8       ??_C@_0BM@GAOEGIK@invalid?5free?9list?5insertion?$AA@ ffffc0000002e9b8     pmmngr.o
 0002:000019d8       ??_C@_0BD@MNKFPNAO@initial?5validation?$AA@ ffffc0000002e9d8     pmmngr.o
 0002:000019f0       ??_C@_0N@CCEOOCAH@AuDriverMain?$AA@ ffffc0000002e9f0     audrv.o
 0002:00001a00       ??_C@_0BM@MILBAFDF@missing?5LittleBoot?5protocol?$AA@ ffffc0000002ea00     pmmngr.o
 0002:00001a20       ??_C@_0BH@JHPBHNPL@reservation?5table?5full?$AA@ ffffc0000002ea20     pmmngr.o
 0002:00001a38       ??_C@_0BC@MLDHOEAO@usable?5table?5full?$AA@ ffffc0000002ea38     pmmngr.o
 0002:00001a50       ??_C@_0BK@CLHPDGNE@invalid?5free?9list?5removal?$AA@ ffffc0000002ea50     pmmngr.o
 0002:00001a70       ??_C@_0BC@CDECFEIK@no?5early?5spinlock?$AA@ ffffc0000002ea70     pmmngr.o
 0002:00001a88       ??_C@_0BI@KICLBKNM@free?9list?5head?5mismatch?$AA@ ffffc0000002ea88     pmmngr.o
 0002:00001aa0       ??_C@_0L@NBKMLOMK@?1audrv?4cnf?$AA@ ffffc0000002eaa0     audrv.o
 0002:00001ab0       ??_C@_0L@BMFBAAPK@?1ftlst?4cnf?$AA@ ffffc0000002eab0     ftmngr.o
 0002:00001ac0       ??_C@_0L@FILGANC@?1board?4cnf?$AA@ ffffc0000002eac0     audrv.o
 0002:00001ad0       ??_C@_09CJHODMBN@?1init?4exe?$AA@ ffffc0000002ead0     init.o
 0002:00001ae0       ??_C@_0L@PMEAHFBD@?1xeldr?4exe?$AA@ ffffc0000002eae0     loader.o
 0002:00001af0       ??_C@_0BJ@NLJAPKLC@unknown?5descriptor?5state?$AA@ ffffc0000002eaf0     pmmngr.o
 0002:00001b10       ??_C@_0BE@GNJOHPHF@self?9test?5duplicate?$AA@ ffffc0000002eb10     pmmngr.o
 0002:00001b28       ??_C@_0BC@PCPCJDDI@self?9test?5restore?$AA@ ffffc0000002eb28     pmmngr.o
 0002:00001b40       ??_C@_07PMJAFAE@console?$AA@ ffffc0000002eb40     aucon.o
 0002:00001b48       ??_C@_08CIBAJAE@soakwake?$AA@ ffffc0000002eb48     sched_soak.o
 0002:00001b58       ??_C@_0P@HMINDPLD@self?9test?5free?$AA@ ffffc0000002eb58     pmmngr.o
 0002:00001b68       ??_C@_0BD@NAMHDBFK@self?9test?5run?5free?$AA@ ffffc0000002eb68     pmmngr.o
 0002:00001b80       ??_C@_08CPOKIBJK@Keyboard?$AA@ ffffc0000002eb80     virt.o
 0002:00001b90       ??_C@_0BD@DOOINMIJ@self?9test?5compound?$AA@ ffffc0000002eb90     pmmngr.o
 0002:00001ba8       ??_C@_0P@JMPKLAAA@AuDriverUnload?$AA@ ffffc0000002eba8     audrv.o
 0002:00001bb8       ??_C@_07NPPIGKMH@ramdisc?$AA@ ffffc0000002ebb8     initrd.o
 0002:00001bc0       ??_C@_09JOOADPHK@XERamdisc?$AA@ ffffc0000002ebc0     initrd.o
 0002:00001bd0       ??_C@_0BM@HJCJDJA@free?5block?5outside?5metadata?$AA@ ffffc0000002ebd0     pmmngr.o
 0002:00001bf0       ??_C@_0BG@NOGPJOED@PROCESS_TOKEN_DISPLAY?$AA@ ffffc0000002ebf0     proctoken.o
 0002:00001c08       ??_C@_0BC@OKMNLEGJ@PROCESS_TOKEN_DEV?$AA@ ffffc0000002ec08     proctoken.o
 0002:00001c20       ??_C@_08BOGKMBPC@EFI?5PART?$AA@ ffffc0000002ec20     vdisk.o
 0002:00001c30       ??_C@_0BI@KACINAIC@PROCESS_TOKEN_NETSERVER?$AA@ ffffc0000002ec30     proctoken.o
 0002:00001c48       ??_C@_0BE@LKKEDBBG@PROCESS_TOKEN_AUDIO?$AA@ ffffc0000002ec48     proctoken.o
 0002:00001c60       ??_C@_0O@JDAIPMOD@no?5usable?5RAM?$AA@ ffffc0000002ec60     pmmngr.o
 0002:00001c70       ??_C@_0BG@FDALMGED@PROCESS_TOKEN_NETWORK?$AA@ ffffc0000002ec70     proctoken.o
 0002:00001c88       ??_C@_0BB@JGGOGLEG@0123456789ABCDEF?$AA@ ffffc0000002ec88     stdio.o
 0002:00001ca0       ??_C@_07BJNOGCLE@UNBOUND?$AA@ ffffc0000002eca0     core.o
[...]
 0003:00000118       svcCurrentRegs             ffffc00000035118     systable.o
 0003:00000120       __gic                      ffffc00000035120     gic.o
 0003:00000570       gic_regs                   ffffc00000035570     gic.o
 0003:00000578       gicc_regs                  ffffc00000035578     gic.o
 0003:00002580       gic_dist_mmio              ffffc00000037580     gic.o
 0003:00002588       gic_redist_mmio            ffffc00000037588     gic.o
 0003:000025d8       _print_func                ffffc000000375d8     aucon.o
 0003:000025e0       early_                     ffffc000000375e0     aucon.o
 0003:000025e8       aucon                      ffffc000000375e8     aucon.o
 0003:000025f0       bypass_autextout           ffffc000000375f0     aucon.o
 0003:000025f8       __framebuffer              ffffc000000375f8     aucon.o
 0003:00002600       console_y                  ffffc00000037600     aucon.o
 0003:00002604       console_x                  ffffc00000037604     aucon.o
 0003:00002608       redmask                    ffffc00000037608     aucon.o
 0003:0000260c       greenmask                  ffffc0000003760c     aucon.o
 0003:00002610       bluemask                   ffffc00000037610     aucon.o
 0003:00002618       h_res                      ffffc00000037618     aucon.o
 0003:00002620       v_res                      ffffc00000037620     aucon.o
 0003:00002628       font_data                  ffffc00000037628     aucon.o
 0003:00002630       resvmask                   ffffc00000037630     aucon.o
 0003:00002648       current_icmpv6_sock        ffffc00000037648     icmpv6.o
 0003:00002650       tcpSocketList              ffffc00000037650     tcp.o
 0003:00002658       _kernelRouteList           ffffc00000037658     route.o
 0003:00002660       _kernelRouteList6          ffffc00000037660     route.o
 0003:00002668       udp_socket_list            ffffc00000037668     udp.o
 0003:00002670       raw_socket_list            ffffc00000037670     socket.o
 0003:00002678       nd_list                    ffffc00000037678     ndp.o
 0003:00002680       arp_list                   ffffc00000037680     arp.o
 0003:00002690       current_icmp_sock          ffffc00000037690     icmp.o
 0003:00002698       proc_first                 ffffc00000037698     process.o
 0003:000026a0       proc_last                  ffffc000000376a0     process.o
 0003:000026a8       root_proc                  ffffc000000376a8     process.o
 0003:000026c0       drivers                    ffffc000000376c0     audrv.o
 0003:00002e70       bootDrivers                ffffc00000037e70     audrv.o
 0003:00002ec8       scratchBuffer              ffffc00000037ec8     audrv.o
 0003:00002ed0       au_devices                 ffffc00000037ed0     audrv.o
 0003:00003730       fontKey                    ffffc00000038730     ftmngr.o
 0003:00003734       totalSysFonts              ffffc00000038734     ftmngr.o
 0003:00003738       font_conf_data             ffffc00000038738     ftmngr.o
 0003:00003750       _cards                     ffffc00000038750     sndcore.o
 0003:00003f50       firstBox                   ffffc00000038f50     postbox.o
 0003:00003f58       lastBox                    ffffc00000038f58     postbox.o
 0003:00003f60       _PostBoxRootCreated        ffffc00000038f60     postbox.o
 0003:00003f68       pbox                       ffffc00000038f68     postbox.o
 0003:00003f70       _ldr_scratchBuffer         ffffc00000038f70     loader.o
 0003:00003f80       physFrames                 ffffc00000038f80     loader.o
 0003:00004180       _tokens                    ffffc00000039180     proctoken.o
 0003:00004ad8       integer_buffer             ffffc00000039ad8     stdio.o
 0003:00004af8       float_to_string_output     ffffc00000039af8     stdio.o
 0003:00024b40       dtbAddress                 ffffc00000059b40     dtb.o
 0003:00024b90       ramdisk_end                ffffc00000059b90     initrd.o
 0003:00024b98       ramdisk_start              ffffc00000059b98     initrd.o
 0003:00024ba0       __RootContainer            ffffc00000059ba0     vfs.o
 0003:00024ba8       __RootFS                   ffffc00000059ba8     vfs.o
 0003:00024bd0       root                       ffffc00000059bd0     tty.o
 0003:00024bd8       last                       ffffc00000059bd8     tty.o
 0003:00024bf0       VdiskArray                 ffffc00000059bf0     vdisk.o
 0003:00024cc0       _vdisk_num_                ffffc00000059cc0     vdisk.o
 0003:00024cc8       pipeFS                     ffffc00000059cc8     pipe.o
 0003:00024cd0       mice_                      ffffc00000059cd0     devinput.o
 0003:0002ccf0       kybrd_                     ffffc00000061cf0     devinput.o
 0003:0002ccf8       kbd_dbg_irqs               ffffc00000061cf8     virtiokbd.o
 0003:0002cd00       queue                      ffffc00000061d00     virtiokbd.o
 0003:0002cd10       input                      ffffc00000061d10     virtiokbd.o
 0003:0002cd20       _gres                      ffffc00000061d20     res.o
 0003:0002cd28       _bdrivers                  ffffc00000061d28     core.o
 0003:0002cd30       rxqueue                    ffffc00000061d30     virtionet.o
 0003:0002cd50       notifyBase                 ffffc00000061d50     virtionet.o
 0003:0002cd58       notifyOffMultiplier        ffffc00000061d58     virtionet.o
 0003:0002cd60       txqueue                    ffffc00000061d60     virtionet.o
 0003:0002cd80       TabletQueue                ffffc00000061d80     virtiotablet.o
 0003:0002cd88       tabletIndex                ffffc00000061d88     virtiotablet.o
 0003:0002cd8c       tabletQueueSz              ffffc00000061d8c     virtiotablet.o
 0003:0002cd90       TabletInput                ffffc00000061d90     virtiotablet.o
 0003:0002cd98       maxX                       ffffc00000061d98     virtiotablet.o
 0003:0002cd9c       resX                       ffffc00000061d9c     virtiotablet.o
 0003:0002cda0       mouseX                     ffffc00000061da0     virtiotablet.o
 0003:0002cda4       maxY                       ffffc00000061da4     virtiotablet.o
 0003:0002cda8       resY                       ffffc00000061da8     virtiotablet.o
 0003:0002cdac       mouseY                     ffffc00000061dac     virtiotablet.o
 0003:0002cdb0       buttonLeft                 ffffc00000061db0     virtiotablet.o
 0003:0002cdb4       buttonRight                ffffc00000061db4     virtiotablet.o
 0003:0002cdb8       buttonMiddle               ffffc00000061db8     virtiotablet.o
 0003:0002cdbc       buttonScrollDown           ffffc00000061dbc     virtiotablet.o
 0003:0002cdc0       buttonScrollUp             ffffc00000061dc0     virtiotablet.o
 0003:0002cdd0       _uart_mapped               ffffc00000061dd0     uart.o
 0003:0002cdd8       uartMMIO                   ffffc00000061dd8     uart.o
 0003:0002cde0       __rtc                      ffffc00000061de0     rtcmmio.o
 0003:0002cdf0       bootinfo                   ffffc00000061df0     init.o
 0003:00031840       _vmdebug                   ffffc00000066840     vmmngr.o
 0003:00031848       _RootPaging                ffffc00000066848     vmmngr.o
 0003:00031850       _RootPagingKe              ffffc00000066850     vmmngr.o
 0003:00031858       _MMIOBase                  ffffc00000066858     vmmngr.o
 0003:00035988       shmmaplist                 ffffc0000006a988     mmap.o

 entry point at         0001:00022910

 Static symbols

 0001:00002cac       AuEDFSelfTestEntry         ffffc00000003cac     sched_edf.o
 0001:00003e4c       soak_churn                 ffffc00000004e4c     sched_soak.o
 0001:00003f6c       soak_waker                 ffffc00000004f6c     sched_soak.o
 0001:00003ff8       soak_edf_a                 ffffc00000004ff8     sched_soak.o
 0001:00004014       soak_edf_b                 ffffc00000005014     sched_soak.o
 0001:00004034       soak_supervisor            ffffc00000005034     sched_soak.o
 0001:00004168       soak_edf_worker            ffffc00000005168     sched_soak.o
 0001:00004810       AuConsoleRead              ffffc00000005810     aucon.o
 0001:00004a2c       AuConsoleWrite             ffffc00000005a2c     aucon.o
 0001:00006b0c       ip6_addr_copy              ffffc00000007b0c     icmpv6.o
 0001:00006c80       AuICMPv6Bind               ffffc00000007c80     icmpv6.o
 0001:00006c88       AuICMPv6Close              ffffc00000007c88     icmpv6.o
 0001:00006c8c       AuICMPv6Receive            ffffc00000007c8c     icmpv6.o
 0001:00006d64       AuICMPv6Send               ffffc00000007d64     icmpv6.o
 0001:00006f40       AuICMPv6FileClose          ffffc00000007f40     icmpv6.o
 0001:000071c8       TCPSendSegment             ffffc000000081c8     tcp.o
 0001:00007ac8       AuTCPObtainPort            ffffc00000008ac8     tcp.o
 0001:000083d8       TCPSendReset               ffffc000000093d8     tcp.o
 0001:00008548       TCPHandleListenSyn         ffffc00000009548     tcp.o
 0001:000086c4       TCPHandleEstablished       ffffc000000096c4     tcp.o
 0001:00008c88       TCPHandleListenSyn6        ffffc00000009c88     tcp.o
 0001:00008e60       ip6_addr_copy              ffffc00000009e60     tcp.o
 0001:00008fac       TCPAllocSocket             ffffc00000009fac     tcp.o
 0001:000090e4       CalculateTCPChecksum       ffffc0000000a0e4     tcp.o
 0001:0000cbc8       ip6_prefix_equal           ffffc0000000dbc8     ipv6.o
 0001:0000cc38       ip6_addr_is_zero           ffffc0000000dc38     ipv6.o
 0001:000119ec       hashmap_int_free           ffffc000000129ec     hashmap.o
 0001:00013b9c       _dbl2str                   ffffc00000014b9c     _print.o
 0001:00014c8c       prefix_cmp                 ffffc00000015c8c     dtb.o
 0001:00020ba4       AuVirtioWrite              ffffc00000021ba4     virtionet.o
 0001:00020cd0       AuVirtioNetIOCtl           ffffc00000021cd0     virtionet.o
 0001:00021d48       AuVirtioPCIFindCap         ffffc00000022d48     virtiopci.o
 0001:00023058       AuVirtioBlkRequest         ffffc00000024058     virtioblk.o
 0001:00024c78       release_block              ffffc00000025c78     pmmngr.o
 0001:000253fc       add_free_range             ffffc000000263fc     pmmngr.o
 0001:000255c4       list_remove                ffffc000000265c4     pmmngr.o
 0001:00026f24       tlsf_insert_free_block     ffffc00000027f24     tlsf.o
 0001:000273dc       tlsf_remove_free_block     ffffc000000283dc     tlsf.o
 0001:000296ec       _hnge                      ffffc0000002a6ec     aa64lowlevel.o
 0001:00029754       data_cache_ret             ffffc0000002a754     aa64lowlevel.o
 0001:000297d8       .sre_failed                ffffc0000002a7d8     aa64lowlevel.o
 0001:0002a000       sync_el1_wrapper           ffffc0000002b000     aa64vector.o
 0001:0002a1c0       _sync_cont                 ffffc0000002b1c0     aa64vector.o
 0001:0002a26c       _irq_cont                  ffffc0000002b26c     aa64vector.o
 0001:0002b088       _skip_comp                 ffffc0000002c088     aa64switch.o
 0002:00000110       syscalls                   ffffc0000002d110     systable.o
 0002:000003b0       _con_map_s                 ffffc0000002d3b0     aucon.o
 0002:000003f0       _con_map                   ffffc0000002d3f0     aucon.o
 0002:00000430       bx_vgafont                 ffffc0000002d430     aucon.o
 0002:000014c8       level_tag                  ffffc0000002e4c8     klog.o
 0002:000014f0       level_col                  ffffc0000002e4f0     klog.o
 0002:00001510       ext_key_map                ffffc0000002e510     virtiokbd.o
 0002:00001660       epoch_to_tm.days_in_month  ffffc0000002e660     rtcmmio.o
 0003:00000000       soak_rng                   ffffc00000035000     sched_soak.o
 0003:00000008       _tcp_port_                 ffffc00000035008     tcp.o
 0003:0000000c       _udp_port                  ffffc0000003500c     udp.o
 0003:00000010       pid                        ffffc00000035010     process.o
 0003:00000014       r_x                        ffffc00000035014     stdio.o
 0003:00000018       r_y                        ffffc00000035018     stdio.o
 0003:0000001c       r_z                        ffffc0000003501c     stdio.o
 0003:00000020       r_w                        ffffc00000035020     stdio.o
 0003:00000030       _brk_current               ffffc00000035030     kmalloc.o
 0003:00000050       s_sched_lock               ffffc00000035050     sched.o
 0003:000000b8       _global_idle_time          ffffc000000350b8     sched.o
 0003:000000c8       ke_stack_idx               ffffc000000350c8     sched.o
 0003:000000cc       AuSchedHeartbeat.idle_iters ffffc000000350cc     sched.o
 0003:000000f8       edf_util_q16               ffffc000000350f8     sched_edf.o
 0003:00000170       spiBitMap                  ffffc00000035170     gic.o
 0003:00000580       callbacks                  ffffc00000035580     gic.o
 0003:00002590       soak_churn_thr             ffffc00000037590     sched_soak.o
 0003:00002598       soak_churn_id              ffffc00000037598     sched_soak.o
 0003:000025a0       soak_done                  ffffc000000375a0     sched_soak.o
 0003:000025a8       soak_churn_cycles          ffffc000000375a8     sched_soak.o
 0003:000025b0       soak_wakeups               ffffc000000375b0     sched_soak.o
 0003:000025b8       soak_stat_a                ffffc000000375b8     sched_soak.o
 0003:000025c8       soak_stat_b                ffffc000000375c8     sched_soak.o
 0003:00002634       AuConsoleRead.con_dbg_polls ffffc00000037634     aucon.o
 0003:00002638       AuConsoleRead.con_dbg_msgs ffffc00000037638     aucon.o
 0003:0000263c       _con_shift                 ffffc0000003763c     aucon.o
 0003:00002640       _con_esc                   ffffc00000037640     aucon.o
 0003:00002688       netadapters                ffffc00000037688     aunet.o
 0003:000026b0       driver_class_unique_id     ffffc000000376b0     audrv.o
 0003:000026b4       driver_boot_unique_id      ffffc000000376b4     audrv.o
 0003:000026b8       _dev_count_                ffffc000000376b8     audrv.o
 0003:00002ec0       driver_load_base           ffffc00000037ec0     audrv.o
 0003:000036d0       early_spinlock_cnt         ffffc000000386d0     aa64_spinlock.o
 0003:000036e0       early_spin                 ffffc000000386e0     aa64_spinlock.o
 0003:00003720       firstSeg                   ffffc00000038720     ftmngr.o
 0003:00003728       lastSeg                    ffffc00000038728     ftmngr.o
 0003:00003740       dsp_first                  ffffc00000038740     sndcore.o
 0003:00003748       dsp_last                   ffffc00000038748     sndcore.o
 0003:000044a0       _timers                    ffffc000000394a0     timer.o
 0003:00004aa0       _system_current_us         ffffc00000039aa0     timer.o
 0003:00004aa8       _system_current_ms         ffffc00000039aa8     timer.o
 0003:00004ab0       wallClock.0                ffffc00000039ab0     timer.o
 0003:00004ab8       wallClock.1                ffffc00000039ab8     timer.o
 0003:00004ac0       wallClock.2                ffffc00000039ac0     timer.o
 0003:00004ac8       wallClock.3                ffffc00000039ac8     timer.o
 0003:00004ad0       wallClock.4                ffffc00000039ad0     timer.o
 0003:00004b20       _log_ring                  ffffc00000039b20     klog.o
 0003:00024b38       _Blog_use_uart             ffffc00000059b38     klog.o
 0003:00024b48       _pcieInitialized           ffffc00000059b48     pcie.o
 0003:00024b50       _ecamAddress               ffffc00000059b50     pcie.o
 0003:00024b60       _groups                    ffffc00000059b60     cred.o
 0003:00024bb0       _mount_letters             ffffc00000059bb0     vfs.o
 0003:00024bcc       AuVFSReserveMountPointLetter.path ffffc00000059bcc     vfs.o
 0003:00024be0       master_count               ffffc00000059be0     tty.o
 0003:00024be8       slave_count                ffffc00000059be8     tty.o
 0003:00024cd8       kbd_r                      ffffc00000059cd8     devinput.o
 0003:00024cdc       kbd_w                      ffffc00000059cdc     devinput.o
 0003:00024ce0       kbd_q                      ffffc00000059ce0     devinput.o
 0003:00028ce0       console_kbd_r              ffffc0000005dce0     devinput.o
 0003:00028ce4       console_kbd_w              ffffc0000005dce4     devinput.o
 0003:00028cf0       console_kbd_q              ffffc0000005dcf0     devinput.o
 0003:0002cd08       index                      ffffc00000061d08     virtiokbd.o
 0003:0002cd0c       queueSize                  ffffc00000061d0c     virtiokbd.o
 0003:0002cd18       _kybrdCfg                  ffffc00000061d18     virtiokbd.o
 0003:0002cd38       rx_index                   ffffc00000061d38     virtionet.o
 0003:0002cd40       rx_hdrs                    ffffc00000061d40     virtionet.o
 0003:0002cd48       nic                        ffffc00000061d48     virtionet.o
 0003:0002cd68       tx_index                   ffffc00000061d68     virtionet.o
 0003:0002cd70       _cfg                       ffffc00000061d70     virtionet.o
 0003:0002cd78       ndev                       ffffc00000061d78     virtionet.o
 0003:0002cdc8       _tabletCfg                 ffffc00000061dc8     virtiotablet.o
 0003:0002cde8       _littleboot_used           ffffc00000061de8     init.o
 0003:0002ce00       blkDev                     ffffc00000061e00     virtioblk.o
 0003:0002ce40       blkUsed                    ffffc00000061e40     virtioblk.o
 0003:0002ce48       blkAvail                   ffffc00000061e48     virtioblk.o
 0003:0002ce50       blkDesc                    ffffc00000061e50     virtioblk.o
 0003:0002ce58       blkQueueSize               ffffc00000061e58     virtioblk.o
 0003:0002ce5c       blkLastUsed                ffffc00000061e5c     virtioblk.o
 0003:0002ce60       blkReqPhys                 ffffc00000061e60     virtioblk.o
 0003:0002ce68       blkReqVirt                 ffffc00000061e68     virtioblk.o
 0003:0002ce70       blkDataPhys                ffffc00000061e70     virtioblk.o
 0003:0002ce78       blkDataVirt                ffffc00000061e78     virtioblk.o
 0003:0002ce80       blkReady                   ffffc00000061e80     virtioblk.o
 0003:0002ce90       validation_epoch           ffffc00000061e90     pmmngr.o
 0003:0002ce98       total_pages                ffffc00000061e98     pmmngr.o
 0003:0002cea0       page_desc                  ffffc00000061ea0     pmmngr.o
 0003:0002ceb0       free_head                  ffffc00000061eb0     pmmngr.o
 0003:0002cfb8       pmm_stats                  ffffc00000061fb8     pmmngr.o
 0003:0002cfe0       reserved_count             ffffc00000061fe0     pmmngr.o
 0003:0002cfe4       usable_count               ffffc00000061fe4     pmmngr.o
 0003:0002cfe8       higher_half                ffffc00000061fe8     pmmngr.o
 0003:0002cff0       direct_map_base            ffffc00000061ff0     pmmngr.o
 0003:0002cff8       direct_map_size            ffffc00000061ff8     pmmngr.o
 0003:0002d000       pmm_lock                   ffffc00000062000     pmmngr.o
 0003:0002d010       usable                     ffffc00000062010     pmmngr.o
 0003:0002d810       reserved                   ffffc00000062810     pmmngr.o
 0003:00031810       page_desc_phys             ffffc00000066810     pmmngr.o
 0003:00031818       g_kheap                    ffffc00000066818     kmalloc.o
 0003:00031820       g_heap_lock                ffffc00000066820     kmalloc.o
 0003:00031828       fb_first                   ffffc00000066828     mmfile.o
 0003:00031830       fb_last                    ffffc00000066830     mmfile.o
 0003:00031838       _page_cache_enable         ffffc00000066838     mmfile.o
 0003:00031860       g_pool                     ffffc00000066860     tlsf.o
 0003:00031870       g_tlsf_pool_obj            ffffc00000066870     tlsf.o
 0003:00035990       shm_list                   ffffc0000006a990     shm.o
 0003:00035998       shm_id                     ffffc0000006a998     shm.o
