 KernelAA64

 Timestamp is 6aa82173 (Mon Sep 14 22:01:47 2026)

 Preferred load address is ffffc00000000000

 Start         Length     Name                   Class
 0001:00000000 0002c80cH .text                   CODE
 0002:00000000 000016b8H .rdata                  DATA
 0003:00000000 00000034H .data                   DATA
 0003:00000038 00035930H .bss                    DATA

  Address         Publics by Value              Rva+Base               Lib:Object

 0001:00000000       AuTestPrint                ffffc00000001000     aucon.o
 0001:0000000c       AuConsoleInitialize        ffffc0000000100c     aucon.o
 0001:00000054       AuConsoleIoControl         ffffc00000001054     aucon.o
 0001:00000200       AuConsolePostInitialise    ffffc00000001200     aucon.o
 0001:00000478       AuTextOut                  ffffc00000001478     aucon.o
 0001:000008b0       high_set_bit               ffffc000000018b0     aucon.o
 0001:000008dc       low_set_bit                ffffc000000018dc     aucon.o
 0001:00000908       AuPutPixel                 ffffc00000001908     aucon.o
 0001:00000928       AuPutC                     ffffc00000001928     aucon.o
 0001:00000d34       AuPutS                     ffffc00000001d34     aucon.o
 0001:00001134       AuPutS_Color               ffffc00000002134     aucon.o
 0001:00001554       AuTextOutpro_Call          ffffc00000002554     aucon.o
 0001:00001698       AuConsoleEarlyEnable       ffffc00000002698     aucon.o
 0001:000016a8       AuConsoleGetScreenWidth    ffffc000000026a8     aucon.o
 0001:000016c4       AuConsoleGetScreenHeight   ffffc000000026c4     aucon.o
 0001:000016e0       AuConsoleFlushFramebuffer  ffffc000000026e0     aucon.o
 0001:000016f4       AuConsoleSetConInfo        ffffc000000026f4     aucon.o
 0001:00001728       AuConsoleBypassAuTextOut   ffffc00000002728     aucon.o
 0001:00001738       AuRequestDriverId          ffffc00000002738     audrv.o
 0001:0000174c       AuRequestBootDriverId      ffffc0000000274c     audrv.o
 0001:00001760       AuDecreaseDriverCount      ffffc00000002760     audrv.o
 0001:00001774       AuIncreaseDriverCount      ffffc00000002774     audrv.o
 0001:00001788       AuGetConfEntry             ffffc00000002788     audrv.o
 0001:00001950       AuCreateDriverInstance     ffffc00000002950     audrv.o
 0001:000019c8       AuCreateBootDriverInstance ffffc000000029c8     audrv.o
 0001:00001a30       AuGetDriverName            ffffc00000002a30     audrv.o
 0001:00001b10       AuBoardIterateModule       ffffc00000002b10     audrv.o
 0001:00001e9c       AuDriverLoad               ffffc00000002e9c     audrv.o
 0001:00002194       AuDrvMngrInitialize        ffffc00000003194     audrv.o
 0001:000024e0       AuRegisterDevice           ffffc000000034e0     audrv.o
 0001:00002500       AuCheckDevice              ffffc00000003500     audrv.o
 0001:0000257c       AuBootDriverLoad           ffffc0000000357c     audrv.o
 0001:000025e4       AuBootDriverInitialise     ffffc000000035e4     audrv.o
 0001:00002808       AuDrvMgrGetBaseAddress     ffffc00000003808     audrv.o
 0001:00002814       AuDrvMgrSetBaseAddress     ffffc00000003814     audrv.o
 0001:00002820       AuDrvManagerCheckFault     ffffc00000003820     audrv.o
 0001:00002878       AuDrvCatchFault            ffffc00000003878     audrv.o
 0001:000028cc       AuDrvUnloadAll             ffffc000000038cc     audrv.o
 0001:00002914       AuAA64BoardInitialize      ffffc00000003914     board.o
 0001:00002920       AuAA64BoardSleepUS         ffffc00000003920     board.o
 0001:0000297c       AuAA64BoardSleepMS         ffffc0000000397c     board.o
 0001:000029d8       AuAA64BoardPowerDown       ffffc000000039d8     board.o
 0001:000029f8       AuAA64BoardReboot          ffffc000000039f8     board.o
 0001:00002a18       AuAA64BoardGetBootEpoch    ffffc00000003a18     board.o
 0001:00002a1c       AuVirtIOInputCheck         ffffc00000003a1c     virt.o
 0001:00002ad0       AuVirtIOInputInitialize    ffffc00000003ad0     virt.o
 0001:00002d34       AuVirtGetBootEpoch         ffffc00000003d34     virt.o
 0001:00002d50       AuVirtioBlkReadSector      ffffc00000003d50     virtioblk.o
 0001:00002f74       AuVirtioBlkWriteSector     ffffc00000003f74     virtioblk.o
 0001:00002f88       AuVirtioBlkInitialize      ffffc00000003f88     virtioblk.o
 0001:00003168       BordoisilaCapCreate        ffffc00000004168     capability.o
 0001:000031c4       BordoisilaCapLookup        ffffc000000041c4     capability.o
 0001:000031f4       BordoisilaCapCheckRights   ffffc000000041f4     capability.o
 0001:00003234       BordoisilaCapDup           ffffc00000004234     capability.o
 0001:000032f0       BordoisilaCapRestrict      ffffc000000042f0     capability.o
 0001:00003334       BordoisilaCapDestroy       ffffc00000004334     capability.o
 0001:00003384       BordoisilaCapCleanupProcess ffffc00000004384     capability.o
 0001:000033cc       BordoisilaCapInheritTable  ffffc000000043cc     capability.o
 0001:0000344c       AuAdvancePointer           ffffc0000000444c     circbuf.o
 0001:00003494       AuRetreatPointer           ffffc00000004494     circbuf.o
 0001:000034b0       AuCircBufReset             ffffc000000044b0     circbuf.o
 0001:000034bc       AuCircBufInitialise        ffffc000000044bc     circbuf.o
 0001:000034ec       AuCircBufFree              ffffc000000044ec     circbuf.o
 0001:000034f0       AuCircBufSize              ffffc000000044f0     circbuf.o
 0001:0000351c       AuCircBufCapacity          ffffc0000000451c     circbuf.o
 0001:00003524       AuCircBufPutData           ffffc00000004524     circbuf.o
 0001:00003574       AuCircBufPut               ffffc00000004574     circbuf.o
 0001:000035dc       CircBufFull                ffffc000000045dc     circbuf.o
 0001:000035e4       AuCircBufWrite             ffffc000000045e4     circbuf.o
 0001:000036d8       AuCircBufGet               ffffc000000046d8     circbuf.o
 0001:00003728       CircBufEmpty               ffffc00000004728     circbuf.o
 0001:00003748       AuCircBufRead              ffffc00000004748     circbuf.o
 0001:000038b4       AuCleanMMap                ffffc000000048b4     clean.o
 0001:00003930       AuCleanHeapMem             ffffc00000004930     clean.o
 0001:000039ac       AuCleanUserStack           ffffc000000049ac     clean.o
 0001:00003a1c       AuCleanKernelStack         ffffc00000004a1c     clean.o
 0001:00003bd8       AuProcessClean             ffffc00000004bd8     clean.o
 0001:00003fb0       AuCredGroupInitialize      ffffc00000004fb0     cred.o
 0001:00004494       AuCredGroupAdd             ffffc00000005494     cred.o
 0001:000044d0       AuCredGetGroupCategory     ffffc000000054d0     cred.o
 0001:000044e4       AuCredGetGroupID           ffffc000000054e4     cred.o
 0001:0000450c       AuCredChangeID             ffffc0000000550c     cred.o
 0001:00004560       AuCredAddSGroup            ffffc00000005560     cred.o
 0001:000045c4       AuCredSetCap               ffffc000000055c4     cred.o
 0001:00004614       AuCredGetCap               ffffc00000005614     cred.o
 0001:0000465c       AuCredCheckPermissions     ffffc0000000565c     cred.o
 0001:000046d4       AuSetUID                   ffffc000000056d4     cred.o
 0001:00004754       AuSetGID                   ffffc00000005754     cred.o
 0001:000047d4       isspace                    ffffc000000057d4     ctype.o
 0001:000047e8       isascii                    ffffc000000057e8     ctype.o
 0001:000047f4       isupper                    ffffc000000057f4     ctype.o
 0001:00004804       islower                    ffffc00000005804     ctype.o
 0001:00004814       isalpha                    ffffc00000005814     ctype.o
 0001:0000483c       isdigit                    ffffc0000000583c     ctype.o
 0001:0000484c       isxdigit                   ffffc0000000584c     ctype.o
 0001:00004868       isprint                    ffffc00000005868     ctype.o
 0001:00004878       toupper                    ffffc00000005878     ctype.o
 0001:00004890       tolower                    ffffc00000005890     ctype.o
 0001:000048a4       toascii                    ffffc000000058a4     ctype.o
 0001:000048ac       BordoisilaDriverRegister   ffffc000000058ac     core.o
 0001:00004934       BordoisilaGetDriverByCompat ffffc00000005934     core.o
 0001:00004974       BordoisilaGetDriverByName  ffffc00000005974     core.o
 0001:000049b4       BordoisilaDriverProbeAll   ffffc000000059b4     core.o
 0001:00004a48       BordoisilaDriverScan       ffffc00000005a48     core.o
 0001:00004a78       BordoisilaDriverProbe      ffffc00000005a78     core.o
 0001:00004a98       BordoisilaDriverRemove     ffffc00000005a98     core.o
 0001:00004b14       BordoisilaDriverSuspend    ffffc00000005b14     core.o
 0001:00004b44       BordoisilaDriverResume     ffffc00000005b44     core.o
 0001:00004b74       BordoisilaDriverResourceRegister ffffc00000005b74     res.o
 0001:00004bd0       BordoisilaGetDriverResource ffffc00000005bd0     res.o
 0001:00004c24       AuRTCEnableInterrupt       ffffc00000005c24     rtcmmio.o
 0001:00004c38       AuRTCGetCurrentTime        ffffc00000005c38     rtcmmio.o
 0001:00004c44       AuRTCClearInterrupt        ffffc00000005c44     rtcmmio.o
 0001:00004c58       is_leap                    ffffc00000005c58     rtcmmio.o
 0001:00004cb8       epoch_to_tm                ffffc00000005cb8     rtcmmio.o
 0001:00004e54       AuPL031RTCIRQHandle        ffffc00000005e54     rtcmmio.o
 0001:00005004       AuPL031RTCInit             ffffc00000006004     rtcmmio.o
 0001:00005050       AuRTCGetYear               ffffc00000006050     rtcmmio.o
 0001:0000505c       AuRTCGetCentury            ffffc0000000605c     rtcmmio.o
 0001:00005068       AuRTCGetMinutes            ffffc00000006068     rtcmmio.o
 0001:00005074       AuRTCGetSecond             ffffc00000006074     rtcmmio.o
 0001:00005080       AuRTCGetDay                ffffc00000006080     rtcmmio.o
 0001:0000508c       AuRTCGetHour               ffffc0000000608c     rtcmmio.o
 0001:00005098       AuRTCGetMonth              ffffc00000006098     rtcmmio.o
 0001:000050a4       UARTInitialize             ffffc000000060a4     uart.o
 0001:00005134       is_uart_initialized        ffffc00000006134     uart.o
 0001:00005140       uartPutc                   ffffc00000006140     uart.o
 0001:0000516c       uartPuts                   ffffc0000000616c     uart.o
 0001:000051a8       UARTDebugOut_Call          ffffc000000061a8     uart.o
 0001:00005444       AuVirtioKbdHandler         ffffc00000006444     virtiokbd.o
 0001:00005608       AuVirtioKbdDebug           ffffc00000006608     virtiokbd.o
 0001:00005654       AuVirtioKbdDown            ffffc00000006654     virtiokbd.o
 0001:000056b4       AuVirtioKbdInitialize      ffffc000000066b4     virtiokbd.o
 0001:00005a30       AuVirtioNetHandler         ffffc00000006a30     virtionet.o
 0001:00005af4       AuVirtioNetNotifyQueue     ffffc00000006af4     virtionet.o
 0001:00005b24       AuVirtioNetRxinitialize    ffffc00000006b24     virtionet.o
 0001:00005cc0       AuVirtioNetTxinitialize    ffffc00000006cc0     virtionet.o
 0001:00005e20       AuVirtioNetInitialize      ffffc00000006e20     virtionet.o
 0001:00006580       AuVirtioPCIInit            ffffc00000007580     virtiopci.o
 0001:00006c20       AuVirtioPCISetupQueue      ffffc00000007c20     virtiopci.o
 0001:00006e84       AuVirtioPCINotifyQueue     ffffc00000007e84     virtiopci.o
 0001:00006ecc       AuVirtioTabletHandler      ffffc00000007ecc     virtiotablet.o
 0001:0000716c       AuVirtioTabletDown         ffffc0000000816c     virtiotablet.o
 0001:000071cc       AuVirtioTabletInitialize   ffffc000000081cc     virtiotablet.o
 0001:000075bc       AuDTBSwap32                ffffc000000085bc     dtb.o
 0001:000075c4       AuDTBSwap64                ffffc000000085c4     dtb.o
 0001:000075cc       AuDTBSwap16                ffffc000000085cc     dtb.o
 0001:000075d8       AuDeviceTreeGetSubNode     ffffc000000085d8     dtb.o
 0001:000076f4       AuDeviceTreeFindPropertyInternal ffffc000000086f4     dtb.o
 0001:000077e8       AuDeviceTreeGetNode        ffffc000000087e8     dtb.o
 0001:00007894       AuDeviceTreeFindProperty   ffffc00000008894     dtb.o
 0001:000078f0       AuDeviceTreeGetAddressCells ffffc000000088f0     dtb.o
 0001:00007928       AuDeviceTreeGetSizeCells   ffffc00000008928     dtb.o
 0001:00007960       AuDeviceTreeGetRegAddress  ffffc00000008960     dtb.o
 0001:000079b4       AuDeviceTreeGetRegSize     ffffc000000089b4     dtb.o
 0001:00007a20       AuDeviceTreeGetPropCells   ffffc00000008a20     dtb.o
 0001:00007a68       AuDeviceTreeGetU32Property ffffc00000008a68     dtb.o
 0001:00007a94       AuDeviceTreeInitialize     ffffc00000008a94     dtb.o
 0001:00007b28       AuDeviceTreeMapMMIO        ffffc00000008b28     dtb.o
 0001:00007b7c       AuDeviceTreeDumpAll        ffffc00000008b7c     dtb.o
 0001:00007ba0       dump_recursive_            ffffc00000008ba0     dtb.o
 0001:00007cd4       AuDeviceTreeDumpAllProps   ffffc00000008cd4     dtb.o
 0001:00007dc8       AuDeviceFsInitialize       ffffc00000008dc8     devfs.o
 0001:00007e48       AuDevFSOpen                ffffc00000008e48     devfs.o
 0001:00008120       AuDevFSCreateFile          ffffc00000009120     devfs.o
 0001:0000844c       AuDevFSAddFile             ffffc0000000944c     devfs.o
 0001:0000871c       AuDevFSListDir             ffffc0000000971c     devfs.o
 0001:000087bc       AuDevFSList                ffffc000000097bc     devfs.o
 0001:000088fc       AuDevFSRemoveFile          ffffc000000098fc     devfs.o
 0001:00008c0c       AuDevReadMice              ffffc00000009c0c     devinput.o
 0001:00008c48       AuDevWriteMice             ffffc00000009c48     devinput.o
 0001:00008c68       AuDevReadKybrd             ffffc00000009c68     devinput.o
 0001:00008cd0       AuDevReadConsoleKybrd      ffffc00000009cd0     devinput.o
 0001:00008d38       AuDevWriteKybrd            ffffc00000009d38     devinput.o
 0001:00008dec       AuDevInputMiceWrite        ffffc00000009dec     devinput.o
 0001:00008e1c       AuDevInputMiceRead         ffffc00000009e1c     devinput.o
 0001:00008e68       AuDevInputKybrdWrite       ffffc00000009e68     devinput.o
 0001:00008e8c       AuDevInputKybrdRead        ffffc00000009e8c     devinput.o
 0001:00008eb0       AuDevMouseIoControl        ffffc00000009eb0     devinput.o
 0001:00008ec0       AuDevInputInitialise       ffffc00000009ec0     devinput.o
 0001:00009024       Ext2FreeBlock              ffffc0000000a024     Ext2.o
 0001:0000912c       Ext2FreeInode              ffffc0000000a12c     Ext2.o
 0001:0000922c       Ext2FindEntry              ffffc0000000a22c     Ext2.o
 0001:0000937c       Ext2ReadInode              ffffc0000000a37c     Ext2.o
 0001:0000946c       Ext2ReadBlockIndex         ffffc0000000a46c     Ext2.o
 0001:00009514       Ext2Read                   ffffc0000000a514     Ext2.o
 0001:0000976c       Ext2Open                   ffffc0000000a76c     Ext2.o
 0001:000099e0       Ext2Initialise             ffffc0000000a9e0     Ext2.o
 0001:00009ccc       Ext2AllocInode             ffffc0000000accc     ext2dir.o
 0001:00009ed8       Ext2AddDirEntry            ffffc0000000aed8     ext2dir.o
 0001:0000a0d0       Ext2Mkdir                  ffffc0000000b0d0     ext2dir.o
 0001:0000a2b8       Ext2ReadDir                ffffc0000000b2b8     ext2dir.o
 0001:0000a41c       Ext2Stat                   ffffc0000000b41c     ext2dir.o
 0001:0000a444       Ext2RemoveDirEntry         ffffc0000000b444     ext2dir.o
 0001:0000a5a4       Ext2Truncate               ffffc0000000b5a4     ext2dir.o
 0001:0000a878       Ext2Rmdir                  ffffc0000000b878     ext2dir.o
 0001:0000aa08       Ext2CreateDir              ffffc0000000ba08     ext2dir.o
 0001:0000aa5c       Ext2FlushSuperblock        ffffc0000000ba5c     ext2file.o
 0001:0000aaec       Ext2FlushBgdt              ffffc0000000baec     ext2file.o
 0001:0000aba8       Ext2AllocBlock             ffffc0000000bba8     ext2file.o
 0001:0000adb8       Ext2InodeWrite             ffffc0000000bdb8     ext2file.o
 0001:0000ae9c       Ext2CreateFile             ffffc0000000be9c     ext2file.o
 0001:0000af98       Ext2Close                  ffffc0000000bf98     ext2file.o
 0001:0000afd4       Ext2Unlink                 ffffc0000000bfd4     ext2file.o
 0001:0000b0bc       Ext2Rename                 ffffc0000000c0bc     ext2file.o
 0001:0000b23c       Ext2Write                  ffffc0000000c23c     ext2file.o
 0001:0000b7ac       FatClusterToSector32       ffffc0000000c7ac     Fat.o
 0001:0000b7c0       FatToDOSFilename           ffffc0000000c7c0     Fat.o
 0001:0000b8d0       FatCalculateCheckSum       ffffc0000000c8d0     Fat.o
 0001:0000b978       FatCheckDotCount           ffffc0000000c978     Fat.o
 0001:0000b9cc       FatFromDosToFilename       ffffc0000000c9cc     Fat.o
 0001:0000baf4       FatReadFAT                 ffffc0000000caf4     Fat.o
 0001:0000bb48       FatFindFreeCluster         ffffc0000000cb48     Fat.o
 0001:0000bc78       FatAllocCluster            ffffc0000000cc78     Fat.o
 0001:0000bd18       FatClearCluster            ffffc0000000cd18     Fat.o
 0001:0000bdb8       FatRead                    ffffc0000000cdb8     Fat.o
 0001:0000beac       FatReadFile                ffffc0000000ceac     Fat.o
 0001:0000c000       FatLocateSubDir            ffffc0000000d000     Fat.o
 0001:0000c1b4       FatLocateDir               ffffc0000000d1b4     Fat.o
 0001:0000c5b4       FatOpen                    ffffc0000000d5b4     Fat.o
 0001:0000c9cc       FatGetClusterFor           ffffc0000000d9cc     Fat.o
 0001:0000ca94       FatGetDiskBlock            ffffc0000000da94     Fat.o
 0001:0000cab8       FatInitialise              ffffc0000000dab8     Fat.o
 0001:0000cf64       FatFormatDate              ffffc0000000df64     Fat.o
 0001:0000cf6c       FatFormatTime              ffffc0000000df6c     Fat.o
 0001:0000cf74       FatCreateDir               ffffc0000000df74     FatDir.o
 0001:0000d668       FatRemoveDir               ffffc0000000e668     FatDir.o
 0001:0000d9bc       FatOpenDir                 ffffc0000000e9bc     FatDir.o
 0001:0000da94       FatDirectoryRead           ffffc0000000ea94     FatDir.o
 0001:0000dc88       FatFileGetParent           ffffc0000000ec88     FatFile.o
 0001:0000e114       FatCreateFile              ffffc0000000f114     FatFile.o
 0001:0000e6b4       FatFileUpdateSize          ffffc0000000f6b4     FatFile.o
 0001:0000e828       FatFileUpdateFilename      ffffc0000000f828     FatFile.o
 0001:0000e9bc       FatFileWriteContent        ffffc0000000f9bc     FatFile.o
 0001:0000eb28       FatFileWriteDone           ffffc0000000fb28     FatFile.o
 0001:0000eb3c       FatWrite                   ffffc0000000fb3c     FatFile.o
 0001:0000ebe4       FatFileClearDirEntry       ffffc0000000fbe4     FatFile.o
 0001:0000ed7c       FatFileRemove              ffffc0000000fd7c     FatFile.o
 0001:0000ee48       AuProbeFileSystem          ffffc0000000fe48     fsprobe.o
 0001:0000ef94       AuRamdiskRead              ffffc0000000ff94     initrd.o
 0001:0000efe0       AuRamdiskWrite             ffffc0000000ffe0     initrd.o
 0001:0000f02c       AuRamdiskReadCallback      ffffc0000001002c     initrd.o
 0001:0000f088       AuRamdiskWriteCallback     ffffc00000010088     initrd.o
 0001:0000f0e4       AuInitrdInitialize         ffffc000000100e4     initrd.o
 0001:0000f2b0       AuPipeUnread               ffffc000000102b0     pipe.o
 0001:0000f2d0       AuPipeGetAvailableBytes    ffffc000000102d0     pipe.o
 0001:0000f30c       AuPipeIncrementRead        ffffc0000001030c     pipe.o
 0001:0000f324       AuPipeIncrementWrite       ffffc00000010324     pipe.o
 0001:0000f340       AuPipeIncrementWriteAmount ffffc00000010340     pipe.o
 0001:0000f358       AuPipeRead                 ffffc00000010358     pipe.o
 0001:0000f3ec       AuPipeWrite                ffffc000000103ec     pipe.o
 0001:0000f4e4       AuPipeOpen                 ffffc000000104e4     pipe.o
 0001:0000f4f8       AuPipeFSAddFile            ffffc000000104f8     pipe.o
 0001:0000f7c8       AuPipeFSRemoveFile         ffffc000000107c8     pipe.o
 0001:0000fad8       AuPipeClose                ffffc00000010ad8     pipe.o
 0001:0000fb40       AuCreatePipe               ffffc00000010b40     pipe.o
 0001:0000fcbc       AuPipeFSOpen               ffffc00000010cbc     pipe.o
 0001:0000ff80       AuPipeFSInitialise         ffffc00000010f80     pipe.o
 0001:00010008       AuTTYInsert                ffffc00000011008     tty.o
 0001:0001003c       AuTTYDelete                ffffc0000001103c     tty.o
 0001:00010094       AuTTYWriteSlave            ffffc00000011094     tty.o
 0001:0001009c       AuTTYWriteMaster           ffffc0000001109c     tty.o
 0001:000100a4       AuTTYProcessLine           ffffc000000110a4     tty.o
 0001:000100a8       AuTTYMasterRead            ffffc000000110a8     tty.o
 0001:00010118       AuTTYMasterWrite           ffffc00000011118     tty.o
 0001:00010168       AuTTYSlaveRead             ffffc00000011168     tty.o
 0001:000101c8       AuTTYSlaveWrite            ffffc000000111c8     tty.o
 0001:0001025c       AuTTYSlaveClose            ffffc0000001125c     tty.o
 0001:0001027c       AuTTYMasterClose           ffffc0000001127c     tty.o
 0001:00010284       AuTTYIoControl             ffffc00000011284     tty.o
 0001:0001034c       AuTTYCreateMaster          ffffc0000001134c     tty.o
 0001:00010440       AuTTYCreateSlave           ffffc00000011440     tty.o
 0001:00010534       AuTTYCreate                ffffc00000011534     tty.o
 0001:00010860       AuTTYInitialise            ffffc00000011860     tty.o
 0001:000108a4       AuVDiskInitialise          ffffc000000118a4     vdisk.o
 0001:000108e0       AuVDiskCreateStorageFile   ffffc000000118e0     vdisk.o
 0001:00010a08       AuVDiskGetIndex            ffffc00000011a08     vdisk.o
 0001:00010c14       AuCreateVDisk              ffffc00000011c14     vdisk.o
 0001:00010c3c       AuVDiskRead                ffffc00000011c3c     vdisk.o
 0001:00010c6c       AuVDiskWrite               ffffc00000011c6c     vdisk.o
 0001:00010c9c       AuVDiskFlush               ffffc00000011c9c     vdisk.o
 0001:00010cb4       AuVDiskFlushAll            ffffc00000011cb4     vdisk.o
 0001:00010cf4       AuVDiskRegisterPartition   ffffc00000011cf4     vdisk.o
 0001:00011004       AuVDiskRegister            ffffc00000012004     vdisk.o
 0001:00011138       AuVDiskDestroy             ffffc00000012138     vdisk.o
 0001:000113b4       AuGetVDiskInfo             ffffc000000123b4     vdisk.o
 0001:00011428       AuGetVDiskPartitionInfo    ffffc00000012428     vdisk.o
 0001:00011534       AuGetVDisk                 ffffc00000012534     vdisk.o
 0001:00011544       AuVFSInitialise            ffffc00000012544     vfs.o
 0001:0001159c       AuVFSReserveMountPointLetter ffffc0000001259c     vfs.o
 0001:00011894       AuVFSFind                  ffffc00000012894     vfs.o
 0001:00011ac4       AuVFSAddFileSystem         ffffc00000012ac4     vfs.o
 0001:00011b3c       AuVFSRegisterRoot          ffffc00000012b3c     vfs.o
 0001:00011b54       AuVFSOpen                  ffffc00000012b54     vfs.o
 0001:00011e34       AuVFSNodeIOControl         ffffc00000012e34     vfs.o
 0001:00011e48       AuVFSNodeRead              ffffc00000012e48     vfs.o
 0001:00011e60       AuVFSNodeWrite             ffffc00000012e60     vfs.o
 0001:00011e74       AuVFSNodeReadBlock         ffffc00000012e74     vfs.o
 0001:00011e8c       AuVFSCreateDir             ffffc00000012e8c     vfs.o
 0001:00011ea4       AuVFSCreateFile            ffffc00000012ea4     vfs.o
 0001:00011ebc       AuVFSRemoveFile            ffffc00000012ebc     vfs.o
 0001:00011ef4       AuVFSRemoveDir             ffffc00000012ef4     vfs.o
 0001:00011f30       AuVFSNodeClose             ffffc00000012f30     vfs.o
 0001:00011f40       AuVFSRemoveFileSystem      ffffc00000012f40     vfs.o
 0001:00011fd4       AuVFSGetBlockFor           ffffc00000012fd4     vfs.o
 0001:00011fec       AuVFSSetCred               ffffc00000012fec     vfs.o
 0001:00012008       FontManagerAddSegment      ffffc00000013008     ftmngr.o
 0001:0001205c       FontManagerRemoveSegment   ffffc0000001305c     ftmngr.o
 0001:000120b0       FontManagerGetKey          ffffc000000130b0     ftmngr.o
 0001:000120c4       FontManagerAllocateSegment ffffc000000130c4     ftmngr.o
 0001:0001219c       FontManagerOpenFontFile    ffffc0000001319c     ftmngr.o
 0001:000121a0       FontManagerIterateFontList ffffc000000131a0     ftmngr.o
 0001:000123d4       FontManagerGetFontCount    ffffc000000133d4     ftmngr.o
 0001:00012430       FontManagerInitialise      ffffc00000013430     ftmngr.o
 0001:000125a0       AuFTMngrGetFontID          ffffc000000135a0     ftmngr.o
 0001:00012614       AuFTMngrGetFontSize        ffffc00000013614     ftmngr.o
 0001:0001265c       AuFTMngrGetNumFonts        ffffc0000001365c     ftmngr.o
 0001:00012668       AA64GetPhysicalTimerCount  ffffc00000013668     aa64cpu.o
 0001:00012680       AA64FPUNeonEnable          ffffc00000013680     aa64cpu.o
 0001:0001269c       AA64ClockInitialize        ffffc0000001369c     aa64cpu.o
 0001:00012704       aa64_data_cache_clean_range ffffc00000013704     aa64cpu.o
 0001:00012744       get_cache_line_sz          ffffc00000013744     aa64cpu.o
 0001:00012760       aa64_dc_cvac_range         ffffc00000013760     aa64cpu.o
 0001:000127bc       AA64SleepUS                ffffc000000137bc     aa64cpu.o
 0001:000127c0       aa64_dc_ivac_range         ffffc000000137c0     aa64cpu.o
 0001:0001281c       AA64CPUImplementer         ffffc0000001381c     aa64cpu.o
 0001:000128f8       updateTicks                ffffc000000138f8     aa64cpu.o
 0001:00012944       aa64_gettimeofday          ffffc00000013944     aa64cpu.o
 0001:000129b4       aa64_now                   ffffc000000139b4     aa64cpu.o
 0001:00012a0c       aa64_settimeofday          ffffc00000013a0c     aa64cpu.o
 0001:00012aa8       aa64_calculate_ticks       ffffc00000013aa8     aa64cpu.o
 0001:00012b5c       AA64SleepMS                ffffc00000013b5c     aa64cpu.o
 0001:00012b60       AA64CpuInitialize          ffffc00000013b60     aa64cpu.o
 0001:00012cdc       AA64TimerSetup             ffffc00000013cdc     aa64cpu.o
 0001:00012cfc       AA64CPUPostInitialize      ffffc00000013cfc     aa64cpu.o
 0001:00012e24       AA64CPUGetFreqencyHz       ffffc00000013e24     aa64cpu.o
 0001:00012e30       search_s5                  ffffc00000013e30     basicacpi.o
 0001:00012e68       AuACPIParseMADT            ffffc00000013e68     basicacpi.o
 0001:0001303c       AuACPIInitialise           ffffc0000001403c     basicacpi.o
 0001:00013054       AuACPIGetMCFG              ffffc00000014054     basicacpi.o
 0001:00013070       AuACPIPCIESupported        ffffc00000014070     basicacpi.o
 0001:0001307c       AuACPIGetRSDP              ffffc0000001407c     basicacpi.o
 0001:00013088       gic_outqw                  ffffc00000014088     gic.o
 0001:00013090       gic_outl_                  ffffc00000014090     gic.o
 0001:00013098       gic_inl_                   ffffc00000014098     gic.o
 0001:000130a0       gic_outw_                  ffffc000000140a0     gic.o
 0001:000130ac       gic_inw_                   ffffc000000140ac     gic.o
 0001:000130b8       gic_outb_                  ffffc000000140b8     gic.o
 0001:000130c0       gic_inb_                   ffffc000000140c0     gic.o
 0001:000130c8       AuGetSystemGIC             ffffc000000140c8     gic.o
 0001:000130d4       AuGICGetMSIAddress         ffffc000000140d4     gic.o
 0001:00013110       AuGICGetMSIData            ffffc00000014110     gic.o
 0001:00013134       AuGICAllocateSPI           ffffc00000014134     gic.o
 0001:000131a4       AuGICDeallocateSPI         ffffc000000141a4     gic.o
 0001:000131d8       GICv2MInitialize           ffffc000000141d8     gic.o
 0001:000131e8       GICVerifyVersion           ffffc000000141e8     gic.o
 0001:000131f0       GICRInitialize             ffffc000000141f0     gic.o
 0001:000132b4       GICInitialize              ffffc000000142b4     gic.o
 0001:000134e8       GICREnablePPI              ffffc000000144e8     gic.o
 0001:00013510       GICRSetPPIPriority         ffffc00000014510     gic.o
 0001:00013554       GICEnableIRQ               ffffc00000014554     gic.o
 0001:000136ac       GICSetEdgeTriggered        ffffc000000146ac     gic.o
 0001:000136f0       GICIsIRQEdgeTriggered      ffffc000000146f0     gic.o
 0001:00013768       GICEnableSPIIRQ            ffffc00000014768     gic.o
 0001:00013900       GICSetTargetCPU            ffffc00000014900     gic.o
 0001:0001396c       GICClearPendingIRQ         ffffc0000001496c     gic.o
 0001:000139a8       GICCheckPending            ffffc000000149a8     gic.o
 0001:000139c4       GICDumpSPI                 ffffc000000149c4     gic.o
 0001:00013a80       GICReadIAR                 ffffc00000014a80     gic.o
 0001:00013aa4       GICSendEOI                 ffffc00000014aa4     gic.o
 0001:00013ad8       GICSetupTimer              ffffc00000014ad8     gic.o
 0001:00013b40       GICRegisterSPIHandler      ffffc00000014b40     gic.o
 0001:00013b5c       GICCallSPIHandler          ffffc00000014b5c     gic.o
 0001:00013b74       GICDisable                 ffffc00000014b74     gic.o
 0001:00013bd8       AuProfileReadCycles        ffffc00000014bd8     profile.o
 0001:00013bdc       AuProfileReadFreq          ffffc00000014bdc     profile.o
 0001:00013be0       AuThreadInsert             ffffc00000014be0     sched.o
 0001:00013c1c       AuThreadDelete             ffffc00000014c1c     sched.o
 0001:00013c88       AuThreadInsertBlock        ffffc00000014c88     sched.o
 0001:00013cc4       AuThreadDeleteBlock        ffffc00000014cc4     sched.o
 0001:00013d30       AuThreadInsertTrash        ffffc00000014d30     sched.o
 0001:00013d6c       AuThreadDeleteTrash        ffffc00000014d6c     sched.o
 0001:00013dd8       AuThreadInsertSleep        ffffc00000014dd8     sched.o
 0001:00013e14       AuThreadDeleteSleep        ffffc00000014e14     sched.o
 0001:00013e80       AA64NextThread             ffffc00000014e80     sched.o
 0001:00013ea4       AuCreateKthread            ffffc00000014ea4     sched.o
 0001:00013ff4       AuCreateKernelStack        ffffc00000014ff4     sched.o
 0001:0001408c       AuCreateSubKthread         ffffc0000001508c     sched.o
 0001:00014150       PrintThreadInfo            ffffc00000015150     sched.o
 0001:00014190       AuIdleLoop                 ffffc00000015190     sched.o
 0001:00014340       AuIdleThread               ffffc00000015340     sched.o
 0001:0001437c       AuResumeUserThread         ffffc0000001537c     sched.o
 0001:00014398       enscheddebug               ffffc00000015398     sched.o
 0001:000143a8       AuHandleSleepThreads       ffffc000000153a8     sched.o
 0001:00014484       PrintThrIn                 ffffc00000015484     sched.o
 0001:000144a0       AuThreadSafeReturn         ffffc000000154a0     sched.o
 0001:000144ec       AuScheduleThread           ffffc000000154ec     sched.o
 0001:000147d4       AuScheduleNext             ffffc000000157d4     sched.o
 0001:00014840       AuCreateSubKernelStack     ffffc00000015840     sched.o
 0001:000148d8       AuSchedulerInitialize      ffffc000000158d8     sched.o
 0001:00014940       AuSchedulerStart           ffffc00000015940     sched.o
 0001:00014998       AuGetIdleThread            ffffc00000015998     sched.o
 0001:000149a4       AuGetCurrentThread         ffffc000000159a4     sched.o
 0001:000149b0       AuForceScheduler           ffffc000000159b0     sched.o
 0001:00014a1c       AuBlockThread              ffffc00000015a1c     sched.o
 0001:00014ac0       AuUnblockThread            ffffc00000015ac0     sched.o
 0001:00014b80       AuSleepThread              ffffc00000015b80     sched.o
 0001:00014c28       AuThreadMakeReady          ffffc00000015c28     sched.o
 0001:00014cdc       AuThreadFindByID           ffffc00000015cdc     sched.o
 0001:00014d04       AuThreadFindByIDBlockList  ffffc00000015d04     sched.o
 0001:00014d2c       AuThreadMoveToTrash        ffffc00000015d2c     sched.o
 0001:00014ecc       AuThreadCleanTrash         ffffc00000015ecc     sched.o
 0001:00014f38       AuGetSystemTimerTick       ffffc00000015f38     sched.o
 0001:00014f44       AuSetIdleThread            ffffc00000015f44     sched.o
 0001:00014f50       SeTextOut                  ffffc00000015f50     serial.o
 0001:00014f6c       null_call                  ffffc00000015f6c     systable.o
 0001:00014f88       test_call                  ffffc00000015f88     systable.o
 0001:00014fa4       AA64GetCurrentRegCtx       ffffc00000015fa4     systable.o
 0001:00014fb0       AuAA64SyscallHandler       ffffc00000015fb0     systable.o
 0001:00015060       AuDumpRegisters            ffffc00000016060     vector.o
 0001:00015178       sync_el1_handler           ffffc00000016178     vector.o
 0001:000153d4       setuprint                  ffffc000000163d4     vector.o
 0001:000153e4       irq_el1_handler            ffffc000000163e4     vector.o
 0001:000154e0       fault_el1_handler          ffffc000000164e0     vector.o
 0001:00015548       sync_el0_handler           ffffc00000016548     vector.o
 0001:000155a4       AA64InitializeVectorTable  ffffc000000165a4     vector.o
 0001:000155b0       hashmap_string_hash        ffffc000000165b0     hashmap.o
 0001:000155e8       hashmap_string_comp        ffffc000000165e8     hashmap.o
 0001:00015600       hashmap_string_dupe        ffffc00000016600     hashmap.o
 0001:00015604       hashmap_int_hash           ffffc00000016604     hashmap.o
 0001:00015608       hashmap_int_comp           ffffc00000016608     hashmap.o
 0001:00015614       hashmap_int_dupe           ffffc00000016614     hashmap.o
 0001:00015618       AuHashmapCreate            ffffc00000016618     hashmap.o
 0001:0001568c       AuHashmapCreateInt         ffffc0000001668c     hashmap.o
 0001:00015704       AuHashmapSet               ffffc00000016704     hashmap.o
 0001:000157f0       AuHashmapGet               ffffc000000167f0     hashmap.o
 0001:00015858       AuHashmapRemove            ffffc00000016858     hashmap.o
 0001:00015934       AuHashmapHas               ffffc00000016934     hashmap.o
 0001:0001599c       AuHashmapFree              ffffc0000001699c     hashmap.o
 0001:00015a1c       AuHashmapIsEmpty           ffffc00000016a1c     hashmap.o
 0001:00015a5c       AuUartPutc                 ffffc00000016a5c     init.o
 0001:00015a7c       AuUartPutString            ffffc00000016a7c     init.o
 0001:00015ab0       AuLittleBootUsed           ffffc00000016ab0     init.o
 0001:00015abc       AuEntryTest                ffffc00000016abc     init.o
 0001:00015af8       AuEntryTest2               ffffc00000016af8     init.o
 0001:00015b34       AuEntryTest4               ffffc00000016b34     init.o
 0001:00015b70       AuGetBootInfoStruc         ffffc00000016b70     init.o
 0001:00015b7c       _AuroraTimerCallback       ffffc00000016b7c     init.o
 0001:00015b88       _AuMain                    ffffc00000016b88     init.o
 0001:00015d9c       PostBoxAdvanceIndex        ffffc00000016d9c     postbox.o
 0001:00015dec       PostBoxRetreat             ffffc00000016dec     postbox.o
 0001:00015e0c       IsPostBoxEmpty             ffffc00000016e0c     postbox.o
 0001:00015e2c       IsPostBoxFull              ffffc00000016e2c     postbox.o
 0001:00015e34       PostBoxCreate              ffffc00000016e34     postbox.o
 0001:00015f10       PostBoxDestroy             ffffc00000016f10     postbox.o
 0001:00015f98       PostBoxDestroyByID         ffffc00000016f98     postbox.o
 0001:00016034       PostBoxPutEvent            ffffc00000017034     postbox.o
 0001:00016138       PostBoxGetEvent            ffffc00000017138     postbox.o
 0001:000161e8       PostBoxIOControl           ffffc000000171e8     postbox.o
 0001:000163cc       AuPostBOXGetNode           ffffc000000173cc     postbox.o
 0001:000163d8       AuIPCPostBoxInitialise     ffffc000000173d8     postbox.o
 0001:000164b0       initialize_list            ffffc000000174b0     list.o
 0001:000164d0       list_add                   ffffc000000174d0     list.o
 0001:00016530       list_get_at                ffffc00000017530     list.o
 0001:0001656c       list_remove                ffffc0000001756c     list.o
 0001:00016618       testFunc                   ffffc00000017618     loader.o
 0001:0001662c       AuProcessEntUser           ffffc0000001762c     loader.o
 0001:00016774       AuLoaderMapExecFromCache   ffffc00000017774     loader.o
 0001:000168dc       AuLoadExecToProcess        ffffc000000178dc     loader.o
 0001:00016dd8       AuInitialiseLoader         ffffc00000017dd8     loader.o
 0001:00016e88       B_KLogInit                 ffffc00000017e88     klog.o
 0001:00016ea8       BlogDump                   ffffc00000017ea8     klog.o
 0001:00017020       BPrintK                    ffffc00000018020     klog.o
 0001:000171f0       _BlogBypassAuConsole       ffffc000000181f0     klog.o
 0001:00017208       _xeprint                   ffffc00000018208     _print.o
 0001:000188e8       _vsnprintf                 ffffc000000198e8     _print.o
 0001:00018938       _sprintf                   ffffc00000019938     _print.o
 0001:00018984       _snprintf                  ffffc00000019984     _print.o
 0001:000189ec       AuDMAPoolCreate            ffffc000000199ec     dma.o
 0001:00018af4       AuDMAPoolAlloc             ffffc00000019af4     dma.o
 0001:00018d38       AuDMAPoolFree              ffffc00000019d38     dma.o
 0001:00018dcc       AuDMAPoolDestroy           ffffc00000019dcc     dma.o
 0001:00018e24       AuDMAGlobalClassInitialize ffffc00000019e24     dma.o
 0001:00019008       AuDMAGClassAlloc           ffffc0000001a008     dma.o
 0001:00019120       AuDMAGClassFree            ffffc0000001a120     dma.o
 0001:0001920c       AuDMAGClassDestroy         ffffc0000001a20c     dma.o
 0001:00019270       au_request_page            ffffc0000001a270     kmalloc.o
 0001:000192e8       au_free_page               ffffc0000001a2e8     kmalloc.o
 0001:0001931c       AuHeapInitialize           ffffc0000001a31c     kmalloc.o
 0001:000193e8       kmalloc                    ffffc0000001a3e8     kmalloc.o
 0001:000194fc       kfree                      ffffc0000001a4fc     kmalloc.o
 0001:0001956c       krealloc                   ffffc0000001a56c     kmalloc.o
 0001:00019688       kcalloc                    ffffc0000001a688     kmalloc.o
 0001:000196dc       kheap_debug                ffffc0000001a6dc     kmalloc.o
 0001:00019700       kmalloc_debug_on           ffffc0000001a700     kmalloc.o
 0001:00019704       SharedMemMapListInitialise ffffc0000001a704     mmap.o
 0001:0001971c       AuCreateSharedMmapObject   ffffc0000001a71c     mmap.o
 0001:00019778       AuAddSharedMmapObject      ffffc0000001a778     mmap.o
 0001:0001978c       AuRemoveSharedMmapObject   ffffc0000001a78c     mmap.o
 0001:00019800       AuSharedMmapObjectFindByName ffffc0000001a800     mmap.o
 0001:00019874       CreateMemMapping           ffffc0000001a874     mmap.o
 0001:00019db4       MemMapDirty                ffffc0000001adb4     mmap.o
 0001:00019f88       UnmapMemMapping            ffffc0000001af88     mmap.o
 0001:0001a01c       AuMmngrFileCacheInit       ffffc0000001b01c     mmfile.o
 0001:0001a038       AuMmngrAddFileBack         ffffc0000001b038     mmfile.o
 0001:0001a078       AuMmngrRemoveFileBack      ffffc0000001b078     mmfile.o
 0001:0001a118       AuMmngrFileCacheEnable     ffffc0000001b118     mmfile.o
 0001:0001a128       AuMmngrFileCacheLookup     ffffc0000001b128     mmfile.o
 0001:0001a1a0       AuMmngrFileCacheGetPhysicalBlock ffffc0000001b1a0     mmfile.o
 0001:0001a1d4       AuMmngrFileCacheGetByIndex ffffc0000001b1d4     mmfile.o
 0001:0001a1f8       AuMmngrPageCacheCreate     ffffc0000001b1f8     mmfile.o
 0001:0001a220       AuMmngrFileBackAddPageCache ffffc0000001b220     mmfile.o
 0001:0001a278       CreateSharedMem            ffffc0000001b278     mmserv.o
 0001:0001a2e0       ObtainSharedMem            ffffc0000001b2e0     mmserv.o
 0001:0001a348       UnmapSharedMem             ffffc0000001b348     mmserv.o
 0001:0001a398       GetProcessHeapMem          ffffc0000001b398     mmserv.o
 0001:0001a488       ProcessHeapUnmap           ffffc0000001b488     mmserv.o
 0001:0001a58c       AuPmmngrValidate           ffffc0000001b58c     pmmngr.o
 0001:0001a8fc       AuPmmngrInitialize         ffffc0000001b8fc     pmmngr.o
 0001:0001b954       AuPmmngrAllocPages         ffffc0000001c954     pmmngr.o
 0001:0001bc28       AuPmmngrAllocPage          ffffc0000001cc28     pmmngr.o
 0001:0001bc3c       AuPmmngrReleasePage        ffffc0000001cc3c     pmmngr.o
 0001:0001be08       AuPmmngrReleasePages       ffffc0000001ce08     pmmngr.o
 0001:0001bf04       AuPmmngrRetainPage         ffffc0000001cf04     pmmngr.o
 0001:0001bfd8       AuPmmngrPageRefcount       ffffc0000001cfd8     pmmngr.o
 0001:0001c080       AuPmmngrSetBackingBlock    ffffc0000001d080     pmmngr.o
 0001:0001c134       AuPmmngrGetBackingBlock    ffffc0000001d134     pmmngr.o
 0001:0001c1dc       AuPmmngrGetStats           ffffc0000001d1dc     pmmngr.o
 0001:0001c24c       AuPmmngrAllocCheck         ffffc0000001d24c     pmmngr.o
 0001:0001c28c       P2V                        ffffc0000001d28c     pmmngr.o
 0001:0001c2ac       V2P                        ffffc0000001d2ac     pmmngr.o
 0001:0001c2cc       AuPmmngrMoveHigher         ffffc0000001d2cc     pmmngr.o
 0001:0001c30c       AuPmmngrDebugInfo          ffffc0000001d30c     pmmngr.o
 0001:0001c698       AuInitialiseSHMMan         ffffc0000001d698     shm.o
 0001:0001c6bc       AuSHMGetID                 ffffc0000001d6bc     shm.o
 0001:0001c6d0       AuGetSHMSeg                ffffc0000001d6d0     shm.o
 0001:0001c730       AuGetSHMByID               ffffc0000001d730     shm.o
 0001:0001c790       AuCreateSHM                ffffc0000001d790     shm.o
 0001:0001c8a4       AuSHMDelete                ffffc0000001d8a4     shm.o
 0001:0001c95c       AuSHMProcBreak             ffffc0000001d95c     shm.o
 0001:0001c970       AuSHMProcSwap              ffffc0000001d970     shm.o
 0001:0001c984       AuSHMProcOrderList         ffffc0000001d984     shm.o
 0001:0001ca18       AuSHMObtainMem             ffffc0000001da18     shm.o
 0001:0001cda0       AuSHMUnmap                 ffffc0000001dda0     shm.o
 0001:0001cf14       AuSHMUnmapAll              ffffc0000001df14     shm.o
 0001:0001d000       tlsf_get_pool              ffffc0000001e000     tlsf.o
 0001:0001d00c       tlsf_create                ffffc0000001e00c     tlsf.o
 0001:0001d03c       tlsf_add_memory            ffffc0000001e03c     tlsf.o
 0001:0001d238       tlsf_malloc                ffffc0000001e238     tlsf.o
 0001:0001d7e8       tlsf_free                  ffffc0000001e7e8     tlsf.o
 0001:0001d974       tlsf_realloc               ffffc0000001e974     tlsf.o
 0001:0001dbe0       AuInsertVMArea             ffffc0000001ebe0     vma.o
 0001:0001dbe8       AuRemoveVMArea             ffffc0000001ebe8     vma.o
 0001:0001dc50       AuVMAreaCreate             ffffc0000001ec50     vma.o
 0001:0001dcb8       AuVMAreaGet                ffffc0000001ecb8     vma.o
 0001:0001dd24       envmdebug                  ffffc0000001ed24     vmmngr.o
 0001:0001dd30       AuVmmngrInitialize         ffffc0000001ed30     vmmngr.o
 0001:0001ddb0       AuMapPage                  ffffc0000001edb0     vmmngr.o
 0001:0001e08c       AuMapPageEx                ffffc0000001f08c     vmmngr.o
 0001:0001e25c       AuVmmngrGetPage            ffffc0000001f25c     vmmngr.o
 0001:0001e440       AuMapMMIO                  ffffc0000001f440     vmmngr.o
 0001:0001e4ac       AuGetFreePage              ffffc0000001f4ac     vmmngr.o
 0001:0001e578       AuFreePages                ffffc0000001f578     vmmngr.o
 0001:0001e698       AuUpdatePageFlags          ffffc0000001f698     vmmngr.o
 0001:0001e72c       AuGetPhysicalAddress       ffffc0000001f72c     vmmngr.o
 0001:0001e7bc       AuGetPhysicalAddressEx     ffffc0000001f7bc     vmmngr.o
 0001:0001e830       AuCreateVirtualAddressSpace ffffc0000001f830     vmmngr.o
 0001:0001e8a8       AuGetRootPageTable         ffffc0000001f8a8     vmmngr.o
 0001:0001e8b4       AuVmmngrBootFree           ffffc0000001f8b4     vmmngr.o
 0001:0001e90c       ARPProtocolInitialise      ffffc0000001f90c     arp.o
 0001:0001e924       ARPProtocolAdd             ffffc0000001f924     arp.o
 0001:0001e988       AuARPGet                   ffffc0000001f988     arp.o
 0001:0001ea08       AuARPRequestMAC            ffffc0000001fa08     arp.o
 0001:0001eab8       ARPHandlePacket            ffffc0000001fab8     arp.o
 0001:0001ecc8       AuInitialiseNet            ffffc0000001fcc8     aunet.o
 0001:0001eee0       AuAddNetAdapter            ffffc0000001fee0     aunet.o
 0001:0001ef38       AuGetNetworkAdapter        ffffc0000001ff38     aunet.o
 0001:0001ef4c       AuAddrIsLocal4             ffffc0000001ff4c     aunet.o
 0001:0001f028       AuAddrIsLocal6             ffffc00000020028     aunet.o
 0001:0001f2a8       AuNetAddConnectedRoute4    ffffc000000202a8     aunet.o
 0001:0001f360       AuNetAddConnectedRoute6    ffffc00000020360     aunet.o
 0001:0001f584       AuNetworkRoute             ffffc00000020584     aunet.o
 0001:0001f5cc       AuNetworkRoute6            ffffc000000205cc     aunet.o
 0001:0001f72c       AuEthernetHandle           ffffc0000002072c     ethernet.o
 0001:0001f838       AuEthernetSend             ffffc00000020838     ethernet.o
 0001:0001f928       AuICMPChecksum             ffffc00000020928     icmp.o
 0001:0001f9f0       AuICMPHandle               ffffc000000209f0     icmp.o
 0001:0001fcbc       AuICMPReceive              ffffc00000020cbc     icmp.o
 0001:0001fd78       AuICMPSend                 ffffc00000020d78     icmp.o
 0001:0001fe84       AuICMPClose                ffffc00000020e84     icmp.o
 0001:0001fe88       AuICMPBind                 ffffc00000020e88     icmp.o
 0001:0001fe90       AuICMPRead                 ffffc00000020e90     icmp.o
 0001:0001fe98       AuICMPWrite                ffffc00000020e98     icmp.o
 0001:0001fea0       AuICMPFileClose            ffffc00000020ea0     icmp.o
 0001:0001ff0c       ICMPInitialise             ffffc00000020f0c     icmp.o
 0001:0001ff18       CreateICMPSocket           ffffc00000020f18     icmp.o
 0001:00020024       ICMPv6Initialise           ffffc00000021024     icmpv6.o
 0001:00020030       AuICMPv6Handle             ffffc00000021030     icmpv6.o
 0001:000202c0       CreateICMPv6Socket         ffffc000000212c0     icmpv6.o
 0001:000206d4       IPv4CalculateChecksum      ffffc000000216d4     ipv4.o
 0001:000207dc       ip_ntoa                    ffffc000000217dc     ipv4.o
 0001:00020814       IPv4HandlePacket           ffffc00000021814     ipv4.o
 0001:00020884       CreateIPv4Socket           ffffc00000021884     ipv4.o
 0001:00020900       IPV4SendPacket             ffffc00000021900     ipv4.o
 0001:00020a50       IPv6PseudoChecksum         ffffc00000021a50     ipv6.o
 0001:00020cc0       IPv6HandlePacket           ffffc00000021cc0     ipv6.o
 0001:00020d04       CreateIPv6Socket           ffffc00000021d04     ipv6.o
 0001:00020d48       IPV6SendPacket             ffffc00000021d48     ipv6.o
 0001:000210bc       NDProtocolInitialise       ffffc000000220bc     ndp.o
 0001:000210d4       NDProtocolAdd              ffffc000000220d4     ndp.o
 0001:000211dc       AuNDGet                    ffffc000000221dc     ndp.o
 0001:00021348       AuNDRequestMAC             ffffc00000022348     ndp.o
 0001:00021594       NDHandleNeighborSolicit    ffffc00000022594     ndp.o
 0001:000219dc       NDHandleNeighborAdvert     ffffc000000229dc     ndp.o
 0001:00021a28       NetSend                    ffffc00000022a28     netserv.o
 0001:00021ab0       NetReceive                 ffffc00000022ab0     netserv.o
 0001:00021b38       NetConnect                 ffffc00000022b38     netserv.o
 0001:00021bbc       NetBind                    ffffc00000022bbc     netserv.o
 0001:00021c40       NetAccept                  ffffc00000022c40     netserv.o
 0001:00021cc0       NetListen                  ffffc00000022cc0     netserv.o
 0001:00021d2c       AuPacketSetOrigin          ffffc00000022d2c     packet.o
 0001:00021d38       AuPacketGetOrigin          ffffc00000022d38     packet.o
 0001:00021d44       AuPacketLocalEnter         ffffc00000022d44     packet.o
 0001:00021d74       AuPacketLocalLeave         ffffc00000022d74     packet.o
 0001:00021da0       AuPacketLocalDepth         ffffc00000022da0     packet.o
 0001:00021dac       AuRouteTableInitialise     ffffc00000022dac     route.o
 0001:00021dc4       AuRouteTableCreateEntry    ffffc00000022dc4     route.o
 0001:00021dec       AuRouteTableAdd            ffffc00000022dec     route.o
 0001:00021e14       AuRouteTableDelete         ffffc00000022e14     route.o
 0001:00021ebc       AuRouteTableGetNumEntry    ffffc00000022ebc     route.o
 0001:00021ecc       AuRouteTablePopulate       ffffc00000022ecc     route.o
 0001:00021f4c       AuRouteTableDoRouteLookup  ffffc00000022f4c     route.o
 0001:00021fdc       AuRouteTable6Initialise    ffffc00000022fdc     route.o
 0001:00021ff4       AuRouteTable6CreateEntry   ffffc00000022ff4     route.o
 0001:00022020       AuRouteTable6Add           ffffc00000023020     route.o
 0001:000220c0       AuRouteTableDoRouteLookup6 ffffc000000230c0     route.o
 0001:000221b8       AuSocketAdd                ffffc000000231b8     socket.o
 0001:000222c0       AuSocketGet                ffffc000000232c0     socket.o
 0001:000222c8       AuRawSocketReceive         ffffc000000232c8     socket.o
 0001:00022350       AuRawSocketSend            ffffc00000023350     socket.o
 0001:000223c8       AuSocketSOSocket           ffffc000000233c8     socket.o
 0001:00022440       AuSocketSetOpt             ffffc00000023440     socket.o
 0001:000224f4       AuNetCreateSocket          ffffc000000234f4     socket.o
 0001:00022528       AuRawSocketClose           ffffc00000023528     socket.o
 0001:000225e4       SocketIOControl            ffffc000000235e4     socket.o
 0001:00022830       AuCreateRawSocket          ffffc00000023830     socket.o
 0001:00022944       AuCreateSocket             ffffc00000023944     socket.o
 0001:00022984       AuSocketInstall            ffffc00000023984     socket.o
 0001:0002299c       AuRawSocketGetList         ffffc0000002399c     socket.o
 0001:000229a8       AuTCPAcknowledge           ffffc000000239a8     tcp.o
 0001:000229f0       AuTCPReceive               ffffc000000239f0     tcp.o
 0001:00022b24       AuTCPSend                  ffffc00000023b24     tcp.o
 0001:00023130       AuTCPClose                 ffffc00000024130     tcp.o
 0001:00023230       AuTCPConnect               ffffc00000024230     tcp.o
 0001:00023634       AuTCPBind                  ffffc00000024634     tcp.o
 0001:00023764       AuTCPListen                ffffc00000024764     tcp.o
 0001:000237e0       AuTCPAccept                ffffc000000247e0     tcp.o
 0001:000239e8       AuTCPFileClose             ffffc000000249e8     tcp.o
 0001:00023b14       TCPHandlePacket            ffffc00000024b14     tcp.o
 0001:00024374       TCPHandlePacket6           ffffc00000025374     tcp.o
 0001:00024940       CreateTCPSocket            ffffc00000025940     tcp.o
 0001:00024b14       TCPGetSocketList           ffffc00000025b14     tcp.o
 0001:00024b20       TCPProtocolInstall         ffffc00000025b20     tcp.o
 0001:00024d60       UDPGetPort                 ffffc00000025d60     udp.o
 0001:00024d94       UDPHandlePacket            ffffc00000025d94     udp.o
 0001:00024e44       UDPHandlePacket6           ffffc00000025e44     udp.o
 0001:00024ed8       AuUDPReceive               ffffc00000025ed8     udp.o
 0001:00025060       AuUDPSend                  ffffc00000026060     udp.o
 0001:000253cc       AuUDPClose                 ffffc000000263cc     udp.o
 0001:000253d0       AuUDPBind                  ffffc000000263d0     udp.o
 0001:000254b8       AuUDPRead                  ffffc000000264b8     udp.o
 0001:000254c0       AuUDPWrite                 ffffc000000264c0     udp.o
 0001:000254c8       AuUDPFileClose             ffffc000000264c8     udp.o
 0001:00025584       CreateUDPSocket            ffffc00000026584     udp.o
 0001:00025678       UDPProtocolInstall         ffffc00000026678     udp.o
 0001:00025690       UDPProtocolGetSockList     ffffc00000026690     udp.o
 0001:0002569c       AA64PCIeInitialize         ffffc0000002669c     pcie.o
 0001:000257f4       AuIsPCIeInitialized        ffffc000000267f4     pcie.o
 0001:00025800       AuPCIEGetDevice            ffffc00000026800     pcie.o
 0001:000258a0       AuPCIERead                 ffffc000000268a0     pcie.o
 0001:000258e4       AuPCIERead64               ffffc000000268e4     pcie.o
 0001:0002591c       AuPCIEWrite                ffffc0000002691c     pcie.o
 0001:0002596c       AuPCIEWrite64              ffffc0000002696c     pcie.o
 0001:0002599c       AuPCIEScanClass            ffffc0000002699c     pcie.o
 0001:00025b3c       AuPCIEScanVendorDevice     ffffc00000026b3c     pcie.o
 0001:00025cf0       AuPCIEScanClassIF          ffffc00000026cf0     pcie.o
 0001:00025e90       AuPCIEReadBAR              ffffc00000026e90     pcie.o
 0001:00026048       AuPCIEAllocMSI             ffffc00000027048     pcie.o
 0001:000262b8       AuGetProcAddress           ffffc000000272b8     pe.o
 0001:0002638c       AuPEPrintExports           ffffc0000002738c     pe.o
 0001:0002640c       AuKernelLinkDLL            ffffc0000002740c     pe.o
 0001:000265d0       AuKernelLinkImports        ffffc000000275d0     pe.o
 0001:00026750       AuKernelRelocatePE         ffffc00000027750     pe.o
 0001:00026850       AuPEFileIsDynamicallyLinked ffffc00000027850     pe.o
 0001:000268a0       AuCoffResolveAddress       ffffc000000278a0     pe.o
 0001:000269f0       AuPowerDown                ffffc000000279f0     power.o
 0001:00026a50       AuPowerReset               ffffc00000027a50     power.o
 0001:00026abc       AuAddProcess               ffffc00000027abc     process.o
 0001:00026af8       AuRemoveProcess            ffffc00000027af8     process.o
 0001:00026b54       AuProcessFindByPID         ffffc00000027b54     process.o
 0001:00026b78       AuProcessFindByThread      ffffc00000027b78     process.o
 0001:00026b9c       AuProcessFindPID           ffffc00000027b9c     process.o
 0001:00026bc4       AuProcessFindThread        ffffc00000027bc4     process.o
 0001:00026bec       AuProcessFindSubThread     ffffc00000027bec     process.o
 0001:00026bf4       AuAllocateProcessID        ffffc00000027bf4     process.o
 0001:00026c08       CreateUserStack            ffffc00000027c08     process.o
 0001:00026ca4       CreateSubUserStack         ffffc00000027ca4     process.o
 0001:00026d54       AuCreateProcessSlot        ffffc00000027d54     process.o
 0001:00026f8c       AuProcessGetFileDesc       ffffc00000027f8c     process.o
 0001:00026fb8       AuCreateUserthread         ffffc00000027fb8     process.o
 0001:00027104       AuProcessHeapMemDestroy    ffffc00000028104     process.o
 0001:000271b8       AuProcessFreeKeResource    ffffc000000281b8     process.o
 0001:000271f8       AuProcessExit              ffffc000000281f8     process.o
 0001:0002751c       AuGetKillableProcess       ffffc0000002851c     process.o
 0001:0002753c       AuProcessWaitForTermination ffffc0000002853c     process.o
 0001:000275ec       AuProcGetNumProcessCount   ffffc000000285ec     process.o
 0001:00027614       AuProcessFetch             ffffc00000028614     process.o
 0001:000278e8       AuProcessTokenInitialize   ffffc000000288e8     proctoken.o
 0001:0002791c       _token_id_to_string        ffffc0000002891c     proctoken.o
 0001:00027948       AuProcessTokenAddSelf      ffffc00000028948     proctoken.o
 0001:00027a28       AuProcessTokenGetProc      ffffc00000028a28     proctoken.o
 0001:00027a40       AuProcessTokenGetThreadID  ffffc00000028a40     proctoken.o
 0001:00027a54       AuProcessTokenRemoveSelf   ffffc00000028a54     proctoken.o
 0001:00027ae0       OpenFile                   ffffc00000028ae0     fileserv.o
 0001:00027c64       FileSetOffset              ffffc00000028c64     fileserv.o
 0001:00027d00       ReadFile                   ffffc00000028d00     fileserv.o
 0001:00027e34       WriteFile                  ffffc00000028e34     fileserv.o
 0001:00027fa0       CloseFile                  ffffc00000028fa0     fileserv.o
 0001:00028084       FileIoControl              ffffc00000029084     fileserv.o
 0001:00028108       FileStat                   ffffc00000029108     fileserv.o
 0001:00028190       OpenDir                    ffffc00000029190     fileserv.o
 0001:00028214       ReadDir                    ffffc00000029214     fileserv.o
 0001:00028298       ProcessGetFileDesc         ffffc00000029298     fileserv.o
 0001:00028308       GetThreadID                ffffc00000029308     thrserv.o
 0001:0002832c       GetProcessID               ffffc0000002932c     thrserv.o
 0001:00028368       ProcessExit                ffffc00000029368     thrserv.o
 0001:000283e0       ProcessWaitForTermination  ffffc000000293e0     thrserv.o
 0001:00028418       CreateProcess              ffffc00000029418     thrserv.o
 0001:0002853c       ProcessSleep               ffffc0000002953c     thrserv.o
 0001:0002858c       PauseThread                ffffc0000002958c     thrserv.o
 0001:000285c4       ProcessLoadExec            ffffc000000295c4     thrserv.o
 0001:00028778       SetFileToProcess           ffffc00000029778     thrserv.o
 0001:00028864       CreateUserThread           ffffc00000029864     thrserv.o
 0001:000288c4       GetEnvironmenBlock         ffffc000000298c4     thrserv.o
 0001:000288f0       SignalReturn               ffffc000000298f0     thrserv.o
 0001:00028930       SendSignal                 ffffc00000029930     thrserv.o
 0001:00028994       SetSignal                  ffffc00000029994     thrserv.o
 0001:000289d0       Alarm                      ffffc000000299d0     thrserv.o
 0001:000289f4       SetITimer                  ffffc000000299f4     thrserv.o
 0001:00028a88       GetITimer                  ffffc00000029a88     thrserv.o
 0001:00028ac0       AuAllocSignal              ffffc00000029ac0     signal.o
 0001:00028afc       AuSignalDispatch           ffffc00000029afc     signal.o
 0001:00028b48       AuSignalDeliver            ffffc00000029b48     signal.o
 0001:00028c08       AuSignalInitializeTrampoline ffffc00000029c08     signal.o
 0001:00028c68       AuSoundAddDSP              ffffc00000029c68     sndcore.o
 0001:00028c9c       AuRemoveDSP                ffffc00000029c9c     sndcore.o
 0001:00028cf0       AuSoundGetDSP              ffffc00000029cf0     sndcore.o
 0001:00028d1c       AuSoundIOControl           ffffc00000029d1c     sndcore.o
 0001:00028f58       AuSoundRemoveDSP           ffffc00000029f58     sndcore.o
 0001:00029004       AuSoundRead                ffffc0000002a004     sndcore.o
 0001:0002900c       AuSoundWrite               ffffc0000002a00c     sndcore.o
 0001:000290c8       AuSoundInitialise          ffffc0000002a0c8     sndcore.o
 0001:00029194       AuSoundRegisterCard        ffffc0000002a194     sndcore.o
 0001:000291f0       AuStackCreate              ffffc0000002a1f0     stack.o
 0001:00029218       AuStackPush                ffffc0000002a218     stack.o
 0001:00029264       AuStackPop                 ffffc0000002a264     stack.o
 0001:000292b0       sztoa                      ffffc0000002a2b0     stdio.o
 0001:00029328       atow                       ffffc0000002a328     stdio.o
 0001:00029348       int_to_str                 ffffc0000002a348     stdio.o
 0001:000293f4       ftoa                       ffffc0000002a3f4     stdio.o
 0001:00029520       atoi                       ffffc0000002a520     stdio.o
 0001:000295c0       printf                     ffffc0000002a5c0     stdio.o
 0001:000295dc       rand                       ffffc0000002a5dc     stdio.o
 0001:00029628       srand                      ffffc0000002a628     stdio.o
 0001:0002963c       memset                     ffffc0000002a63c     string.o
 0001:000297d4       memcmp                     ffffc0000002a7d4     string.o
 0001:00029804       memcpy                     ffffc0000002a804     string.o
 0001:00029b70       strcmp                     ffffc0000002ab70     string.o
 0001:00029bc4       strcpy                     ffffc0000002abc4     string.o
 0001:00029bfc       strrchr                    ffffc0000002abfc     string.o
 0001:00029c24       strlen                     ffffc0000002ac24     string.o
 0001:00029c3c       strncmp                    ffffc0000002ac3c     string.o
 0001:00029c74       strncpy                    ffffc0000002ac74     string.o
 0001:00029cbc       strchr                     ffffc0000002acbc     string.o
 0001:00029cdc       strcat                     ffffc0000002acdc     string.o
 0001:00029d2c       strncat                    ffffc0000002ad2c     string.o
 0001:00029d90       strdup                     ffffc0000002ad90     string.o
 0001:00029dd4       strstr                     ffffc0000002add4     string.o
 0001:00029e28       AuCreateSpinlock           ffffc0000002ae28     aa64_spinlock.o
 0001:00029e7c       AuDeleteSpinlock           ffffc0000002ae7c     aa64_spinlock.o
 0001:00029e80       AuAcquireSpinlock          ffffc0000002ae80     aa64_spinlock.o
 0001:00029e8c       AuReleaseSpinlock          ffffc0000002ae8c     aa64_spinlock.o
 0001:00029e98       AuroraTimerInitialize      ffffc0000002ae98     timer.o
 0001:00029f10       AuroraTimerStart           ffffc0000002af10     timer.o
 0001:00029fdc       AuroraTimerStartPeriodic   ffffc0000002afdc     timer.o
 0001:0002a074       AuroraTimerCancel          ffffc0000002b074     timer.o
 0001:0002a094       AuroraTimerIsActive        ffffc0000002b094     timer.o
 0001:0002a0c4       AuroraTimerTick            ffffc0000002b0c4     timer.o
 0001:0002a238       AuGetCurrentMS             ffffc0000002b238     timer.o
 0001:0002a244       AuGetCurrentUS             ffffc0000002b244     timer.o
 0001:0002a250       __kernel_timer_alarm_callback ffffc0000002b250     timer.o
 0001:0002a258       AuTimerCalculateAlarm      ffffc0000002b258     timer.o
 0001:0002a36c       AuTimerSetITimer           ffffc0000002b36c     timer.o
 0001:0002a52c       AuTimerGetITimer           ffffc0000002b52c     timer.o
 0001:0002a614       AuSetWalltime              ffffc0000002b614     timer.o
 0001:0002a64c       AuGetWalltime              ffffc0000002b64c     timer.o
 0001:0002a6e4       AuGetTimerByThread         ffffc0000002b6e4     timer.o
 0001:0002a718       virt_power_down            ffffc0000002b718     virt_power.o
 0001:0002a71c       virt_power_reboot          ffffc0000002b71c     virt_power.o
 0001:0002a720       store_x0_x7                ffffc0000002b720     aa64lowlevel.o
 0001:0002a740       store_x2_x7                ffffc0000002b740     aa64lowlevel.o
 0001:0002a760       store_x3_x7                ffffc0000002b760     aa64lowlevel.o
 0001:0002a780       _getCurrentEL              ffffc0000002b780     aa64lowlevel.o
 0001:0002a78c       read_ttbr0_el1             ffffc0000002b78c     aa64lowlevel.o
 0001:0002a794       read_ttbr1_el1             ffffc0000002b794     aa64lowlevel.o
 0001:0002a79c       write_ttbr0_el1            ffffc0000002b79c     aa64lowlevel.o
 0001:0002a7a4       write_ttbr1_el1            ffffc0000002b7a4     aa64lowlevel.o
 0001:0002a7ac       write_both_ttbr            ffffc0000002b7ac     aa64lowlevel.o
 0001:0002a7c8       dsb_sy_barrier             ffffc0000002b7c8     aa64lowlevel.o
 0001:0002a7d4       read_sctlr_el1             ffffc0000002b7d4     aa64lowlevel.o
 0001:0002a7dc       write_sctlr_el1            ffffc0000002b7dc     aa64lowlevel.o
 0001:0002a7e4       read_mair_el1              ffffc0000002b7e4     aa64lowlevel.o
 0001:0002a7ec       write_mair_el1             ffffc0000002b7ec     aa64lowlevel.o
 0001:0002a7f4       read_tcr_el1               ffffc0000002b7f4     aa64lowlevel.o
 0001:0002a7fc       write_tcr_el1              ffffc0000002b7fc     aa64lowlevel.o
 0001:0002a804       dsb_ish                    ffffc0000002b804     aa64lowlevel.o
 0001:0002a80c       dmb_ish                    ffffc0000002b80c     aa64lowlevel.o
 0001:0002a814       dmb_sy                     ffffc0000002b814     aa64lowlevel.o
 0001:0002a81c       isb_flush                  ffffc0000002b81c     aa64lowlevel.o
 0001:0002a824       tlb_flush                  ffffc0000002b824     aa64lowlevel.o
 0001:0002a838       tlb_flush_vmalle1is        ffffc0000002b838     aa64lowlevel.o
 0001:0002a84c       enable_sre                 ffffc0000002b84c     aa64lowlevel.o
 0001:0002a860       read_icc_iidr              ffffc0000002b860     aa64lowlevel.o
 0001:0002a864       set_vbar_el1               ffffc0000002b864     aa64lowlevel.o
 0001:0002a870       get_cntpct_el0             ffffc0000002b870     aa64lowlevel.o
 0001:0002a878       get_cntvct_el0             ffffc0000002b878     aa64lowlevel.o
 0001:0002a880       get_cntfrq_el0             ffffc0000002b880     aa64lowlevel.o
 0001:0002a888       get_cpacr_el1              ffffc0000002b888     aa64lowlevel.o
 0001:0002a890       get_cntv_ctl_el0           ffffc0000002b890     aa64lowlevel.o
 0001:0002a898       set_cpacr_el1              ffffc0000002b898     aa64lowlevel.o
 0001:0002a8a0       read_esr_el1               ffffc0000002b8a0     aa64lowlevel.o
 0001:0002a8a8       read_far_el1               ffffc0000002b8a8     aa64lowlevel.o
 0001:0002a8b0       read_elr_el1               ffffc0000002b8b0     aa64lowlevel.o
 0001:0002a8b8       read_spsr_el1              ffffc0000002b8b8     aa64lowlevel.o
 0001:0002a8c0       enable_irqs                ffffc0000002b8c0     aa64lowlevel.o
 0001:0002a8d0       mask_irqs                  ffffc0000002b8d0     aa64lowlevel.o
 0001:0002a8e0       setupTimerIRQ              ffffc0000002b8e0     aa64lowlevel.o
 0001:0002a8fc       suspendTimer               ffffc0000002b8fc     aa64lowlevel.o
 0001:0002a908       resetTimer                 ffffc0000002b908     aa64lowlevel.o
 0001:0002a91c       readTimerCtl               ffffc0000002b91c     aa64lowlevel.o
 0001:0002a924       read_icc_iar1_el1          ffffc0000002b924     aa64lowlevel.o
 0001:0002a92c       read_midr                  ffffc0000002b92c     aa64lowlevel.o
 0001:0002a934       read_mpidr_el1             ffffc0000002b934     aa64lowlevel.o
 0001:0002a93c       read_spsel                 ffffc0000002b93c     aa64lowlevel.o
 0001:0002a944       read_daif                  ffffc0000002b944     aa64lowlevel.o
 0001:0002a94c       restore_daif               ffffc0000002b94c     aa64lowlevel.o
 0001:0002a954       aa64_enter_user            ffffc0000002b954     aa64lowlevel.o
 0001:0002a968       aa64_svc_test              ffffc0000002b968     aa64lowlevel.o
 0001:0002a970       aa64_utest                 ffffc0000002b970     aa64lowlevel.o
 0001:0002a974       read_x30                   ffffc0000002b974     aa64lowlevel.o
 0001:0002a97c       read_sp                    ffffc0000002b97c     aa64lowlevel.o
 0001:0002a984       read_sp_el1                ffffc0000002b984     aa64lowlevel.o
 0001:0002a98c       sub_rsp                    ffffc0000002b98c     aa64lowlevel.o
 0001:0002a994       dc_ivac                    ffffc0000002b994     aa64lowlevel.o
 0001:0002a99c       set_syscall_retval         ffffc0000002b99c     aa64lowlevel.o
 0001:0002a9a4       modifyx17                  ffffc0000002b9a4     aa64lowlevel.o
 0001:0002a9ac       enableAlignCheck           ffffc0000002b9ac     aa64lowlevel.o
 0001:0002a9c4       data_cache_flush           ffffc0000002b9c4     aa64lowlevel.o
 0001:0002a9dc       read_ctr_el0               ffffc0000002b9dc     aa64lowlevel.o
 0001:0002a9e4       dc_cvac                    ffffc0000002b9e4     aa64lowlevel.o
 0001:0002a9f0       set_cntp_cval_el0          ffffc0000002b9f0     aa64lowlevel.o
 0001:0002a9f8       set_cntp_ctl_el0           ffffc0000002b9f8     aa64lowlevel.o
 0001:0002aa00       _wfi                       ffffc0000002ba00     aa64lowlevel.o
 0001:0002aa08       gic_cpu_init               ffffc0000002ba08     aa64lowlevel.o
 0001:0002aa64       gic_read_intid             ffffc0000002ba64     aa64lowlevel.o
 0001:0002aa6c       gic_icc_eoi                ffffc0000002ba6c     aa64lowlevel.o
 0001:0002aa78       aa64_clean_invalidate_dcache ffffc0000002ba78     aa64lowlevel.o
 0001:0002ab08       aa64_invalidate_icache     ffffc0000002bb08     aa64lowlevel.o
 0001:0002ab18       aa64_spinlock_acquire      ffffc0000002bb18     aa64spinlock.o
 0001:0002ab38       aa64_spinlock_try_acquire  ffffc0000002bb38     aa64spinlock.o
 0001:0002ab60       aa64_spinlock_release      ffffc0000002bb60     aa64spinlock.o
 0001:0002ab70       aa64_spinlock_acquire_irq_save ffffc0000002bb70     aa64spinlock.o
 0001:0002ab8c       aa64_spinlock_release_irq_restore ffffc0000002bb8c     aa64spinlock.o
 0001:0002aba0       aa64_store_context         ffffc0000002bba0     aa64switch.o
 0001:0002abcc       aa64_restore_context       ffffc0000002bbcc     aa64switch.o
 0001:0002ac38       first_time_sex             ffffc0000002bc38     aa64switch.o
 0001:0002ac8c       resume_user                ffffc0000002bc8c     aa64switch.o
 0001:0002ad00       first_time_sex2            ffffc0000002bd00     aa64switch.o
 0001:0002ad54       store_syscall              ffffc0000002bd54     aa64switch.o
 0001:0002ada4       ret_from_syscall           ffffc0000002bda4     aa64switch.o
 0001:0002ae20       aa64_store_fp              ffffc0000002be20     aa64switch.o
 0001:0002aeac       aa64_restore_fp            ffffc0000002beac     aa64switch.o
 0001:0002af38       aa64_schedule_init         ffffc0000002bf38     aa64switch.o
 0001:0002afc0       aa64_restore_sp            ffffc0000002bfc0     aa64switch.o
 0001:0002b024       aa64_resume_exception_frame ffffc0000002c024     aa64switch.o
 0001:0002b078       aa64_signal_return         ffffc0000002c078     aa64switch.o
 0001:0002b894       irq_el1_wrapper            ffffc0000002c894     aa64vector.o
 0001:0002b928       sync_el0_wrapper           ffffc0000002c928     aa64vector.o
 0001:0002b9d4       irq_el0_wrapper            ffffc0000002c9d4     aa64vector.o
 0001:0002c000       vectors                    ffffc0000002d000     aa64vector.o
 0001:0002c784       UARTDebugOut               ffffc0000002d784     aa64_print.o
 0001:0002c7c0       AuTextOut_profiler         ffffc0000002d7c0     aa64_print.o
 0002:000011e0       __xmm@0302000a0202000a00ffffff0f02000a ffffc0000002f1e0     virtionet.o
 0002:000011f0       __real@000000002e2e0202    ffffc0000002f1f0     ext2dir.o
 0002:000011f8       __real@000000050000803b    ffffc0000002f1f8     tty.o
 0002:00001200       __xmm@00000000080100000000000008000000 ffffc0000002f200     gic.o
 0002:00001210       __xmm@000000000802000000000000080a0000 ffffc0000002f210     gic.o
 0002:000015e0       __xmm@00000000000000100000000000000008 ffffc0000002f5e0     dma.o
 0002:000015f0       __xmm@00000000000000400000000000000020 ffffc0000002f5f0     dma.o
 0002:00001600       __xmm@00000000000001000000000000000080 ffffc0000002f600     dma.o
 0002:00001610       __xmm@00000000000001000000000000000000 ffffc0000002f610     pmmngr.o
 0002:00001620       __xmm@ffffffffffffffff0000000000000001 ffffc0000002f620     pmmngr.o
 0002:00001630       __xmm@00000000000000000000000000000010 ffffc0000002f630     tlsf.o
 0002:00001650       __real@000000ff0100007f    ffffc0000002f650     aunet.o
 0002:00001660       __xmm@000000000100007f000000ff0000007f ffffc0000002f660     aunet.o
 0002:00001670       __real@00000000000002ff    ffffc0000002f670     ndp.o
 0002:00001680       __xmm@00000000000000000000003000000000 ffffc0000002f680     process.o
 0002:000016b8       ??_C@_02NJNOFBBI@?$CFx?$AA@ ffffc0000002f6b8     vdisk.o
 0002:000016bc       ??_C@_04PJHBAHNI@?1dev?$AA@ ffffc0000002f6bc     aucon.o
 0002:000016c4       ??_C@_03FNIGJHAM@dev?$AA@  ffffc0000002f6c4     devfs.o
 0002:000016c8       ??_C@_06JGIPHBBD@?9about?$AA@ ffffc0000002f6c8     init.o
 0002:000016d0       ??_C@_06OBOMOIHF@Tablet?$AA@ ffffc0000002f6d0     virt.o
 0002:000016d8       ??_C@_04IOOAAAMM@ttys?$AA@ ffffc0000002f6d8     tty.o
 0002:000016e0       ??_C@_06HOHPNJLC@buffer?$AA@ ffffc0000002f6e0     ext2file.o
 0002:000016e8       ??_C@_04OLFMGELG@icmp?$AA@ ffffc0000002f6e8     icmp.o
 0002:000016f0       ??_C@_03OCLLGKEH@udp?$AA@  ffffc0000002f6f0     udp.o
 0002:000016f4       ??_C@_03FPEIBLKH@tcp?$AA@  ffffc0000002f6f4     tcp.o
 0002:000016f8       ??_C@_02KDBGGDMB@lo?$AA@   ffffc0000002f6f8     aunet.o
 0002:000016fc       ??_C@_04FKKBDPBD@ttym?$AA@ ffffc0000002f6fc     tty.o
 0002:00001704       ??_C@_04MDPPAFID@disk?$AA@ ffffc0000002f704     vdisk.o
 0002:0000170c       ??_C@_06IJDLPEM@length?$AA@ ffffc0000002f70c     ext2file.o
 0002:00001714       ??_C@_05KCJBMLII@graph?$AA@ ffffc0000002f714     aucon.o
 0002:0000171c       ??_C@_03HLCNLMFP@reg?$AA@  ffffc0000002f71c     dtb.o
 0002:00001720       ??_C@_03JACLIBNI@exe?$AA@  ffffc0000002f720     loader.o
 0002:00001724       ??_C@_04MKFKKHBG@pipe?$AA@ ffffc0000002f724     pipe.o
 0002:0000172c       ??_C@_04LJLIIBC@Pipe?$AA@  ffffc0000002f72c     devfs.o
 0002:00001734       ??_C@_04DAMGJPCA@file?$AA@ ffffc0000002f734     ext2file.o
 0002:0000173c       ??_C@_04IBDNPPCI@Idle?$AA@ ffffc0000002f73c     sched.o
 0002:00001744       ??_C@_04LGBANPIN@pcie?$AA@ ffffc0000002f744     pcie.o
 0002:0000174c       ??_C@_04CLMONKIF@node?$AA@ ffffc0000002f74c     ext2file.o
 0002:00001754       ??_C@_06OIEJKIHP@Device?$AA@ ffffc0000002f754     devfs.o
 0002:0000175c       ??_C@_04EMEKOJAM@mice?$AA@ ffffc0000002f75c     devinput.o
 0002:00001764       ??_C@_05BPAHAOGO@kybrd?$AA@ ffffc0000002f764     devinput.o
 0002:0000176c       ??_C@_05MHNANJII@sound?$AA@ ffffc0000002f76c     sndcore.o
 0002:00001774       ??_C@_04MGEIEJAD@exec?$AA@ ffffc0000002f774     init.o
 0002:0000177c       ??_C@_02HAOIJKIC@?$CFc?$AA@ ffffc0000002f77c     Fat.o
 0002:00001780       ??_C@_01MCMALHOG@a?$AA@    ffffc0000002f780     vdisk.o
 0002:00001784       ??_C@_05MBDEGLCK@ERROR?$AA@ ffffc0000002f784     klog.o
 0002:0000178c       ??_C@_04BEADLPGM@INFO?$AA@ ffffc0000002f78c     klog.o
 0002:00001794       ??_C@_04JBIELMDE@WARN?$AA@ ffffc0000002f794     klog.o
 0002:0000179c       ??_C@_04HIBGFPH@NULL?$AA@  ffffc0000002f79c     core.o
 0002:000017a4       ??_C@_05KOLFGEDA@DEBUG?$AA@ ffffc0000002f7a4     klog.o
 0002:000017ac       ??_C@_05MNABNCGI@EMERG?$AA@ ffffc0000002f7ac     klog.o
 0002:000017b4       ??_C@_06OHCJKBJM@FAILED?$AA@ ffffc0000002f7b4     core.o
 0002:000017bc       ??_C@_06JPKPKMO@PROBED?$AA@ ffffc0000002f7bc     core.o
 0002:000017c4       ??_C@_04JCCCJONK@?$CFx?3?3?$AA@ ffffc0000002f7c4     virtionet.o
 0002:000017cc       ??_C@_06CBCAMCLE@icmpv6?$AA@ ffffc0000002f7cc     icmpv6.o
 0002:000017d4       ??_C@_05IBEDHKEB@e1000?$AA@ ffffc0000002f7d4     virtionet.o
 0002:000017dc       ??_C@_05JKONBDIM@?1dev?1?$AA@ ffffc0000002f7dc     vdisk.o
 0002:000017e0       ??_C@_01KMDKNFGN@?1?$AA@   ffffc0000002f7e0     aucon.o
 0002:000017e4       ??_C@_01LFCBOECM@?4?$AA@   ffffc0000002f7e4     aucon.o
 0002:000017e8       ??_C@_01JOAMLHOP@?9?$AA@   ffffc0000002f7e8     aucon.o
 0002:000017ec       ??_C@_06LHGEHABH@?$CINULL?$CJ?$AA@ ffffc0000002f7ec     _print.o
 0002:000017f4       ??_C@_01CLKCMJKC@?5?$AA@   ffffc0000002f7f4     dtb.o
 0002:000017f8       ??_C@_04DMKPODKF@ok?$AN?6?$AA@ ffffc0000002f7f8     virtionet.o
 0002:00001800       ??_C@_05CHOLMPLD@?$CFd?5?$AN?6?$AA@ ffffc0000002f800     ipv4.o
 0002:00001808       ??_C@_02PCIJFNDE@?$AN?6?$AA@ ffffc0000002f808     virtionet.o
 0002:00001810       ??_C@_08BOCDAINB@?1dev?1tty?$AA@ ffffc0000002f810     tty.o
 0002:00001820       ??_C@_09EOAFACM@Directory?$AA@ ffffc0000002f820     devfs.o
 0002:00001830       ??_C@_07PPNFPEAB@postbox?$AA@ ffffc0000002f830     postbox.o
 0002:00001838       ??_C@_0BC@KGAAOHKL@0x?$CFx?90x?$CFx?90x?$CFx?90x?$AA@ ffffc0000002f838     vdisk.o
 0002:00001850       ??_C@_0M@FDGEKDID@broken?5prev?$AA@ ffffc0000002f850     pmmngr.o
 0002:00001860       ??_C@_0BD@JNGAHGFH@bad?5free?9list?5next?$AA@ ffffc0000002f860     pmmngr.o
 0002:00001878       ??_C@_0M@GHLCLHOH@broken?5next?$AA@ ffffc0000002f878     pmmngr.o
 0002:00001888       ??_C@_0BD@NJBEKAON@self?9test?5refcount?$AA@ ffffc0000002f888     pmmngr.o
 0002:000018a0       ??_C@_0BE@IFBICCNJ@self?9test?5alignment?$AA@ ffffc0000002f8a0     pmmngr.o
 0002:000018b8       ??_C@_08IJMNAICA@?1dev?1net?$AA@ ffffc0000002f8b8     aunet.o
 0002:000018c8       ??_C@_0L@FJDJOHCF@virtio?9net?$AA@ ffffc0000002f8c8     virtionet.o
 0002:000018d8       ??_C@_0M@JFELHNNH@XERawSocket?$AA@ ffffc0000002f8d8     socket.o
 0002:000018e8       ??_C@_0BH@PNEIPKNB@no?5RAM?5for?5descriptors?$AA@ ffffc0000002f8e8     pmmngr.o
 0002:00001900       ??_C@_0P@HKNOOBCF@?$CDaddress?9cells?$AA@ ffffc0000002f900     dtb.o
 0002:00001910       ??_C@_0M@BJMGEBBL@?$CDsize?9cells?$AA@ ffffc0000002f910     dtb.o
 0002:00001920       ??_C@_0P@LFLCKMHM@NVMeController?$AA@ ffffc0000002f920     audrv.o
 0002:00001930       ??_C@_0P@JJNOBEOE@XHCIController?$AA@ ffffc0000002f930     audrv.o
 0002:00001940       ??_C@_0P@KLMOJMME@AHCIController?$AA@ ffffc0000002f940     audrv.o
 0002:00001950       ??_C@_0BP@MODINEBJ@descriptors?5outside?5direct?5map?$AA@ ffffc0000002f950     pmmngr.o
 0002:00001970       ??_C@_07CIFAGBMG@unknown?$AA@ ffffc0000002f970     proctoken.o
 0002:00001978       ??_C@_07NBCGADJA@Unknown?$AA@ ffffc0000002f978     devfs.o
 0002:00001980       ??_C@_0BM@GAOEGIK@invalid?5free?9list?5insertion?$AA@ ffffc0000002f980     pmmngr.o
 0002:000019a0       ??_C@_0BD@MNKFPNAO@initial?5validation?$AA@ ffffc0000002f9a0     pmmngr.o
 0002:000019b8       ??_C@_0N@CCEOOCAH@AuDriverMain?$AA@ ffffc0000002f9b8     audrv.o
 0002:000019c8       ??_C@_0BM@MILBAFDF@missing?5LittleBoot?5protocol?$AA@ ffffc0000002f9c8     pmmngr.o
 0002:000019e8       ??_C@_0BH@JHPBHNPL@reservation?5table?5full?$AA@ ffffc0000002f9e8     pmmngr.o
 0002:00001a00       ??_C@_0BC@MLDHOEAO@usable?5table?5full?$AA@ ffffc0000002fa00     pmmngr.o
 0002:00001a18       ??_C@_0BK@CLHPDGNE@invalid?5free?9list?5removal?$AA@ ffffc0000002fa18     pmmngr.o
 0002:00001a38       ??_C@_0BC@CDECFEIK@no?5early?5spinlock?$AA@ ffffc0000002fa38     pmmngr.o
 0002:00001a50       ??_C@_0BI@KICLBKNM@free?9list?5head?5mismatch?$AA@ ffffc0000002fa50     pmmngr.o
 0002:00001a68       ??_C@_0L@NBKMLOMK@?1audrv?4cnf?$AA@ ffffc0000002fa68     audrv.o
 0002:00001a78       ??_C@_0L@BMFBAAPK@?1ftlst?4cnf?$AA@ ffffc0000002fa78     ftmngr.o
 0002:00001a88       ??_C@_0L@FILGANC@?1board?4cnf?$AA@ ffffc0000002fa88     audrv.o
 0002:00001a98       ??_C@_09CJHODMBN@?1init?4exe?$AA@ ffffc0000002fa98     init.o
 0002:00001aa8       ??_C@_0L@PMEAHFBD@?1xeldr?4exe?$AA@ ffffc0000002faa8     loader.o
 0002:00001ab8       ??_C@_0BJ@NLJAPKLC@unknown?5descriptor?5state?$AA@ ffffc0000002fab8     pmmngr.o
 0002:00001ad8       ??_C@_0BE@GNJOHPHF@self?9test?5duplicate?$AA@ ffffc0000002fad8     pmmngr.o
 0002:00001af0       ??_C@_0BC@PCPCJDDI@self?9test?5restore?$AA@ ffffc0000002faf0     pmmngr.o
 0002:00001b08       ??_C@_07PMJAFAE@console?$AA@ ffffc0000002fb08     aucon.o
 0002:00001b10       ??_C@_0P@HMINDPLD@self?9test?5free?$AA@ ffffc0000002fb10     pmmngr.o
 0002:00001b20       ??_C@_0BD@NAMHDBFK@self?9test?5run?5free?$AA@ ffffc0000002fb20     pmmngr.o
 0002:00001b38       ??_C@_08CPOKIBJK@Keyboard?$AA@ ffffc0000002fb38     virt.o
 0002:00001b48       ??_C@_0BD@DOOINMIJ@self?9test?5compound?$AA@ ffffc0000002fb48     pmmngr.o
[...]
 0003:000000c0       drivers                    ffffc000000360c0     audrv.o
 0003:00000870       bootDrivers                ffffc00000036870     audrv.o
 0003:000008c8       scratchBuffer              ffffc000000368c8     audrv.o
 0003:000008d0       au_devices                 ffffc000000368d0     audrv.o
 0003:00001190       _bdrivers                  ffffc00000037190     core.o
 0003:00001198       _gres                      ffffc00000037198     res.o
 0003:000011a0       __rtc                      ffffc000000371a0     rtcmmio.o
 0003:000011a8       _uart_mapped               ffffc000000371a8     uart.o
 0003:000011b0       uartMMIO                   ffffc000000371b0     uart.o
 0003:000011b8       kbd_dbg_irqs               ffffc000000371b8     virtiokbd.o
 0003:000011c0       queue                      ffffc000000371c0     virtiokbd.o
 0003:000011d0       input                      ffffc000000371d0     virtiokbd.o
 0003:000011e0       rxqueue                    ffffc000000371e0     virtionet.o
 0003:00001200       notifyBase                 ffffc00000037200     virtionet.o
 0003:00001208       notifyOffMultiplier        ffffc00000037208     virtionet.o
 0003:00001210       txqueue                    ffffc00000037210     virtionet.o
 0003:00001230       TabletQueue                ffffc00000037230     virtiotablet.o
 0003:00001238       tabletIndex                ffffc00000037238     virtiotablet.o
 0003:00001240       TabletInput                ffffc00000037240     virtiotablet.o
 0003:00001248       tabletQueueSz              ffffc00000037248     virtiotablet.o
 0003:0000124c       maxX                       ffffc0000003724c     virtiotablet.o
 0003:00001250       resX                       ffffc00000037250     virtiotablet.o
 0003:00001254       mouseX                     ffffc00000037254     virtiotablet.o
 0003:00001258       maxY                       ffffc00000037258     virtiotablet.o
 0003:0000125c       resY                       ffffc0000003725c     virtiotablet.o
 0003:00001260       mouseY                     ffffc00000037260     virtiotablet.o
 0003:00001264       buttonLeft                 ffffc00000037264     virtiotablet.o
 0003:00001268       buttonRight                ffffc00000037268     virtiotablet.o
 0003:0000126c       buttonMiddle               ffffc0000003726c     virtiotablet.o
 0003:00001270       buttonScrollDown           ffffc00000037270     virtiotablet.o
 0003:00001274       buttonScrollUp             ffffc00000037274     virtiotablet.o
 0003:00001280       dtbAddress                 ffffc00000037280     dtb.o
 0003:00001290       mice_                      ffffc00000037290     devinput.o
 0003:000092b0       kybrd_                     ffffc0000003f2b0     devinput.o
 0003:000092b8       ramdisk_end                ffffc0000003f2b8     initrd.o
 0003:000092c0       ramdisk_start              ffffc0000003f2c0     initrd.o
 0003:000092c8       pipeFS                     ffffc0000003f2c8     pipe.o
 0003:000092d0       root                       ffffc0000003f2d0     tty.o
 0003:000092d8       last                       ffffc0000003f2d8     tty.o
 0003:000092f0       VdiskArray                 ffffc0000003f2f0     vdisk.o
 0003:000093c0       _vdisk_num_                ffffc0000003f3c0     vdisk.o
 0003:000093d0       __RootContainer            ffffc0000003f3d0     vfs.o
 0003:000093d8       __RootFS                   ffffc0000003f3d8     vfs.o
 0003:00009410       fontKey                    ffffc0000003f410     ftmngr.o
 0003:00009414       totalSysFonts              ffffc0000003f414     ftmngr.o
 0003:00009418       font_conf_data             ffffc0000003f418     ftmngr.o
 0003:00009420       cpuFrequency               ffffc0000003f420     aa64cpu.o
 0003:00009428       basisTime                  ffffc0000003f428     aa64cpu.o
 0003:00009430       bootTime                   ffffc0000003f430     aa64cpu.o
 0003:00009438       __AuroraBasicAcpi          ffffc0000003f438     basicacpi.o
 0003:00009440       __PCIESupported            ffffc0000003f440     basicacpi.o
 0003:00009448       __ACPIRSDP                 ffffc0000003f448     basicacpi.o
 0003:00009450       __gic                      ffffc0000003f450     gic.o
 0003:000098a0       gic_regs                   ffffc0000003f8a0     gic.o
 0003:000098a8       gicc_regs                  ffffc0000003f8a8     gic.o
 0003:0000b8b0       gic_dist_mmio              ffffc000000418b0     gic.o
 0003:0000b8b8       gic_redist_mmio            ffffc000000418b8     gic.o
 0003:0000b8c0       thread_list_head           ffffc000000418c0     sched.o
 0003:0000b8c8       thread_list_last           ffffc000000418c8     sched.o
 0003:0000b8d0       blocked_thr_head           ffffc000000418d0     sched.o
 0003:0000b8d8       blocked_thr_last           ffffc000000418d8     sched.o
 0003:0000b8e0       trash_thr_head             ffffc000000418e0     sched.o
 0003:0000b8e8       trash_thr_last             ffffc000000418e8     sched.o
 0003:0000b8f0       sleep_thr_head             ffffc000000418f0     sched.o
 0003:0000b8f8       sleep_thr_last             ffffc000000418f8     sched.o
 0003:0000b900       current_thread             ffffc00000041900     sched.o
 0003:0000b908       _idle_thr                  ffffc00000041908     sched.o
 0003:0000b910       thread_id                  ffffc00000041910     sched.o
 0003:0000b918       debug                      ffffc00000041918     sched.o
 0003:0000b919       _scheduler_initialized     ffffc00000041919     sched.o
 0003:0000b928       scheduler_tick             ffffc00000041928     sched.o
 0003:0000b938       svcCurrentRegs             ffffc00000041938     systable.o
 0003:0000b940       _userprint                 ffffc00000041940     vector.o
 0003:0000b948       dbg_last_esr               ffffc00000041948     vector.o
 0003:0000b950       dbg_last_far               ffffc00000041950     vector.o
 0003:0000b958       dbg_last_elr               ffffc00000041958     vector.o
 0003:0000b960       dbg_fault_count            ffffc00000041960     vector.o
 0003:0000b970       bootinfo                   ffffc00000041970     init.o
 0003:0000b978       firstBox                   ffffc00000041978     postbox.o
 0003:0000b980       lastBox                    ffffc00000041980     postbox.o
 0003:0000b988       _PostBoxRootCreated        ffffc00000041988     postbox.o
 0003:0000b990       pbox                       ffffc00000041990     postbox.o
 0003:0000b9a0       _ldr_scratchBuffer         ffffc000000419a0     loader.o
 0003:0000b9b0       physFrames                 ffffc000000419b0     loader.o
 0003:0002bbe0       shmmaplist                 ffffc00000061be0     mmap.o
 0003:000346c8       _vmdebug                   ffffc0000006a6c8     vmmngr.o
 0003:000346d0       _RootPaging                ffffc0000006a6d0     vmmngr.o
 0003:000346d8       _RootPagingKe              ffffc0000006a6d8     vmmngr.o
 0003:000346e0       _MMIOBase                  ffffc0000006a6e0     vmmngr.o
 0003:000346e8       arp_list                   ffffc0000006a6e8     arp.o
 0003:000346f8       current_icmp_sock          ffffc0000006a6f8     icmp.o
 0003:00034700       current_icmpv6_sock        ffffc0000006a700     icmpv6.o
 0003:00034708       nd_list                    ffffc0000006a708     ndp.o
 0003:00034718       _kernelRouteList           ffffc0000006a718     route.o
 0003:00034720       _kernelRouteList6          ffffc0000006a720     route.o
 0003:00034728       raw_socket_list            ffffc0000006a728     socket.o
 0003:00034730       tcpSocketList              ffffc0000006a730     tcp.o
 0003:00034738       udp_socket_list            ffffc0000006a738     udp.o
 0003:00034750       proc_first                 ffffc0000006a750     process.o
 0003:00034758       proc_last                  ffffc0000006a758     process.o
 0003:00034760       root_proc                  ffffc0000006a760     process.o
 0003:00034770       _tokens                    ffffc0000006a770     proctoken.o
 0003:00034aa0       _cards                     ffffc0000006aaa0     sndcore.o
 0003:000352a0       integer_buffer             ffffc0000006b2a0     stdio.o
 0003:000352c0       float_to_string_output     ffffc0000006b2c0     stdio.o

 entry point at         0001:00015b88

 Static symbols

 0001:000005e0       AuConsoleRead              ffffc000000015e0     aucon.o
 0001:00000808       AuConsoleWrite             ffffc00000001808     aucon.o
 0001:00002d64       AuVirtioBlkRequest         ffffc00000003d64     virtioblk.o
 0001:0000632c       AuVirtioWrite              ffffc0000000732c     virtionet.o
 0001:00006458       AuVirtioNetIOCtl           ffffc00000007458     virtionet.o
 0001:00006a10       AuVirtioPCIFindCap         ffffc00000007a10     virtiopci.o
 0001:00007858       prefix_cmp                 ffffc00000008858     dtb.o
 0001:0000b6b8       Ext2AssignTable            ffffc0000000c6b8     ext2file.o
 0001:00015700       hashmap_int_free           ffffc00000016700     hashmap.o
 0001:000186bc       _dbl2str                   ffffc000000196bc     _print.o
 0001:0001bd44       release_block              ffffc0000001cd44     pmmngr.o
 0001:0001c340       mark_free_block            ffffc0000001d340     pmmngr.o
 0001:0001c408       list_insert                ffffc0000001d408     pmmngr.o
 0001:0001c4fc       list_remove                ffffc0000001d4fc     pmmngr.o
 0001:0001d0ec       tlsf_insert_free_block     ffffc0000001e0ec     tlsf.o
 0001:0001d5c8       tlsf_remove_free_block     ffffc0000001e5c8     tlsf.o
 0001:0001f100       AuCheckNicLocal6           ffffc00000020100     aunet.o
 0001:0001f618       AuLoopbackWrite            ffffc00000020618     aunet.o
 0001:0001f634       AuLoopbackIOCtl            ffffc00000020634     aunet.o
 0001:0002023c       ip6_addr_copy              ffffc0000002123c     icmpv6.o
 0001:000203b0       AuICMPv6Bind               ffffc000000213b0     icmpv6.o
 0001:000203b8       AuICMPv6Close              ffffc000000213b8     icmpv6.o
 0001:000203bc       AuICMPv6Receive            ffffc000000213bc     icmpv6.o
 0001:00020494       AuICMPv6Send               ffffc00000021494     icmpv6.o
 0001:00020674       AuICMPv6FileClose          ffffc00000021674     icmpv6.o
 0001:00020f48       ip6_prefix_equal           ffffc00000021f48     ipv6.o
 0001:00020fbc       ip6_addr_is_zero           ffffc00000021fbc     ipv6.o
 0001:00022bd4       TCPSendSegment             ffffc00000023bd4     tcp.o
 0001:000234dc       AuTCPObtainPort            ffffc000000244dc     tcp.o
 0001:00023e04       TCPSendReset               ffffc00000024e04     tcp.o
 0001:00023f80       TCPHandleListenSyn         ffffc00000024f80     tcp.o
 0001:00024100       TCPHandleEstablished       ffffc00000025100     tcp.o
 0001:000246d8       TCPHandleListenSyn6        ffffc000000256d8     tcp.o
 0001:000248bc       ip6_addr_copy              ffffc000000258bc     tcp.o
 0001:00024a0c       TCPAllocSocket             ffffc00000025a0c     tcp.o
 0001:00024b44       CalculateTCPChecksum       ffffc00000025b44     tcp.o
 0001:0002a970       _hnge                      ffffc0000002b970     aa64lowlevel.o
 0001:0002a9d8       data_cache_ret             ffffc0000002b9d8     aa64lowlevel.o
 0001:0002aa5c       .sre_failed                ffffc0000002ba5c     aa64lowlevel.o
 0001:0002ac1c       _skip_comp                 ffffc0000002bc1c     aa64switch.o
 0001:0002b800       sync_el1_wrapper           ffffc0000002c800     aa64vector.o
 0001:0002b98c       _sync_cont                 ffffc0000002c98c     aa64vector.o
 0001:0002ba38       _irq_cont                  ffffc0000002ca38     aa64vector.o
 0002:00000000       _con_map_s                 ffffc0000002e000     aucon.o
 0002:00000040       _con_map                   ffffc0000002e040     aucon.o
 0002:00000080       bx_vgafont                 ffffc0000002e080     aucon.o
 0002:00001098       epoch_to_tm.days_in_month  ffffc0000002f098     rtcmmio.o
 0002:000010d0       ext_key_map                ffffc0000002f0d0     virtiokbd.o
 0002:00001220       syscalls                   ffffc0000002f220     systable.o
 0002:00001598       level_tag                  ffffc0000002f598     klog.o
 0002:000015c0       level_col                  ffffc0000002f5c0     klog.o
 0003:00000010       _brk_current               ffffc00000036010     kmalloc.o
 0003:00000018       _tcp_port_                 ffffc00000036018     tcp.o
 0003:0000001c       _udp_port                  ffffc0000003601c     udp.o
 0003:00000020       pid                        ffffc00000036020     process.o
 0003:00000024       r_x                        ffffc00000036024     stdio.o
 0003:00000028       r_y                        ffffc00000036028     stdio.o
 0003:0000002c       r_z                        ffffc0000003602c     stdio.o
 0003:00000030       r_w                        ffffc00000036030     stdio.o
 0003:00000094       AuConsoleRead.con_dbg_polls ffffc00000036094     aucon.o
 0003:00000098       AuConsoleRead.con_dbg_msgs ffffc00000036098     aucon.o
 0003:0000009c       _con_shift                 ffffc0000003609c     aucon.o
 0003:000000a0       _con_esc                   ffffc000000360a0     aucon.o
 0003:000000b0       driver_class_unique_id     ffffc000000360b0     audrv.o
 0003:000000b4       driver_boot_unique_id      ffffc000000360b4     audrv.o
 0003:000000b8       _dev_count_                ffffc000000360b8     audrv.o
 0003:000008c0       driver_load_base           ffffc000000368c0     audrv.o
 0003:000010d0       blkDev                     ffffc000000370d0     virtioblk.o
 0003:00001110       blkUsed                    ffffc00000037110     virtioblk.o
 0003:00001118       blkAvail                   ffffc00000037118     virtioblk.o
 0003:00001120       blkDesc                    ffffc00000037120     virtioblk.o
 0003:00001128       blkQueueSize               ffffc00000037128     virtioblk.o
 0003:0000112c       blkLastUsed                ffffc0000003712c     virtioblk.o
 0003:00001130       blkReqPhys                 ffffc00000037130     virtioblk.o
 0003:00001138       blkReqVirt                 ffffc00000037138     virtioblk.o
 0003:00001140       blkDataPhys                ffffc00000037140     virtioblk.o
 0003:00001148       blkDataVirt                ffffc00000037148     virtioblk.o
 0003:00001150       blkReady                   ffffc00000037150     virtioblk.o
 0003:00001160       _groups                    ffffc00000037160     cred.o
 0003:000011c8       index                      ffffc000000371c8     virtiokbd.o
 0003:000011cc       queueSize                  ffffc000000371cc     virtiokbd.o
 0003:000011d8       _kybrdCfg                  ffffc000000371d8     virtiokbd.o
 0003:000011e8       rx_index                   ffffc000000371e8     virtionet.o
 0003:000011f0       rx_hdrs                    ffffc000000371f0     virtionet.o
 0003:000011f8       nic                        ffffc000000371f8     virtionet.o
 0003:00001218       tx_index                   ffffc00000037218     virtionet.o
 0003:00001220       _cfg                       ffffc00000037220     virtionet.o
 0003:00001228       ndev                       ffffc00000037228     virtionet.o
 0003:00001278       _tabletCfg                 ffffc00000037278     virtiotablet.o
 0003:00001298       kbd_r                      ffffc00000037298     devinput.o
 0003:0000129c       kbd_w                      ffffc0000003729c     devinput.o
 0003:000012a0       kbd_q                      ffffc000000372a0     devinput.o
 0003:000052a0       console_kbd_r              ffffc0000003b2a0     devinput.o
 0003:000052a4       console_kbd_w              ffffc0000003b2a4     devinput.o
 0003:000052b0       console_kbd_q              ffffc0000003b2b0     devinput.o
 0003:000092e0       master_count               ffffc0000003f2e0     tty.o
 0003:000092e8       slave_count                ffffc0000003f2e8     tty.o
 0003:000093e0       _mount_letters             ffffc0000003f3e0     vfs.o
 0003:000093fc       AuVFSReserveMountPointLetter.path ffffc0000003f3fc     vfs.o
 0003:00009400       firstSeg                   ffffc0000003f400     ftmngr.o
 0003:00009408       lastSeg                    ffffc0000003f408     ftmngr.o
 0003:000094a0       spiBitMap                  ffffc0000003f4a0     gic.o
 0003:000098b0       callbacks                  ffffc0000003f8b0     gic.o
 0003:0000b920       _global_idle_time          ffffc00000041920     sched.o
 0003:0000b930       ke_stack_idx               ffffc00000041930     sched.o
 0003:0000b934       AuSchedHeartbeat.idle_iters ffffc00000041934     sched.o
 0003:0000b968       _littleboot_used           ffffc00000041968     init.o
 0003:0000bbb0       _log_ring                  ffffc00000041bb0     klog.o
 0003:0002bbc8       _Blog_use_uart             ffffc00000061bc8     klog.o
 0003:0002bbd0       g_kheap                    ffffc00000061bd0     kmalloc.o
 0003:0002bbd8       g_heap_lock                ffffc00000061bd8     kmalloc.o
 0003:0002bbe8       fb_first                   ffffc00000061be8     mmfile.o
 0003:0002bbf0       fb_last                    ffffc00000061bf0     mmfile.o
 0003:0002bbf8       _page_cache_enable         ffffc00000061bf8     mmfile.o
 0003:0002bc00       validation_epoch           ffffc00000061c00     pmmngr.o
 0003:0002bc08       total_pages                ffffc00000061c08     pmmngr.o
 0003:0002bc10       page_desc                  ffffc00000061c10     pmmngr.o
 0003:0002bc20       free_head                  ffffc00000061c20     pmmngr.o
 0003:0002bd28       pmm_stats                  ffffc00000061d28     pmmngr.o
 0003:0002bd50       reserved_count             ffffc00000061d50     pmmngr.o
 0003:0002bd54       usable_count               ffffc00000061d54     pmmngr.o
 0003:0002bd58       higher_half                ffffc00000061d58     pmmngr.o
 0003:0002bd60       direct_map_base            ffffc00000061d60     pmmngr.o
 0003:0002bd68       direct_map_size            ffffc00000061d68     pmmngr.o
 0003:0002bd70       pmm_lock                   ffffc00000061d70     pmmngr.o
 0003:0002bd80       usable                     ffffc00000061d80     pmmngr.o
 0003:0002c580       reserved                   ffffc00000062580     pmmngr.o
 0003:00030580       page_desc_phys             ffffc00000066580     pmmngr.o
 0003:00030588       shm_list                   ffffc00000066588     shm.o
 0003:00030590       shm_id                     ffffc00000066590     shm.o
 0003:000305a0       g_pool                     ffffc000000665a0     tlsf.o
 0003:000305b0       g_tlsf_pool_obj            ffffc000000665b0     tlsf.o
 0003:000346f0       netadapters                ffffc0000006a6f0     aunet.o
 0003:00034710       au_pkt_origin              ffffc0000006a710     packet.o
 0003:00034714       au_pkt_local_depth         ffffc0000006a714     packet.o
 0003:00034740       _pcieInitialized           ffffc0000006a740     pcie.o
 0003:00034748       _ecamAddress               ffffc0000006a748     pcie.o
 0003:00034a90       dsp_first                  ffffc0000006aa90     sndcore.o
 0003:00034a98       dsp_last                   ffffc0000006aa98     sndcore.o
 0003:000352e0       early_spinlock_cnt         ffffc0000006b2e0     aa64_spinlock.o
 0003:000352f0       early_spin                 ffffc0000006b2f0     aa64_spinlock.o
 0003:00035330       _timers                    ffffc0000006b330     timer.o
 0003:00035930       _system_current_us         ffffc0000006b930     timer.o
 0003:00035938       _system_current_ms         ffffc0000006b938     timer.o
 0003:00035940       wallClock.0                ffffc0000006b940     timer.o
 0003:00035948       wallClock.1                ffffc0000006b948     timer.o
 0003:00035950       wallClock.2                ffffc0000006b950     timer.o
 0003:00035958       wallClock.3                ffffc0000006b958     timer.o
 0003:00035960       wallClock.4                ffffc0000006b960     timer.o
